Archive member included to satisfy reference by file (symbol)

out/external/libexternal_fuota_stack.a(subghz.o)
                              (--whole-archive)
out/external/libexternal_fuota_stack.a(radio_board_if.o)
                              (--whole-archive)
out/external/libexternal_fuota_stack.a(timer_if.o)
                              (--whole-archive)
out/external/libexternal_fuota_stack.a(board.o)
                              (--whole-archive)
out/external/libexternal_fuota_stack.a(service_lora_config.o)
                              (--whole-archive)
out/external/libexternal_fuota_stack.a(service_lora_multicast.o)
                              (--whole-archive)
out/external/libexternal_fuota_stack.a(LmHandler.o)
                              (--whole-archive)
out/external/libexternal_fuota_stack.a(LmhpClockSync.o)
                              (--whole-archive)
out/external/libexternal_fuota_stack.a(LmhpRemoteMcastSetup.o)
                              (--whole-archive)
out/external/libexternal_fuota_stack.a(LmhpFragmentation.o)
                              (--whole-archive)
out/external/libexternal_fuota_stack.a(FragDecoder.o)
                              (--whole-archive)
out/external/libexternal_fuota_stack.a(udrv_flash.o)
                              (--whole-archive)
out/external/libexternal_fuota_stack.a(system_stm32wlxx.o)
                              (--whole-archive)
out/external/libexternal_fuota_stack.a(stm32wlxx_hal_msp.o)
                              (--whole-archive)
out/external/libexternal_fuota_stack.a(service_nvm_common.o)
                              (--whole-archive)
out/external/libexternal_fuota_stack.a(uhal_flash.o)
                              (--whole-archive)
out/external/libexternal_fuota_stack.a(uhal_system.o)
                              (--whole-archive)
out/external/libexternal_fuota_stack.a(uhal_rtc.o)
                              (--whole-archive)
out/external/libexternal_fuota_stack.a(uhal_crypto.o)
                              (--whole-archive)
out/external/libexternal_fuota_stack.a(stm32wlxx_hal_cortex.o)
                              (--whole-archive)
out/external/libexternal_fuota_stack.a(radio.o)
                              (--whole-archive)
out/external/libexternal_fuota_stack.a(radio_fw.o)
                              (--whole-archive)
out/external/libexternal_fuota_stack.a(radio_driver.o)
                              (--whole-archive)
out/external/libexternal_fuota_stack.a(stm32_mem.o)
                              (--whole-archive)
out/external/libexternal_fuota_stack.a(stm32_timer.o)
                              (--whole-archive)
out/external/libexternal_fuota_stack.a(stm32_tiny_vsnprintf.o)
                              (--whole-archive)
out/external/libexternal_fuota_stack.a(stm32_systime.o)
                              (--whole-archive)
out/external/libexternal_fuota_stack.a(stm32wlxx_hal.o)
                              (--whole-archive)
out/external/libexternal_fuota_stack.a(stm32wlxx_hal_rcc.o)
                              (--whole-archive)
out/external/libexternal_fuota_stack.a(stm32wlxx_hal_rcc_ex.o)
                              (--whole-archive)
out/external/libexternal_fuota_stack.a(stm32wlxx_hal_rtc.o)
                              (--whole-archive)
out/external/libexternal_fuota_stack.a(stm32wlxx_hal_rtc_ex.o)
                              (--whole-archive)
out/external/libexternal_fuota_stack.a(stm32wlxx_hal_pwr.o)
                              (--whole-archive)
out/external/libexternal_fuota_stack.a(stm32wlxx_hal_pwr_ex.o)
                              (--whole-archive)
out/external/libexternal_fuota_stack.a(stm32wlxx_hal_flash.o)
                              (--whole-archive)
out/external/libexternal_fuota_stack.a(stm32wlxx_hal_flash_ex.o)
                              (--whole-archive)
out/external/libexternal_fuota_stack.a(stm32wlxx_hal_subghz.o)
                              (--whole-archive)
out/external/libexternal_fuota_stack.a(stm32wlxx_hal_gpio.o)
                              (--whole-archive)
out/external/libexternal_fuota_stack.a(stm32wlxx_hal_cryp.o)
                              (--whole-archive)
out/external/libexternal_fuota_stack.a(stm32wlxx_hal_dma.o)
                              (--whole-archive)
out/external/libexternal_fuota_stack.a(utilities.o)
                              (--whole-archive)
out/external/libexternal_fuota_stack.a(cmac.o)
                              (--whole-archive)
out/external/libexternal_fuota_stack.a(soft-se-hal.o)
                              (--whole-archive)
out/external/libexternal_fuota_stack.a(soft-se.o)
                              (--whole-archive)
out/external/libexternal_fuota_stack.a(LoRaMacAdr.o)
                              (--whole-archive)
out/external/libexternal_fuota_stack.a(LoRaMac.o)
                              (--whole-archive)
out/external/libexternal_fuota_stack.a(LoRaMacClassB.o)
                              (--whole-archive)
[...]
Memory Configuration

Name             Origin             Length             Attributes
BL               0x0000000008000000 0x0000000000006000 xr
ROM              0x000000000801f000 0x000000000001e800 xr
RAM1_DATA        0x0000000020000000 0x0000000000006000 xrw
RAM1             0x0000000020006000 0x0000000000009c00 xrw
RAM2             0x000000002000fc00 0x0000000000000400 xrw
*default*        0x0000000000000000 0xffffffffffffffff

Linker script and memory map

START GROUP
LOAD out/external/libexternal_fuota_stack.a
END GROUP
LOAD out/external/libexternal_fuota_stack.a
LOAD /opt/gcc-arm-none-eabi-10-2020-q4-major/bin/../lib/gcc/arm-none-eabi/10.2.1/../../../../arm-none-eabi/lib/thumb/v7e-m/nofp/libc_nano.a
LOAD /opt/gcc-arm-none-eabi-10-2020-q4-major/bin/../lib/gcc/arm-none-eabi/10.2.1/../../../../arm-none-eabi/lib/thumb/v7e-m/nofp/libm.a
LOAD /opt/gcc-arm-none-eabi-10-2020-q4-major/bin/../lib/gcc/arm-none-eabi/10.2.1/../../../../arm-none-eabi/lib/thumb/v7e-m/nofp/libnosys.a
LOAD /opt/gcc-arm-none-eabi-10-2020-q4-major/bin/../lib/gcc/arm-none-eabi/10.2.1/../../../../arm-none-eabi/lib/thumb/v7e-m/nofp/libstdc++_nano.a
LOAD /home/jenkins/workspace/RUI_Release/rui-v3/version.o
START GROUP
LOAD /opt/gcc-arm-none-eabi-10-2020-q4-major/bin/../lib/gcc/arm-none-eabi/10.2.1/thumb/v7e-m/nofp/libgcc.a
LOAD /opt/gcc-arm-none-eabi-10-2020-q4-major/bin/../lib/gcc/arm-none-eabi/10.2.1/../../../../arm-none-eabi/lib/thumb/v7e-m/nofp/libc_nano.a
END GROUP
START GROUP
LOAD /opt/gcc-arm-none-eabi-10-2020-q4-major/bin/../lib/gcc/arm-none-eabi/10.2.1/thumb/v7e-m/nofp/libgcc.a
LOAD /opt/gcc-arm-none-eabi-10-2020-q4-major/bin/../lib/gcc/arm-none-eabi/10.2.1/../../../../arm-none-eabi/lib/thumb/v7e-m/nofp/libc_nano.a
END GROUP
                0x000000002000fc00                _estack = (ORIGIN (RAM1) + LENGTH (RAM1))
                0x0000000000001e00                _Min_Heap_Size = 0x1e00
                0x0000000000002000                _Min_Stack_Size = 0x2000

.isr_vector     0x000000000801f000        0x0
                0x000000000801f000                . = ALIGN (0x8)
 *(.isr_vector)
                0x000000000801f000                . = ALIGN (0x8)

.text           0x000000000801f000    0x1d5e8
                0x000000000801f000                . = ALIGN (0x8)
 *(.text)
 .text          0x000000000801f000        0x0 out/external/libexternal_fuota_stack.a(subghz.o)
 .text          0x000000000801f000        0x0 out/external/libexternal_fuota_stack.a(radio_board_if.o)
 .text          0x000000000801f000        0x0 out/external/libexternal_fuota_stack.a(timer_if.o)
 .text          0x000000000801f000        0x0 out/external/libexternal_fuota_stack.a(board.o)
 .text          0x000000000801f000        0x0 out/external/libexternal_fuota_stack.a(service_lora_config.o)
 .text          0x000000000801f000        0x0 out/external/libexternal_fuota_stack.a(service_lora_multicast.o)
 .text          0x000000000801f000        0x0 out/external/libexternal_fuota_stack.a(LmHandler.o)
 .text          0x000000000801f000        0x0 out/external/libexternal_fuota_stack.a(LmhpClockSync.o)
 .text          0x000000000801f000        0x0 out/external/libexternal_fuota_stack.a(LmhpRemoteMcastSetup.o)
 .text          0x000000000801f000        0x0 out/external/libexternal_fuota_stack.a(LmhpFragmentation.o)
 .text          0x000000000801f000        0x0 out/external/libexternal_fuota_stack.a(FragDecoder.o)
 .text          0x000000000801f000        0x0 out/external/libexternal_fuota_stack.a(udrv_flash.o)
 .text          0x000000000801f000        0x0 out/external/libexternal_fuota_stack.a(system_stm32wlxx.o)
 .text          0x000000000801f000        0x0 out/external/libexternal_fuota_stack.a(stm32wlxx_hal_msp.o)
 .text          0x000000000801f000        0x0 out/external/libexternal_fuota_stack.a(service_nvm_common.o)
 .text          0x000000000801f000        0x0 out/external/libexternal_fuota_stack.a(uhal_flash.o)
 .text          0x000000000801f000        0x0 out/external/libexternal_fuota_stack.a(uhal_system.o)
 .text          0x000000000801f000        0x0 out/external/libexternal_fuota_stack.a(uhal_rtc.o)
 .text          0x000000000801f000        0x0 out/external/libexternal_fuota_stack.a(uhal_crypto.o)
 .text          0x000000000801f000        0x0 out/external/libexternal_fuota_stack.a(stm32wlxx_hal_cortex.o)
 .text          0x000000000801f000        0x0 out/external/libexternal_fuota_stack.a(radio.o)
 .text          0x000000000801f000        0x0 out/external/libexternal_fuota_stack.a(radio_fw.o)
 .text          0x000000000801f000        0x0 out/external/libexternal_fuota_stack.a(radio_driver.o)
 .text          0x000000000801f000        0x0 out/external/libexternal_fuota_stack.a(stm32_mem.o)
 .text          0x000000000801f000        0x0 out/external/libexternal_fuota_stack.a(stm32_timer.o)
 .text          0x000000000801f000        0x0 out/external/libexternal_fuota_stack.a(stm32_tiny_vsnprintf.o)
 .text          0x000000000801f000        0x0 out/external/libexternal_fuota_stack.a(stm32_systime.o)
 .text          0x000000000801f000        0x0 out/external/libexternal_fuota_stack.a(stm32wlxx_hal.o)
 .text          0x000000000801f000        0x0 out/external/libexternal_fuota_stack.a(stm32wlxx_hal_rcc.o)
 .text          0x000000000801f000        0x0 out/external/libexternal_fuota_stack.a(stm32wlxx_hal_rcc_ex.o)
 .text          0x000000000801f000        0x0 out/external/libexternal_fuota_stack.a(stm32wlxx_hal_rtc.o)
 .text          0x000000000801f000        0x0 out/external/libexternal_fuota_stack.a(stm32wlxx_hal_rtc_ex.o)
 .text          0x000000000801f000        0x0 out/external/libexternal_fuota_stack.a(stm32wlxx_hal_pwr.o)
 .text          0x000000000801f000        0x0 out/external/libexternal_fuota_stack.a(stm32wlxx_hal_pwr_ex.o)
 .text          0x000000000801f000        0x0 out/external/libexternal_fuota_stack.a(stm32wlxx_hal_flash.o)
 .text          0x000000000801f000        0x0 out/external/libexternal_fuota_stack.a(stm32wlxx_hal_flash_ex.o)
 .text          0x000000000801f000        0x0 out/external/libexternal_fuota_stack.a(stm32wlxx_hal_subghz.o)
 .text          0x000000000801f000        0x0 out/external/libexternal_fuota_stack.a(stm32wlxx_hal_gpio.o)
 .text          0x000000000801f000        0x0 out/external/libexternal_fuota_stack.a(stm32wlxx_hal_cryp.o)
 .text          0x000000000801f000        0x0 out/external/libexternal_fuota_stack.a(stm32wlxx_hal_dma.o)
 .text          0x000000000801f000        0x0 out/external/libexternal_fuota_stack.a(utilities.o)
 .text          0x000000000801f000        0x0 out/external/libexternal_fuota_stack.a(cmac.o)
 .text          0x000000000801f000        0x0 out/external/libexternal_fuota_stack.a(soft-se-hal.o)
 .text          0x000000000801f000        0x0 out/external/libexternal_fuota_stack.a(soft-se.o)
 .text          0x000000000801f000        0x0 out/external/libexternal_fuota_stack.a(LoRaMacAdr.o)
 .text          0x000000000801f000        0x0 out/external/libexternal_fuota_stack.a(LoRaMac.o)
 .text          0x000000000801f000        0x0 out/external/libexternal_fuota_stack.a(LoRaMacClassB.o)
 .text          0x000000000801f000        0x0 out/external/libexternal_fuota_stack.a(LoRaMacCommands.o)
 .text          0x000000000801f000        0x0 out/external/libexternal_fuota_stack.a(LoRaMacConfirmQueue.o)
 .text          0x000000000801f000        0x0 out/external/libexternal_fuota_stack.a(LoRaMacCrypto.o)
 .text          0x000000000801f000        0x0 out/external/libexternal_fuota_stack.a(LoRaMacParser.o)
 .text          0x000000000801f000        0x0 out/external/libexternal_fuota_stack.a(LoRaMacSerializer.o)
 .text          0x000000000801f000        0x0 out/external/libexternal_fuota_stack.a(RegionAS923.o)
 .text          0x000000000801f000        0x0 out/external/libexternal_fuota_stack.a(RegionAU915.o)
 .text          0x000000000801f000        0x0 out/external/libexternal_fuota_stack.a(RegionBaseUS.o)
 .text          0x000000000801f000        0x0 out/external/libexternal_fuota_stack.a(Region.o)
 .text          0x000000000801f000        0x0 out/external/libexternal_fuota_stack.a(RegionCN470A20.o)
 .text          0x000000000801f000        0x0 out/external/libexternal_fuota_stack.a(RegionCN470A26.o)
 .text          0x000000000801f000        0x0 out/external/libexternal_fuota_stack.a(RegionCN470B20.o)
 .text          0x000000000801f000        0x0 out/external/libexternal_fuota_stack.a(RegionCN470B26.o)
 .text          0x000000000801f000        0x0 out/external/libexternal_fuota_stack.a(RegionCN470.o)
 .text          0x000000000801f000        0x0 out/external/libexternal_fuota_stack.a(RegionCN779.o)
 .text          0x000000000801f000        0x0 out/external/libexternal_fuota_stack.a(RegionCommon.o)
 .text          0x000000000801f000        0x0 out/external/libexternal_fuota_stack.a(RegionEU433.o)
 .text          0x000000000801f000        0x0 out/external/libexternal_fuota_stack.a(RegionEU868.o)
 .text          0x000000000801f000        0x0 out/external/libexternal_fuota_stack.a(RegionIN865.o)
 .text          0x000000000801f000        0x0 out/external/libexternal_fuota_stack.a(RegionKR920.o)
 .text          0x000000000801f000        0x0 out/external/libexternal_fuota_stack.a(RegionLA915.o)
 .text          0x000000000801f000        0x0 out/external/libexternal_fuota_stack.a(RegionRU864.o)
 .text          0x000000000801f000        0x0 out/external/libexternal_fuota_stack.a(RegionUS915.o)
 .text          0x000000000801f000        0x0 /opt/gcc-arm-none-eabi-10-2020-q4-major/bin/../lib/gcc/arm-none-eabi/10.2.1/../../../../arm-none-eabi/lib/thumb/v7e-m/nofp/libc_nano.a(lib_a-memcmp.o)
 .text          0x000000000801f000        0x0 /opt/gcc-arm-none-eabi-10-2020-q4-major/bin/../lib/gcc/arm-none-eabi/10.2.1/../../../../arm-none-eabi/lib/thumb/v7e-m/nofp/libc_nano.a(lib_a-memcpy-stub.o)
 .text          0x000000000801f000        0x0 /opt/gcc-arm-none-eabi-10-2020-q4-major/bin/../lib/gcc/arm-none-eabi/10.2.1/../../../../arm-none-eabi/lib/thumb/v7e-m/nofp/libc_nano.a(lib_a-memset.o)
 .text          0x000000000801f000       0x10 /opt/gcc-arm-none-eabi-10-2020-q4-major/bin/../lib/gcc/arm-none-eabi/10.2.1/../../../../arm-none-eabi/lib/thumb/v7e-m/nofp/libc_nano.a(lib_a-strlen.o)
                0x000000000801f000                strlen
 .text          0x000000000801f010        0x0 /opt/gcc-arm-none-eabi-10-2020-q4-major/bin/../lib/gcc/arm-none-eabi/10.2.1/../../../../arm-none-eabi/lib/thumb/v7e-m/nofp/libm.a(lib_a-s_floor.o)
 .text          0x000000000801f010        0x0 /home/jenkins/workspace/RUI_Release/rui-v3/version.o
 .text          0x000000000801f010      0x378 /opt/gcc-arm-none-eabi-10-2020-q4-major/bin/../lib/gcc/arm-none-eabi/10.2.1/thumb/v7e-m/nofp/libgcc.a(_arm_addsubdf3.o)
                0x000000000801f010                __aeabi_drsub
                0x000000000801f018                __aeabi_dsub
                0x000000000801f018                __subdf3
                0x000000000801f01c                __adddf3
                0x000000000801f01c                __aeabi_dadd
                0x000000000801f294                __aeabi_ui2d
                0x000000000801f294                __floatunsidf
                0x000000000801f2b4                __floatsidf
                0x000000000801f2b4                __aeabi_i2d
                0x000000000801f2d8                __extendsfdf2
                0x000000000801f2d8                __aeabi_f2d
                0x000000000801f31c                __aeabi_ul2d
                0x000000000801f31c                __floatundidf
                0x000000000801f32c                __floatdidf
                0x000000000801f32c                __aeabi_l2d
 .text          0x000000000801f388      0x110 /opt/gcc-arm-none-eabi-10-2020-q4-major/bin/../lib/gcc/arm-none-eabi/10.2.1/thumb/v7e-m/nofp/libgcc.a(_arm_cmpdf2.o)
                0x000000000801f388                __gtdf2
                0x000000000801f388                __gedf2
                0x000000000801f390                __ltdf2
                0x000000000801f390                __ledf2
                0x000000000801f398                __cmpdf2
                0x000000000801f398                __eqdf2
                0x000000000801f398                __nedf2
                0x000000000801f414                __aeabi_cdrcmple
                0x000000000801f424                __aeabi_cdcmple
                0x000000000801f424                __aeabi_cdcmpeq
                0x000000000801f434                __aeabi_dcmpeq
                0x000000000801f448                __aeabi_dcmplt
                0x000000000801f45c                __aeabi_dcmple
                0x000000000801f470                __aeabi_dcmpge
                0x000000000801f484                __aeabi_dcmpgt
 .text          0x000000000801f498       0x50 /opt/gcc-arm-none-eabi-10-2020-q4-major/bin/../lib/gcc/arm-none-eabi/10.2.1/thumb/v7e-m/nofp/libgcc.a(_arm_fixdfsi.o)
                0x000000000801f498                __fixdfsi
                0x000000000801f498                __aeabi_d2iz
 .text          0x000000000801f4e8      0x21c /opt/gcc-arm-none-eabi-10-2020-q4-major/bin/../lib/gcc/arm-none-eabi/10.2.1/thumb/v7e-m/nofp/libgcc.a(_arm_addsubsf3.o)
                0x000000000801f4e8                __aeabi_frsub
                0x000000000801f4f0                __subsf3
                0x000000000801f4f0                __aeabi_fsub
                0x000000000801f4f4                __aeabi_fadd
                0x000000000801f4f4                __addsf3
                0x000000000801f654                __aeabi_ui2f
                0x000000000801f654                __floatunsisf
                0x000000000801f65c                __aeabi_i2f
                0x000000000801f65c                __floatsisf
                0x000000000801f678                __floatundisf
                0x000000000801f678                __aeabi_ul2f
                0x000000000801f688                __floatdisf
                0x000000000801f688                __aeabi_l2f
 .text          0x000000000801f704       0xec /opt/gcc-arm-none-eabi-10-2020-q4-major/bin/../lib/gcc/arm-none-eabi/10.2.1/thumb/v7e-m/nofp/libgcc.a(_arm_cmpsf2.o)
                0x000000000801f704                __gtsf2
                0x000000000801f704                __gesf2
                0x000000000801f70c                __lesf2
                0x000000000801f70c                __ltsf2
                0x000000000801f714                __nesf2
                0x000000000801f714                __eqsf2
                0x000000000801f714                __cmpsf2
                0x000000000801f774                __aeabi_cfrcmple
                0x000000000801f77c                __aeabi_cfcmple
                0x000000000801f77c                __aeabi_cfcmpeq
                0x000000000801f78c                __aeabi_fcmpeq
                0x000000000801f7a0                __aeabi_fcmplt
                0x000000000801f7b4                __aeabi_fcmple
                0x000000000801f7c8                __aeabi_fcmpge
                0x000000000801f7dc                __aeabi_fcmpgt
 .text          0x000000000801f7f0       0xa0 /opt/gcc-arm-none-eabi-10-2020-q4-major/bin/../lib/gcc/arm-none-eabi/10.2.1/thumb/v7e-m/nofp/libgcc.a(_aeabi_ldivmod.o)
                0x000000000801f7f0                __aeabi_ldivmod
 .text          0x000000000801f890       0x30 /opt/gcc-arm-none-eabi-10-2020-q4-major/bin/../lib/gcc/arm-none-eabi/10.2.1/thumb/v7e-m/nofp/libgcc.a(_aeabi_uldivmod.o)
                0x000000000801f890                __aeabi_uldivmod
 .text          0x000000000801f8c0      0x2d0 /opt/gcc-arm-none-eabi-10-2020-q4-major/bin/../lib/gcc/arm-none-eabi/10.2.1/thumb/v7e-m/nofp/libgcc.a(_udivmoddi4.o)
                0x000000000801f8c0                __udivmoddi4
 .text          0x000000000801fb90        0x4 /opt/gcc-arm-none-eabi-10-2020-q4-major/bin/../lib/gcc/arm-none-eabi/10.2.1/thumb/v7e-m/nofp/libgcc.a(_dvmd_tls.o)
                0x000000000801fb90                __aeabi_ldiv0
                0x000000000801fb90                __aeabi_idiv0
 *(.text*)
 .text.MX_SUBGHZ_Init
                0x000000000801fb94       0x1c out/external/libexternal_fuota_stack.a(subghz.o)
                0x000000000801fb94                MX_SUBGHZ_Init
 .text.HAL_SUBGHZ_MspInit
                0x000000000801fbb0       0x2e out/external/libexternal_fuota_stack.a(subghz.o)
                0x000000000801fbb0                HAL_SUBGHZ_MspInit
 .text.HAL_SUBGHZ_MspDeInit
                0x000000000801fbde       0x12 out/external/libexternal_fuota_stack.a(subghz.o)
                0x000000000801fbde                HAL_SUBGHZ_MspDeInit
 .text.LL_AHB2_GRP1_EnableClock
                0x000000000801fbf0       0x18 out/external/libexternal_fuota_stack.a(radio_board_if.o)
 .text.RBI_Init
                0x000000000801fc08       0x70 out/external/libexternal_fuota_stack.a(radio_board_if.o)
                0x000000000801fc08                RBI_Init
 .text.RBI_DeInit
                0x000000000801fc78       0x4c out/external/libexternal_fuota_stack.a(radio_board_if.o)
                0x000000000801fc78                RBI_DeInit
 .text.RBI_ConfigRFSwitch
                0x000000000801fcc4       0x44 out/external/libexternal_fuota_stack.a(radio_board_if.o)
                0x000000000801fcc4                RBI_ConfigRFSwitch
 .text.RBI_GetTxConfig
                0x000000000801fd08        0x4 out/external/libexternal_fuota_stack.a(radio_board_if.o)
                0x000000000801fd08                RBI_GetTxConfig
 .text.RBI_IsTCXO
                0x000000000801fd0c        0x4 out/external/libexternal_fuota_stack.a(radio_board_if.o)
                0x000000000801fd0c                RBI_IsTCXO
 .text.RBI_IsDCDC
                0x000000000801fd10        0x4 out/external/libexternal_fuota_stack.a(radio_board_if.o)
                0x000000000801fd10                RBI_IsDCDC
 .text.TIMER_IF_SetTimerContext
                0x000000000801fd14       0x14 out/external/libexternal_fuota_stack.a(timer_if.o)
                0x000000000801fd14                TIMER_IF_SetTimerContext
 .text.TIMER_IF_GetTimerContext
                0x000000000801fd28        0xc out/external/libexternal_fuota_stack.a(timer_if.o)
                0x000000000801fd28                TIMER_IF_GetTimerContext
 .text.TIMER_IF_GetTimerElapsedTime
                0x000000000801fd34       0x18 out/external/libexternal_fuota_stack.a(timer_if.o)
                0x000000000801fd34                TIMER_IF_GetTimerElapsedTime
 .text.TIMER_IF_GetTimerValue
                0x000000000801fd4c       0x18 out/external/libexternal_fuota_stack.a(timer_if.o)
                0x000000000801fd4c                TIMER_IF_GetTimerValue
 .text.TIMER_IF_GetMinimumTimeout
                0x000000000801fd64        0x4 out/external/libexternal_fuota_stack.a(timer_if.o)
                0x000000000801fd64                TIMER_IF_GetMinimumTimeout
 .text.TIMER_IF_Convert_ms2Tick
                0x000000000801fd68       0x14 out/external/libexternal_fuota_stack.a(timer_if.o)
                0x000000000801fd68                TIMER_IF_Convert_ms2Tick
 .text.TIMER_IF_Convert_Tick2ms
                0x000000000801fd7c       0x10 out/external/libexternal_fuota_stack.a(timer_if.o)
                0x000000000801fd7c                TIMER_IF_Convert_Tick2ms
 .text.TIMER_IF_StopTimer
                0x000000000801fd8c       0x28 out/external/libexternal_fuota_stack.a(timer_if.o)
                0x000000000801fd8c                TIMER_IF_StopTimer
 .text.TIMER_IF_BkUp_Write_Seconds
                0x000000000801fdb4       0x10 out/external/libexternal_fuota_stack.a(timer_if.o)
                0x000000000801fdb4                TIMER_IF_BkUp_Write_Seconds
 .text.TIMER_IF_BkUp_Write_SubSeconds
                0x000000000801fdc4       0x10 out/external/libexternal_fuota_stack.a(timer_if.o)
                0x000000000801fdc4                TIMER_IF_BkUp_Write_SubSeconds
 .text.TIMER_IF_StartTimer
                0x000000000801fdd4       0x50 out/external/libexternal_fuota_stack.a(timer_if.o)
                0x000000000801fdd4                TIMER_IF_StartTimer
 .text.TIMER_IF_GetTime
                0x000000000801fe24       0x34 out/external/libexternal_fuota_stack.a(timer_if.o)
                0x000000000801fe24                TIMER_IF_GetTime
 .text.TIMER_IF_BkUp_Read_Seconds
                0x000000000801fe58        0xc out/external/libexternal_fuota_stack.a(timer_if.o)
                0x000000000801fe58                TIMER_IF_BkUp_Read_Seconds
 .text.TIMER_IF_BkUp_Read_SubSeconds
                0x000000000801fe64        0xc out/external/libexternal_fuota_stack.a(timer_if.o)
                0x000000000801fe64                TIMER_IF_BkUp_Read_SubSeconds
 .text.TIMER_IF_Init
                0x000000000801fe70       0x50 out/external/libexternal_fuota_stack.a(timer_if.o)
                0x000000000801fe70                TIMER_IF_Init
 .text.TIMER_IF_DelayMs
                0x000000000801fec0       0x2c out/external/libexternal_fuota_stack.a(timer_if.o)
                0x000000000801fec0                TIMER_IF_DelayMs
 .text.HAL_RTC_AlarmAEventCallback
                0x000000000801feec        0x4 out/external/libexternal_fuota_stack.a(timer_if.o)
                0x000000000801feec                HAL_RTC_AlarmAEventCallback
 .text.HAL_RTCEx_SSRUEventCallback
                0x000000000801fef0       0x20 out/external/libexternal_fuota_stack.a(timer_if.o)
                0x000000000801fef0                HAL_RTCEx_SSRUEventCallback
 .text.BoardGetUniqueId
                0x000000000801ff10        0x2 out/external/libexternal_fuota_stack.a(board.o)
                0x000000000801ff10                BoardGetUniqueId
 .text.BoardCriticalSectionBegin
                0x000000000801ff12        0x4 out/external/libexternal_fuota_stack.a(board.o)
                0x000000000801ff12                BoardCriticalSectionBegin
 .text.BoardCriticalSectionEnd
                0x000000000801ff16        0x4 out/external/libexternal_fuota_stack.a(board.o)
                0x000000000801ff16                BoardCriticalSectionEnd
 .text.BoardInitMcu
                0x000000000801ff1a        0x2 out/external/libexternal_fuota_stack.a(board.o)
                0x000000000801ff1a                BoardInitMcu
 .text.BoardResetMcu
                0x000000000801ff1c       0x24 out/external/libexternal_fuota_stack.a(board.o)
                0x000000000801ff1c                BoardResetMcu
 .text.BoardGetHardwareFreq
                0x000000000801ff40       0x50 out/external/libexternal_fuota_stack.a(board.o)
                0x000000000801ff40                BoardGetHardwareFreq
 .text.crc_cal  0x000000000801ff90       0x2a out/external/libexternal_fuota_stack.a(service_lora_config.o)
 *fill*         0x000000000801ffba        0x2 
 .text.rak3172_sprintf.constprop.0
                0x000000000801ffbc       0x20 out/external/libexternal_fuota_stack.a(service_lora_config.o)
 .text.service_lora_get_app_eui
                0x000000000801ffdc        0x4 out/external/libexternal_fuota_stack.a(service_lora_config.o)
                0x000000000801ffdc                service_lora_get_app_eui
 .text.service_lora_get_app_key
                0x000000000801ffe0        0x4 out/external/libexternal_fuota_stack.a(service_lora_config.o)
                0x000000000801ffe0                service_lora_get_app_key
 .text.service_lora_get_dev_eui
                0x000000000801ffe4        0x4 out/external/libexternal_fuota_stack.a(service_lora_config.o)
                0x000000000801ffe4                service_lora_get_dev_eui
 .text.service_lora_get_nwm
                0x000000000801ffe8        0xa out/external/libexternal_fuota_stack.a(service_lora_config.o)
                0x000000000801ffe8                service_lora_get_nwm
 .text.service_lora_set_nwm
                0x000000000801fff2       0x14 out/external/libexternal_fuota_stack.a(service_lora_config.o)
                0x000000000801fff2                service_lora_set_nwm
 .text.service_lora_get_njm
                0x0000000008020006        0x4 out/external/libexternal_fuota_stack.a(service_lora_config.o)
                0x0000000008020006                service_lora_get_njm
 .text.service_lora_get_njs
                0x000000000802000a       0x26 out/external/libexternal_fuota_stack.a(service_lora_config.o)
                0x000000000802000a                service_lora_get_njs
 .text.service_lora_get_app_skey
                0x0000000008020030       0x5c out/external/libexternal_fuota_stack.a(service_lora_config.o)
                0x0000000008020030                service_lora_get_app_skey
 .text.service_lora_get_dev_addr
                0x000000000802008c       0x56 out/external/libexternal_fuota_stack.a(service_lora_config.o)
                0x000000000802008c                service_lora_get_dev_addr
 .text.service_lora_get_retry
                0x00000000080200e2        0x4 out/external/libexternal_fuota_stack.a(service_lora_config.o)
                0x00000000080200e2                service_lora_get_retry
 .text.service_lora_set_retry
                0x00000000080200e6        0xe out/external/libexternal_fuota_stack.a(service_lora_config.o)
                0x00000000080200e6                service_lora_set_retry
 .text.service_lora_get_cfm
                0x00000000080200f4        0x4 out/external/libexternal_fuota_stack.a(service_lora_config.o)
                0x00000000080200f4                service_lora_get_cfm
 .text.service_lora_set_cfm
                0x00000000080200f8        0x4 out/external/libexternal_fuota_stack.a(service_lora_config.o)
                0x00000000080200f8                service_lora_set_cfm
 .text.service_lora_get_nwk_skey
                0x00000000080200fc       0x5c out/external/libexternal_fuota_stack.a(service_lora_config.o)
                0x00000000080200fc                service_lora_get_nwk_skey
 .text.service_lora_get_net_id
                0x0000000008020158       0x5e out/external/libexternal_fuota_stack.a(service_lora_config.o)
                0x0000000008020158                service_lora_get_net_id
 .text.service_lora_get_McRoot_key
                0x00000000080201b6        0x2 out/external/libexternal_fuota_stack.a(service_lora_config.o)
                0x00000000080201b6                service_lora_get_McRoot_key
 .text.service_lora_get_adr
                0x00000000080201b8        0x4 out/external/libexternal_fuota_stack.a(service_lora_config.o)
                0x00000000080201b8                service_lora_get_adr
 .text.service_lora_get_class
                0x00000000080201bc        0x4 out/external/libexternal_fuota_stack.a(service_lora_config.o)
                0x00000000080201bc                service_lora_get_class
 .text.service_lora_get_dcs
                0x00000000080201c0        0xe out/external/libexternal_fuota_stack.a(service_lora_config.o)
                0x00000000080201c0                service_lora_get_dcs
 .text.service_lora_set_dcs
                0x00000000080201ce       0x1a out/external/libexternal_fuota_stack.a(service_lora_config.o)
                0x00000000080201ce                service_lora_set_dcs
 .text.service_lora_get_dr
                0x00000000080201e8       0x1a out/external/libexternal_fuota_stack.a(service_lora_config.o)
                0x00000000080201e8                service_lora_get_dr
 .text.service_lora_get_jn1dl
                0x0000000008020202        0x4 out/external/libexternal_fuota_stack.a(service_lora_config.o)
                0x0000000008020202                service_lora_get_jn1dl
 .text.service_lora_get_jn2dl
                0x0000000008020206        0x4 out/external/libexternal_fuota_stack.a(service_lora_config.o)
                0x0000000008020206                service_lora_get_jn2dl
 .text.service_lora_get_pub_nwk_mode
                0x000000000802020a        0x4 out/external/libexternal_fuota_stack.a(service_lora_config.o)
                0x000000000802020a                service_lora_get_pub_nwk_mode
 .text.service_lora_get_rx1dl
                0x000000000802020e       0x32 out/external/libexternal_fuota_stack.a(service_lora_config.o)
                0x000000000802020e                service_lora_get_rx1dl
 .text.service_lora_get_rx2dl
                0x0000000008020240        0x4 out/external/libexternal_fuota_stack.a(service_lora_config.o)
                0x0000000008020240                service_lora_get_rx2dl
 .text.service_lora_get_txpower
                0x0000000008020244        0x4 out/external/libexternal_fuota_stack.a(service_lora_config.o)
                0x0000000008020244                service_lora_get_txpower
 .text.service_lora_get_ping_slot_periodicity
                0x0000000008020248        0x4 out/external/libexternal_fuota_stack.a(service_lora_config.o)
                0x0000000008020248                service_lora_get_ping_slot_periodicity
 .text.service_lora_set_ping_slot_periodicity
                0x000000000802024c        0x4 out/external/libexternal_fuota_stack.a(service_lora_config.o)
                0x000000000802024c                service_lora_set_ping_slot_periodicity
 .text.service_lora_get_beacon_freq
                0x0000000008020250       0x18 out/external/libexternal_fuota_stack.a(service_lora_config.o)
                0x0000000008020250                service_lora_get_beacon_freq
 .text.service_lora_get_beacon_dr
                0x0000000008020268       0x18 out/external/libexternal_fuota_stack.a(service_lora_config.o)
                0x0000000008020268                service_lora_get_beacon_dr
 .text.service_lora_get_local_time
                0x0000000008020280       0x44 out/external/libexternal_fuota_stack.a(service_lora_config.o)
                0x0000000008020280                service_lora_get_local_time
 .text.service_lora_get_rx2freq
                0x00000000080202c4       0x20 out/external/libexternal_fuota_stack.a(service_lora_config.o)
                0x00000000080202c4                service_lora_get_rx2freq
 .text.service_lora_get_rx2dr
                0x00000000080202e4       0x20 out/external/libexternal_fuota_stack.a(service_lora_config.o)
                0x00000000080202e4                service_lora_get_rx2dr
 .text.service_lora_get_linkcheck
                0x0000000008020304        0x4 out/external/libexternal_fuota_stack.a(service_lora_config.o)
                0x0000000008020304                service_lora_get_linkcheck
 .text.service_lora_set_linkcheck
                0x0000000008020308        0xe out/external/libexternal_fuota_stack.a(service_lora_config.o)
                0x0000000008020308                service_lora_set_linkcheck
 .text.service_lora_get_join_start
                0x0000000008020316        0x4 out/external/libexternal_fuota_stack.a(service_lora_config.o)
                0x0000000008020316                service_lora_get_join_start
 .text.service_lora_set_join_start
                0x000000000802031a        0x4 out/external/libexternal_fuota_stack.a(service_lora_config.o)
                0x000000000802031a                service_lora_set_join_start
 .text.service_lora_get_auto_join
                0x000000000802031e        0x4 out/external/libexternal_fuota_stack.a(service_lora_config.o)
                0x000000000802031e                service_lora_get_auto_join
 .text.service_lora_set_auto_join
                0x0000000008020322        0x4 out/external/libexternal_fuota_stack.a(service_lora_config.o)
                0x0000000008020322                service_lora_set_auto_join
 .text.service_lora_get_auto_join_period
                0x0000000008020326        0x4 out/external/libexternal_fuota_stack.a(service_lora_config.o)
                0x0000000008020326                service_lora_get_auto_join_period
 .text.service_lora_set_auto_join_period
                0x000000000802032a        0x4 out/external/libexternal_fuota_stack.a(service_lora_config.o)
                0x000000000802032a                service_lora_set_auto_join_period
 .text.service_lora_get_auto_join_max_cnt
                0x000000000802032e        0x4 out/external/libexternal_fuota_stack.a(service_lora_config.o)
                0x000000000802032e                service_lora_get_auto_join_max_cnt
 .text.service_lora_set_auto_join_max_cnt
                0x0000000008020332        0x4 out/external/libexternal_fuota_stack.a(service_lora_config.o)
                0x0000000008020332                service_lora_set_auto_join_max_cnt
 .text.service_lora_get_lbt
                0x0000000008020336        0x4 out/external/libexternal_fuota_stack.a(service_lora_config.o)
                0x0000000008020336                service_lora_get_lbt
 .text.service_lora_set_lbt
                0x000000000802033a        0x4 out/external/libexternal_fuota_stack.a(service_lora_config.o)
                0x000000000802033a                service_lora_set_lbt
 .text.service_lora_get_lbt_rssi
                0x000000000802033e        0x4 out/external/libexternal_fuota_stack.a(service_lora_config.o)
                0x000000000802033e                service_lora_get_lbt_rssi
 .text.service_lora_set_lbt_rssi
                0x0000000008020342        0x4 out/external/libexternal_fuota_stack.a(service_lora_config.o)
                0x0000000008020342                service_lora_set_lbt_rssi
 .text.service_lora_get_lbt_scantime
                0x0000000008020346        0x4 out/external/libexternal_fuota_stack.a(service_lora_config.o)
                0x0000000008020346                service_lora_get_lbt_scantime
 .text.service_lora_set_lbt_scantime
                0x000000000802034a        0x4 out/external/libexternal_fuota_stack.a(service_lora_config.o)
                0x000000000802034a                service_lora_set_lbt_scantime
 .text.service_lora_get_DevNonce
                0x000000000802034e        0x4 out/external/libexternal_fuota_stack.a(service_lora_config.o)
                0x000000000802034e                service_lora_get_DevNonce
 .text.service_lora_set_DevNonce
                0x0000000008020352        0x4 out/external/libexternal_fuota_stack.a(service_lora_config.o)
                0x0000000008020352                service_lora_set_DevNonce
 .text.service_lora_set_IsCertPortOn
                0x0000000008020356        0x8 out/external/libexternal_fuota_stack.a(service_lora_config.o)
                0x0000000008020356                service_lora_set_IsCertPortOn
 .text.service_lora_get_IsCertPortOn
                0x000000000802035e        0x4 out/external/libexternal_fuota_stack.a(service_lora_config.o)
                0x000000000802035e                service_lora_get_IsCertPortOn
 .text.service_lora_get_band
                0x0000000008020362        0x4 out/external/libexternal_fuota_stack.a(service_lora_config.o)
                0x0000000008020362                service_lora_get_band
 .text.service_lora_get_chs
                0x0000000008020366       0x24 out/external/libexternal_fuota_stack.a(service_lora_config.o)
                0x0000000008020366                service_lora_get_chs
 .text.service_lora_region_isActive
                0x000000000802038a       0x1e out/external/libexternal_fuota_stack.a(service_lora_config.o)
                0x000000000802038a                service_lora_region_isActive
 .text.service_lora_set_app_eui
                0x00000000080203a8       0x42 out/external/libexternal_fuota_stack.a(service_lora_config.o)
                0x00000000080203a8                service_lora_set_app_eui
 .text.service_lora_set_app_key
                0x00000000080203ea       0x54 out/external/libexternal_fuota_stack.a(service_lora_config.o)
                0x00000000080203ea                service_lora_set_app_key
 .text.service_lora_set_app_skey
                0x000000000802043e       0x42 out/external/libexternal_fuota_stack.a(service_lora_config.o)
                0x000000000802043e                service_lora_set_app_skey
 .text.service_lora_set_dev_addr
                0x0000000008020480       0x46 out/external/libexternal_fuota_stack.a(service_lora_config.o)
                0x0000000008020480                service_lora_set_dev_addr
 .text.service_lora_set_dev_eui
                0x00000000080204c6       0x50 out/external/libexternal_fuota_stack.a(service_lora_config.o)
                0x00000000080204c6                service_lora_set_dev_eui
 .text.service_lora_set_nwk_skey
                0x0000000008020516       0x66 out/external/libexternal_fuota_stack.a(service_lora_config.o)
                0x0000000008020516                service_lora_set_nwk_skey
 .text.service_lora_set_adr
                0x000000000802057c       0x4c out/external/libexternal_fuota_stack.a(service_lora_config.o)
                0x000000000802057c                service_lora_set_adr
 .text.service_lora_set_jn1dl
                0x00000000080205c8       0x3e out/external/libexternal_fuota_stack.a(service_lora_config.o)
                0x00000000080205c8                service_lora_set_jn1dl
 .text.service_lora_set_jn2dl
                0x0000000008020606       0x3e out/external/libexternal_fuota_stack.a(service_lora_config.o)
                0x0000000008020606                service_lora_set_jn2dl
 .text.service_lora_set_pub_nwk_mode
                0x0000000008020644       0x40 out/external/libexternal_fuota_stack.a(service_lora_config.o)
                0x0000000008020644                service_lora_set_pub_nwk_mode
 .text.service_lora_set_rx1dl
                0x0000000008020684       0x5e out/external/libexternal_fuota_stack.a(service_lora_config.o)
                0x0000000008020684                service_lora_set_rx1dl
 .text.service_lora_set_rx2dl
                0x00000000080206e2       0x5e out/external/libexternal_fuota_stack.a(service_lora_config.o)
                0x00000000080206e2                service_lora_set_rx2dl
 .text.service_lora_set_rx2freq
                0x0000000008020740       0x4c out/external/libexternal_fuota_stack.a(service_lora_config.o)
                0x0000000008020740                service_lora_set_rx2freq
 .text.service_lora_set_rx2dr
                0x000000000802078c       0x66 out/external/libexternal_fuota_stack.a(service_lora_config.o)
                0x000000000802078c                service_lora_set_rx2dr
 .text.restore_abp_config
                0x00000000080207f2       0xcc out/external/libexternal_fuota_stack.a(service_lora_config.o)
                0x00000000080207f2                restore_abp_config
 *fill*         0x00000000080208be        0x2 
 .text.LmHandlerFuotaPackagesProcess
                0x00000000080208c0       0x34 out/external/libexternal_fuota_stack.a(service_lora_config.o)
                0x00000000080208c0                LmHandlerFuotaPackagesProcess
 .text.service_fuota_nvm_init
                0x00000000080208f4       0x14 out/external/libexternal_fuota_stack.a(service_lora_config.o)
                0x00000000080208f4                service_fuota_nvm_init
 .text.service_lora_fuota_join
                0x0000000008020908       0x3e out/external/libexternal_fuota_stack.a(service_lora_config.o)
                0x0000000008020908                service_lora_fuota_join
 .text.service_lora_fuota_get_band
                0x0000000008020946       0x16 out/external/libexternal_fuota_stack.a(service_lora_config.o)
                0x0000000008020946                service_lora_fuota_get_band
 .text.service_fuota_lora_config
                0x000000000802095c      0x200 out/external/libexternal_fuota_stack.a(service_lora_config.o)
                0x000000000802095c                service_fuota_lora_config
 .text.LmHandlerSend
                0x0000000008020b5c       0x60 out/external/libexternal_fuota_stack.a(service_lora_config.o)
                0x0000000008020b5c                LmHandlerSend
 .text.service_lora_addmulc
                0x0000000008020bbc      0x1f0 out/external/libexternal_fuota_stack.a(service_lora_multicast.o)
                0x0000000008020bbc                service_lora_addmulc
 .text.service_lora_rmvmulc
                0x0000000008020dac       0x48 out/external/libexternal_fuota_stack.a(service_lora_multicast.o)
                0x0000000008020dac                service_lora_rmvmulc
 .text.service_lora_lstmulc
                0x0000000008020df4       0x78 out/external/libexternal_fuota_stack.a(service_lora_multicast.o)
                0x0000000008020df4                service_lora_lstmulc
 .text.MulticastMcpsIndication
                0x0000000008020e6c        0x2 out/external/libexternal_fuota_stack.a(service_lora_multicast.o)
                0x0000000008020e6c                MulticastMcpsIndication
 .text.service_lora_setup_multicast
                0x0000000008020e6e       0x64 out/external/libexternal_fuota_stack.a(service_lora_multicast.o)
                0x0000000008020e6e                service_lora_setup_multicast
 *fill*         0x0000000008020ed2        0x2 
 .text.service_lora_clear_multicast
                0x0000000008020ed4       0x2c out/external/libexternal_fuota_stack.a(service_lora_multicast.o)
                0x0000000008020ed4                service_lora_clear_multicast
 .text.OnClassChangeNotify
                0x0000000008020f00       0x10 out/external/libexternal_fuota_stack.a(LmHandler.o)
 .text.LmHandlerPackageIsTxPending
                0x0000000008020f10       0x4c out/external/libexternal_fuota_stack.a(LmHandler.o)
 .text.LmHandlerInit
                0x0000000008020f5c       0x14 out/external/libexternal_fuota_stack.a(LmHandler.o)
                0x0000000008020f5c                LmHandlerInit
 .text.LmHandlerIsBusy
                0x0000000008020f70       0x12 out/external/libexternal_fuota_stack.a(LmHandler.o)
                0x0000000008020f70                LmHandlerIsBusy
 *fill*         0x0000000008020f82        0x2 
 .text.LmHandlerJoin
                0x0000000008020f84       0x50 out/external/libexternal_fuota_stack.a(LmHandler.o)
                0x0000000008020f84                LmHandlerJoin
 .text.LmHandlerJoinStatus
                0x0000000008020fd4       0x26 out/external/libexternal_fuota_stack.a(LmHandler.o)
                0x0000000008020fd4                LmHandlerJoinStatus
 *fill*         0x0000000008020ffa        0x2 
 .text.LmHandlerDeviceTimeReq
                0x0000000008020ffc       0x30 out/external/libexternal_fuota_stack.a(LmHandler.o)
                0x0000000008020ffc                LmHandlerDeviceTimeReq
 .text.LmHandlerPingSlotReq
                0x000000000802102c       0x50 out/external/libexternal_fuota_stack.a(LmHandler.o)
                0x000000000802102c                LmHandlerPingSlotReq
 .text.LmHandlerRequestClass
                0x000000000802107c       0x68 out/external/libexternal_fuota_stack.a(LmHandler.o)
                0x000000000802107c                LmHandlerRequestClass
 .text.LmHandlerGetCurrentClass
                0x00000000080210e4       0x1a out/external/libexternal_fuota_stack.a(LmHandler.o)
                0x00000000080210e4                LmHandlerGetCurrentClass
 .text.LmHandlerGetCurrentDatarate
                0x00000000080210fe       0x1a out/external/libexternal_fuota_stack.a(LmHandler.o)
                0x00000000080210fe                LmHandlerGetCurrentDatarate
 .text.LmHandlerGetActiveRegion
                0x0000000008021118        0xc out/external/libexternal_fuota_stack.a(LmHandler.o)
                0x0000000008021118                LmHandlerGetActiveRegion
 .text.LmHandlerSetSystemMaxRxError
                0x0000000008021124       0x20 out/external/libexternal_fuota_stack.a(LmHandler.o)
                0x0000000008021124                LmHandlerSetSystemMaxRxError
 .text.LmHandlerPackageIsInitialized
                0x0000000008021144       0x14 out/external/libexternal_fuota_stack.a(LmHandler.o)
                0x0000000008021144                LmHandlerPackageIsInitialized
 .text.LmHandlerPackagesNotify
                0x0000000008021158       0x40 out/external/libexternal_fuota_stack.a(LmHandler.o)
                0x0000000008021158                LmHandlerPackagesNotify
 .text.LmHandlerPackagesProcess
                0x0000000008021198       0x34 out/external/libexternal_fuota_stack.a(LmHandler.o)
                0x0000000008021198                LmHandlerPackagesProcess
 .text.LmHandlerProcess
                0x00000000080211cc       0x58 out/external/libexternal_fuota_stack.a(LmHandler.o)
                0x00000000080211cc                LmHandlerProcess
 .text.LmHandlerFuotaStackPackageRegister
                0x0000000008021224       0x38 out/external/libexternal_fuota_stack.a(LmHandler.o)
                0x0000000008021224                LmHandlerFuotaStackPackageRegister
 .text.LmhpClockSyncInit
                0x000000000802125c       0x1c out/external/libexternal_fuota_stack.a(LmhpClockSync.o)
 .text.LmhpClockSyncIsInitialized
                0x0000000008021278        0xc out/external/libexternal_fuota_stack.a(LmhpClockSync.o)
 .text.LmhpClockSyncIsTxPending
                0x0000000008021284        0xc out/external/libexternal_fuota_stack.a(LmhpClockSync.o)
 .text.LmhpClockSyncOnMcpsIndication
                0x0000000008021290      0x154 out/external/libexternal_fuota_stack.a(LmhpClockSync.o)
 .text.LmhpClockSyncOnMcpsConfirm
                0x00000000080213e4       0x4c out/external/libexternal_fuota_stack.a(LmhpClockSync.o)
 .text.LmphClockSyncPackageFactory
                0x0000000008021430        0x8 out/external/libexternal_fuota_stack.a(LmhpClockSync.o)
                0x0000000008021430                LmphClockSyncPackageFactory
 .text.LmhpClockSyncAppTimeReq
                0x0000000008021438       0xb4 out/external/libexternal_fuota_stack.a(LmhpClockSync.o)
                0x0000000008021438                LmhpClockSyncAppTimeReq
 .text.LmhpClockSyncProcess
                0x00000000080214ec       0x1c out/external/libexternal_fuota_stack.a(LmhpClockSync.o)
 .text.LmhpRemoteMcastSetupIsInitialized
                0x0000000008021508        0xc out/external/libexternal_fuota_stack.a(LmhpRemoteMcastSetup.o)
 .text.LmhpRemoteMcastSetupIsTxPending
                0x0000000008021514        0xc out/external/libexternal_fuota_stack.a(LmhpRemoteMcastSetup.o)
 .text.LmhpRemoteMcastSetupInit
                0x0000000008021520       0x5c out/external/libexternal_fuota_stack.a(LmhpRemoteMcastSetup.o)
 .text.OnSessionStopTimer
                0x000000000802157c       0x20 out/external/libexternal_fuota_stack.a(LmhpRemoteMcastSetup.o)
 .text.OnSessionStartTimer
                0x000000000802159c       0x30 out/external/libexternal_fuota_stack.a(LmhpRemoteMcastSetup.o)
 .text.LmhpRemoteMcastSetupOnMcpsIndication
                0x00000000080215cc      0x360 out/external/libexternal_fuota_stack.a(LmhpRemoteMcastSetup.o)
 .text.LmhpRemoteMcastSetupProcess
                0x000000000802192c       0x54 out/external/libexternal_fuota_stack.a(LmhpRemoteMcastSetup.o)
 .text.LmhpRemoteMcastSetupPackageFactory
                0x0000000008021980        0x8 out/external/libexternal_fuota_stack.a(LmhpRemoteMcastSetup.o)
                0x0000000008021980                LmhpRemoteMcastSetupPackageFactory
 .text.FUOTA_StartTime_IsRunning
                0x0000000008021988       0x34 out/external/libexternal_fuota_stack.a(LmhpRemoteMcastSetup.o)
                0x0000000008021988                FUOTA_StartTime_IsRunning
 .text.LmhpRemoteMcastSetupRegisterPowersaveHandler
                0x00000000080219bc        0xc out/external/libexternal_fuota_stack.a(LmhpRemoteMcastSetup.o)
                0x00000000080219bc                LmhpRemoteMcastSetupRegisterPowersaveHandler
 .text.LmhpFragmentationIsInitialized
                0x00000000080219c8        0xc out/external/libexternal_fuota_stack.a(LmhpFragmentation.o)
 .text.LmhpFragmentationIsTxPending
                0x00000000080219d4        0xc out/external/libexternal_fuota_stack.a(LmhpFragmentation.o)
 .text.LmhpFragmentationInit
                0x00000000080219e0       0x50 out/external/libexternal_fuota_stack.a(LmhpFragmentation.o)
 .text.OnFragmentTxDelay
                0x0000000008021a30       0x20 out/external/libexternal_fuota_stack.a(LmhpFragmentation.o)
 .text.LmhpFragmentationOnMcpsIndication
                0x0000000008021a50      0x328 out/external/libexternal_fuota_stack.a(LmhpFragmentation.o)
 .text.LmhpFragmentationProcess
                0x0000000008021d78       0x50 out/external/libexternal_fuota_stack.a(LmhpFragmentation.o)
 .text.LmhpFragmentationPackageFactory
                0x0000000008021dc8        0x8 out/external/libexternal_fuota_stack.a(LmhpFragmentation.o)
                0x0000000008021dc8                LmhpFragmentationPackageFactory
 .text.SetRow   0x0000000008021dd0       0x24 out/external/libexternal_fuota_stack.a(FragDecoder.o)
 .text.GetRow   0x0000000008021df4       0x24 out/external/libexternal_fuota_stack.a(FragDecoder.o)
 .text.GetParity
                0x0000000008021e18       0x14 out/external/libexternal_fuota_stack.a(FragDecoder.o)
 .text.SetParity
                0x0000000008021e2c       0x20 out/external/libexternal_fuota_stack.a(FragDecoder.o)
 .text.XorDataLine
                0x0000000008021e4c       0x1a out/external/libexternal_fuota_stack.a(FragDecoder.o)
 .text.XorParityLine
                0x0000000008021e66       0x34 out/external/libexternal_fuota_stack.a(FragDecoder.o)
 *fill*         0x0000000008021e9a        0x2 
 .text.FragFindMissingFrags
                0x0000000008021e9c       0x60 out/external/libexternal_fuota_stack.a(FragDecoder.o)
 .text.FragFindMissingIndex
                0x0000000008021efc       0x2c out/external/libexternal_fuota_stack.a(FragDecoder.o)
 .text.FragExtractLineFromBinaryMatrix
                0x0000000008021f28       0x84 out/external/libexternal_fuota_stack.a(FragDecoder.o)
 .text.FragDecoderUpdateCallback
                0x0000000008021fac        0xc out/external/libexternal_fuota_stack.a(FragDecoder.o)
                0x0000000008021fac                FragDecoderUpdateCallback
 .text.FragDecoderInit
                0x0000000008021fb8       0x5c out/external/libexternal_fuota_stack.a(FragDecoder.o)
                0x0000000008021fb8                FragDecoderInit
 .text.FragDecoderGetMaxFileSize
                0x0000000008022014        0x8 out/external/libexternal_fuota_stack.a(FragDecoder.o)
                0x0000000008022014                FragDecoderGetMaxFileSize
 .text.FragDecoderProcess
                0x000000000802201c      0x348 out/external/libexternal_fuota_stack.a(FragDecoder.o)
                0x000000000802201c                FragDecoderProcess
 .text.FragDecoderGetStatus
                0x0000000008022364       0x14 out/external/libexternal_fuota_stack.a(FragDecoder.o)
                0x0000000008022364                FragDecoderGetStatus
 .text.udrv_flash_init
                0x0000000008022378       0x18 out/external/libexternal_fuota_stack.a(udrv_flash.o)
                0x0000000008022378                udrv_flash_init
 .text.udrv_flash_deinit
                0x0000000008022390       0x18 out/external/libexternal_fuota_stack.a(udrv_flash.o)
                0x0000000008022390                udrv_flash_deinit
 .text.udrv_flash_read
                0x00000000080223a8       0xd8 out/external/libexternal_fuota_stack.a(udrv_flash.o)
                0x00000000080223a8                udrv_flash_read
 .text.compare_page_buff
                0x0000000008022480       0x7a out/external/libexternal_fuota_stack.a(udrv_flash.o)
                0x0000000008022480                compare_page_buff
 *fill*         0x00000000080224fa        0x2 
 .text.udrv_flash_write
                0x00000000080224fc      0x104 out/external/libexternal_fuota_stack.a(udrv_flash.o)
                0x00000000080224fc                udrv_flash_write
 .text.udrv_flash_erase
                0x0000000008022600       0x30 out/external/libexternal_fuota_stack.a(udrv_flash.o)
                0x0000000008022600                udrv_flash_erase
 .text.udrv_flash_get_page_size
                0x0000000008022630        0x4 out/external/libexternal_fuota_stack.a(udrv_flash.o)
                0x0000000008022630                udrv_flash_get_page_size
 .text.udrv_flash_check_addr_valid
                0x0000000008022634        0x4 out/external/libexternal_fuota_stack.a(udrv_flash.o)
                0x0000000008022634                udrv_flash_check_addr_valid
 .text.udrv_flash_suspend
                0x0000000008022638        0x2 out/external/libexternal_fuota_stack.a(udrv_flash.o)
                0x0000000008022638                udrv_flash_suspend
 .text.udrv_flash_resume
                0x000000000802263a        0x2 out/external/libexternal_fuota_stack.a(udrv_flash.o)
                0x000000000802263a                udrv_flash_resume
 .text.Error_Handler
                0x000000000802263c       0x24 out/external/libexternal_fuota_stack.a(system_stm32wlxx.o)
                0x000000000802263c                Error_Handler
 .text.SystemInit
                0x0000000008022660        0x2 out/external/libexternal_fuota_stack.a(system_stm32wlxx.o)
                0x0000000008022660                SystemInit
 *fill*         0x0000000008022662        0x2 
 .text.SystemCoreClockUpdate
                0x0000000008022664       0xb4 out/external/libexternal_fuota_stack.a(system_stm32wlxx.o)
                0x0000000008022664                SystemCoreClockUpdate
 .text.HAL_MspInit
                0x0000000008022718        0x2 out/external/libexternal_fuota_stack.a(stm32wlxx_hal_msp.o)
                0x0000000008022718                HAL_MspInit
 *fill*         0x000000000802271a        0x2 
 .text.HAL_RTC_MspInit
                0x000000000802271c       0x7c out/external/libexternal_fuota_stack.a(stm32wlxx_hal_msp.o)
                0x000000000802271c                HAL_RTC_MspInit
 .text.HAL_RTC_MspDeInit
                0x0000000008022798       0x38 out/external/libexternal_fuota_stack.a(stm32wlxx_hal_msp.o)
                0x0000000008022798                HAL_RTC_MspDeInit
 .text.HAL_TIM_PWM_MspInit
                0x00000000080227d0       0x48 out/external/libexternal_fuota_stack.a(stm32wlxx_hal_msp.o)
                0x00000000080227d0                HAL_TIM_PWM_MspInit
 .text.HAL_TIM_PWM_MspDeInit
                0x0000000008022818       0x30 out/external/libexternal_fuota_stack.a(stm32wlxx_hal_msp.o)
                0x0000000008022818                HAL_TIM_PWM_MspDeInit
 .text.HAL_CRYP_MspInit
                0x0000000008022848       0x40 out/external/libexternal_fuota_stack.a(stm32wlxx_hal_msp.o)
                0x0000000008022848                HAL_CRYP_MspInit
 .text.HAL_CRYP_MspDeInit
                0x0000000008022888       0x20 out/external/libexternal_fuota_stack.a(stm32wlxx_hal_msp.o)
                0x0000000008022888                HAL_CRYP_MspDeInit
 .text.service_nvm_set_cfg_to_nvm
                0x00000000080228a8       0x14 out/external/libexternal_fuota_stack.a(service_nvm_common.o)
                0x00000000080228a8                service_nvm_set_cfg_to_nvm
 .text.service_nvm_set_lora_nvm_data_to_nvm
                0x00000000080228bc       0x14 out/external/libexternal_fuota_stack.a(service_nvm_common.o)
                0x00000000080228bc                service_nvm_set_lora_nvm_data_to_nvm
 .text.service_nvm_get_mode_type_from_nvm
                0x00000000080228d0       0x10 out/external/libexternal_fuota_stack.a(service_nvm_common.o)
                0x00000000080228d0                service_nvm_get_mode_type_from_nvm
 .text.service_nvm_set_mode_type_to_nvm
                0x00000000080228e0       0x1c out/external/libexternal_fuota_stack.a(service_nvm_common.o)
                0x00000000080228e0                service_nvm_set_mode_type_to_nvm
 .text.service_nvm_get_serial_passwd_from_nvm
                0x00000000080228fc       0x24 out/external/libexternal_fuota_stack.a(service_nvm_common.o)
                0x00000000080228fc                service_nvm_get_serial_passwd_from_nvm
 .text.service_nvm_set_serial_passwd_to_nvm
                0x0000000008022920       0x40 out/external/libexternal_fuota_stack.a(service_nvm_common.o)
                0x0000000008022920                service_nvm_set_serial_passwd_to_nvm
 .text.service_nvm_get_auto_sleep_time_from_nvm
                0x0000000008022960        0xc out/external/libexternal_fuota_stack.a(service_nvm_common.o)
                0x0000000008022960                service_nvm_get_auto_sleep_time_from_nvm
 .text.service_nvm_set_auto_sleep_time_to_nvm
                0x000000000802296c       0x18 out/external/libexternal_fuota_stack.a(service_nvm_common.o)
                0x000000000802296c                service_nvm_set_auto_sleep_time_to_nvm
 .text.service_nvm_get_auto_sleep_level_from_nvm
                0x0000000008022984        0xc out/external/libexternal_fuota_stack.a(service_nvm_common.o)
                0x0000000008022984                service_nvm_get_auto_sleep_level_from_nvm
 .text.service_nvm_set_auto_sleep_level_to_nvm
                0x0000000008022990       0x20 out/external/libexternal_fuota_stack.a(service_nvm_common.o)
                0x0000000008022990                service_nvm_set_auto_sleep_level_to_nvm
 .text.service_nvm_get_firmware_ver_from_nvm
                0x00000000080229b0       0x1c out/external/libexternal_fuota_stack.a(service_nvm_common.o)
                0x00000000080229b0                service_nvm_get_firmware_ver_from_nvm
 .text.service_nvm_set_firmware_ver_to_nvm
                0x00000000080229cc       0x54 out/external/libexternal_fuota_stack.a(service_nvm_common.o)
                0x00000000080229cc                service_nvm_set_firmware_ver_to_nvm
 .text.service_nvm_get_hwmodel_from_nvm
                0x0000000008022a20       0x1c out/external/libexternal_fuota_stack.a(service_nvm_common.o)
                0x0000000008022a20                service_nvm_get_hwmodel_from_nvm
 .text.service_nvm_set_hwmodel_to_nvm
                0x0000000008022a3c       0x54 out/external/libexternal_fuota_stack.a(service_nvm_common.o)
                0x0000000008022a3c                service_nvm_set_hwmodel_to_nvm
 .text.service_nvm_get_cli_ver_from_nvm
                0x0000000008022a90       0x1c out/external/libexternal_fuota_stack.a(service_nvm_common.o)
                0x0000000008022a90                service_nvm_get_cli_ver_from_nvm
 .text.service_nvm_set_cli_ver_to_nvm
                0x0000000008022aac       0x54 out/external/libexternal_fuota_stack.a(service_nvm_common.o)
                0x0000000008022aac                service_nvm_set_cli_ver_to_nvm
 .text.service_nvm_write_user_data
                0x0000000008022b00       0x26 out/external/libexternal_fuota_stack.a(service_nvm_common.o)
                0x0000000008022b00                service_nvm_write_user_data
 .text.service_nvm_read_user_data
                0x0000000008022b26       0x26 out/external/libexternal_fuota_stack.a(service_nvm_common.o)
                0x0000000008022b26                service_nvm_read_user_data
 .text.service_nvm_get_delta_sec_from_nvm
                0x0000000008022b4c        0xc out/external/libexternal_fuota_stack.a(service_nvm_common.o)
                0x0000000008022b4c                service_nvm_get_delta_sec_from_nvm
 .text.service_nvm_set_delta_sec_to_nvm
                0x0000000008022b58       0x18 out/external/libexternal_fuota_stack.a(service_nvm_common.o)
                0x0000000008022b58                service_nvm_set_delta_sec_to_nvm
 .text.service_nvm_get_delta_subsec_from_nvm
                0x0000000008022b70        0xc out/external/libexternal_fuota_stack.a(service_nvm_common.o)
                0x0000000008022b70                service_nvm_get_delta_subsec_from_nvm
 .text.service_nvm_set_delta_subsec_to_nvm
                0x0000000008022b7c       0x18 out/external/libexternal_fuota_stack.a(service_nvm_common.o)
                0x0000000008022b7c                service_nvm_set_delta_subsec_to_nvm
 .text.service_nvm_get_lock_status_from_nvm
                0x0000000008022b94       0x10 out/external/libexternal_fuota_stack.a(service_nvm_common.o)
                0x0000000008022b94                service_nvm_get_lock_status_from_nvm
 .text.service_nvm_set_lock_status_to_nvm
                0x0000000008022ba4       0x1c out/external/libexternal_fuota_stack.a(service_nvm_common.o)
                0x0000000008022ba4                service_nvm_set_lock_status_to_nvm
 .text.service_nvm_get_baudrate_from_nvm
                0x0000000008022bc0        0xc out/external/libexternal_fuota_stack.a(service_nvm_common.o)
                0x0000000008022bc0                service_nvm_get_baudrate_from_nvm
 .text.service_nvm_set_baudrate_to_nvm
                0x0000000008022bcc       0x18 out/external/libexternal_fuota_stack.a(service_nvm_common.o)
                0x0000000008022bcc                service_nvm_set_baudrate_to_nvm
 .text.service_nvm_get_atcmd_alias_from_nvm
                0x0000000008022be4       0x1c out/external/libexternal_fuota_stack.a(service_nvm_common.o)
                0x0000000008022be4                service_nvm_get_atcmd_alias_from_nvm
 .text.service_nvm_set_atcmd_alias_to_nvm
                0x0000000008022c00       0x54 out/external/libexternal_fuota_stack.a(service_nvm_common.o)
                0x0000000008022c00                service_nvm_set_atcmd_alias_to_nvm
 .text.service_nvm_get_sn_from_nvm
                0x0000000008022c54       0x1c out/external/libexternal_fuota_stack.a(service_nvm_common.o)
                0x0000000008022c54                service_nvm_get_sn_from_nvm
 .text.service_nvm_set_sn_to_nvm
                0x0000000008022c70       0x44 out/external/libexternal_fuota_stack.a(service_nvm_common.o)
                0x0000000008022c70                service_nvm_set_sn_to_nvm
 .text.service_nvm_get_atcmd_echo_from_nvm
                0x0000000008022cb4        0xc out/external/libexternal_fuota_stack.a(service_nvm_common.o)
                0x0000000008022cb4                service_nvm_get_atcmd_echo_from_nvm
 .text.service_nvm_set_atcmd_echo_to_nvm
                0x0000000008022cc0       0x18 out/external/libexternal_fuota_stack.a(service_nvm_common.o)
                0x0000000008022cc0                service_nvm_set_atcmd_echo_to_nvm
 .text.service_nvm_set_debug_level_to_nvm
                0x0000000008022cd8       0x18 out/external/libexternal_fuota_stack.a(service_nvm_common.o)
                0x0000000008022cd8                service_nvm_set_debug_level_to_nvm
 .text.service_nvm_get_debug_level_from_nvm
                0x0000000008022cf0        0xc out/external/libexternal_fuota_stack.a(service_nvm_common.o)
                0x0000000008022cf0                service_nvm_get_debug_level_from_nvm
 .text.service_nvm_get_band_from_nvm
                0x0000000008022cfc        0xc out/external/libexternal_fuota_stack.a(service_nvm_common.o)
                0x0000000008022cfc                service_nvm_get_band_from_nvm
 .text.service_nvm_set_band_to_nvm
                0x0000000008022d08       0x18 out/external/libexternal_fuota_stack.a(service_nvm_common.o)
                0x0000000008022d08                service_nvm_set_band_to_nvm
 .text.service_nvm_get_mask_from_nvm
                0x0000000008022d20       0x14 out/external/libexternal_fuota_stack.a(service_nvm_common.o)
                0x0000000008022d20                service_nvm_get_mask_from_nvm
 .text.service_nvm_set_mask_to_nvm
                0x0000000008022d34       0x28 out/external/libexternal_fuota_stack.a(service_nvm_common.o)
                0x0000000008022d34                service_nvm_set_mask_to_nvm
 .text.service_nvm_get_app_eui_from_nvm
                0x0000000008022d5c       0x1c out/external/libexternal_fuota_stack.a(service_nvm_common.o)
                0x0000000008022d5c                service_nvm_get_app_eui_from_nvm
 .text.service_nvm_set_app_eui_to_nvm
                0x0000000008022d78       0x34 out/external/libexternal_fuota_stack.a(service_nvm_common.o)
                0x0000000008022d78                service_nvm_set_app_eui_to_nvm
 .text.service_nvm_get_app_key_from_nvm
                0x0000000008022dac       0x1c out/external/libexternal_fuota_stack.a(service_nvm_common.o)
                0x0000000008022dac                service_nvm_get_app_key_from_nvm
 .text.service_nvm_set_app_key_to_nvm
                0x0000000008022dc8       0x34 out/external/libexternal_fuota_stack.a(service_nvm_common.o)
                0x0000000008022dc8                service_nvm_set_app_key_to_nvm
 .text.service_nvm_get_app_skey_from_nvm
                0x0000000008022dfc       0x1c out/external/libexternal_fuota_stack.a(service_nvm_common.o)
                0x0000000008022dfc                service_nvm_get_app_skey_from_nvm
 .text.service_nvm_set_app_skey_to_nvm
                0x0000000008022e18       0x34 out/external/libexternal_fuota_stack.a(service_nvm_common.o)
                0x0000000008022e18                service_nvm_set_app_skey_to_nvm
 .text.service_nvm_get_dev_addr_from_nvm
                0x0000000008022e4c       0x1c out/external/libexternal_fuota_stack.a(service_nvm_common.o)
                0x0000000008022e4c                service_nvm_get_dev_addr_from_nvm
 .text.service_nvm_set_dev_addr_to_nvm
                0x0000000008022e68       0x34 out/external/libexternal_fuota_stack.a(service_nvm_common.o)
                0x0000000008022e68                service_nvm_set_dev_addr_to_nvm
 .text.service_nvm_get_dev_eui_from_nvm
                0x0000000008022e9c       0x1c out/external/libexternal_fuota_stack.a(service_nvm_common.o)
                0x0000000008022e9c                service_nvm_get_dev_eui_from_nvm
 .text.service_nvm_set_dev_eui_to_nvm
                0x0000000008022eb8       0x34 out/external/libexternal_fuota_stack.a(service_nvm_common.o)
                0x0000000008022eb8                service_nvm_set_dev_eui_to_nvm
 .text.service_nvm_get_net_id_from_nvm
                0x0000000008022eec       0x1c out/external/libexternal_fuota_stack.a(service_nvm_common.o)
                0x0000000008022eec                service_nvm_get_net_id_from_nvm
 .text.service_nvm_set_net_id_to_nvm
                0x0000000008022f08       0x34 out/external/libexternal_fuota_stack.a(service_nvm_common.o)
                0x0000000008022f08                service_nvm_set_net_id_to_nvm
 .text.service_nvm_get_nwk_skey_from_nvm
                0x0000000008022f3c       0x1c out/external/libexternal_fuota_stack.a(service_nvm_common.o)
                0x0000000008022f3c                service_nvm_get_nwk_skey_from_nvm
 .text.service_nvm_set_nwk_skey_to_nvm
                0x0000000008022f58       0x34 out/external/libexternal_fuota_stack.a(service_nvm_common.o)
                0x0000000008022f58                service_nvm_set_nwk_skey_to_nvm
 .text.service_nvm_get_retry_from_nvm
                0x0000000008022f8c        0xc out/external/libexternal_fuota_stack.a(service_nvm_common.o)
                0x0000000008022f8c                service_nvm_get_retry_from_nvm
 .text.service_nvm_set_retry_to_nvm
                0x0000000008022f98       0x18 out/external/libexternal_fuota_stack.a(service_nvm_common.o)
                0x0000000008022f98                service_nvm_set_retry_to_nvm
 .text.service_nvm_get_cfm_from_nvm
                0x0000000008022fb0        0xc out/external/libexternal_fuota_stack.a(service_nvm_common.o)
                0x0000000008022fb0                service_nvm_get_cfm_from_nvm
 .text.service_nvm_set_cfm_to_nvm
                0x0000000008022fbc       0x18 out/external/libexternal_fuota_stack.a(service_nvm_common.o)
                0x0000000008022fbc                service_nvm_set_cfm_to_nvm
 .text.service_nvm_get_nwm_from_nvm
                0x0000000008022fd4        0xc out/external/libexternal_fuota_stack.a(service_nvm_common.o)
                0x0000000008022fd4                service_nvm_get_nwm_from_nvm
 .text.service_nvm_set_nwm_to_nvm
                0x0000000008022fe0       0x18 out/external/libexternal_fuota_stack.a(service_nvm_common.o)
                0x0000000008022fe0                service_nvm_set_nwm_to_nvm
 .text.service_nvm_get_njm_from_nvm
                0x0000000008022ff8        0xc out/external/libexternal_fuota_stack.a(service_nvm_common.o)
                0x0000000008022ff8                service_nvm_get_njm_from_nvm
 .text.service_nvm_set_njm_to_nvm
                0x0000000008023004       0x18 out/external/libexternal_fuota_stack.a(service_nvm_common.o)
                0x0000000008023004                service_nvm_set_njm_to_nvm
 .text.service_nvm_get_adr_from_nvm
                0x000000000802301c        0xc out/external/libexternal_fuota_stack.a(service_nvm_common.o)
                0x000000000802301c                service_nvm_get_adr_from_nvm
 .text.service_nvm_set_adr_to_nvm
                0x0000000008023028       0x18 out/external/libexternal_fuota_stack.a(service_nvm_common.o)
                0x0000000008023028                service_nvm_set_adr_to_nvm
 .text.service_nvm_get_class_from_nvm
                0x0000000008023040        0xc out/external/libexternal_fuota_stack.a(service_nvm_common.o)
                0x0000000008023040                service_nvm_get_class_from_nvm
 .text.service_nvm_set_class_to_nvm
                0x000000000802304c       0x18 out/external/libexternal_fuota_stack.a(service_nvm_common.o)
                0x000000000802304c                service_nvm_set_class_to_nvm
 .text.service_nvm_get_dr_from_nvm
                0x0000000008023064        0xc out/external/libexternal_fuota_stack.a(service_nvm_common.o)
                0x0000000008023064                service_nvm_get_dr_from_nvm
 .text.service_nvm_set_dr_to_nvm
                0x0000000008023070       0x18 out/external/libexternal_fuota_stack.a(service_nvm_common.o)
                0x0000000008023070                service_nvm_set_dr_to_nvm
 .text.service_nvm_get_rx2dr_from_nvm
                0x0000000008023088        0xc out/external/libexternal_fuota_stack.a(service_nvm_common.o)
                0x0000000008023088                service_nvm_get_rx2dr_from_nvm
 .text.service_nvm_set_rx2dr_to_nvm
                0x0000000008023094       0x18 out/external/libexternal_fuota_stack.a(service_nvm_common.o)
                0x0000000008023094                service_nvm_set_rx2dr_to_nvm
 .text.service_nvm_get_jn1dl_from_nvm
                0x00000000080230ac        0xc out/external/libexternal_fuota_stack.a(service_nvm_common.o)
                0x00000000080230ac                service_nvm_get_jn1dl_from_nvm
 .text.service_nvm_set_jn1dl_to_nvm
                0x00000000080230b8       0x18 out/external/libexternal_fuota_stack.a(service_nvm_common.o)
                0x00000000080230b8                service_nvm_set_jn1dl_to_nvm
 .text.service_nvm_get_jn2dl_from_nvm
                0x00000000080230d0        0xc out/external/libexternal_fuota_stack.a(service_nvm_common.o)
                0x00000000080230d0                service_nvm_get_jn2dl_from_nvm
 .text.service_nvm_set_jn2dl_to_nvm
                0x00000000080230dc       0x18 out/external/libexternal_fuota_stack.a(service_nvm_common.o)
                0x00000000080230dc                service_nvm_set_jn2dl_to_nvm
 .text.service_nvm_set_rx2fq_to_nvm
                0x00000000080230f4       0x18 out/external/libexternal_fuota_stack.a(service_nvm_common.o)
                0x00000000080230f4                service_nvm_set_rx2fq_to_nvm
 .text.service_nvm_get_rx2fq_from_nvm
                0x000000000802310c        0xc out/external/libexternal_fuota_stack.a(service_nvm_common.o)
                0x000000000802310c                service_nvm_get_rx2fq_from_nvm
 .text.service_nvm_get_pub_nwk_mode_from_nvm
                0x0000000008023118        0xc out/external/libexternal_fuota_stack.a(service_nvm_common.o)
                0x0000000008023118                service_nvm_get_pub_nwk_mode_from_nvm
 .text.service_nvm_set_pub_nwk_mode_to_nvm
                0x0000000008023124       0x18 out/external/libexternal_fuota_stack.a(service_nvm_common.o)
                0x0000000008023124                service_nvm_set_pub_nwk_mode_to_nvm
 .text.service_nvm_get_rx1dl_from_nvm
                0x000000000802313c        0xc out/external/libexternal_fuota_stack.a(service_nvm_common.o)
                0x000000000802313c                service_nvm_get_rx1dl_from_nvm
 .text.service_nvm_set_rx1dl_to_nvm
                0x0000000008023148       0x18 out/external/libexternal_fuota_stack.a(service_nvm_common.o)
                0x0000000008023148                service_nvm_set_rx1dl_to_nvm
 .text.service_nvm_get_rx2dl_from_nvm
                0x0000000008023160        0xc out/external/libexternal_fuota_stack.a(service_nvm_common.o)
                0x0000000008023160                service_nvm_get_rx2dl_from_nvm
 .text.service_nvm_set_rx2dl_to_nvm
                0x000000000802316c       0x18 out/external/libexternal_fuota_stack.a(service_nvm_common.o)
                0x000000000802316c                service_nvm_set_rx2dl_to_nvm
 .text.service_nvm_get_txpower_from_nvm
                0x0000000008023184        0xc out/external/libexternal_fuota_stack.a(service_nvm_common.o)
                0x0000000008023184                service_nvm_get_txpower_from_nvm
 .text.service_nvm_set_txpower_to_nvm
                0x0000000008023190       0x18 out/external/libexternal_fuota_stack.a(service_nvm_common.o)
                0x0000000008023190                service_nvm_set_txpower_to_nvm
 .text.service_nvm_get_linkcheck_from_nvm
                0x00000000080231a8        0xc out/external/libexternal_fuota_stack.a(service_nvm_common.o)
                0x00000000080231a8                service_nvm_get_linkcheck_from_nvm
 .text.service_nvm_set_linkcheck_to_nvm
                0x00000000080231b4       0x18 out/external/libexternal_fuota_stack.a(service_nvm_common.o)
                0x00000000080231b4                service_nvm_set_linkcheck_to_nvm
 .text.service_nvm_get_ping_slot_periodicity_from_nvm
                0x00000000080231cc        0xc out/external/libexternal_fuota_stack.a(service_nvm_common.o)
                0x00000000080231cc                service_nvm_get_ping_slot_periodicity_from_nvm
 .text.service_nvm_set_ping_slot_periodicity_to_nvm
                0x00000000080231d8       0x18 out/external/libexternal_fuota_stack.a(service_nvm_common.o)
                0x00000000080231d8                service_nvm_set_ping_slot_periodicity_to_nvm
 .text.service_nvm_get_join_start_from_nvm
                0x00000000080231f0        0xc out/external/libexternal_fuota_stack.a(service_nvm_common.o)
                0x00000000080231f0                service_nvm_get_join_start_from_nvm
 .text.service_nvm_set_join_start_to_nvm
                0x00000000080231fc       0x18 out/external/libexternal_fuota_stack.a(service_nvm_common.o)
                0x00000000080231fc                service_nvm_set_join_start_to_nvm
 .text.service_nvm_get_auto_join_from_nvm
                0x0000000008023214        0xc out/external/libexternal_fuota_stack.a(service_nvm_common.o)
                0x0000000008023214                service_nvm_get_auto_join_from_nvm
 .text.service_nvm_set_auto_join_to_nvm
                0x0000000008023220       0x18 out/external/libexternal_fuota_stack.a(service_nvm_common.o)
                0x0000000008023220                service_nvm_set_auto_join_to_nvm
 .text.service_nvm_get_auto_join_period_from_nvm
                0x0000000008023238        0xc out/external/libexternal_fuota_stack.a(service_nvm_common.o)
                0x0000000008023238                service_nvm_get_auto_join_period_from_nvm
 .text.service_nvm_set_auto_join_period_to_nvm
                0x0000000008023244       0x18 out/external/libexternal_fuota_stack.a(service_nvm_common.o)
                0x0000000008023244                service_nvm_set_auto_join_period_to_nvm
 .text.service_nvm_get_auto_join_max_cnt_from_nvm
                0x000000000802325c        0xc out/external/libexternal_fuota_stack.a(service_nvm_common.o)
                0x000000000802325c                service_nvm_get_auto_join_max_cnt_from_nvm
 .text.service_nvm_set_auto_join_max_cnt_to_nvm
                0x0000000008023268       0x18 out/external/libexternal_fuota_stack.a(service_nvm_common.o)
                0x0000000008023268                service_nvm_set_auto_join_max_cnt_to_nvm
 .text.service_nvm_get_lbt_from_nvm
                0x0000000008023280        0xc out/external/libexternal_fuota_stack.a(service_nvm_common.o)
                0x0000000008023280                service_nvm_get_lbt_from_nvm
 .text.service_nvm_set_lbt_to_nvm
                0x000000000802328c       0x18 out/external/libexternal_fuota_stack.a(service_nvm_common.o)
                0x000000000802328c                service_nvm_set_lbt_to_nvm
 .text.service_nvm_get_lbt_rssi_from_nvm
                0x00000000080232a4        0xc out/external/libexternal_fuota_stack.a(service_nvm_common.o)
                0x00000000080232a4                service_nvm_get_lbt_rssi_from_nvm
 .text.service_nvm_set_lbt_rssi_to_nvm
                0x00000000080232b0       0x18 out/external/libexternal_fuota_stack.a(service_nvm_common.o)
                0x00000000080232b0                service_nvm_set_lbt_rssi_to_nvm
 .text.service_nvm_get_lbt_scantime_from_nvm
                0x00000000080232c8        0xc out/external/libexternal_fuota_stack.a(service_nvm_common.o)
                0x00000000080232c8                service_nvm_get_lbt_scantime_from_nvm
 .text.service_nvm_set_lbt_scantime_to_nvm
                0x00000000080232d4       0x18 out/external/libexternal_fuota_stack.a(service_nvm_common.o)
                0x00000000080232d4                service_nvm_set_lbt_scantime_to_nvm
 .text.service_nvm_get_DevNonce_from_nvm
                0x00000000080232ec        0xc out/external/libexternal_fuota_stack.a(service_nvm_common.o)
                0x00000000080232ec                service_nvm_get_DevNonce_from_nvm
 .text.service_nvm_set_DevNonce_to_nvm
                0x00000000080232f8       0x18 out/external/libexternal_fuota_stack.a(service_nvm_common.o)
                0x00000000080232f8                service_nvm_set_DevNonce_to_nvm
 .text.service_nvm_set_IsCertPortOn_to_nvm
                0x0000000008023310       0x18 out/external/libexternal_fuota_stack.a(service_nvm_common.o)
                0x0000000008023310                service_nvm_set_IsCertPortOn_to_nvm
 .text.service_nvm_get_IsCertPortOn_from_nvm
                0x0000000008023328        0xc out/external/libexternal_fuota_stack.a(service_nvm_common.o)
                0x0000000008023328                service_nvm_get_IsCertPortOn_from_nvm
 .text.service_nvm_set_crypto_to_nvm
                0x0000000008023334       0x28 out/external/libexternal_fuota_stack.a(service_nvm_common.o)
                0x0000000008023334                service_nvm_set_crypto_to_nvm
 .text.service_nvm_get_crypto_from_nvm
                0x000000000802335c        0x8 out/external/libexternal_fuota_stack.a(service_nvm_common.o)
                0x000000000802335c                service_nvm_get_crypto_from_nvm
 .text.service_nvm_set_macgroup1_to_nvm
                0x0000000008023364       0x28 out/external/libexternal_fuota_stack.a(service_nvm_common.o)
                0x0000000008023364                service_nvm_set_macgroup1_to_nvm
 .text.service_nvm_get_macgroup1_from_nvm
                0x000000000802338c        0x8 out/external/libexternal_fuota_stack.a(service_nvm_common.o)
                0x000000000802338c                service_nvm_get_macgroup1_from_nvm
 .text.service_nvm_set_macgroup2_to_nvm
                0x0000000008023394       0x2c out/external/libexternal_fuota_stack.a(service_nvm_common.o)
                0x0000000008023394                service_nvm_set_macgroup2_to_nvm
 .text.service_nvm_get_macgroup2_from_nvm
                0x00000000080233c0        0x8 out/external/libexternal_fuota_stack.a(service_nvm_common.o)
                0x00000000080233c0                service_nvm_get_macgroup2_from_nvm
 .text.service_nvm_set_sec_element_to_nvm
                0x00000000080233c8       0x2c out/external/libexternal_fuota_stack.a(service_nvm_common.o)
                0x00000000080233c8                service_nvm_set_sec_element_to_nvm
 .text.service_nvm_get_sec_element_from_nvm
                0x00000000080233f4        0x8 out/external/libexternal_fuota_stack.a(service_nvm_common.o)
                0x00000000080233f4                service_nvm_get_sec_element_from_nvm
 .text.service_nvm_set_regionchannels_to_nvm
                0x00000000080233fc       0x2c out/external/libexternal_fuota_stack.a(service_nvm_common.o)
                0x00000000080233fc                service_nvm_set_regionchannels_to_nvm
 .text.service_nvm_get_regionchannels_from_nvm
                0x0000000008023428        0x8 out/external/libexternal_fuota_stack.a(service_nvm_common.o)
                0x0000000008023428                service_nvm_get_regionchannels_from_nvm
 .text.service_nvm_get_multicast_from_nvm
                0x0000000008023430        0x8 out/external/libexternal_fuota_stack.a(service_nvm_common.o)
                0x0000000008023430                service_nvm_get_multicast_from_nvm
 .text.service_nvm_set_multicast_to_nvm
                0x0000000008023438       0x28 out/external/libexternal_fuota_stack.a(service_nvm_common.o)
                0x0000000008023438                service_nvm_set_multicast_to_nvm
 .text.service_nvm_get_tp_port_from_nvm
                0x0000000008023460       0x10 out/external/libexternal_fuota_stack.a(service_nvm_common.o)
                0x0000000008023460                service_nvm_get_tp_port_from_nvm
 .text.service_nvm_set_tp_port_to_nvm
                0x0000000008023470       0x28 out/external/libexternal_fuota_stack.a(service_nvm_common.o)
                0x0000000008023470                service_nvm_set_tp_port_to_nvm
 .text.service_nvm_get_chs_from_nvm
                0x0000000008023498        0xc out/external/libexternal_fuota_stack.a(service_nvm_common.o)
                0x0000000008023498                service_nvm_get_chs_from_nvm
 .text.service_nvm_set_chs_to_nvm
                0x00000000080234a4       0x18 out/external/libexternal_fuota_stack.a(service_nvm_common.o)
                0x00000000080234a4                service_nvm_set_chs_to_nvm
 .text.service_nvm_get_freq_from_nvm
                0x00000000080234bc        0xc out/external/libexternal_fuota_stack.a(service_nvm_common.o)
                0x00000000080234bc                service_nvm_get_freq_from_nvm
 .text.service_nvm_set_freq_to_nvm
                0x00000000080234c8       0x18 out/external/libexternal_fuota_stack.a(service_nvm_common.o)
                0x00000000080234c8                service_nvm_set_freq_to_nvm
 .text.service_nvm_get_sf_from_nvm
                0x00000000080234e0        0xc out/external/libexternal_fuota_stack.a(service_nvm_common.o)
                0x00000000080234e0                service_nvm_get_sf_from_nvm
 .text.service_nvm_set_sf_to_nvm
                0x00000000080234ec       0x18 out/external/libexternal_fuota_stack.a(service_nvm_common.o)
                0x00000000080234ec                service_nvm_set_sf_to_nvm
 .text.service_nvm_get_bandwidth_from_nvm
                0x0000000008023504       0x14 out/external/libexternal_fuota_stack.a(service_nvm_common.o)
                0x0000000008023504                service_nvm_get_bandwidth_from_nvm
 .text.service_nvm_set_bandwidth_to_nvm
                0x0000000008023518       0x24 out/external/libexternal_fuota_stack.a(service_nvm_common.o)
                0x0000000008023518                service_nvm_set_bandwidth_to_nvm
 .text.service_nvm_get_codingrate_from_nvm
                0x000000000802353c        0xc out/external/libexternal_fuota_stack.a(service_nvm_common.o)
                0x000000000802353c                service_nvm_get_codingrate_from_nvm
 .text.service_nvm_set_codingrate_to_nvm
                0x0000000008023548       0x18 out/external/libexternal_fuota_stack.a(service_nvm_common.o)
                0x0000000008023548                service_nvm_set_codingrate_to_nvm
 .text.service_nvm_get_preamlen_from_nvm
                0x0000000008023560        0xc out/external/libexternal_fuota_stack.a(service_nvm_common.o)
                0x0000000008023560                service_nvm_get_preamlen_from_nvm
 .text.service_nvm_set_preamlen_to_nvm
                0x000000000802356c       0x18 out/external/libexternal_fuota_stack.a(service_nvm_common.o)
                0x000000000802356c                service_nvm_set_preamlen_to_nvm
 .text.service_nvm_get_powerdbm_from_nvm
                0x0000000008023584        0xc out/external/libexternal_fuota_stack.a(service_nvm_common.o)
                0x0000000008023584                service_nvm_get_powerdbm_from_nvm
 .text.service_nvm_set_powerdbm_to_nvm
                0x0000000008023590       0x18 out/external/libexternal_fuota_stack.a(service_nvm_common.o)
                0x0000000008023590                service_nvm_set_powerdbm_to_nvm
 .text.service_nvm_get_crypt_enable_from_nvm
                0x00000000080235a8        0xc out/external/libexternal_fuota_stack.a(service_nvm_common.o)
                0x00000000080235a8                service_nvm_get_crypt_enable_from_nvm
 .text.service_nvm_set_crypt_enable_to_nvm
                0x00000000080235b4       0x18 out/external/libexternal_fuota_stack.a(service_nvm_common.o)
                0x00000000080235b4                service_nvm_set_crypt_enable_to_nvm
 .text.service_nvm_get_crypt_key_from_nvm
                0x00000000080235cc       0x1c out/external/libexternal_fuota_stack.a(service_nvm_common.o)
                0x00000000080235cc                service_nvm_get_crypt_key_from_nvm
 .text.service_nvm_set_crypt_key_to_nvm
                0x00000000080235e8       0x34 out/external/libexternal_fuota_stack.a(service_nvm_common.o)
                0x00000000080235e8                service_nvm_set_crypt_key_to_nvm
 .text.service_nvm_get_crypt_IV_from_nvm
                0x000000000802361c       0x1c out/external/libexternal_fuota_stack.a(service_nvm_common.o)
                0x000000000802361c                service_nvm_get_crypt_IV_from_nvm
 .text.service_nvm_set_crypt_IV_to_nvm
                0x0000000008023638       0x34 out/external/libexternal_fuota_stack.a(service_nvm_common.o)
                0x0000000008023638                service_nvm_set_crypt_IV_to_nvm
 .text.service_nvm_set_fdev_to_nvm
                0x000000000802366c       0x18 out/external/libexternal_fuota_stack.a(service_nvm_common.o)
                0x000000000802366c                service_nvm_set_fdev_to_nvm
 .text.service_nvm_set_bitrate_to_nvm
                0x0000000008023684       0x18 out/external/libexternal_fuota_stack.a(service_nvm_common.o)
                0x0000000008023684                service_nvm_set_bitrate_to_nvm
 .text.service_nvm_get_bitrate_from_nvm
                0x000000000802369c        0xc out/external/libexternal_fuota_stack.a(service_nvm_common.o)
                0x000000000802369c                service_nvm_get_bitrate_from_nvm
 .text.service_nvm_get_fdev_from_nvm
                0x00000000080236a8        0xc out/external/libexternal_fuota_stack.a(service_nvm_common.o)
                0x00000000080236a8                service_nvm_get_fdev_from_nvm
 .text.service_nvm_set_dcs_to_nvm
                0x00000000080236b4       0x18 out/external/libexternal_fuota_stack.a(service_nvm_common.o)
                0x00000000080236b4                service_nvm_set_dcs_to_nvm
 .text.service_nvm_get_dcs_from_nvm
                0x00000000080236cc        0xc out/external/libexternal_fuota_stack.a(service_nvm_common.o)
                0x00000000080236cc                service_nvm_get_dcs_from_nvm
 .text.service_nvm_get_iqinverted_from_nvm
                0x00000000080236d8        0xc out/external/libexternal_fuota_stack.a(service_nvm_common.o)
                0x00000000080236d8                service_nvm_get_iqinverted_from_nvm
 .text.service_nvm_set_iqinverted_to_nvm
                0x00000000080236e4       0x18 out/external/libexternal_fuota_stack.a(service_nvm_common.o)
                0x00000000080236e4                service_nvm_set_iqinverted_to_nvm
 .text.service_nvm_get_symbol_timeout_from_nvm
                0x00000000080236fc        0xc out/external/libexternal_fuota_stack.a(service_nvm_common.o)
                0x00000000080236fc                service_nvm_get_symbol_timeout_from_nvm
 .text.service_nvm_set_symbol_timeout_to_nvm
                0x0000000008023708       0x18 out/external/libexternal_fuota_stack.a(service_nvm_common.o)
                0x0000000008023708                service_nvm_set_symbol_timeout_to_nvm
 .text.service_nvm_get_fix_length_payload_from_nvm
                0x0000000008023720        0xc out/external/libexternal_fuota_stack.a(service_nvm_common.o)
                0x0000000008023720                service_nvm_get_fix_length_payload_from_nvm
 .text.service_nvm_set_fix_length_payload_to_nvm
                0x000000000802372c       0x18 out/external/libexternal_fuota_stack.a(service_nvm_common.o)
                0x000000000802372c                service_nvm_set_fix_length_payload_to_nvm
 .text.service_nvm_get_syncword_from_nvm
                0x0000000008023744        0xc out/external/libexternal_fuota_stack.a(service_nvm_common.o)
                0x0000000008023744                service_nvm_get_syncword_from_nvm
 .text.service_nvm_set_syncword_to_nvm
                0x0000000008023750       0x18 out/external/libexternal_fuota_stack.a(service_nvm_common.o)
                0x0000000008023750                service_nvm_set_syncword_to_nvm
 .text.service_nvm_get_CAD_from_nvm
                0x0000000008023768        0xc out/external/libexternal_fuota_stack.a(service_nvm_common.o)
                0x0000000008023768                service_nvm_get_CAD_from_nvm
 .text.service_nvm_set_CAD_to_nvm
                0x0000000008023774       0x18 out/external/libexternal_fuota_stack.a(service_nvm_common.o)
                0x0000000008023774                service_nvm_set_CAD_to_nvm
 .text.service_nvm_get_certi_from_nvm
                0x000000000802378c        0xc out/external/libexternal_fuota_stack.a(service_nvm_common.o)
                0x000000000802378c                service_nvm_get_certi_from_nvm
 .text.service_nvm_set_certi_to_nvm
                0x0000000008023798       0x18 out/external/libexternal_fuota_stack.a(service_nvm_common.o)
                0x0000000008023798                service_nvm_set_certi_to_nvm
 .text.service_lora_mac_nvm_data_init
                0x00000000080237b0       0x30 out/external/libexternal_fuota_stack.a(service_nvm_common.o)
                0x00000000080237b0                service_lora_mac_nvm_data_init
 .text.uhal_flash_init
                0x00000000080237e0        0x2 out/external/libexternal_fuota_stack.a(uhal_flash.o)
                0x00000000080237e0                uhal_flash_init
 .text.uhal_flash_deinit
                0x00000000080237e2        0x2 out/external/libexternal_fuota_stack.a(uhal_flash.o)
                0x00000000080237e2                uhal_flash_deinit
 .text.uhal_flash_write
                0x00000000080237e4       0x44 out/external/libexternal_fuota_stack.a(uhal_flash.o)
                0x00000000080237e4                uhal_flash_write
 .text.uhal_flash_read
                0x0000000008023828       0x10 out/external/libexternal_fuota_stack.a(uhal_flash.o)
                0x0000000008023828                uhal_flash_read
 .text.uhal_flash_erase
                0x0000000008023838       0x50 out/external/libexternal_fuota_stack.a(uhal_flash.o)
                0x0000000008023838                uhal_flash_erase
 .text.uhal_flash_get_page_size
                0x0000000008023888        0x6 out/external/libexternal_fuota_stack.a(uhal_flash.o)
                0x0000000008023888                uhal_flash_get_page_size
 .text.uhal_flash_check_addr_valid
                0x000000000802388e        0x4 out/external/libexternal_fuota_stack.a(uhal_flash.o)
                0x000000000802388e                uhal_flash_check_addr_valid
 .text.uhal_flash_suspend
                0x0000000008023892        0x2 out/external/libexternal_fuota_stack.a(uhal_flash.o)
                0x0000000008023892                uhal_flash_suspend
 .text.uhal_flash_resume
                0x0000000008023894        0x2 out/external/libexternal_fuota_stack.a(uhal_flash.o)
                0x0000000008023894                uhal_flash_resume
 .text.uhal_sys_get_uid
                0x0000000008023896       0x1c out/external/libexternal_fuota_stack.a(uhal_system.o)
                0x0000000008023896                uhal_sys_get_uid
 *fill*         0x00000000080238b2        0x2 
 .text.uhal_sys_reboot
                0x00000000080238b4       0x24 out/external/libexternal_fuota_stack.a(uhal_system.o)
                0x00000000080238b4                uhal_sys_reboot
 .text.uhal_sys_board_critical_section_begin
                0x00000000080238d8        0xa out/external/libexternal_fuota_stack.a(uhal_system.o)
                0x00000000080238d8                uhal_sys_board_critical_section_begin
 .text.uhal_sys_board_critical_section_end
                0x00000000080238e2        0xa out/external/libexternal_fuota_stack.a(uhal_system.o)
                0x00000000080238e2                uhal_sys_board_critical_section_end
 .text.uhal_sys_randomseed
                0x00000000080238ec        0x2 out/external/libexternal_fuota_stack.a(uhal_system.o)
                0x00000000080238ec                uhal_sys_randomseed
 .text.uhal_sys_random
                0x00000000080238ee        0x2 out/external/libexternal_fuota_stack.a(uhal_system.o)
                0x00000000080238ee                uhal_sys_random
 .text.uhal_sys_user_app_timer_create
                0x00000000080238f0       0x2c out/external/libexternal_fuota_stack.a(uhal_system.o)
                0x00000000080238f0                uhal_sys_user_app_timer_create
 .text.uhal_sys_user_app_timer_start
                0x000000000802391c       0x20 out/external/libexternal_fuota_stack.a(uhal_system.o)
                0x000000000802391c                uhal_sys_user_app_timer_start
 .text.uhal_sys_user_app_timer_stop
                0x000000000802393c       0x18 out/external/libexternal_fuota_stack.a(uhal_system.o)
                0x000000000802393c                uhal_sys_user_app_timer_stop
 .text.uhal_rtc_tick2ms
                0x0000000008023954        0xc out/external/libexternal_fuota_stack.a(uhal_rtc.o)