Archive member included to satisfy reference by file (symbol)

out/external/libexternal_fuota_stack.a(subghz.o)
                              (--whole-archive)
out/external/libexternal_fuota_stack.a(radio_board_if.o)
                              (--whole-archive)
out/external/libexternal_fuota_stack.a(timer_if.o)
                              (--whole-archive)
out/external/libexternal_fuota_stack.a(board.o)
                              (--whole-archive)
out/external/libexternal_fuota_stack.a(service_lora_config.o)
                              (--whole-archive)
out/external/libexternal_fuota_stack.a(service_lora_multicast.o)
                              (--whole-archive)
out/external/libexternal_fuota_stack.a(LmHandler.o)
                              (--whole-archive)
out/external/libexternal_fuota_stack.a(LmhpClockSync.o)
                              (--whole-archive)
out/external/libexternal_fuota_stack.a(LmhpRemoteMcastSetup.o)
                              (--whole-archive)
out/external/libexternal_fuota_stack.a(LmhpFragmentation.o)
                              (--whole-archive)
out/external/libexternal_fuota_stack.a(FragDecoder.o)
                              (--whole-archive)
out/external/libexternal_fuota_stack.a(udrv_flash.o)
                              (--whole-archive)
out/external/libexternal_fuota_stack.a(system_stm32wlxx.o)
                              (--whole-archive)
out/external/libexternal_fuota_stack.a(stm32wlxx_hal_msp.o)
                              (--whole-archive)
out/external/libexternal_fuota_stack.a(service_nvm_common.o)
                              (--whole-archive)
out/external/libexternal_fuota_stack.a(uhal_flash.o)
                              (--whole-archive)
out/external/libexternal_fuota_stack.a(uhal_system.o)
                              (--whole-archive)
out/external/libexternal_fuota_stack.a(uhal_rtc.o)
                              (--whole-archive)
out/external/libexternal_fuota_stack.a(uhal_crypto.o)
                              (--whole-archive)
out/external/libexternal_fuota_stack.a(stm32wlxx_hal_cortex.o)
                              (--whole-archive)
out/external/libexternal_fuota_stack.a(radio.o)
                              (--whole-archive)
out/external/libexternal_fuota_stack.a(radio_fw.o)
                              (--whole-archive)
out/external/libexternal_fuota_stack.a(radio_driver.o)
                              (--whole-archive)
out/external/libexternal_fuota_stack.a(stm32_mem.o)
                              (--whole-archive)
out/external/libexternal_fuota_stack.a(stm32_timer.o)
                              (--whole-archive)
out/external/libexternal_fuota_stack.a(stm32_tiny_vsnprintf.o)
                              (--whole-archive)
out/external/libexternal_fuota_stack.a(stm32_systime.o)
                              (--whole-archive)
out/external/libexternal_fuota_stack.a(stm32wlxx_hal.o)
                              (--whole-archive)
out/external/libexternal_fuota_stack.a(stm32wlxx_hal_rcc.o)
                              (--whole-archive)
out/external/libexternal_fuota_stack.a(stm32wlxx_hal_rcc_ex.o)
                              (--whole-archive)
out/external/libexternal_fuota_stack.a(stm32wlxx_hal_rtc.o)
                              (--whole-archive)
out/external/libexternal_fuota_stack.a(stm32wlxx_hal_rtc_ex.o)
                              (--whole-archive)
out/external/libexternal_fuota_stack.a(stm32wlxx_hal_pwr.o)
                              (--whole-archive)
out/external/libexternal_fuota_stack.a(stm32wlxx_hal_pwr_ex.o)
                              (--whole-archive)
out/external/libexternal_fuota_stack.a(stm32wlxx_hal_flash.o)
                              (--whole-archive)
out/external/libexternal_fuota_stack.a(stm32wlxx_hal_flash_ex.o)
                              (--whole-archive)
out/external/libexternal_fuota_stack.a(stm32wlxx_hal_subghz.o)
                              (--whole-archive)
out/external/libexternal_fuota_stack.a(stm32wlxx_hal_gpio.o)
                              (--whole-archive)
out/external/libexternal_fuota_stack.a(stm32wlxx_hal_cryp.o)
                              (--whole-archive)
out/external/libexternal_fuota_stack.a(stm32wlxx_hal_dma.o)
                              (--whole-archive)
out/external/libexternal_fuota_stack.a(utilities.o)
                              (--whole-archive)
out/external/libexternal_fuota_stack.a(cmac.o)
                              (--whole-archive)
out/external/libexternal_fuota_stack.a(soft-se-hal.o)
                              (--whole-archive)
out/external/libexternal_fuota_stack.a(soft-se.o)
                              (--whole-archive)
out/external/libexternal_fuota_stack.a(LoRaMacAdr.o)
                              (--whole-archive)
out/external/libexternal_fuota_stack.a(LoRaMac.o)
                              (--whole-archive)
out/external/libexternal_fuota_stack.a(LoRaMacClassB.o)
                              (--whole-archive)
[...]
Memory Configuration

Name             Origin             Length             Attributes
BL               0x0000000008000000 0x0000000000006000 xr
ROM              0x000000000801e000 0x000000000001e800 xr
RAM1_DATA        0x0000000020000000 0x0000000000006000 xrw
RAM1             0x0000000020006000 0x0000000000009c00 xrw
RAM2             0x000000002000fc00 0x0000000000000400 xrw
*default*        0x0000000000000000 0xffffffffffffffff

Linker script and memory map

START GROUP
LOAD out/external/libexternal_fuota_stack.a
END GROUP
LOAD out/external/libexternal_fuota_stack.a
LOAD /opt/gcc-arm-none-eabi-10-2020-q4-major/bin/../lib/gcc/arm-none-eabi/10.2.1/../../../../arm-none-eabi/lib/thumb/v7e-m/nofp/libc_nano.a
LOAD /opt/gcc-arm-none-eabi-10-2020-q4-major/bin/../lib/gcc/arm-none-eabi/10.2.1/../../../../arm-none-eabi/lib/thumb/v7e-m/nofp/libm.a
LOAD /opt/gcc-arm-none-eabi-10-2020-q4-major/bin/../lib/gcc/arm-none-eabi/10.2.1/../../../../arm-none-eabi/lib/thumb/v7e-m/nofp/libnosys.a
LOAD /opt/gcc-arm-none-eabi-10-2020-q4-major/bin/../lib/gcc/arm-none-eabi/10.2.1/../../../../arm-none-eabi/lib/thumb/v7e-m/nofp/libstdc++_nano.a
LOAD /home/jenkins/workspace/RUI_Release/rui-v3/version.o
START GROUP
LOAD /opt/gcc-arm-none-eabi-10-2020-q4-major/bin/../lib/gcc/arm-none-eabi/10.2.1/thumb/v7e-m/nofp/libgcc.a
LOAD /opt/gcc-arm-none-eabi-10-2020-q4-major/bin/../lib/gcc/arm-none-eabi/10.2.1/../../../../arm-none-eabi/lib/thumb/v7e-m/nofp/libc_nano.a
END GROUP
START GROUP
LOAD /opt/gcc-arm-none-eabi-10-2020-q4-major/bin/../lib/gcc/arm-none-eabi/10.2.1/thumb/v7e-m/nofp/libgcc.a
LOAD /opt/gcc-arm-none-eabi-10-2020-q4-major/bin/../lib/gcc/arm-none-eabi/10.2.1/../../../../arm-none-eabi/lib/thumb/v7e-m/nofp/libc_nano.a
END GROUP
                0x000000002000fc00                _estack = (ORIGIN (RAM1) + LENGTH (RAM1))
                0x0000000000001e00                _Min_Heap_Size = 0x1e00
                0x0000000000002000                _Min_Stack_Size = 0x2000

.isr_vector     0x000000000801e000        0x0
                0x000000000801e000                . = ALIGN (0x8)
 *(.isr_vector)
                0x000000000801e000                . = ALIGN (0x8)

.text           0x000000000801e000    0x1d620
                0x000000000801e000                . = ALIGN (0x8)
 *(.text)
 .text          0x000000000801e000        0x0 out/external/libexternal_fuota_stack.a(subghz.o)
 .text          0x000000000801e000        0x0 out/external/libexternal_fuota_stack.a(radio_board_if.o)
 .text          0x000000000801e000        0x0 out/external/libexternal_fuota_stack.a(timer_if.o)
 .text          0x000000000801e000        0x0 out/external/libexternal_fuota_stack.a(board.o)
 .text          0x000000000801e000        0x0 out/external/libexternal_fuota_stack.a(service_lora_config.o)
 .text          0x000000000801e000        0x0 out/external/libexternal_fuota_stack.a(service_lora_multicast.o)
 .text          0x000000000801e000        0x0 out/external/libexternal_fuota_stack.a(LmHandler.o)
 .text          0x000000000801e000        0x0 out/external/libexternal_fuota_stack.a(LmhpClockSync.o)
 .text          0x000000000801e000        0x0 out/external/libexternal_fuota_stack.a(LmhpRemoteMcastSetup.o)
 .text          0x000000000801e000        0x0 out/external/libexternal_fuota_stack.a(LmhpFragmentation.o)
 .text          0x000000000801e000        0x0 out/external/libexternal_fuota_stack.a(FragDecoder.o)
 .text          0x000000000801e000        0x0 out/external/libexternal_fuota_stack.a(udrv_flash.o)
 .text          0x000000000801e000        0x0 out/external/libexternal_fuota_stack.a(system_stm32wlxx.o)
 .text          0x000000000801e000        0x0 out/external/libexternal_fuota_stack.a(stm32wlxx_hal_msp.o)
 .text          0x000000000801e000        0x0 out/external/libexternal_fuota_stack.a(service_nvm_common.o)
 .text          0x000000000801e000        0x0 out/external/libexternal_fuota_stack.a(uhal_flash.o)
 .text          0x000000000801e000        0x0 out/external/libexternal_fuota_stack.a(uhal_system.o)
 .text          0x000000000801e000        0x0 out/external/libexternal_fuota_stack.a(uhal_rtc.o)
 .text          0x000000000801e000        0x0 out/external/libexternal_fuota_stack.a(uhal_crypto.o)
 .text          0x000000000801e000        0x0 out/external/libexternal_fuota_stack.a(stm32wlxx_hal_cortex.o)
 .text          0x000000000801e000        0x0 out/external/libexternal_fuota_stack.a(radio.o)
 .text          0x000000000801e000        0x0 out/external/libexternal_fuota_stack.a(radio_fw.o)
 .text          0x000000000801e000        0x0 out/external/libexternal_fuota_stack.a(radio_driver.o)
 .text          0x000000000801e000        0x0 out/external/libexternal_fuota_stack.a(stm32_mem.o)
 .text          0x000000000801e000        0x0 out/external/libexternal_fuota_stack.a(stm32_timer.o)
 .text          0x000000000801e000        0x0 out/external/libexternal_fuota_stack.a(stm32_tiny_vsnprintf.o)
 .text          0x000000000801e000        0x0 out/external/libexternal_fuota_stack.a(stm32_systime.o)
 .text          0x000000000801e000        0x0 out/external/libexternal_fuota_stack.a(stm32wlxx_hal.o)
 .text          0x000000000801e000        0x0 out/external/libexternal_fuota_stack.a(stm32wlxx_hal_rcc.o)
 .text          0x000000000801e000        0x0 out/external/libexternal_fuota_stack.a(stm32wlxx_hal_rcc_ex.o)
 .text          0x000000000801e000        0x0 out/external/libexternal_fuota_stack.a(stm32wlxx_hal_rtc.o)
 .text          0x000000000801e000        0x0 out/external/libexternal_fuota_stack.a(stm32wlxx_hal_rtc_ex.o)
 .text          0x000000000801e000        0x0 out/external/libexternal_fuota_stack.a(stm32wlxx_hal_pwr.o)
 .text          0x000000000801e000        0x0 out/external/libexternal_fuota_stack.a(stm32wlxx_hal_pwr_ex.o)
 .text          0x000000000801e000        0x0 out/external/libexternal_fuota_stack.a(stm32wlxx_hal_flash.o)
 .text          0x000000000801e000        0x0 out/external/libexternal_fuota_stack.a(stm32wlxx_hal_flash_ex.o)
 .text          0x000000000801e000        0x0 out/external/libexternal_fuota_stack.a(stm32wlxx_hal_subghz.o)
 .text          0x000000000801e000        0x0 out/external/libexternal_fuota_stack.a(stm32wlxx_hal_gpio.o)
 .text          0x000000000801e000        0x0 out/external/libexternal_fuota_stack.a(stm32wlxx_hal_cryp.o)
 .text          0x000000000801e000        0x0 out/external/libexternal_fuota_stack.a(stm32wlxx_hal_dma.o)
 .text          0x000000000801e000        0x0 out/external/libexternal_fuota_stack.a(utilities.o)
 .text          0x000000000801e000        0x0 out/external/libexternal_fuota_stack.a(cmac.o)
 .text          0x000000000801e000        0x0 out/external/libexternal_fuota_stack.a(soft-se-hal.o)
 .text          0x000000000801e000        0x0 out/external/libexternal_fuota_stack.a(soft-se.o)
 .text          0x000000000801e000        0x0 out/external/libexternal_fuota_stack.a(LoRaMacAdr.o)
 .text          0x000000000801e000        0x0 out/external/libexternal_fuota_stack.a(LoRaMac.o)
 .text          0x000000000801e000        0x0 out/external/libexternal_fuota_stack.a(LoRaMacClassB.o)
 .text          0x000000000801e000        0x0 out/external/libexternal_fuota_stack.a(LoRaMacCommands.o)
 .text          0x000000000801e000        0x0 out/external/libexternal_fuota_stack.a(LoRaMacConfirmQueue.o)
 .text          0x000000000801e000        0x0 out/external/libexternal_fuota_stack.a(LoRaMacCrypto.o)
 .text          0x000000000801e000        0x0 out/external/libexternal_fuota_stack.a(LoRaMacParser.o)
 .text          0x000000000801e000        0x0 out/external/libexternal_fuota_stack.a(LoRaMacSerializer.o)
 .text          0x000000000801e000        0x0 out/external/libexternal_fuota_stack.a(RegionAS923.o)
 .text          0x000000000801e000        0x0 out/external/libexternal_fuota_stack.a(RegionAU915.o)
 .text          0x000000000801e000        0x0 out/external/libexternal_fuota_stack.a(RegionBaseUS.o)
 .text          0x000000000801e000        0x0 out/external/libexternal_fuota_stack.a(Region.o)
 .text          0x000000000801e000        0x0 out/external/libexternal_fuota_stack.a(RegionCN470A20.o)
 .text          0x000000000801e000        0x0 out/external/libexternal_fuota_stack.a(RegionCN470A26.o)
 .text          0x000000000801e000        0x0 out/external/libexternal_fuota_stack.a(RegionCN470B20.o)
 .text          0x000000000801e000        0x0 out/external/libexternal_fuota_stack.a(RegionCN470B26.o)
 .text          0x000000000801e000        0x0 out/external/libexternal_fuota_stack.a(RegionCN470.o)
 .text          0x000000000801e000        0x0 out/external/libexternal_fuota_stack.a(RegionCN779.o)
 .text          0x000000000801e000        0x0 out/external/libexternal_fuota_stack.a(RegionCommon.o)
 .text          0x000000000801e000        0x0 out/external/libexternal_fuota_stack.a(RegionEU433.o)
 .text          0x000000000801e000        0x0 out/external/libexternal_fuota_stack.a(RegionEU868.o)
 .text          0x000000000801e000        0x0 out/external/libexternal_fuota_stack.a(RegionIN865.o)
 .text          0x000000000801e000        0x0 out/external/libexternal_fuota_stack.a(RegionKR920.o)
 .text          0x000000000801e000        0x0 out/external/libexternal_fuota_stack.a(RegionLA915.o)
 .text          0x000000000801e000        0x0 out/external/libexternal_fuota_stack.a(RegionRU864.o)
 .text          0x000000000801e000        0x0 out/external/libexternal_fuota_stack.a(RegionUS915.o)
 .text          0x000000000801e000        0x0 /opt/gcc-arm-none-eabi-10-2020-q4-major/bin/../lib/gcc/arm-none-eabi/10.2.1/../../../../arm-none-eabi/lib/thumb/v7e-m/nofp/libc_nano.a(lib_a-memcmp.o)
 .text          0x000000000801e000        0x0 /opt/gcc-arm-none-eabi-10-2020-q4-major/bin/../lib/gcc/arm-none-eabi/10.2.1/../../../../arm-none-eabi/lib/thumb/v7e-m/nofp/libc_nano.a(lib_a-memcpy-stub.o)
 .text          0x000000000801e000        0x0 /opt/gcc-arm-none-eabi-10-2020-q4-major/bin/../lib/gcc/arm-none-eabi/10.2.1/../../../../arm-none-eabi/lib/thumb/v7e-m/nofp/libc_nano.a(lib_a-memset.o)
 .text          0x000000000801e000       0x10 /opt/gcc-arm-none-eabi-10-2020-q4-major/bin/../lib/gcc/arm-none-eabi/10.2.1/../../../../arm-none-eabi/lib/thumb/v7e-m/nofp/libc_nano.a(lib_a-strlen.o)
                0x000000000801e000                strlen
 .text          0x000000000801e010        0x0 /opt/gcc-arm-none-eabi-10-2020-q4-major/bin/../lib/gcc/arm-none-eabi/10.2.1/../../../../arm-none-eabi/lib/thumb/v7e-m/nofp/libm.a(lib_a-s_floor.o)
 .text          0x000000000801e010        0x0 /home/jenkins/workspace/RUI_Release/rui-v3/version.o
 .text          0x000000000801e010      0x378 /opt/gcc-arm-none-eabi-10-2020-q4-major/bin/../lib/gcc/arm-none-eabi/10.2.1/thumb/v7e-m/nofp/libgcc.a(_arm_addsubdf3.o)
                0x000000000801e010                __aeabi_drsub
                0x000000000801e018                __aeabi_dsub
                0x000000000801e018                __subdf3
                0x000000000801e01c                __adddf3
                0x000000000801e01c                __aeabi_dadd
                0x000000000801e294                __aeabi_ui2d
                0x000000000801e294                __floatunsidf
                0x000000000801e2b4                __floatsidf
                0x000000000801e2b4                __aeabi_i2d
                0x000000000801e2d8                __extendsfdf2
                0x000000000801e2d8                __aeabi_f2d
                0x000000000801e31c                __aeabi_ul2d
                0x000000000801e31c                __floatundidf
                0x000000000801e32c                __floatdidf
                0x000000000801e32c                __aeabi_l2d
 .text          0x000000000801e388      0x110 /opt/gcc-arm-none-eabi-10-2020-q4-major/bin/../lib/gcc/arm-none-eabi/10.2.1/thumb/v7e-m/nofp/libgcc.a(_arm_cmpdf2.o)
                0x000000000801e388                __gtdf2
                0x000000000801e388                __gedf2
                0x000000000801e390                __ltdf2
                0x000000000801e390                __ledf2
                0x000000000801e398                __cmpdf2
                0x000000000801e398                __eqdf2
                0x000000000801e398                __nedf2
                0x000000000801e414                __aeabi_cdrcmple
                0x000000000801e424                __aeabi_cdcmple
                0x000000000801e424                __aeabi_cdcmpeq
                0x000000000801e434                __aeabi_dcmpeq
                0x000000000801e448                __aeabi_dcmplt
                0x000000000801e45c                __aeabi_dcmple
                0x000000000801e470                __aeabi_dcmpge
                0x000000000801e484                __aeabi_dcmpgt
 .text          0x000000000801e498       0x50 /opt/gcc-arm-none-eabi-10-2020-q4-major/bin/../lib/gcc/arm-none-eabi/10.2.1/thumb/v7e-m/nofp/libgcc.a(_arm_fixdfsi.o)
                0x000000000801e498                __fixdfsi
                0x000000000801e498                __aeabi_d2iz
 .text          0x000000000801e4e8      0x21c /opt/gcc-arm-none-eabi-10-2020-q4-major/bin/../lib/gcc/arm-none-eabi/10.2.1/thumb/v7e-m/nofp/libgcc.a(_arm_addsubsf3.o)
                0x000000000801e4e8                __aeabi_frsub
                0x000000000801e4f0                __subsf3
                0x000000000801e4f0                __aeabi_fsub
                0x000000000801e4f4                __aeabi_fadd
                0x000000000801e4f4                __addsf3
                0x000000000801e654                __aeabi_ui2f
                0x000000000801e654                __floatunsisf
                0x000000000801e65c                __aeabi_i2f
                0x000000000801e65c                __floatsisf
                0x000000000801e678                __floatundisf
                0x000000000801e678                __aeabi_ul2f
                0x000000000801e688                __floatdisf
                0x000000000801e688                __aeabi_l2f
 .text          0x000000000801e704       0xec /opt/gcc-arm-none-eabi-10-2020-q4-major/bin/../lib/gcc/arm-none-eabi/10.2.1/thumb/v7e-m/nofp/libgcc.a(_arm_cmpsf2.o)
                0x000000000801e704                __gtsf2
                0x000000000801e704                __gesf2
                0x000000000801e70c                __lesf2
                0x000000000801e70c                __ltsf2
                0x000000000801e714                __nesf2
                0x000000000801e714                __eqsf2
                0x000000000801e714                __cmpsf2
                0x000000000801e774                __aeabi_cfrcmple
                0x000000000801e77c                __aeabi_cfcmple
                0x000000000801e77c                __aeabi_cfcmpeq
                0x000000000801e78c                __aeabi_fcmpeq
                0x000000000801e7a0                __aeabi_fcmplt
                0x000000000801e7b4                __aeabi_fcmple
                0x000000000801e7c8                __aeabi_fcmpge
                0x000000000801e7dc                __aeabi_fcmpgt
 .text          0x000000000801e7f0       0xa0 /opt/gcc-arm-none-eabi-10-2020-q4-major/bin/../lib/gcc/arm-none-eabi/10.2.1/thumb/v7e-m/nofp/libgcc.a(_aeabi_ldivmod.o)
                0x000000000801e7f0                __aeabi_ldivmod
 .text          0x000000000801e890       0x30 /opt/gcc-arm-none-eabi-10-2020-q4-major/bin/../lib/gcc/arm-none-eabi/10.2.1/thumb/v7e-m/nofp/libgcc.a(_aeabi_uldivmod.o)
                0x000000000801e890                __aeabi_uldivmod
 .text          0x000000000801e8c0      0x2d0 /opt/gcc-arm-none-eabi-10-2020-q4-major/bin/../lib/gcc/arm-none-eabi/10.2.1/thumb/v7e-m/nofp/libgcc.a(_udivmoddi4.o)
                0x000000000801e8c0                __udivmoddi4
 .text          0x000000000801eb90        0x4 /opt/gcc-arm-none-eabi-10-2020-q4-major/bin/../lib/gcc/arm-none-eabi/10.2.1/thumb/v7e-m/nofp/libgcc.a(_dvmd_tls.o)
                0x000000000801eb90                __aeabi_ldiv0
                0x000000000801eb90                __aeabi_idiv0
 *(.text*)
 .text.MX_SUBGHZ_Init
                0x000000000801eb94       0x1c out/external/libexternal_fuota_stack.a(subghz.o)
                0x000000000801eb94                MX_SUBGHZ_Init
 .text.HAL_SUBGHZ_MspInit
                0x000000000801ebb0       0x2e out/external/libexternal_fuota_stack.a(subghz.o)
                0x000000000801ebb0                HAL_SUBGHZ_MspInit
 .text.HAL_SUBGHZ_MspDeInit
                0x000000000801ebde       0x12 out/external/libexternal_fuota_stack.a(subghz.o)
                0x000000000801ebde                HAL_SUBGHZ_MspDeInit
 .text.LL_AHB2_GRP1_EnableClock
                0x000000000801ebf0       0x18 out/external/libexternal_fuota_stack.a(radio_board_if.o)
 .text.RBI_Init
                0x000000000801ec08       0x70 out/external/libexternal_fuota_stack.a(radio_board_if.o)
                0x000000000801ec08                RBI_Init
 .text.RBI_DeInit
                0x000000000801ec78       0x4c out/external/libexternal_fuota_stack.a(radio_board_if.o)
                0x000000000801ec78                RBI_DeInit
 .text.RBI_ConfigRFSwitch
                0x000000000801ecc4       0x44 out/external/libexternal_fuota_stack.a(radio_board_if.o)
                0x000000000801ecc4                RBI_ConfigRFSwitch
 .text.RBI_GetTxConfig
                0x000000000801ed08        0x4 out/external/libexternal_fuota_stack.a(radio_board_if.o)
                0x000000000801ed08                RBI_GetTxConfig
 .text.RBI_IsTCXO
                0x000000000801ed0c        0x4 out/external/libexternal_fuota_stack.a(radio_board_if.o)
                0x000000000801ed0c                RBI_IsTCXO
 .text.RBI_IsDCDC
                0x000000000801ed10        0x4 out/external/libexternal_fuota_stack.a(radio_board_if.o)
                0x000000000801ed10                RBI_IsDCDC
 .text.TIMER_IF_SetTimerContext
                0x000000000801ed14       0x14 out/external/libexternal_fuota_stack.a(timer_if.o)
                0x000000000801ed14                TIMER_IF_SetTimerContext
 .text.TIMER_IF_GetTimerContext
                0x000000000801ed28        0xc out/external/libexternal_fuota_stack.a(timer_if.o)
                0x000000000801ed28                TIMER_IF_GetTimerContext
 .text.TIMER_IF_GetTimerElapsedTime
                0x000000000801ed34       0x18 out/external/libexternal_fuota_stack.a(timer_if.o)
                0x000000000801ed34                TIMER_IF_GetTimerElapsedTime
 .text.TIMER_IF_GetTimerValue
                0x000000000801ed4c       0x18 out/external/libexternal_fuota_stack.a(timer_if.o)
                0x000000000801ed4c                TIMER_IF_GetTimerValue
 .text.TIMER_IF_GetMinimumTimeout
                0x000000000801ed64        0x4 out/external/libexternal_fuota_stack.a(timer_if.o)
                0x000000000801ed64                TIMER_IF_GetMinimumTimeout
 .text.TIMER_IF_Convert_ms2Tick
                0x000000000801ed68       0x14 out/external/libexternal_fuota_stack.a(timer_if.o)
                0x000000000801ed68                TIMER_IF_Convert_ms2Tick
 .text.TIMER_IF_Convert_Tick2ms
                0x000000000801ed7c       0x10 out/external/libexternal_fuota_stack.a(timer_if.o)
                0x000000000801ed7c                TIMER_IF_Convert_Tick2ms
 .text.TIMER_IF_StopTimer
                0x000000000801ed8c       0x28 out/external/libexternal_fuota_stack.a(timer_if.o)
                0x000000000801ed8c                TIMER_IF_StopTimer
 .text.TIMER_IF_BkUp_Write_Seconds
                0x000000000801edb4       0x10 out/external/libexternal_fuota_stack.a(timer_if.o)
                0x000000000801edb4                TIMER_IF_BkUp_Write_Seconds
 .text.TIMER_IF_BkUp_Write_SubSeconds
                0x000000000801edc4       0x10 out/external/libexternal_fuota_stack.a(timer_if.o)
                0x000000000801edc4                TIMER_IF_BkUp_Write_SubSeconds
 .text.TIMER_IF_StartTimer
                0x000000000801edd4       0x50 out/external/libexternal_fuota_stack.a(timer_if.o)
                0x000000000801edd4                TIMER_IF_StartTimer
 .text.TIMER_IF_GetTime
                0x000000000801ee24       0x34 out/external/libexternal_fuota_stack.a(timer_if.o)
                0x000000000801ee24                TIMER_IF_GetTime
 .text.TIMER_IF_BkUp_Read_Seconds
                0x000000000801ee58        0xc out/external/libexternal_fuota_stack.a(timer_if.o)
                0x000000000801ee58                TIMER_IF_BkUp_Read_Seconds
 .text.TIMER_IF_BkUp_Read_SubSeconds
                0x000000000801ee64        0xc out/external/libexternal_fuota_stack.a(timer_if.o)
                0x000000000801ee64                TIMER_IF_BkUp_Read_SubSeconds
 .text.TIMER_IF_Init
                0x000000000801ee70       0x50 out/external/libexternal_fuota_stack.a(timer_if.o)
                0x000000000801ee70                TIMER_IF_Init
 .text.TIMER_IF_DelayMs
                0x000000000801eec0       0x2c out/external/libexternal_fuota_stack.a(timer_if.o)
                0x000000000801eec0                TIMER_IF_DelayMs
 .text.HAL_RTC_AlarmAEventCallback
                0x000000000801eeec        0x4 out/external/libexternal_fuota_stack.a(timer_if.o)
                0x000000000801eeec                HAL_RTC_AlarmAEventCallback
 .text.HAL_RTCEx_SSRUEventCallback
                0x000000000801eef0       0x20 out/external/libexternal_fuota_stack.a(timer_if.o)
                0x000000000801eef0                HAL_RTCEx_SSRUEventCallback
 .text.BoardGetUniqueId
                0x000000000801ef10        0x2 out/external/libexternal_fuota_stack.a(board.o)
                0x000000000801ef10                BoardGetUniqueId
 .text.BoardCriticalSectionBegin
                0x000000000801ef12        0x4 out/external/libexternal_fuota_stack.a(board.o)
                0x000000000801ef12                BoardCriticalSectionBegin
 .text.BoardCriticalSectionEnd
                0x000000000801ef16        0x4 out/external/libexternal_fuota_stack.a(board.o)
                0x000000000801ef16                BoardCriticalSectionEnd
 .text.BoardInitMcu
                0x000000000801ef1a        0x2 out/external/libexternal_fuota_stack.a(board.o)
                0x000000000801ef1a                BoardInitMcu
 .text.BoardResetMcu
                0x000000000801ef1c       0x24 out/external/libexternal_fuota_stack.a(board.o)
                0x000000000801ef1c                BoardResetMcu
 .text.BoardGetHardwareFreq
                0x000000000801ef40       0x50 out/external/libexternal_fuota_stack.a(board.o)
                0x000000000801ef40                BoardGetHardwareFreq
 .text.crc_cal  0x000000000801ef90       0x2a out/external/libexternal_fuota_stack.a(service_lora_config.o)
 *fill*         0x000000000801efba        0x2 
 .text.rak3172_sprintf.constprop.0
                0x000000000801efbc       0x20 out/external/libexternal_fuota_stack.a(service_lora_config.o)
 .text.service_lora_get_app_eui
                0x000000000801efdc        0x4 out/external/libexternal_fuota_stack.a(service_lora_config.o)
                0x000000000801efdc                service_lora_get_app_eui
 .text.service_lora_get_app_key
                0x000000000801efe0        0x4 out/external/libexternal_fuota_stack.a(service_lora_config.o)
                0x000000000801efe0                service_lora_get_app_key
 .text.service_lora_get_dev_eui
                0x000000000801efe4        0x4 out/external/libexternal_fuota_stack.a(service_lora_config.o)
                0x000000000801efe4                service_lora_get_dev_eui
 .text.service_lora_get_nwm
                0x000000000801efe8        0xa out/external/libexternal_fuota_stack.a(service_lora_config.o)
                0x000000000801efe8                service_lora_get_nwm
 .text.service_lora_set_nwm
                0x000000000801eff2       0x14 out/external/libexternal_fuota_stack.a(service_lora_config.o)
                0x000000000801eff2                service_lora_set_nwm
 .text.service_lora_get_njm
                0x000000000801f006        0x4 out/external/libexternal_fuota_stack.a(service_lora_config.o)
                0x000000000801f006                service_lora_get_njm
 .text.service_lora_get_njs
                0x000000000801f00a       0x26 out/external/libexternal_fuota_stack.a(service_lora_config.o)
                0x000000000801f00a                service_lora_get_njs
 .text.service_lora_get_app_skey
                0x000000000801f030       0x5c out/external/libexternal_fuota_stack.a(service_lora_config.o)
                0x000000000801f030                service_lora_get_app_skey
 .text.service_lora_get_dev_addr
                0x000000000801f08c       0x56 out/external/libexternal_fuota_stack.a(service_lora_config.o)
                0x000000000801f08c                service_lora_get_dev_addr
 .text.service_lora_get_retry
                0x000000000801f0e2        0x4 out/external/libexternal_fuota_stack.a(service_lora_config.o)
                0x000000000801f0e2                service_lora_get_retry
 .text.service_lora_set_retry
                0x000000000801f0e6        0xe out/external/libexternal_fuota_stack.a(service_lora_config.o)
                0x000000000801f0e6                service_lora_set_retry
 .text.service_lora_get_cfm
                0x000000000801f0f4        0x4 out/external/libexternal_fuota_stack.a(service_lora_config.o)
                0x000000000801f0f4                service_lora_get_cfm
 .text.service_lora_set_cfm
                0x000000000801f0f8        0x4 out/external/libexternal_fuota_stack.a(service_lora_config.o)
                0x000000000801f0f8                service_lora_set_cfm
 .text.service_lora_get_nwk_skey
                0x000000000801f0fc       0x5c out/external/libexternal_fuota_stack.a(service_lora_config.o)
                0x000000000801f0fc                service_lora_get_nwk_skey
 .text.service_lora_get_net_id
                0x000000000801f158       0x5e out/external/libexternal_fuota_stack.a(service_lora_config.o)
                0x000000000801f158                service_lora_get_net_id
 .text.service_lora_get_McRoot_key
                0x000000000801f1b6        0x2 out/external/libexternal_fuota_stack.a(service_lora_config.o)
                0x000000000801f1b6                service_lora_get_McRoot_key
 .text.service_lora_get_adr
                0x000000000801f1b8        0x4 out/external/libexternal_fuota_stack.a(service_lora_config.o)
                0x000000000801f1b8                service_lora_get_adr
 .text.service_lora_get_class
                0x000000000801f1bc        0x4 out/external/libexternal_fuota_stack.a(service_lora_config.o)
                0x000000000801f1bc                service_lora_get_class
 .text.service_lora_get_dcs
                0x000000000801f1c0        0xe out/external/libexternal_fuota_stack.a(service_lora_config.o)
                0x000000000801f1c0                service_lora_get_dcs
 .text.service_lora_set_dcs
                0x000000000801f1ce       0x1a out/external/libexternal_fuota_stack.a(service_lora_config.o)
                0x000000000801f1ce                service_lora_set_dcs
 .text.service_lora_get_dr
                0x000000000801f1e8       0x1a out/external/libexternal_fuota_stack.a(service_lora_config.o)
                0x000000000801f1e8                service_lora_get_dr
 .text.service_lora_get_jn1dl
                0x000000000801f202        0x4 out/external/libexternal_fuota_stack.a(service_lora_config.o)
                0x000000000801f202                service_lora_get_jn1dl
 .text.service_lora_get_jn2dl
                0x000000000801f206        0x4 out/external/libexternal_fuota_stack.a(service_lora_config.o)
                0x000000000801f206                service_lora_get_jn2dl
 .text.service_lora_get_pub_nwk_mode
                0x000000000801f20a        0x4 out/external/libexternal_fuota_stack.a(service_lora_config.o)
                0x000000000801f20a                service_lora_get_pub_nwk_mode
 .text.service_lora_get_rx1dl
                0x000000000801f20e       0x32 out/external/libexternal_fuota_stack.a(service_lora_config.o)
                0x000000000801f20e                service_lora_get_rx1dl
 .text.service_lora_get_rx2dl
                0x000000000801f240        0x4 out/external/libexternal_fuota_stack.a(service_lora_config.o)
                0x000000000801f240                service_lora_get_rx2dl
 .text.service_lora_get_txpower
                0x000000000801f244        0x4 out/external/libexternal_fuota_stack.a(service_lora_config.o)
                0x000000000801f244                service_lora_get_txpower
 .text.service_lora_get_ping_slot_periodicity
                0x000000000801f248        0x4 out/external/libexternal_fuota_stack.a(service_lora_config.o)
                0x000000000801f248                service_lora_get_ping_slot_periodicity
 .text.service_lora_set_ping_slot_periodicity
                0x000000000801f24c        0x4 out/external/libexternal_fuota_stack.a(service_lora_config.o)
                0x000000000801f24c                service_lora_set_ping_slot_periodicity
 .text.service_lora_get_beacon_freq
                0x000000000801f250       0x18 out/external/libexternal_fuota_stack.a(service_lora_config.o)
                0x000000000801f250                service_lora_get_beacon_freq
 .text.service_lora_get_beacon_dr
                0x000000000801f268       0x18 out/external/libexternal_fuota_stack.a(service_lora_config.o)
                0x000000000801f268                service_lora_get_beacon_dr
 .text.service_lora_get_local_time
                0x000000000801f280       0x44 out/external/libexternal_fuota_stack.a(service_lora_config.o)
                0x000000000801f280                service_lora_get_local_time
 .text.service_lora_get_rx2freq
                0x000000000801f2c4       0x20 out/external/libexternal_fuota_stack.a(service_lora_config.o)
                0x000000000801f2c4                service_lora_get_rx2freq
 .text.service_lora_get_rx2dr
                0x000000000801f2e4       0x20 out/external/libexternal_fuota_stack.a(service_lora_config.o)
                0x000000000801f2e4                service_lora_get_rx2dr
 .text.service_lora_get_linkcheck
                0x000000000801f304        0x4 out/external/libexternal_fuota_stack.a(service_lora_config.o)
                0x000000000801f304                service_lora_get_linkcheck
 .text.service_lora_set_linkcheck
                0x000000000801f308        0xe out/external/libexternal_fuota_stack.a(service_lora_config.o)
                0x000000000801f308                service_lora_set_linkcheck
 .text.service_lora_get_join_start
                0x000000000801f316        0x4 out/external/libexternal_fuota_stack.a(service_lora_config.o)
                0x000000000801f316                service_lora_get_join_start
 .text.service_lora_set_join_start
                0x000000000801f31a        0x4 out/external/libexternal_fuota_stack.a(service_lora_config.o)
                0x000000000801f31a                service_lora_set_join_start
 .text.service_lora_get_auto_join
                0x000000000801f31e        0x4 out/external/libexternal_fuota_stack.a(service_lora_config.o)
                0x000000000801f31e                service_lora_get_auto_join
 .text.service_lora_set_auto_join
                0x000000000801f322        0x4 out/external/libexternal_fuota_stack.a(service_lora_config.o)
                0x000000000801f322                service_lora_set_auto_join
 .text.service_lora_get_auto_join_period
                0x000000000801f326        0x4 out/external/libexternal_fuota_stack.a(service_lora_config.o)
                0x000000000801f326                service_lora_get_auto_join_period
 .text.service_lora_set_auto_join_period
                0x000000000801f32a        0x4 out/external/libexternal_fuota_stack.a(service_lora_config.o)
                0x000000000801f32a                service_lora_set_auto_join_period
 .text.service_lora_get_auto_join_max_cnt
                0x000000000801f32e        0x4 out/external/libexternal_fuota_stack.a(service_lora_config.o)
                0x000000000801f32e                service_lora_get_auto_join_max_cnt
 .text.service_lora_set_auto_join_max_cnt
                0x000000000801f332        0x4 out/external/libexternal_fuota_stack.a(service_lora_config.o)
                0x000000000801f332                service_lora_set_auto_join_max_cnt
 .text.service_lora_get_lbt
                0x000000000801f336        0x4 out/external/libexternal_fuota_stack.a(service_lora_config.o)
                0x000000000801f336                service_lora_get_lbt
 .text.service_lora_set_lbt
                0x000000000801f33a        0x4 out/external/libexternal_fuota_stack.a(service_lora_config.o)
                0x000000000801f33a                service_lora_set_lbt
 .text.service_lora_get_lbt_rssi
                0x000000000801f33e        0x4 out/external/libexternal_fuota_stack.a(service_lora_config.o)
                0x000000000801f33e                service_lora_get_lbt_rssi
 .text.service_lora_set_lbt_rssi
                0x000000000801f342        0x4 out/external/libexternal_fuota_stack.a(service_lora_config.o)
                0x000000000801f342                service_lora_set_lbt_rssi
 .text.service_lora_get_lbt_scantime
                0x000000000801f346        0x4 out/external/libexternal_fuota_stack.a(service_lora_config.o)
                0x000000000801f346                service_lora_get_lbt_scantime
 .text.service_lora_set_lbt_scantime
                0x000000000801f34a        0x4 out/external/libexternal_fuota_stack.a(service_lora_config.o)
                0x000000000801f34a                service_lora_set_lbt_scantime
 .text.service_lora_get_DevNonce
                0x000000000801f34e        0x4 out/external/libexternal_fuota_stack.a(service_lora_config.o)
                0x000000000801f34e                service_lora_get_DevNonce
 .text.service_lora_set_DevNonce
                0x000000000801f352        0x4 out/external/libexternal_fuota_stack.a(service_lora_config.o)
                0x000000000801f352                service_lora_set_DevNonce
 .text.service_lora_set_IsCertPortOn
                0x000000000801f356        0x8 out/external/libexternal_fuota_stack.a(service_lora_config.o)
                0x000000000801f356                service_lora_set_IsCertPortOn
 .text.service_lora_get_IsCertPortOn
                0x000000000801f35e        0x4 out/external/libexternal_fuota_stack.a(service_lora_config.o)
                0x000000000801f35e                service_lora_get_IsCertPortOn
 .text.service_lora_get_band
                0x000000000801f362        0x4 out/external/libexternal_fuota_stack.a(service_lora_config.o)
                0x000000000801f362                service_lora_get_band
 .text.service_lora_get_chs
                0x000000000801f366       0x24 out/external/libexternal_fuota_stack.a(service_lora_config.o)
                0x000000000801f366                service_lora_get_chs
 .text.service_lora_region_isActive
                0x000000000801f38a       0x1e out/external/libexternal_fuota_stack.a(service_lora_config.o)
                0x000000000801f38a                service_lora_region_isActive
 .text.service_lora_set_app_eui
                0x000000000801f3a8       0x42 out/external/libexternal_fuota_stack.a(service_lora_config.o)
                0x000000000801f3a8                service_lora_set_app_eui
 .text.service_lora_set_app_key
                0x000000000801f3ea       0x54 out/external/libexternal_fuota_stack.a(service_lora_config.o)
                0x000000000801f3ea                service_lora_set_app_key
 .text.service_lora_set_dev_eui
                0x000000000801f43e       0x50 out/external/libexternal_fuota_stack.a(service_lora_config.o)
                0x000000000801f43e                service_lora_set_dev_eui
 .text.service_lora_set_adr
                0x000000000801f48e       0x4c out/external/libexternal_fuota_stack.a(service_lora_config.o)
                0x000000000801f48e                service_lora_set_adr
 .text.service_lora_set_jn1dl
                0x000000000801f4da       0x3e out/external/libexternal_fuota_stack.a(service_lora_config.o)
                0x000000000801f4da                service_lora_set_jn1dl
 .text.service_lora_set_jn2dl
                0x000000000801f518       0x3e out/external/libexternal_fuota_stack.a(service_lora_config.o)
                0x000000000801f518                service_lora_set_jn2dl
 .text.service_lora_set_pub_nwk_mode
                0x000000000801f556       0x40 out/external/libexternal_fuota_stack.a(service_lora_config.o)
                0x000000000801f556                service_lora_set_pub_nwk_mode
 .text.service_lora_set_rx1dl
                0x000000000801f596       0x5e out/external/libexternal_fuota_stack.a(service_lora_config.o)
                0x000000000801f596                service_lora_set_rx1dl
 .text.service_lora_set_rx2dl
                0x000000000801f5f4       0x5e out/external/libexternal_fuota_stack.a(service_lora_config.o)
                0x000000000801f5f4                service_lora_set_rx2dl
 .text.service_lora_set_rx2freq
                0x000000000801f652       0x4c out/external/libexternal_fuota_stack.a(service_lora_config.o)
                0x000000000801f652                service_lora_set_rx2freq
 .text.service_lora_set_rx2dr
                0x000000000801f69e       0x66 out/external/libexternal_fuota_stack.a(service_lora_config.o)
                0x000000000801f69e                service_lora_set_rx2dr
 .text.restore_abp_config
                0x000000000801f704       0xcc out/external/libexternal_fuota_stack.a(service_lora_config.o)
                0x000000000801f704                restore_abp_config
 .text.service_lora_set_app_skey
                0x000000000801f7d0       0x4e out/external/libexternal_fuota_stack.a(service_lora_config.o)
                0x000000000801f7d0                service_lora_set_app_skey
 .text.service_lora_set_dev_addr
                0x000000000801f81e       0x52 out/external/libexternal_fuota_stack.a(service_lora_config.o)
                0x000000000801f81e                service_lora_set_dev_addr
 .text.service_lora_set_nwk_skey
                0x000000000801f870       0x72 out/external/libexternal_fuota_stack.a(service_lora_config.o)
                0x000000000801f870                service_lora_set_nwk_skey
 *fill*         0x000000000801f8e2        0x2 
 .text.LmHandlerFuotaPackagesProcess
                0x000000000801f8e4       0x34 out/external/libexternal_fuota_stack.a(service_lora_config.o)
                0x000000000801f8e4                LmHandlerFuotaPackagesProcess
 .text.service_fuota_nvm_init
                0x000000000801f918       0x14 out/external/libexternal_fuota_stack.a(service_lora_config.o)
                0x000000000801f918                service_fuota_nvm_init
 .text.service_lora_fuota_join
                0x000000000801f92c       0x3e out/external/libexternal_fuota_stack.a(service_lora_config.o)
                0x000000000801f92c                service_lora_fuota_join
 .text.service_lora_fuota_get_band
                0x000000000801f96a       0x16 out/external/libexternal_fuota_stack.a(service_lora_config.o)
                0x000000000801f96a                service_lora_fuota_get_band
 .text.service_fuota_lora_config
                0x000000000801f980      0x200 out/external/libexternal_fuota_stack.a(service_lora_config.o)
                0x000000000801f980                service_fuota_lora_config
 .text.LmHandlerSend
                0x000000000801fb80       0x60 out/external/libexternal_fuota_stack.a(service_lora_config.o)
                0x000000000801fb80                LmHandlerSend
 .text.service_lora_addmulc
                0x000000000801fbe0      0x1f0 out/external/libexternal_fuota_stack.a(service_lora_multicast.o)
                0x000000000801fbe0                service_lora_addmulc
 .text.service_lora_rmvmulc
                0x000000000801fdd0       0x48 out/external/libexternal_fuota_stack.a(service_lora_multicast.o)
                0x000000000801fdd0                service_lora_rmvmulc
 .text.service_lora_lstmulc
                0x000000000801fe18       0x78 out/external/libexternal_fuota_stack.a(service_lora_multicast.o)
                0x000000000801fe18                service_lora_lstmulc
 .text.MulticastMcpsIndication
                0x000000000801fe90        0x2 out/external/libexternal_fuota_stack.a(service_lora_multicast.o)
                0x000000000801fe90                MulticastMcpsIndication
 .text.service_lora_setup_multicast
                0x000000000801fe92       0x64 out/external/libexternal_fuota_stack.a(service_lora_multicast.o)
                0x000000000801fe92                service_lora_setup_multicast
 *fill*         0x000000000801fef6        0x2 
 .text.service_lora_clear_multicast
                0x000000000801fef8       0x2c out/external/libexternal_fuota_stack.a(service_lora_multicast.o)
                0x000000000801fef8                service_lora_clear_multicast
 .text.OnClassChangeNotify
                0x000000000801ff24       0x10 out/external/libexternal_fuota_stack.a(LmHandler.o)
 .text.LmHandlerPackageIsTxPending
                0x000000000801ff34       0x4c out/external/libexternal_fuota_stack.a(LmHandler.o)
 .text.LmHandlerInit
                0x000000000801ff80       0x14 out/external/libexternal_fuota_stack.a(LmHandler.o)
                0x000000000801ff80                LmHandlerInit
 .text.LmHandlerIsBusy
                0x000000000801ff94       0x12 out/external/libexternal_fuota_stack.a(LmHandler.o)
                0x000000000801ff94                LmHandlerIsBusy
 *fill*         0x000000000801ffa6        0x2 
 .text.LmHandlerJoin
                0x000000000801ffa8       0x50 out/external/libexternal_fuota_stack.a(LmHandler.o)
                0x000000000801ffa8                LmHandlerJoin
 .text.LmHandlerJoinStatus
                0x000000000801fff8       0x26 out/external/libexternal_fuota_stack.a(LmHandler.o)
                0x000000000801fff8                LmHandlerJoinStatus
 *fill*         0x000000000802001e        0x2 
 .text.LmHandlerDeviceTimeReq
                0x0000000008020020       0x30 out/external/libexternal_fuota_stack.a(LmHandler.o)
                0x0000000008020020                LmHandlerDeviceTimeReq
 .text.LmHandlerPingSlotReq
                0x0000000008020050       0x50 out/external/libexternal_fuota_stack.a(LmHandler.o)
                0x0000000008020050                LmHandlerPingSlotReq
 .text.LmHandlerRequestClass
                0x00000000080200a0       0x68 out/external/libexternal_fuota_stack.a(LmHandler.o)
                0x00000000080200a0                LmHandlerRequestClass
 .text.LmHandlerGetCurrentClass
                0x0000000008020108       0x1a out/external/libexternal_fuota_stack.a(LmHandler.o)
                0x0000000008020108                LmHandlerGetCurrentClass
 .text.LmHandlerGetCurrentDatarate
                0x0000000008020122       0x1a out/external/libexternal_fuota_stack.a(LmHandler.o)
                0x0000000008020122                LmHandlerGetCurrentDatarate
 .text.LmHandlerGetActiveRegion
                0x000000000802013c        0xc out/external/libexternal_fuota_stack.a(LmHandler.o)
                0x000000000802013c                LmHandlerGetActiveRegion
 .text.LmHandlerSetSystemMaxRxError
                0x0000000008020148       0x20 out/external/libexternal_fuota_stack.a(LmHandler.o)
                0x0000000008020148                LmHandlerSetSystemMaxRxError
 .text.LmHandlerPackageIsInitialized
                0x0000000008020168       0x14 out/external/libexternal_fuota_stack.a(LmHandler.o)
                0x0000000008020168                LmHandlerPackageIsInitialized
 .text.LmHandlerPackagesNotify
                0x000000000802017c       0x40 out/external/libexternal_fuota_stack.a(LmHandler.o)
                0x000000000802017c                LmHandlerPackagesNotify
 .text.LmHandlerPackagesProcess
                0x00000000080201bc       0x34 out/external/libexternal_fuota_stack.a(LmHandler.o)
                0x00000000080201bc                LmHandlerPackagesProcess
 .text.LmHandlerProcess
                0x00000000080201f0       0x58 out/external/libexternal_fuota_stack.a(LmHandler.o)
                0x00000000080201f0                LmHandlerProcess
 .text.LmHandlerFuotaStackPackageRegister
                0x0000000008020248       0x38 out/external/libexternal_fuota_stack.a(LmHandler.o)
                0x0000000008020248                LmHandlerFuotaStackPackageRegister
 .text.LmhpClockSyncInit
                0x0000000008020280       0x1c out/external/libexternal_fuota_stack.a(LmhpClockSync.o)
 .text.LmhpClockSyncIsInitialized
                0x000000000802029c        0xc out/external/libexternal_fuota_stack.a(LmhpClockSync.o)
 .text.LmhpClockSyncIsTxPending
                0x00000000080202a8        0xc out/external/libexternal_fuota_stack.a(LmhpClockSync.o)
 .text.LmhpClockSyncOnMcpsIndication
                0x00000000080202b4      0x154 out/external/libexternal_fuota_stack.a(LmhpClockSync.o)
 .text.LmhpClockSyncOnMcpsConfirm
                0x0000000008020408       0x4c out/external/libexternal_fuota_stack.a(LmhpClockSync.o)
 .text.LmphClockSyncPackageFactory
                0x0000000008020454        0x8 out/external/libexternal_fuota_stack.a(LmhpClockSync.o)
                0x0000000008020454                LmphClockSyncPackageFactory
 .text.LmhpClockSyncAppTimeReq
                0x000000000802045c       0xb4 out/external/libexternal_fuota_stack.a(LmhpClockSync.o)
                0x000000000802045c                LmhpClockSyncAppTimeReq
 .text.LmhpClockSyncProcess
                0x0000000008020510       0x1c out/external/libexternal_fuota_stack.a(LmhpClockSync.o)
 .text.LmhpRemoteMcastSetupIsInitialized
                0x000000000802052c        0xc out/external/libexternal_fuota_stack.a(LmhpRemoteMcastSetup.o)
 .text.LmhpRemoteMcastSetupIsTxPending
                0x0000000008020538        0xc out/external/libexternal_fuota_stack.a(LmhpRemoteMcastSetup.o)
 .text.LmhpRemoteMcastSetupInit
                0x0000000008020544       0x5c out/external/libexternal_fuota_stack.a(LmhpRemoteMcastSetup.o)
 .text.OnSessionStopTimer
                0x00000000080205a0       0x20 out/external/libexternal_fuota_stack.a(LmhpRemoteMcastSetup.o)
 .text.OnSessionStartTimer
                0x00000000080205c0       0x30 out/external/libexternal_fuota_stack.a(LmhpRemoteMcastSetup.o)
 .text.LmhpRemoteMcastSetupOnMcpsIndication
                0x00000000080205f0      0x360 out/external/libexternal_fuota_stack.a(LmhpRemoteMcastSetup.o)
 .text.LmhpRemoteMcastSetupProcess
                0x0000000008020950       0x54 out/external/libexternal_fuota_stack.a(LmhpRemoteMcastSetup.o)
 .text.LmhpRemoteMcastSetupPackageFactory
                0x00000000080209a4        0x8 out/external/libexternal_fuota_stack.a(LmhpRemoteMcastSetup.o)
                0x00000000080209a4                LmhpRemoteMcastSetupPackageFactory
 .text.FUOTA_StartTime_IsRunning
                0x00000000080209ac       0x34 out/external/libexternal_fuota_stack.a(LmhpRemoteMcastSetup.o)
                0x00000000080209ac                FUOTA_StartTime_IsRunning
 .text.LmhpRemoteMcastSetupRegisterPowersaveHandler
                0x00000000080209e0        0xc out/external/libexternal_fuota_stack.a(LmhpRemoteMcastSetup.o)
                0x00000000080209e0                LmhpRemoteMcastSetupRegisterPowersaveHandler
 .text.LmhpFragmentationIsInitialized
                0x00000000080209ec        0xc out/external/libexternal_fuota_stack.a(LmhpFragmentation.o)
 .text.LmhpFragmentationIsTxPending
                0x00000000080209f8        0xc out/external/libexternal_fuota_stack.a(LmhpFragmentation.o)
 .text.LmhpFragmentationInit
                0x0000000008020a04       0x50 out/external/libexternal_fuota_stack.a(LmhpFragmentation.o)
 .text.OnFragmentTxDelay
                0x0000000008020a54       0x20 out/external/libexternal_fuota_stack.a(LmhpFragmentation.o)
 .text.LmhpFragmentationOnMcpsIndication
                0x0000000008020a74      0x328 out/external/libexternal_fuota_stack.a(LmhpFragmentation.o)
 .text.LmhpFragmentationProcess
                0x0000000008020d9c       0x50 out/external/libexternal_fuota_stack.a(LmhpFragmentation.o)
 .text.LmhpFragmentationPackageFactory
                0x0000000008020dec        0x8 out/external/libexternal_fuota_stack.a(LmhpFragmentation.o)
                0x0000000008020dec                LmhpFragmentationPackageFactory
 .text.SetRow   0x0000000008020df4       0x24 out/external/libexternal_fuota_stack.a(FragDecoder.o)
 .text.GetRow   0x0000000008020e18       0x24 out/external/libexternal_fuota_stack.a(FragDecoder.o)
 .text.GetParity
                0x0000000008020e3c       0x14 out/external/libexternal_fuota_stack.a(FragDecoder.o)
 .text.SetParity
                0x0000000008020e50       0x20 out/external/libexternal_fuota_stack.a(FragDecoder.o)
 .text.XorDataLine
                0x0000000008020e70       0x1a out/external/libexternal_fuota_stack.a(FragDecoder.o)
 .text.XorParityLine
                0x0000000008020e8a       0x34 out/external/libexternal_fuota_stack.a(FragDecoder.o)
 *fill*         0x0000000008020ebe        0x2 
 .text.FragFindMissingFrags
                0x0000000008020ec0       0x60 out/external/libexternal_fuota_stack.a(FragDecoder.o)
 .text.FragFindMissingIndex
                0x0000000008020f20       0x2c out/external/libexternal_fuota_stack.a(FragDecoder.o)
 .text.FragExtractLineFromBinaryMatrix
                0x0000000008020f4c       0x84 out/external/libexternal_fuota_stack.a(FragDecoder.o)
 .text.FragDecoderUpdateCallback
                0x0000000008020fd0        0xc out/external/libexternal_fuota_stack.a(FragDecoder.o)
                0x0000000008020fd0                FragDecoderUpdateCallback
 .text.FragDecoderInit
                0x0000000008020fdc       0x5c out/external/libexternal_fuota_stack.a(FragDecoder.o)
                0x0000000008020fdc                FragDecoderInit
 .text.FragDecoderGetMaxFileSize
                0x0000000008021038        0x8 out/external/libexternal_fuota_stack.a(FragDecoder.o)
                0x0000000008021038                FragDecoderGetMaxFileSize
 .text.FragDecoderProcess
                0x0000000008021040      0x348 out/external/libexternal_fuota_stack.a(FragDecoder.o)
                0x0000000008021040                FragDecoderProcess
 .text.FragDecoderGetStatus
                0x0000000008021388       0x14 out/external/libexternal_fuota_stack.a(FragDecoder.o)
                0x0000000008021388                FragDecoderGetStatus
 .text.udrv_flash_init
                0x000000000802139c       0x18 out/external/libexternal_fuota_stack.a(udrv_flash.o)
                0x000000000802139c                udrv_flash_init
 .text.udrv_flash_deinit
                0x00000000080213b4       0x18 out/external/libexternal_fuota_stack.a(udrv_flash.o)
                0x00000000080213b4                udrv_flash_deinit
 .text.udrv_flash_read
                0x00000000080213cc       0xd8 out/external/libexternal_fuota_stack.a(udrv_flash.o)
                0x00000000080213cc                udrv_flash_read
 .text.compare_page_buff
                0x00000000080214a4       0x7a out/external/libexternal_fuota_stack.a(udrv_flash.o)
                0x00000000080214a4                compare_page_buff
 *fill*         0x000000000802151e        0x2 
 .text.udrv_flash_write
                0x0000000008021520      0x104 out/external/libexternal_fuota_stack.a(udrv_flash.o)
                0x0000000008021520                udrv_flash_write
 .text.udrv_flash_erase
                0x0000000008021624       0x30 out/external/libexternal_fuota_stack.a(udrv_flash.o)
                0x0000000008021624                udrv_flash_erase
 .text.udrv_flash_get_page_size
                0x0000000008021654        0x4 out/external/libexternal_fuota_stack.a(udrv_flash.o)
                0x0000000008021654                udrv_flash_get_page_size
 .text.udrv_flash_check_addr_valid
                0x0000000008021658        0x4 out/external/libexternal_fuota_stack.a(udrv_flash.o)
                0x0000000008021658                udrv_flash_check_addr_valid
 .text.udrv_flash_suspend
                0x000000000802165c        0x2 out/external/libexternal_fuota_stack.a(udrv_flash.o)
                0x000000000802165c                udrv_flash_suspend
 .text.udrv_flash_resume
                0x000000000802165e        0x2 out/external/libexternal_fuota_stack.a(udrv_flash.o)
                0x000000000802165e                udrv_flash_resume
 .text.Error_Handler
                0x0000000008021660       0x24 out/external/libexternal_fuota_stack.a(system_stm32wlxx.o)
                0x0000000008021660                Error_Handler
 .text.SystemInit
                0x0000000008021684        0x2 out/external/libexternal_fuota_stack.a(system_stm32wlxx.o)
                0x0000000008021684                SystemInit
 *fill*         0x0000000008021686        0x2 
 .text.SystemCoreClockUpdate
                0x0000000008021688       0xb4 out/external/libexternal_fuota_stack.a(system_stm32wlxx.o)
                0x0000000008021688                SystemCoreClockUpdate
 .text.HAL_MspInit
                0x000000000802173c        0x2 out/external/libexternal_fuota_stack.a(stm32wlxx_hal_msp.o)
                0x000000000802173c                HAL_MspInit
 *fill*         0x000000000802173e        0x2 
 .text.HAL_RTC_MspInit
                0x0000000008021740       0x7c out/external/libexternal_fuota_stack.a(stm32wlxx_hal_msp.o)
                0x0000000008021740                HAL_RTC_MspInit
 .text.HAL_RTC_MspDeInit
                0x00000000080217bc       0x38 out/external/libexternal_fuota_stack.a(stm32wlxx_hal_msp.o)
                0x00000000080217bc                HAL_RTC_MspDeInit
 .text.HAL_TIM_PWM_MspInit
                0x00000000080217f4       0x48 out/external/libexternal_fuota_stack.a(stm32wlxx_hal_msp.o)
                0x00000000080217f4                HAL_TIM_PWM_MspInit
 .text.HAL_TIM_PWM_MspDeInit
                0x000000000802183c       0x30 out/external/libexternal_fuota_stack.a(stm32wlxx_hal_msp.o)
                0x000000000802183c                HAL_TIM_PWM_MspDeInit
 .text.HAL_CRYP_MspInit
                0x000000000802186c       0x40 out/external/libexternal_fuota_stack.a(stm32wlxx_hal_msp.o)
                0x000000000802186c                HAL_CRYP_MspInit
 .text.HAL_CRYP_MspDeInit
                0x00000000080218ac       0x20 out/external/libexternal_fuota_stack.a(stm32wlxx_hal_msp.o)
                0x00000000080218ac                HAL_CRYP_MspDeInit
 .text.service_nvm_set_cfg_to_nvm
                0x00000000080218cc       0x14 out/external/libexternal_fuota_stack.a(service_nvm_common.o)
                0x00000000080218cc                service_nvm_set_cfg_to_nvm
 .text.service_nvm_set_lora_nvm_data_to_nvm
                0x00000000080218e0       0x14 out/external/libexternal_fuota_stack.a(service_nvm_common.o)
                0x00000000080218e0                service_nvm_set_lora_nvm_data_to_nvm
 .text.service_lora_mac_nvm_data_reset
                0x00000000080218f4       0x10 out/external/libexternal_fuota_stack.a(service_nvm_common.o)
                0x00000000080218f4                service_lora_mac_nvm_data_reset
 .text.service_nvm_get_mode_type_from_nvm
                0x0000000008021904       0x10 out/external/libexternal_fuota_stack.a(service_nvm_common.o)
                0x0000000008021904                service_nvm_get_mode_type_from_nvm
 .text.service_nvm_set_mode_type_to_nvm
                0x0000000008021914       0x1c out/external/libexternal_fuota_stack.a(service_nvm_common.o)
                0x0000000008021914                service_nvm_set_mode_type_to_nvm
 .text.service_nvm_get_serial_passwd_from_nvm
                0x0000000008021930       0x24 out/external/libexternal_fuota_stack.a(service_nvm_common.o)
                0x0000000008021930                service_nvm_get_serial_passwd_from_nvm
 .text.service_nvm_set_serial_passwd_to_nvm
                0x0000000008021954       0x40 out/external/libexternal_fuota_stack.a(service_nvm_common.o)
                0x0000000008021954                service_nvm_set_serial_passwd_to_nvm
 .text.service_nvm_get_auto_sleep_time_from_nvm
                0x0000000008021994        0xc out/external/libexternal_fuota_stack.a(service_nvm_common.o)
                0x0000000008021994                service_nvm_get_auto_sleep_time_from_nvm
 .text.service_nvm_set_auto_sleep_time_to_nvm
                0x00000000080219a0       0x18 out/external/libexternal_fuota_stack.a(service_nvm_common.o)
                0x00000000080219a0                service_nvm_set_auto_sleep_time_to_nvm
 .text.service_nvm_get_auto_sleep_level_from_nvm
                0x00000000080219b8        0xc out/external/libexternal_fuota_stack.a(service_nvm_common.o)
                0x00000000080219b8                service_nvm_get_auto_sleep_level_from_nvm
 .text.service_nvm_set_auto_sleep_level_to_nvm
                0x00000000080219c4       0x20 out/external/libexternal_fuota_stack.a(service_nvm_common.o)
                0x00000000080219c4                service_nvm_set_auto_sleep_level_to_nvm
 .text.service_nvm_get_firmware_ver_from_nvm
                0x00000000080219e4       0x1c out/external/libexternal_fuota_stack.a(service_nvm_common.o)
                0x00000000080219e4                service_nvm_get_firmware_ver_from_nvm
 .text.service_nvm_set_firmware_ver_to_nvm
                0x0000000008021a00       0x54 out/external/libexternal_fuota_stack.a(service_nvm_common.o)
                0x0000000008021a00                service_nvm_set_firmware_ver_to_nvm
 .text.service_nvm_get_hwmodel_from_nvm
                0x0000000008021a54       0x1c out/external/libexternal_fuota_stack.a(service_nvm_common.o)
                0x0000000008021a54                service_nvm_get_hwmodel_from_nvm
 .text.service_nvm_set_hwmodel_to_nvm
                0x0000000008021a70       0x54 out/external/libexternal_fuota_stack.a(service_nvm_common.o)
                0x0000000008021a70                service_nvm_set_hwmodel_to_nvm
 .text.service_nvm_get_cli_ver_from_nvm
                0x0000000008021ac4       0x1c out/external/libexternal_fuota_stack.a(service_nvm_common.o)
                0x0000000008021ac4                service_nvm_get_cli_ver_from_nvm
 .text.service_nvm_set_cli_ver_to_nvm
                0x0000000008021ae0       0x54 out/external/libexternal_fuota_stack.a(service_nvm_common.o)
                0x0000000008021ae0                service_nvm_set_cli_ver_to_nvm
 .text.service_nvm_write_user_data
                0x0000000008021b34       0x26 out/external/libexternal_fuota_stack.a(service_nvm_common.o)
                0x0000000008021b34                service_nvm_write_user_data
 .text.service_nvm_read_user_data
                0x0000000008021b5a       0x26 out/external/libexternal_fuota_stack.a(service_nvm_common.o)
                0x0000000008021b5a                service_nvm_read_user_data
 .text.service_nvm_get_delta_sec_from_nvm
                0x0000000008021b80        0xc out/external/libexternal_fuota_stack.a(service_nvm_common.o)
                0x0000000008021b80                service_nvm_get_delta_sec_from_nvm
 .text.service_nvm_set_delta_sec_to_nvm
                0x0000000008021b8c       0x18 out/external/libexternal_fuota_stack.a(service_nvm_common.o)
                0x0000000008021b8c                service_nvm_set_delta_sec_to_nvm
 .text.service_nvm_get_delta_subsec_from_nvm
                0x0000000008021ba4        0xc out/external/libexternal_fuota_stack.a(service_nvm_common.o)
                0x0000000008021ba4                service_nvm_get_delta_subsec_from_nvm
 .text.service_nvm_set_delta_subsec_to_nvm
                0x0000000008021bb0       0x18 out/external/libexternal_fuota_stack.a(service_nvm_common.o)
                0x0000000008021bb0                service_nvm_set_delta_subsec_to_nvm
 .text.service_nvm_get_lock_status_from_nvm
                0x0000000008021bc8       0x10 out/external/libexternal_fuota_stack.a(service_nvm_common.o)
                0x0000000008021bc8                service_nvm_get_lock_status_from_nvm
 .text.service_nvm_set_lock_status_to_nvm
                0x0000000008021bd8       0x1c out/external/libexternal_fuota_stack.a(service_nvm_common.o)
                0x0000000008021bd8                service_nvm_set_lock_status_to_nvm
 .text.service_nvm_get_baudrate_from_nvm
                0x0000000008021bf4        0xc out/external/libexternal_fuota_stack.a(service_nvm_common.o)
                0x0000000008021bf4                service_nvm_get_baudrate_from_nvm
 .text.service_nvm_set_baudrate_to_nvm
                0x0000000008021c00       0x18 out/external/libexternal_fuota_stack.a(service_nvm_common.o)
                0x0000000008021c00                service_nvm_set_baudrate_to_nvm
 .text.service_nvm_get_atcmd_alias_from_nvm
                0x0000000008021c18       0x1c out/external/libexternal_fuota_stack.a(service_nvm_common.o)
                0x0000000008021c18                service_nvm_get_atcmd_alias_from_nvm
 .text.service_nvm_set_atcmd_alias_to_nvm
                0x0000000008021c34       0x54 out/external/libexternal_fuota_stack.a(service_nvm_common.o)
                0x0000000008021c34                service_nvm_set_atcmd_alias_to_nvm
 .text.service_nvm_get_sn_from_nvm
                0x0000000008021c88       0x1c out/external/libexternal_fuota_stack.a(service_nvm_common.o)
                0x0000000008021c88                service_nvm_get_sn_from_nvm
 .text.service_nvm_set_sn_to_nvm
                0x0000000008021ca4       0x44 out/external/libexternal_fuota_stack.a(service_nvm_common.o)
                0x0000000008021ca4                service_nvm_set_sn_to_nvm
 .text.service_nvm_get_atcmd_echo_from_nvm
                0x0000000008021ce8        0xc out/external/libexternal_fuota_stack.a(service_nvm_common.o)
                0x0000000008021ce8                service_nvm_get_atcmd_echo_from_nvm
 .text.service_nvm_set_atcmd_echo_to_nvm
                0x0000000008021cf4       0x18 out/external/libexternal_fuota_stack.a(service_nvm_common.o)
                0x0000000008021cf4                service_nvm_set_atcmd_echo_to_nvm
 .text.service_nvm_set_debug_level_to_nvm
                0x0000000008021d0c       0x18 out/external/libexternal_fuota_stack.a(service_nvm_common.o)
                0x0000000008021d0c                service_nvm_set_debug_level_to_nvm
 .text.service_nvm_get_debug_level_from_nvm
                0x0000000008021d24        0xc out/external/libexternal_fuota_stack.a(service_nvm_common.o)
                0x0000000008021d24                service_nvm_get_debug_level_from_nvm
 .text.service_nvm_get_band_from_nvm
                0x0000000008021d30        0xc out/external/libexternal_fuota_stack.a(service_nvm_common.o)
                0x0000000008021d30                service_nvm_get_band_from_nvm
 .text.service_nvm_set_band_to_nvm
                0x0000000008021d3c       0x18 out/external/libexternal_fuota_stack.a(service_nvm_common.o)
                0x0000000008021d3c                service_nvm_set_band_to_nvm
 .text.service_nvm_get_mask_from_nvm
                0x0000000008021d54       0x14 out/external/libexternal_fuota_stack.a(service_nvm_common.o)
                0x0000000008021d54                service_nvm_get_mask_from_nvm
 .text.service_nvm_set_mask_to_nvm
                0x0000000008021d68       0x28 out/external/libexternal_fuota_stack.a(service_nvm_common.o)
                0x0000000008021d68                service_nvm_set_mask_to_nvm
 .text.service_nvm_get_app_eui_from_nvm
                0x0000000008021d90       0x1c out/external/libexternal_fuota_stack.a(service_nvm_common.o)
                0x0000000008021d90                service_nvm_get_app_eui_from_nvm
 .text.service_nvm_set_app_eui_to_nvm
                0x0000000008021dac       0x34 out/external/libexternal_fuota_stack.a(service_nvm_common.o)
                0x0000000008021dac                service_nvm_set_app_eui_to_nvm
 .text.service_nvm_get_app_key_from_nvm
                0x0000000008021de0       0x1c out/external/libexternal_fuota_stack.a(service_nvm_common.o)
                0x0000000008021de0                service_nvm_get_app_key_from_nvm
 .text.service_nvm_set_app_key_to_nvm
                0x0000000008021dfc       0x34 out/external/libexternal_fuota_stack.a(service_nvm_common.o)
                0x0000000008021dfc                service_nvm_set_app_key_to_nvm
 .text.service_nvm_get_app_skey_from_nvm
                0x0000000008021e30       0x1c out/external/libexternal_fuota_stack.a(service_nvm_common.o)
                0x0000000008021e30                service_nvm_get_app_skey_from_nvm
 .text.service_nvm_set_app_skey_to_nvm
                0x0000000008021e4c       0x34 out/external/libexternal_fuota_stack.a(service_nvm_common.o)
                0x0000000008021e4c                service_nvm_set_app_skey_to_nvm
 .text.service_nvm_get_dev_addr_from_nvm
                0x0000000008021e80       0x1c out/external/libexternal_fuota_stack.a(service_nvm_common.o)
                0x0000000008021e80                service_nvm_get_dev_addr_from_nvm
 .text.service_nvm_set_dev_addr_to_nvm
                0x0000000008021e9c       0x34 out/external/libexternal_fuota_stack.a(service_nvm_common.o)
                0x0000000008021e9c                service_nvm_set_dev_addr_to_nvm
 .text.service_nvm_get_dev_eui_from_nvm
                0x0000000008021ed0       0x1c out/external/libexternal_fuota_stack.a(service_nvm_common.o)
                0x0000000008021ed0                service_nvm_get_dev_eui_from_nvm
 .text.service_nvm_set_dev_eui_to_nvm
                0x0000000008021eec       0x34 out/external/libexternal_fuota_stack.a(service_nvm_common.o)
                0x0000000008021eec                service_nvm_set_dev_eui_to_nvm
 .text.service_nvm_get_net_id_from_nvm
                0x0000000008021f20       0x1c out/external/libexternal_fuota_stack.a(service_nvm_common.o)
                0x0000000008021f20                service_nvm_get_net_id_from_nvm
 .text.service_nvm_set_net_id_to_nvm
                0x0000000008021f3c       0x34 out/external/libexternal_fuota_stack.a(service_nvm_common.o)
                0x0000000008021f3c                service_nvm_set_net_id_to_nvm
 .text.service_nvm_get_nwk_skey_from_nvm
                0x0000000008021f70       0x1c out/external/libexternal_fuota_stack.a(service_nvm_common.o)
                0x0000000008021f70                service_nvm_get_nwk_skey_from_nvm
 .text.service_nvm_set_nwk_skey_to_nvm
                0x0000000008021f8c       0x34 out/external/libexternal_fuota_stack.a(service_nvm_common.o)
                0x0000000008021f8c                service_nvm_set_nwk_skey_to_nvm
 .text.service_nvm_get_retry_from_nvm
                0x0000000008021fc0        0xc out/external/libexternal_fuota_stack.a(service_nvm_common.o)
                0x0000000008021fc0                service_nvm_get_retry_from_nvm
 .text.service_nvm_set_retry_to_nvm
                0x0000000008021fcc       0x18 out/external/libexternal_fuota_stack.a(service_nvm_common.o)
                0x0000000008021fcc                service_nvm_set_retry_to_nvm
 .text.service_nvm_get_cfm_from_nvm
                0x0000000008021fe4        0xc out/external/libexternal_fuota_stack.a(service_nvm_common.o)
                0x0000000008021fe4                service_nvm_get_cfm_from_nvm
 .text.service_nvm_set_cfm_to_nvm
                0x0000000008021ff0       0x18 out/external/libexternal_fuota_stack.a(service_nvm_common.o)
                0x0000000008021ff0                service_nvm_set_cfm_to_nvm
 .text.service_nvm_get_nwm_from_nvm
                0x0000000008022008        0xc out/external/libexternal_fuota_stack.a(service_nvm_common.o)
                0x0000000008022008                service_nvm_get_nwm_from_nvm
 .text.service_nvm_set_nwm_to_nvm
                0x0000000008022014       0x18 out/external/libexternal_fuota_stack.a(service_nvm_common.o)
                0x0000000008022014                service_nvm_set_nwm_to_nvm
 .text.service_nvm_get_njm_from_nvm
                0x000000000802202c        0xc out/external/libexternal_fuota_stack.a(service_nvm_common.o)
                0x000000000802202c                service_nvm_get_njm_from_nvm
 .text.service_nvm_set_njm_to_nvm
                0x0000000008022038       0x18 out/external/libexternal_fuota_stack.a(service_nvm_common.o)
                0x0000000008022038                service_nvm_set_njm_to_nvm
 .text.service_nvm_get_adr_from_nvm
                0x0000000008022050        0xc out/external/libexternal_fuota_stack.a(service_nvm_common.o)
                0x0000000008022050                service_nvm_get_adr_from_nvm
 .text.service_nvm_set_adr_to_nvm
                0x000000000802205c       0x18 out/external/libexternal_fuota_stack.a(service_nvm_common.o)
                0x000000000802205c                service_nvm_set_adr_to_nvm
 .text.service_nvm_get_class_from_nvm
                0x0000000008022074        0xc out/external/libexternal_fuota_stack.a(service_nvm_common.o)
                0x0000000008022074                service_nvm_get_class_from_nvm
 .text.service_nvm_set_class_to_nvm
                0x0000000008022080       0x18 out/external/libexternal_fuota_stack.a(service_nvm_common.o)
                0x0000000008022080                service_nvm_set_class_to_nvm
 .text.service_nvm_get_dr_from_nvm
                0x0000000008022098        0xc out/external/libexternal_fuota_stack.a(service_nvm_common.o)
                0x0000000008022098                service_nvm_get_dr_from_nvm
 .text.service_nvm_set_dr_to_nvm
                0x00000000080220a4       0x18 out/external/libexternal_fuota_stack.a(service_nvm_common.o)
                0x00000000080220a4                service_nvm_set_dr_to_nvm
 .text.service_nvm_get_rx2dr_from_nvm
                0x00000000080220bc        0xc out/external/libexternal_fuota_stack.a(service_nvm_common.o)
                0x00000000080220bc                service_nvm_get_rx2dr_from_nvm
 .text.service_nvm_set_rx2dr_to_nvm
                0x00000000080220c8       0x18 out/external/libexternal_fuota_stack.a(service_nvm_common.o)
                0x00000000080220c8                service_nvm_set_rx2dr_to_nvm
 .text.service_nvm_get_jn1dl_from_nvm
                0x00000000080220e0        0xc out/external/libexternal_fuota_stack.a(service_nvm_common.o)
                0x00000000080220e0                service_nvm_get_jn1dl_from_nvm
 .text.service_nvm_set_jn1dl_to_nvm
                0x00000000080220ec       0x18 out/external/libexternal_fuota_stack.a(service_nvm_common.o)
                0x00000000080220ec                service_nvm_set_jn1dl_to_nvm
 .text.service_nvm_get_jn2dl_from_nvm
                0x0000000008022104        0xc out/external/libexternal_fuota_stack.a(service_nvm_common.o)
                0x0000000008022104                service_nvm_get_jn2dl_from_nvm
 .text.service_nvm_set_jn2dl_to_nvm
                0x0000000008022110       0x18 out/external/libexternal_fuota_stack.a(service_nvm_common.o)
                0x0000000008022110                service_nvm_set_jn2dl_to_nvm
 .text.service_nvm_set_rx2fq_to_nvm
                0x0000000008022128       0x18 out/external/libexternal_fuota_stack.a(service_nvm_common.o)
                0x0000000008022128                service_nvm_set_rx2fq_to_nvm
 .text.service_nvm_get_rx2fq_from_nvm
                0x0000000008022140        0xc out/external/libexternal_fuota_stack.a(service_nvm_common.o)
                0x0000000008022140                service_nvm_get_rx2fq_from_nvm
 .text.service_nvm_get_pub_nwk_mode_from_nvm
                0x000000000802214c        0xc out/external/libexternal_fuota_stack.a(service_nvm_common.o)
                0x000000000802214c                service_nvm_get_pub_nwk_mode_from_nvm
 .text.service_nvm_set_pub_nwk_mode_to_nvm
                0x0000000008022158       0x18 out/external/libexternal_fuota_stack.a(service_nvm_common.o)
                0x0000000008022158                service_nvm_set_pub_nwk_mode_to_nvm
 .text.service_nvm_get_rx1dl_from_nvm
                0x0000000008022170        0xc out/external/libexternal_fuota_stack.a(service_nvm_common.o)
                0x0000000008022170                service_nvm_get_rx1dl_from_nvm
 .text.service_nvm_set_rx1dl_to_nvm
                0x000000000802217c       0x18 out/external/libexternal_fuota_stack.a(service_nvm_common.o)
                0x000000000802217c                service_nvm_set_rx1dl_to_nvm
 .text.service_nvm_get_rx2dl_from_nvm
                0x0000000008022194        0xc out/external/libexternal_fuota_stack.a(service_nvm_common.o)
                0x0000000008022194                service_nvm_get_rx2dl_from_nvm
 .text.service_nvm_set_rx2dl_to_nvm
                0x00000000080221a0       0x18 out/external/libexternal_fuota_stack.a(service_nvm_common.o)
                0x00000000080221a0                service_nvm_set_rx2dl_to_nvm
 .text.service_nvm_get_txpower_from_nvm
                0x00000000080221b8        0xc out/external/libexternal_fuota_stack.a(service_nvm_common.o)
                0x00000000080221b8                service_nvm_get_txpower_from_nvm
 .text.service_nvm_set_txpower_to_nvm
                0x00000000080221c4       0x18 out/external/libexternal_fuota_stack.a(service_nvm_common.o)
                0x00000000080221c4                service_nvm_set_txpower_to_nvm
 .text.service_nvm_get_linkcheck_from_nvm
                0x00000000080221dc        0xc out/external/libexternal_fuota_stack.a(service_nvm_common.o)
                0x00000000080221dc                service_nvm_get_linkcheck_from_nvm
 .text.service_nvm_set_linkcheck_to_nvm
                0x00000000080221e8       0x18 out/external/libexternal_fuota_stack.a(service_nvm_common.o)
                0x00000000080221e8                service_nvm_set_linkcheck_to_nvm
 .text.service_nvm_get_ping_slot_periodicity_from_nvm
                0x0000000008022200        0xc out/external/libexternal_fuota_stack.a(service_nvm_common.o)
                0x0000000008022200                service_nvm_get_ping_slot_periodicity_from_nvm
 .text.service_nvm_set_ping_slot_periodicity_to_nvm
                0x000000000802220c       0x18 out/external/libexternal_fuota_stack.a(service_nvm_common.o)
                0x000000000802220c                service_nvm_set_ping_slot_periodicity_to_nvm
 .text.service_nvm_get_join_start_from_nvm
                0x0000000008022224        0xc out/external/libexternal_fuota_stack.a(service_nvm_common.o)
                0x0000000008022224                service_nvm_get_join_start_from_nvm
 .text.service_nvm_set_join_start_to_nvm
                0x0000000008022230       0x18 out/external/libexternal_fuota_stack.a(service_nvm_common.o)
                0x0000000008022230                service_nvm_set_join_start_to_nvm
 .text.service_nvm_get_auto_join_from_nvm
                0x0000000008022248        0xc out/external/libexternal_fuota_stack.a(service_nvm_common.o)
                0x0000000008022248                service_nvm_get_auto_join_from_nvm
 .text.service_nvm_set_auto_join_to_nvm
                0x0000000008022254       0x18 out/external/libexternal_fuota_stack.a(service_nvm_common.o)
                0x0000000008022254                service_nvm_set_auto_join_to_nvm
 .text.service_nvm_get_auto_join_period_from_nvm
                0x000000000802226c        0xc out/external/libexternal_fuota_stack.a(service_nvm_common.o)
                0x000000000802226c                service_nvm_get_auto_join_period_from_nvm
 .text.service_nvm_set_auto_join_period_to_nvm
                0x0000000008022278       0x18 out/external/libexternal_fuota_stack.a(service_nvm_common.o)
                0x0000000008022278                service_nvm_set_auto_join_period_to_nvm
 .text.service_nvm_get_auto_join_max_cnt_from_nvm
                0x0000000008022290        0xc out/external/libexternal_fuota_stack.a(service_nvm_common.o)
                0x0000000008022290                service_nvm_get_auto_join_max_cnt_from_nvm
 .text.service_nvm_set_auto_join_max_cnt_to_nvm
                0x000000000802229c       0x18 out/external/libexternal_fuota_stack.a(service_nvm_common.o)
                0x000000000802229c                service_nvm_set_auto_join_max_cnt_to_nvm
 .text.service_nvm_get_lbt_from_nvm
                0x00000000080222b4        0xc out/external/libexternal_fuota_stack.a(service_nvm_common.o)
                0x00000000080222b4                service_nvm_get_lbt_from_nvm
 .text.service_nvm_set_lbt_to_nvm
                0x00000000080222c0       0x18 out/external/libexternal_fuota_stack.a(service_nvm_common.o)
                0x00000000080222c0                service_nvm_set_lbt_to_nvm
 .text.service_nvm_get_lbt_rssi_from_nvm
                0x00000000080222d8        0xc out/external/libexternal_fuota_stack.a(service_nvm_common.o)
                0x00000000080222d8                service_nvm_get_lbt_rssi_from_nvm
 .text.service_nvm_set_lbt_rssi_to_nvm
                0x00000000080222e4       0x18 out/external/libexternal_fuota_stack.a(service_nvm_common.o)
                0x00000000080222e4                service_nvm_set_lbt_rssi_to_nvm
 .text.service_nvm_get_lbt_scantime_from_nvm
                0x00000000080222fc        0xc out/external/libexternal_fuota_stack.a(service_nvm_common.o)
                0x00000000080222fc                service_nvm_get_lbt_scantime_from_nvm
 .text.service_nvm_set_lbt_scantime_to_nvm
                0x0000000008022308       0x18 out/external/libexternal_fuota_stack.a(service_nvm_common.o)
                0x0000000008022308                service_nvm_set_lbt_scantime_to_nvm
 .text.service_nvm_get_DevNonce_from_nvm
                0x0000000008022320        0xc out/external/libexternal_fuota_stack.a(service_nvm_common.o)
                0x0000000008022320                service_nvm_get_DevNonce_from_nvm
 .text.service_nvm_set_DevNonce_to_nvm
                0x000000000802232c       0x18 out/external/libexternal_fuota_stack.a(service_nvm_common.o)
                0x000000000802232c                service_nvm_set_DevNonce_to_nvm
 .text.service_nvm_set_IsCertPortOn_to_nvm
                0x0000000008022344       0x18 out/external/libexternal_fuota_stack.a(service_nvm_common.o)
                0x0000000008022344                service_nvm_set_IsCertPortOn_to_nvm
 .text.service_nvm_get_IsCertPortOn_from_nvm
                0x000000000802235c        0xc out/external/libexternal_fuota_stack.a(service_nvm_common.o)
                0x000000000802235c                service_nvm_get_IsCertPortOn_from_nvm
 .text.service_nvm_set_crypto_to_nvm
                0x0000000008022368       0x28 out/external/libexternal_fuota_stack.a(service_nvm_common.o)
                0x0000000008022368                service_nvm_set_crypto_to_nvm
 .text.service_nvm_get_crypto_from_nvm
                0x0000000008022390        0x8 out/external/libexternal_fuota_stack.a(service_nvm_common.o)
                0x0000000008022390                service_nvm_get_crypto_from_nvm
 .text.service_nvm_set_macgroup1_to_nvm
                0x0000000008022398       0x28 out/external/libexternal_fuota_stack.a(service_nvm_common.o)
                0x0000000008022398                service_nvm_set_macgroup1_to_nvm
 .text.service_nvm_get_macgroup1_from_nvm
                0x00000000080223c0        0x8 out/external/libexternal_fuota_stack.a(service_nvm_common.o)
                0x00000000080223c0                service_nvm_get_macgroup1_from_nvm
 .text.service_nvm_set_macgroup2_to_nvm
                0x00000000080223c8       0x2c out/external/libexternal_fuota_stack.a(service_nvm_common.o)
                0x00000000080223c8                service_nvm_set_macgroup2_to_nvm
 .text.service_nvm_get_macgroup2_from_nvm
                0x00000000080223f4        0x8 out/external/libexternal_fuota_stack.a(service_nvm_common.o)
                0x00000000080223f4                service_nvm_get_macgroup2_from_nvm
 .text.service_nvm_set_sec_element_to_nvm
                0x00000000080223fc       0x2c out/external/libexternal_fuota_stack.a(service_nvm_common.o)
                0x00000000080223fc                service_nvm_set_sec_element_to_nvm
 .text.service_nvm_get_sec_element_from_nvm
                0x0000000008022428        0x8 out/external/libexternal_fuota_stack.a(service_nvm_common.o)
                0x0000000008022428                service_nvm_get_sec_element_from_nvm
 .text.service_nvm_set_regionchannels_to_nvm
                0x0000000008022430       0x2c out/external/libexternal_fuota_stack.a(service_nvm_common.o)
                0x0000000008022430                service_nvm_set_regionchannels_to_nvm
 .text.service_nvm_get_regionchannels_from_nvm
                0x000000000802245c        0x8 out/external/libexternal_fuota_stack.a(service_nvm_common.o)
                0x000000000802245c                service_nvm_get_regionchannels_from_nvm
 .text.service_nvm_get_multicast_from_nvm
                0x0000000008022464        0x8 out/external/libexternal_fuota_stack.a(service_nvm_common.o)
                0x0000000008022464                service_nvm_get_multicast_from_nvm
 .text.service_nvm_set_multicast_to_nvm
                0x000000000802246c       0x28 out/external/libexternal_fuota_stack.a(service_nvm_common.o)
                0x000000000802246c                service_nvm_set_multicast_to_nvm
 .text.service_nvm_get_tp_port_from_nvm
                0x0000000008022494       0x10 out/external/libexternal_fuota_stack.a(service_nvm_common.o)
                0x0000000008022494                service_nvm_get_tp_port_from_nvm
 .text.service_nvm_set_tp_port_to_nvm
                0x00000000080224a4       0x28 out/external/libexternal_fuota_stack.a(service_nvm_common.o)
                0x00000000080224a4                service_nvm_set_tp_port_to_nvm
 .text.service_nvm_get_chs_from_nvm
                0x00000000080224cc        0xc out/external/libexternal_fuota_stack.a(service_nvm_common.o)
                0x00000000080224cc                service_nvm_get_chs_from_nvm
 .text.service_nvm_set_chs_to_nvm
                0x00000000080224d8       0x18 out/external/libexternal_fuota_stack.a(service_nvm_common.o)
                0x00000000080224d8                service_nvm_set_chs_to_nvm
 .text.service_nvm_get_freq_from_nvm
                0x00000000080224f0        0xc out/external/libexternal_fuota_stack.a(service_nvm_common.o)
                0x00000000080224f0                service_nvm_get_freq_from_nvm
 .text.service_nvm_set_freq_to_nvm
                0x00000000080224fc       0x18 out/external/libexternal_fuota_stack.a(service_nvm_common.o)
                0x00000000080224fc                service_nvm_set_freq_to_nvm
 .text.service_nvm_get_sf_from_nvm
                0x0000000008022514        0xc out/external/libexternal_fuota_stack.a(service_nvm_common.o)
                0x0000000008022514                service_nvm_get_sf_from_nvm
 .text.service_nvm_set_sf_to_nvm
                0x0000000008022520       0x18 out/external/libexternal_fuota_stack.a(service_nvm_common.o)
                0x0000000008022520                service_nvm_set_sf_to_nvm
 .text.service_nvm_get_bandwidth_from_nvm
                0x0000000008022538       0x14 out/external/libexternal_fuota_stack.a(service_nvm_common.o)
                0x0000000008022538                service_nvm_get_bandwidth_from_nvm
 .text.service_nvm_set_bandwidth_to_nvm
                0x000000000802254c       0x24 out/external/libexternal_fuota_stack.a(service_nvm_common.o)
                0x000000000802254c                service_nvm_set_bandwidth_to_nvm
 .text.service_nvm_get_codingrate_from_nvm
                0x0000000008022570        0xc out/external/libexternal_fuota_stack.a(service_nvm_common.o)
                0x0000000008022570                service_nvm_get_codingrate_from_nvm
 .text.service_nvm_set_codingrate_to_nvm
                0x000000000802257c       0x18 out/external/libexternal_fuota_stack.a(service_nvm_common.o)
                0x000000000802257c                service_nvm_set_codingrate_to_nvm
 .text.service_nvm_get_preamlen_from_nvm
                0x0000000008022594        0xc out/external/libexternal_fuota_stack.a(service_nvm_common.o)
                0x0000000008022594                service_nvm_get_preamlen_from_nvm
 .text.service_nvm_set_preamlen_to_nvm
                0x00000000080225a0       0x18 out/external/libexternal_fuota_stack.a(service_nvm_common.o)
                0x00000000080225a0                service_nvm_set_preamlen_to_nvm
 .text.service_nvm_get_powerdbm_from_nvm
                0x00000000080225b8        0xc out/external/libexternal_fuota_stack.a(service_nvm_common.o)
                0x00000000080225b8                service_nvm_get_powerdbm_from_nvm
 .text.service_nvm_set_powerdbm_to_nvm
                0x00000000080225c4       0x18 out/external/libexternal_fuota_stack.a(service_nvm_common.o)
                0x00000000080225c4                service_nvm_set_powerdbm_to_nvm
 .text.service_nvm_get_crypt_enable_from_nvm
                0x00000000080225dc        0xc out/external/libexternal_fuota_stack.a(service_nvm_common.o)
                0x00000000080225dc                service_nvm_get_crypt_enable_from_nvm
 .text.service_nvm_set_crypt_enable_to_nvm
                0x00000000080225e8       0x18 out/external/libexternal_fuota_stack.a(service_nvm_common.o)
                0x00000000080225e8                service_nvm_set_crypt_enable_to_nvm
 .text.service_nvm_get_crypt_key_from_nvm
                0x0000000008022600       0x1c out/external/libexternal_fuota_stack.a(service_nvm_common.o)
                0x0000000008022600                service_nvm_get_crypt_key_from_nvm
 .text.service_nvm_set_crypt_key_to_nvm
                0x000000000802261c       0x34 out/external/libexternal_fuota_stack.a(service_nvm_common.o)
                0x000000000802261c                service_nvm_set_crypt_key_to_nvm
 .text.service_nvm_get_crypt_IV_from_nvm
                0x0000000008022650       0x1c out/external/libexternal_fuota_stack.a(service_nvm_common.o)
                0x0000000008022650                service_nvm_get_crypt_IV_from_nvm
 .text.service_nvm_set_crypt_IV_to_nvm
                0x000000000802266c       0x34 out/external/libexternal_fuota_stack.a(service_nvm_common.o)
                0x000000000802266c                service_nvm_set_crypt_IV_to_nvm
 .text.service_nvm_set_fdev_to_nvm
                0x00000000080226a0       0x18 out/external/libexternal_fuota_stack.a(service_nvm_common.o)
                0x00000000080226a0                service_nvm_set_fdev_to_nvm
 .text.service_nvm_set_bitrate_to_nvm
                0x00000000080226b8       0x18 out/external/libexternal_fuota_stack.a(service_nvm_common.o)
                0x00000000080226b8                service_nvm_set_bitrate_to_nvm
 .text.service_nvm_get_bitrate_from_nvm
                0x00000000080226d0        0xc out/external/libexternal_fuota_stack.a(service_nvm_common.o)
                0x00000000080226d0                service_nvm_get_bitrate_from_nvm
 .text.service_nvm_get_fdev_from_nvm
                0x00000000080226dc        0xc out/external/libexternal_fuota_stack.a(service_nvm_common.o)
                0x00000000080226dc                service_nvm_get_fdev_from_nvm
 .text.service_nvm_set_dcs_to_nvm
                0x00000000080226e8       0x18 out/external/libexternal_fuota_stack.a(service_nvm_common.o)
                0x00000000080226e8                service_nvm_set_dcs_to_nvm
 .text.service_nvm_get_dcs_from_nvm
                0x0000000008022700        0xc out/external/libexternal_fuota_stack.a(service_nvm_common.o)
                0x0000000008022700                service_nvm_get_dcs_from_nvm
 .text.service_nvm_get_iqinverted_from_nvm
                0x000000000802270c        0xc out/external/libexternal_fuota_stack.a(service_nvm_common.o)
                0x000000000802270c                service_nvm_get_iqinverted_from_nvm
 .text.service_nvm_set_iqinverted_to_nvm
                0x0000000008022718       0x18 out/external/libexternal_fuota_stack.a(service_nvm_common.o)
                0x0000000008022718                service_nvm_set_iqinverted_to_nvm
 .text.service_nvm_get_symbol_timeout_from_nvm
                0x0000000008022730        0xc out/external/libexternal_fuota_stack.a(service_nvm_common.o)
                0x0000000008022730                service_nvm_get_symbol_timeout_from_nvm
 .text.service_nvm_set_symbol_timeout_to_nvm
                0x000000000802273c       0x18 out/external/libexternal_fuota_stack.a(service_nvm_common.o)
                0x000000000802273c                service_nvm_set_symbol_timeout_to_nvm
 .text.service_nvm_get_fix_length_payload_from_nvm
                0x0000000008022754        0xc out/external/libexternal_fuota_stack.a(service_nvm_common.o)
                0x0000000008022754                service_nvm_get_fix_length_payload_from_nvm
 .text.service_nvm_set_fix_length_payload_to_nvm
                0x0000000008022760       0x18 out/external/libexternal_fuota_stack.a(service_nvm_common.o)
                0x0000000008022760                service_nvm_set_fix_length_payload_to_nvm
 .text.service_nvm_get_syncword_from_nvm
                0x0000000008022778        0xc out/external/libexternal_fuota_stack.a(service_nvm_common.o)
                0x0000000008022778                service_nvm_get_syncword_from_nvm
 .text.service_nvm_set_syncword_to_nvm
                0x0000000008022784       0x18 out/external/libexternal_fuota_stack.a(service_nvm_common.o)
                0x0000000008022784                service_nvm_set_syncword_to_nvm
 .text.service_nvm_get_CAD_from_nvm
                0x000000000802279c        0xc out/external/libexternal_fuota_stack.a(service_nvm_common.o)
                0x000000000802279c                service_nvm_get_CAD_from_nvm
 .text.service_nvm_set_CAD_to_nvm
                0x00000000080227a8       0x18 out/external/libexternal_fuota_stack.a(service_nvm_common.o)
                0x00000000080227a8                service_nvm_set_CAD_to_nvm
 .text.service_nvm_get_certi_from_nvm
                0x00000000080227c0        0xc out/external/libexternal_fuota_stack.a(service_nvm_common.o)
                0x00000000080227c0                service_nvm_get_certi_from_nvm
 .text.service_nvm_set_certi_to_nvm
                0x00000000080227cc       0x18 out/external/libexternal_fuota_stack.a(service_nvm_common.o)
                0x00000000080227cc                service_nvm_set_certi_to_nvm
 .text.service_lora_mac_nvm_data_init
                0x00000000080227e4       0x30 out/external/libexternal_fuota_stack.a(service_nvm_common.o)
                0x00000000080227e4                service_lora_mac_nvm_data_init
 .text.uhal_flash_init
                0x0000000008022814        0x2 out/external/libexternal_fuota_stack.a(uhal_flash.o)
                0x0000000008022814                uhal_flash_init
 .text.uhal_flash_deinit
                0x0000000008022816        0x2 out/external/libexternal_fuota_stack.a(uhal_flash.o)
                0x0000000008022816                uhal_flash_deinit
 .text.uhal_flash_write
                0x0000000008022818       0x44 out/external/libexternal_fuota_stack.a(uhal_flash.o)
                0x0000000008022818                uhal_flash_write
 .text.uhal_flash_read
                0x000000000802285c       0x10 out/external/libexternal_fuota_stack.a(uhal_flash.o)
                0x000000000802285c                uhal_flash_read
 .text.uhal_flash_erase
                0x000000000802286c       0x50 out/external/libexternal_fuota_stack.a(uhal_flash.o)
                0x000000000802286c                uhal_flash_erase
 .text.uhal_flash_get_page_size
                0x00000000080228bc        0x6 out/external/libexternal_fuota_stack.a(uhal_flash.o)
                0x00000000080228bc                uhal_flash_get_page_size
 .text.uhal_flash_check_addr_valid
                0x00000000080228c2        0x4 out/external/libexternal_fuota_stack.a(uhal_flash.o)
                0x00000000080228c2                uhal_flash_check_addr_valid
 .text.uhal_flash_suspend
                0x00000000080228c6        0x2 out/external/libexternal_fuota_stack.a(uhal_flash.o)
                0x00000000080228c6                uhal_flash_suspend
 .text.uhal_flash_resume
                0x00000000080228c8        0x2 out/external/libexternal_fuota_stack.a(uhal_flash.o)
                0x00000000080228c8                uhal_flash_resume
 .text.uhal_sys_get_uid
                0x00000000080228ca       0x1c out/external/libexternal_fuota_stack.a(uhal_system.o)
                0x00000000080228ca                uhal_sys_get_uid
 *fill*         0x00000000080228e6        0x2 
 .text.uhal_sys_reboot
                0x00000000080228e8       0x24 out/external/libexternal_fuota_stack.a(uhal_system.o)
                0x00000000080228e8                uhal_sys_reboot
 .text.uhal_sys_board_critical_section_begin
                0x000000000802290c        0xa out/external/libexternal_fuota_stack.a(uhal_system.o)
                0x000000000802290c                uhal_sys_board_critical_section_begin
 .text.uhal_sys_board_critical_section_end
                0x0000000008022916        0xa out/external/libexternal_fuota_stack.a(uhal_system.o)
                0x0000000008022916                uhal_sys_board_critical_section_end
 .text.uhal_sys_randomseed
                0x0000000008022920        0x2 out/external/libexternal_fuota_stack.a(uhal_system.o)
                0x0000000008022920                uhal_sys_randomseed
 .text.uhal_sys_random
                0x0000000008022922        0x2 out/external/libexternal_fuota_stack.a(uhal_system.o)
                0x0000000008022922                uhal_sys_random
 .text.uhal_sys_user_app_timer_create
                0x0000000008022924       0x2c out/external/libexternal_fuota_stack.a(uhal_system.o)
                0x0000000008022924                uhal_sys_user_app_timer_create
 .text.uhal_sys_user_app_timer_start
                0x0000000008022950       0x20 out/external/libexternal_fuota_stack.a(uhal_system.o)
                0x0000000008022950                uhal_sys_user_app_timer_start
 .text.uhal_sys_user_app_timer_stop
                0x0000000008022970       0x18 out/external/libexternal_fuota_stack.a(uhal_system.o)