Archive member included to satisfy reference by file (symbol)

out/external/libexternal_fuota_stack.a(subghz.o)
                              (--whole-archive)
out/external/libexternal_fuota_stack.a(radio_board_if.o)
                              (--whole-archive)
out/external/libexternal_fuota_stack.a(timer_if.o)
                              (--whole-archive)
out/external/libexternal_fuota_stack.a(board.o)
                              (--whole-archive)
out/external/libexternal_fuota_stack.a(service_lora_config.o)
                              (--whole-archive)
out/external/libexternal_fuota_stack.a(service_lora_multicast.o)
                              (--whole-archive)
out/external/libexternal_fuota_stack.a(LmHandler.o)
                              (--whole-archive)
out/external/libexternal_fuota_stack.a(LmhpClockSync.o)
                              (--whole-archive)
out/external/libexternal_fuota_stack.a(LmhpRemoteMcastSetup.o)
                              (--whole-archive)
out/external/libexternal_fuota_stack.a(LmhpFragmentation.o)
                              (--whole-archive)
out/external/libexternal_fuota_stack.a(FragDecoder.o)
                              (--whole-archive)
out/external/libexternal_fuota_stack.a(udrv_flash.o)
                              (--whole-archive)
out/external/libexternal_fuota_stack.a(system_stm32wlxx.o)
                              (--whole-archive)
out/external/libexternal_fuota_stack.a(stm32wlxx_hal_msp.o)
                              (--whole-archive)
out/external/libexternal_fuota_stack.a(service_nvm_common.o)
                              (--whole-archive)
out/external/libexternal_fuota_stack.a(uhal_flash.o)
                              (--whole-archive)
out/external/libexternal_fuota_stack.a(uhal_system.o)
                              (--whole-archive)
out/external/libexternal_fuota_stack.a(uhal_rtc.o)
                              (--whole-archive)
out/external/libexternal_fuota_stack.a(uhal_crypto.o)
                              (--whole-archive)
out/external/libexternal_fuota_stack.a(stm32wlxx_hal_cortex.o)
                              (--whole-archive)
out/external/libexternal_fuota_stack.a(radio.o)
                              (--whole-archive)
out/external/libexternal_fuota_stack.a(radio_fw.o)
                              (--whole-archive)
out/external/libexternal_fuota_stack.a(radio_driver.o)
                              (--whole-archive)
out/external/libexternal_fuota_stack.a(stm32_mem.o)
                              (--whole-archive)
out/external/libexternal_fuota_stack.a(stm32_timer.o)
                              (--whole-archive)
out/external/libexternal_fuota_stack.a(stm32_tiny_vsnprintf.o)
                              (--whole-archive)
out/external/libexternal_fuota_stack.a(stm32_systime.o)
                              (--whole-archive)
out/external/libexternal_fuota_stack.a(stm32wlxx_hal.o)
                              (--whole-archive)
out/external/libexternal_fuota_stack.a(stm32wlxx_hal_rcc.o)
                              (--whole-archive)
out/external/libexternal_fuota_stack.a(stm32wlxx_hal_rcc_ex.o)
                              (--whole-archive)
out/external/libexternal_fuota_stack.a(stm32wlxx_hal_rtc.o)
                              (--whole-archive)
out/external/libexternal_fuota_stack.a(stm32wlxx_hal_rtc_ex.o)
                              (--whole-archive)
out/external/libexternal_fuota_stack.a(stm32wlxx_hal_pwr.o)
                              (--whole-archive)
out/external/libexternal_fuota_stack.a(stm32wlxx_hal_pwr_ex.o)
                              (--whole-archive)
out/external/libexternal_fuota_stack.a(stm32wlxx_hal_flash.o)
                              (--whole-archive)
out/external/libexternal_fuota_stack.a(stm32wlxx_hal_flash_ex.o)
                              (--whole-archive)
out/external/libexternal_fuota_stack.a(stm32wlxx_hal_subghz.o)
                              (--whole-archive)
out/external/libexternal_fuota_stack.a(stm32wlxx_hal_gpio.o)
                              (--whole-archive)
out/external/libexternal_fuota_stack.a(stm32wlxx_hal_cryp.o)
                              (--whole-archive)
out/external/libexternal_fuota_stack.a(stm32wlxx_hal_dma.o)
                              (--whole-archive)
out/external/libexternal_fuota_stack.a(utilities.o)
                              (--whole-archive)
out/external/libexternal_fuota_stack.a(cmac.o)
                              (--whole-archive)
out/external/libexternal_fuota_stack.a(soft-se-hal.o)
                              (--whole-archive)
out/external/libexternal_fuota_stack.a(soft-se.o)
                              (--whole-archive)
out/external/libexternal_fuota_stack.a(LoRaMacAdr.o)
                              (--whole-archive)
out/external/libexternal_fuota_stack.a(LoRaMac.o)
                              (--whole-archive)
out/external/libexternal_fuota_stack.a(LoRaMacClassB.o)
                              (--whole-archive)
[...]
Memory Configuration

Name             Origin             Length             Attributes
BL               0x0000000008000000 0x0000000000006000 xr
ROM              0x000000000801e000 0x000000000001e800 xr
RAM1_DATA        0x0000000020000000 0x0000000000006000 xrw
RAM1             0x0000000020006000 0x0000000000009c00 xrw
RAM2             0x000000002000fc00 0x0000000000000400 xrw
*default*        0x0000000000000000 0xffffffffffffffff

Linker script and memory map

START GROUP
LOAD out/external/libexternal_fuota_stack.a
END GROUP
LOAD out/external/libexternal_fuota_stack.a
LOAD /opt/gcc-arm-none-eabi-10-2020-q4-major/bin/../lib/gcc/arm-none-eabi/10.2.1/../../../../arm-none-eabi/lib/thumb/v7e-m/nofp/libc_nano.a
LOAD /opt/gcc-arm-none-eabi-10-2020-q4-major/bin/../lib/gcc/arm-none-eabi/10.2.1/../../../../arm-none-eabi/lib/thumb/v7e-m/nofp/libm.a
LOAD /opt/gcc-arm-none-eabi-10-2020-q4-major/bin/../lib/gcc/arm-none-eabi/10.2.1/../../../../arm-none-eabi/lib/thumb/v7e-m/nofp/libnosys.a
LOAD /opt/gcc-arm-none-eabi-10-2020-q4-major/bin/../lib/gcc/arm-none-eabi/10.2.1/../../../../arm-none-eabi/lib/thumb/v7e-m/nofp/libstdc++_nano.a
LOAD /home/jenkins/workspace/RUI_Release/rui-v3/version.o
START GROUP
LOAD /opt/gcc-arm-none-eabi-10-2020-q4-major/bin/../lib/gcc/arm-none-eabi/10.2.1/thumb/v7e-m/nofp/libgcc.a
LOAD /opt/gcc-arm-none-eabi-10-2020-q4-major/bin/../lib/gcc/arm-none-eabi/10.2.1/../../../../arm-none-eabi/lib/thumb/v7e-m/nofp/libc_nano.a
END GROUP
START GROUP
LOAD /opt/gcc-arm-none-eabi-10-2020-q4-major/bin/../lib/gcc/arm-none-eabi/10.2.1/thumb/v7e-m/nofp/libgcc.a
LOAD /opt/gcc-arm-none-eabi-10-2020-q4-major/bin/../lib/gcc/arm-none-eabi/10.2.1/../../../../arm-none-eabi/lib/thumb/v7e-m/nofp/libc_nano.a
END GROUP
                0x000000002000fc00                _estack = (ORIGIN (RAM1) + LENGTH (RAM1))
                0x0000000000001e00                _Min_Heap_Size = 0x1e00
                0x0000000000002000                _Min_Stack_Size = 0x2000

.isr_vector     0x000000000801e000        0x0
                0x000000000801e000                . = ALIGN (0x8)
 *(.isr_vector)
                0x000000000801e000                . = ALIGN (0x8)

.text           0x000000000801e000    0x1d630
                0x000000000801e000                . = ALIGN (0x8)
 *(.text)
 .text          0x000000000801e000        0x0 out/external/libexternal_fuota_stack.a(subghz.o)
 .text          0x000000000801e000        0x0 out/external/libexternal_fuota_stack.a(radio_board_if.o)
 .text          0x000000000801e000        0x0 out/external/libexternal_fuota_stack.a(timer_if.o)
 .text          0x000000000801e000        0x0 out/external/libexternal_fuota_stack.a(board.o)
 .text          0x000000000801e000        0x0 out/external/libexternal_fuota_stack.a(service_lora_config.o)
 .text          0x000000000801e000        0x0 out/external/libexternal_fuota_stack.a(service_lora_multicast.o)
 .text          0x000000000801e000        0x0 out/external/libexternal_fuota_stack.a(LmHandler.o)
 .text          0x000000000801e000        0x0 out/external/libexternal_fuota_stack.a(LmhpClockSync.o)
 .text          0x000000000801e000        0x0 out/external/libexternal_fuota_stack.a(LmhpRemoteMcastSetup.o)
 .text          0x000000000801e000        0x0 out/external/libexternal_fuota_stack.a(LmhpFragmentation.o)
 .text          0x000000000801e000        0x0 out/external/libexternal_fuota_stack.a(FragDecoder.o)
 .text          0x000000000801e000        0x0 out/external/libexternal_fuota_stack.a(udrv_flash.o)
 .text          0x000000000801e000        0x0 out/external/libexternal_fuota_stack.a(system_stm32wlxx.o)
 .text          0x000000000801e000        0x0 out/external/libexternal_fuota_stack.a(stm32wlxx_hal_msp.o)
 .text          0x000000000801e000        0x0 out/external/libexternal_fuota_stack.a(service_nvm_common.o)
 .text          0x000000000801e000        0x0 out/external/libexternal_fuota_stack.a(uhal_flash.o)
 .text          0x000000000801e000        0x0 out/external/libexternal_fuota_stack.a(uhal_system.o)
 .text          0x000000000801e000        0x0 out/external/libexternal_fuota_stack.a(uhal_rtc.o)
 .text          0x000000000801e000        0x0 out/external/libexternal_fuota_stack.a(uhal_crypto.o)
 .text          0x000000000801e000        0x0 out/external/libexternal_fuota_stack.a(stm32wlxx_hal_cortex.o)
 .text          0x000000000801e000        0x0 out/external/libexternal_fuota_stack.a(radio.o)
 .text          0x000000000801e000        0x0 out/external/libexternal_fuota_stack.a(radio_fw.o)
 .text          0x000000000801e000        0x0 out/external/libexternal_fuota_stack.a(radio_driver.o)
 .text          0x000000000801e000        0x0 out/external/libexternal_fuota_stack.a(stm32_mem.o)
 .text          0x000000000801e000        0x0 out/external/libexternal_fuota_stack.a(stm32_timer.o)
 .text          0x000000000801e000        0x0 out/external/libexternal_fuota_stack.a(stm32_tiny_vsnprintf.o)
 .text          0x000000000801e000        0x0 out/external/libexternal_fuota_stack.a(stm32_systime.o)
 .text          0x000000000801e000        0x0 out/external/libexternal_fuota_stack.a(stm32wlxx_hal.o)
 .text          0x000000000801e000        0x0 out/external/libexternal_fuota_stack.a(stm32wlxx_hal_rcc.o)
 .text          0x000000000801e000        0x0 out/external/libexternal_fuota_stack.a(stm32wlxx_hal_rcc_ex.o)
 .text          0x000000000801e000        0x0 out/external/libexternal_fuota_stack.a(stm32wlxx_hal_rtc.o)
 .text          0x000000000801e000        0x0 out/external/libexternal_fuota_stack.a(stm32wlxx_hal_rtc_ex.o)
 .text          0x000000000801e000        0x0 out/external/libexternal_fuota_stack.a(stm32wlxx_hal_pwr.o)
 .text          0x000000000801e000        0x0 out/external/libexternal_fuota_stack.a(stm32wlxx_hal_pwr_ex.o)
 .text          0x000000000801e000        0x0 out/external/libexternal_fuota_stack.a(stm32wlxx_hal_flash.o)
 .text          0x000000000801e000        0x0 out/external/libexternal_fuota_stack.a(stm32wlxx_hal_flash_ex.o)
 .text          0x000000000801e000        0x0 out/external/libexternal_fuota_stack.a(stm32wlxx_hal_subghz.o)
 .text          0x000000000801e000        0x0 out/external/libexternal_fuota_stack.a(stm32wlxx_hal_gpio.o)
 .text          0x000000000801e000        0x0 out/external/libexternal_fuota_stack.a(stm32wlxx_hal_cryp.o)
 .text          0x000000000801e000        0x0 out/external/libexternal_fuota_stack.a(stm32wlxx_hal_dma.o)
 .text          0x000000000801e000        0x0 out/external/libexternal_fuota_stack.a(utilities.o)
 .text          0x000000000801e000        0x0 out/external/libexternal_fuota_stack.a(cmac.o)
 .text          0x000000000801e000        0x0 out/external/libexternal_fuota_stack.a(soft-se-hal.o)
 .text          0x000000000801e000        0x0 out/external/libexternal_fuota_stack.a(soft-se.o)
 .text          0x000000000801e000        0x0 out/external/libexternal_fuota_stack.a(LoRaMacAdr.o)
 .text          0x000000000801e000        0x0 out/external/libexternal_fuota_stack.a(LoRaMac.o)
 .text          0x000000000801e000        0x0 out/external/libexternal_fuota_stack.a(LoRaMacClassB.o)
 .text          0x000000000801e000        0x0 out/external/libexternal_fuota_stack.a(LoRaMacCommands.o)
 .text          0x000000000801e000        0x0 out/external/libexternal_fuota_stack.a(LoRaMacConfirmQueue.o)
 .text          0x000000000801e000        0x0 out/external/libexternal_fuota_stack.a(LoRaMacCrypto.o)
 .text          0x000000000801e000        0x0 out/external/libexternal_fuota_stack.a(LoRaMacParser.o)
 .text          0x000000000801e000        0x0 out/external/libexternal_fuota_stack.a(LoRaMacSerializer.o)
 .text          0x000000000801e000        0x0 out/external/libexternal_fuota_stack.a(RegionAS923.o)
 .text          0x000000000801e000        0x0 out/external/libexternal_fuota_stack.a(RegionAU915.o)
 .text          0x000000000801e000        0x0 out/external/libexternal_fuota_stack.a(RegionBaseUS.o)
 .text          0x000000000801e000        0x0 out/external/libexternal_fuota_stack.a(Region.o)
 .text          0x000000000801e000        0x0 out/external/libexternal_fuota_stack.a(RegionCN470A20.o)
 .text          0x000000000801e000        0x0 out/external/libexternal_fuota_stack.a(RegionCN470A26.o)
 .text          0x000000000801e000        0x0 out/external/libexternal_fuota_stack.a(RegionCN470B20.o)
 .text          0x000000000801e000        0x0 out/external/libexternal_fuota_stack.a(RegionCN470B26.o)
 .text          0x000000000801e000        0x0 out/external/libexternal_fuota_stack.a(RegionCN470.o)
 .text          0x000000000801e000        0x0 out/external/libexternal_fuota_stack.a(RegionCN779.o)
 .text          0x000000000801e000        0x0 out/external/libexternal_fuota_stack.a(RegionCommon.o)
 .text          0x000000000801e000        0x0 out/external/libexternal_fuota_stack.a(RegionEU433.o)
 .text          0x000000000801e000        0x0 out/external/libexternal_fuota_stack.a(RegionEU868.o)
 .text          0x000000000801e000        0x0 out/external/libexternal_fuota_stack.a(RegionIN865.o)
 .text          0x000000000801e000        0x0 out/external/libexternal_fuota_stack.a(RegionKR920.o)
 .text          0x000000000801e000        0x0 out/external/libexternal_fuota_stack.a(RegionLA915.o)
 .text          0x000000000801e000        0x0 out/external/libexternal_fuota_stack.a(RegionRU864.o)
 .text          0x000000000801e000        0x0 out/external/libexternal_fuota_stack.a(RegionUS915.o)
 .text          0x000000000801e000        0x0 /opt/gcc-arm-none-eabi-10-2020-q4-major/bin/../lib/gcc/arm-none-eabi/10.2.1/../../../../arm-none-eabi/lib/thumb/v7e-m/nofp/libc_nano.a(lib_a-memcmp.o)
 .text          0x000000000801e000        0x0 /opt/gcc-arm-none-eabi-10-2020-q4-major/bin/../lib/gcc/arm-none-eabi/10.2.1/../../../../arm-none-eabi/lib/thumb/v7e-m/nofp/libc_nano.a(lib_a-memcpy-stub.o)
 .text          0x000000000801e000        0x0 /opt/gcc-arm-none-eabi-10-2020-q4-major/bin/../lib/gcc/arm-none-eabi/10.2.1/../../../../arm-none-eabi/lib/thumb/v7e-m/nofp/libc_nano.a(lib_a-memset.o)
 .text          0x000000000801e000       0x10 /opt/gcc-arm-none-eabi-10-2020-q4-major/bin/../lib/gcc/arm-none-eabi/10.2.1/../../../../arm-none-eabi/lib/thumb/v7e-m/nofp/libc_nano.a(lib_a-strlen.o)
                0x000000000801e000                strlen
 .text          0x000000000801e010        0x0 /opt/gcc-arm-none-eabi-10-2020-q4-major/bin/../lib/gcc/arm-none-eabi/10.2.1/../../../../arm-none-eabi/lib/thumb/v7e-m/nofp/libm.a(lib_a-s_floor.o)
 .text          0x000000000801e010        0x0 /home/jenkins/workspace/RUI_Release/rui-v3/version.o
 .text          0x000000000801e010      0x378 /opt/gcc-arm-none-eabi-10-2020-q4-major/bin/../lib/gcc/arm-none-eabi/10.2.1/thumb/v7e-m/nofp/libgcc.a(_arm_addsubdf3.o)
                0x000000000801e010                __aeabi_drsub
                0x000000000801e018                __aeabi_dsub
                0x000000000801e018                __subdf3
                0x000000000801e01c                __adddf3
                0x000000000801e01c                __aeabi_dadd
                0x000000000801e294                __aeabi_ui2d
                0x000000000801e294                __floatunsidf
                0x000000000801e2b4                __floatsidf
                0x000000000801e2b4                __aeabi_i2d
                0x000000000801e2d8                __extendsfdf2
                0x000000000801e2d8                __aeabi_f2d
                0x000000000801e31c                __aeabi_ul2d
                0x000000000801e31c                __floatundidf
                0x000000000801e32c                __floatdidf
                0x000000000801e32c                __aeabi_l2d
 .text          0x000000000801e388      0x110 /opt/gcc-arm-none-eabi-10-2020-q4-major/bin/../lib/gcc/arm-none-eabi/10.2.1/thumb/v7e-m/nofp/libgcc.a(_arm_cmpdf2.o)
                0x000000000801e388                __gtdf2
                0x000000000801e388                __gedf2
                0x000000000801e390                __ltdf2
                0x000000000801e390                __ledf2
                0x000000000801e398                __cmpdf2
                0x000000000801e398                __eqdf2
                0x000000000801e398                __nedf2
                0x000000000801e414                __aeabi_cdrcmple
                0x000000000801e424                __aeabi_cdcmple
                0x000000000801e424                __aeabi_cdcmpeq
                0x000000000801e434                __aeabi_dcmpeq
                0x000000000801e448                __aeabi_dcmplt
                0x000000000801e45c                __aeabi_dcmple
                0x000000000801e470                __aeabi_dcmpge
                0x000000000801e484                __aeabi_dcmpgt
 .text          0x000000000801e498       0x50 /opt/gcc-arm-none-eabi-10-2020-q4-major/bin/../lib/gcc/arm-none-eabi/10.2.1/thumb/v7e-m/nofp/libgcc.a(_arm_fixdfsi.o)
                0x000000000801e498                __fixdfsi
                0x000000000801e498                __aeabi_d2iz
 .text          0x000000000801e4e8      0x21c /opt/gcc-arm-none-eabi-10-2020-q4-major/bin/../lib/gcc/arm-none-eabi/10.2.1/thumb/v7e-m/nofp/libgcc.a(_arm_addsubsf3.o)
                0x000000000801e4e8                __aeabi_frsub
                0x000000000801e4f0                __subsf3
                0x000000000801e4f0                __aeabi_fsub
                0x000000000801e4f4                __aeabi_fadd
                0x000000000801e4f4                __addsf3
                0x000000000801e654                __aeabi_ui2f
                0x000000000801e654                __floatunsisf
                0x000000000801e65c                __aeabi_i2f
                0x000000000801e65c                __floatsisf
                0x000000000801e678                __floatundisf
                0x000000000801e678                __aeabi_ul2f
                0x000000000801e688                __floatdisf
                0x000000000801e688                __aeabi_l2f
 .text          0x000000000801e704       0xec /opt/gcc-arm-none-eabi-10-2020-q4-major/bin/../lib/gcc/arm-none-eabi/10.2.1/thumb/v7e-m/nofp/libgcc.a(_arm_cmpsf2.o)
                0x000000000801e704                __gtsf2
                0x000000000801e704                __gesf2
                0x000000000801e70c                __lesf2
                0x000000000801e70c                __ltsf2
                0x000000000801e714                __nesf2
                0x000000000801e714                __eqsf2
                0x000000000801e714                __cmpsf2
                0x000000000801e774                __aeabi_cfrcmple
                0x000000000801e77c                __aeabi_cfcmple
                0x000000000801e77c                __aeabi_cfcmpeq
                0x000000000801e78c                __aeabi_fcmpeq
                0x000000000801e7a0                __aeabi_fcmplt
                0x000000000801e7b4                __aeabi_fcmple
                0x000000000801e7c8                __aeabi_fcmpge
                0x000000000801e7dc                __aeabi_fcmpgt
 .text          0x000000000801e7f0       0xa0 /opt/gcc-arm-none-eabi-10-2020-q4-major/bin/../lib/gcc/arm-none-eabi/10.2.1/thumb/v7e-m/nofp/libgcc.a(_aeabi_ldivmod.o)
                0x000000000801e7f0                __aeabi_ldivmod
 .text          0x000000000801e890       0x30 /opt/gcc-arm-none-eabi-10-2020-q4-major/bin/../lib/gcc/arm-none-eabi/10.2.1/thumb/v7e-m/nofp/libgcc.a(_aeabi_uldivmod.o)
                0x000000000801e890                __aeabi_uldivmod
 .text          0x000000000801e8c0      0x2d0 /opt/gcc-arm-none-eabi-10-2020-q4-major/bin/../lib/gcc/arm-none-eabi/10.2.1/thumb/v7e-m/nofp/libgcc.a(_udivmoddi4.o)
                0x000000000801e8c0                __udivmoddi4
 .text          0x000000000801eb90        0x4 /opt/gcc-arm-none-eabi-10-2020-q4-major/bin/../lib/gcc/arm-none-eabi/10.2.1/thumb/v7e-m/nofp/libgcc.a(_dvmd_tls.o)
                0x000000000801eb90                __aeabi_ldiv0
                0x000000000801eb90                __aeabi_idiv0
 *(.text*)
 .text.MX_SUBGHZ_Init
                0x000000000801eb94       0x1c out/external/libexternal_fuota_stack.a(subghz.o)
                0x000000000801eb94                MX_SUBGHZ_Init
 .text.HAL_SUBGHZ_MspInit
                0x000000000801ebb0       0x2e out/external/libexternal_fuota_stack.a(subghz.o)
                0x000000000801ebb0                HAL_SUBGHZ_MspInit
 .text.HAL_SUBGHZ_MspDeInit
                0x000000000801ebde       0x12 out/external/libexternal_fuota_stack.a(subghz.o)
                0x000000000801ebde                HAL_SUBGHZ_MspDeInit
 .text.LL_AHB2_GRP1_EnableClock
                0x000000000801ebf0       0x18 out/external/libexternal_fuota_stack.a(radio_board_if.o)
 .text.RBI_Init
                0x000000000801ec08       0x70 out/external/libexternal_fuota_stack.a(radio_board_if.o)
                0x000000000801ec08                RBI_Init
 .text.RBI_DeInit
                0x000000000801ec78       0x4c out/external/libexternal_fuota_stack.a(radio_board_if.o)
                0x000000000801ec78                RBI_DeInit
 .text.RBI_ConfigRFSwitch
                0x000000000801ecc4       0x44 out/external/libexternal_fuota_stack.a(radio_board_if.o)
                0x000000000801ecc4                RBI_ConfigRFSwitch
 .text.RBI_GetTxConfig
                0x000000000801ed08        0x4 out/external/libexternal_fuota_stack.a(radio_board_if.o)
                0x000000000801ed08                RBI_GetTxConfig
 .text.RBI_IsTCXO
                0x000000000801ed0c        0x4 out/external/libexternal_fuota_stack.a(radio_board_if.o)
                0x000000000801ed0c                RBI_IsTCXO
 .text.RBI_IsDCDC
                0x000000000801ed10        0x4 out/external/libexternal_fuota_stack.a(radio_board_if.o)
                0x000000000801ed10                RBI_IsDCDC
 .text.TIMER_IF_SetTimerContext
                0x000000000801ed14       0x14 out/external/libexternal_fuota_stack.a(timer_if.o)
                0x000000000801ed14                TIMER_IF_SetTimerContext
 .text.TIMER_IF_GetTimerContext
                0x000000000801ed28        0xc out/external/libexternal_fuota_stack.a(timer_if.o)
                0x000000000801ed28                TIMER_IF_GetTimerContext
 .text.TIMER_IF_GetTimerElapsedTime
                0x000000000801ed34       0x18 out/external/libexternal_fuota_stack.a(timer_if.o)
                0x000000000801ed34                TIMER_IF_GetTimerElapsedTime
 .text.TIMER_IF_GetTimerValue
                0x000000000801ed4c       0x18 out/external/libexternal_fuota_stack.a(timer_if.o)
                0x000000000801ed4c                TIMER_IF_GetTimerValue
 .text.TIMER_IF_GetMinimumTimeout
                0x000000000801ed64        0x4 out/external/libexternal_fuota_stack.a(timer_if.o)
                0x000000000801ed64                TIMER_IF_GetMinimumTimeout
 .text.TIMER_IF_Convert_ms2Tick
                0x000000000801ed68       0x14 out/external/libexternal_fuota_stack.a(timer_if.o)
                0x000000000801ed68                TIMER_IF_Convert_ms2Tick
 .text.TIMER_IF_Convert_Tick2ms
                0x000000000801ed7c       0x10 out/external/libexternal_fuota_stack.a(timer_if.o)
                0x000000000801ed7c                TIMER_IF_Convert_Tick2ms
 .text.TIMER_IF_StopTimer
                0x000000000801ed8c       0x28 out/external/libexternal_fuota_stack.a(timer_if.o)
                0x000000000801ed8c                TIMER_IF_StopTimer
 .text.TIMER_IF_BkUp_Write_Seconds
                0x000000000801edb4       0x10 out/external/libexternal_fuota_stack.a(timer_if.o)
                0x000000000801edb4                TIMER_IF_BkUp_Write_Seconds
 .text.TIMER_IF_BkUp_Write_SubSeconds
                0x000000000801edc4       0x10 out/external/libexternal_fuota_stack.a(timer_if.o)
                0x000000000801edc4                TIMER_IF_BkUp_Write_SubSeconds
 .text.TIMER_IF_StartTimer
                0x000000000801edd4       0x50 out/external/libexternal_fuota_stack.a(timer_if.o)
                0x000000000801edd4                TIMER_IF_StartTimer
 .text.TIMER_IF_GetTime
                0x000000000801ee24       0x34 out/external/libexternal_fuota_stack.a(timer_if.o)
                0x000000000801ee24                TIMER_IF_GetTime
 .text.TIMER_IF_BkUp_Read_Seconds
                0x000000000801ee58        0xc out/external/libexternal_fuota_stack.a(timer_if.o)
                0x000000000801ee58                TIMER_IF_BkUp_Read_Seconds
 .text.TIMER_IF_BkUp_Read_SubSeconds
                0x000000000801ee64        0xc out/external/libexternal_fuota_stack.a(timer_if.o)
                0x000000000801ee64                TIMER_IF_BkUp_Read_SubSeconds
 .text.TIMER_IF_Init
                0x000000000801ee70       0x50 out/external/libexternal_fuota_stack.a(timer_if.o)
                0x000000000801ee70                TIMER_IF_Init
 .text.TIMER_IF_DelayMs
                0x000000000801eec0       0x2c out/external/libexternal_fuota_stack.a(timer_if.o)
                0x000000000801eec0                TIMER_IF_DelayMs
 .text.HAL_RTC_AlarmAEventCallback
                0x000000000801eeec        0x4 out/external/libexternal_fuota_stack.a(timer_if.o)
                0x000000000801eeec                HAL_RTC_AlarmAEventCallback
 .text.HAL_RTCEx_SSRUEventCallback
                0x000000000801eef0       0x20 out/external/libexternal_fuota_stack.a(timer_if.o)
                0x000000000801eef0                HAL_RTCEx_SSRUEventCallback
 .text.BoardGetUniqueId
                0x000000000801ef10        0x2 out/external/libexternal_fuota_stack.a(board.o)
                0x000000000801ef10                BoardGetUniqueId
 .text.BoardCriticalSectionBegin
                0x000000000801ef12        0x4 out/external/libexternal_fuota_stack.a(board.o)
                0x000000000801ef12                BoardCriticalSectionBegin
 .text.BoardCriticalSectionEnd
                0x000000000801ef16        0x4 out/external/libexternal_fuota_stack.a(board.o)
                0x000000000801ef16                BoardCriticalSectionEnd
 .text.BoardInitMcu
                0x000000000801ef1a        0x2 out/external/libexternal_fuota_stack.a(board.o)
                0x000000000801ef1a                BoardInitMcu
 .text.BoardResetMcu
                0x000000000801ef1c       0x24 out/external/libexternal_fuota_stack.a(board.o)
                0x000000000801ef1c                BoardResetMcu
 .text.BoardGetHardwareFreq
                0x000000000801ef40       0x50 out/external/libexternal_fuota_stack.a(board.o)
                0x000000000801ef40                BoardGetHardwareFreq
 .text.crc_cal  0x000000000801ef90       0x2a out/external/libexternal_fuota_stack.a(service_lora_config.o)
 *fill*         0x000000000801efba        0x2 
 .text.rak3172_sprintf.constprop.0
                0x000000000801efbc       0x20 out/external/libexternal_fuota_stack.a(service_lora_config.o)
 .text.service_lora_get_app_eui
                0x000000000801efdc        0x4 out/external/libexternal_fuota_stack.a(service_lora_config.o)
                0x000000000801efdc                service_lora_get_app_eui
 .text.service_lora_get_app_key
                0x000000000801efe0        0x4 out/external/libexternal_fuota_stack.a(service_lora_config.o)
                0x000000000801efe0                service_lora_get_app_key
 .text.service_lora_get_dev_eui
                0x000000000801efe4        0x4 out/external/libexternal_fuota_stack.a(service_lora_config.o)
                0x000000000801efe4                service_lora_get_dev_eui
 .text.service_lora_get_nwm
                0x000000000801efe8        0xa out/external/libexternal_fuota_stack.a(service_lora_config.o)
                0x000000000801efe8                service_lora_get_nwm
 .text.service_lora_set_nwm
                0x000000000801eff2       0x14 out/external/libexternal_fuota_stack.a(service_lora_config.o)
                0x000000000801eff2                service_lora_set_nwm
 .text.service_lora_get_njm
                0x000000000801f006        0x4 out/external/libexternal_fuota_stack.a(service_lora_config.o)
                0x000000000801f006                service_lora_get_njm
 .text.service_lora_get_njs
                0x000000000801f00a       0x26 out/external/libexternal_fuota_stack.a(service_lora_config.o)
                0x000000000801f00a                service_lora_get_njs
 .text.service_lora_get_app_skey
                0x000000000801f030       0x5c out/external/libexternal_fuota_stack.a(service_lora_config.o)
                0x000000000801f030                service_lora_get_app_skey
 .text.service_lora_get_dev_addr
                0x000000000801f08c       0x56 out/external/libexternal_fuota_stack.a(service_lora_config.o)
                0x000000000801f08c                service_lora_get_dev_addr
 .text.service_lora_get_retry
                0x000000000801f0e2        0x4 out/external/libexternal_fuota_stack.a(service_lora_config.o)
                0x000000000801f0e2                service_lora_get_retry
 .text.service_lora_set_retry
                0x000000000801f0e6        0xe out/external/libexternal_fuota_stack.a(service_lora_config.o)
                0x000000000801f0e6                service_lora_set_retry
 .text.service_lora_get_cfm
                0x000000000801f0f4        0x4 out/external/libexternal_fuota_stack.a(service_lora_config.o)
                0x000000000801f0f4                service_lora_get_cfm
 .text.service_lora_set_cfm
                0x000000000801f0f8        0x4 out/external/libexternal_fuota_stack.a(service_lora_config.o)
                0x000000000801f0f8                service_lora_set_cfm
 .text.service_lora_get_nwk_skey
                0x000000000801f0fc       0x5c out/external/libexternal_fuota_stack.a(service_lora_config.o)
                0x000000000801f0fc                service_lora_get_nwk_skey
 .text.service_lora_get_net_id
                0x000000000801f158       0x5e out/external/libexternal_fuota_stack.a(service_lora_config.o)
                0x000000000801f158                service_lora_get_net_id
 .text.service_lora_get_McRoot_key
                0x000000000801f1b6        0x2 out/external/libexternal_fuota_stack.a(service_lora_config.o)
                0x000000000801f1b6                service_lora_get_McRoot_key
 .text.service_lora_get_adr
                0x000000000801f1b8        0x4 out/external/libexternal_fuota_stack.a(service_lora_config.o)
                0x000000000801f1b8                service_lora_get_adr
 .text.service_lora_get_class
                0x000000000801f1bc        0x4 out/external/libexternal_fuota_stack.a(service_lora_config.o)
                0x000000000801f1bc                service_lora_get_class
 .text.service_lora_get_dcs
                0x000000000801f1c0        0xe out/external/libexternal_fuota_stack.a(service_lora_config.o)
                0x000000000801f1c0                service_lora_get_dcs
 .text.service_lora_set_dcs
                0x000000000801f1ce       0x1a out/external/libexternal_fuota_stack.a(service_lora_config.o)
                0x000000000801f1ce                service_lora_set_dcs
 .text.service_lora_get_dr
                0x000000000801f1e8       0x1a out/external/libexternal_fuota_stack.a(service_lora_config.o)
                0x000000000801f1e8                service_lora_get_dr
 .text.service_lora_get_jn1dl
                0x000000000801f202        0x4 out/external/libexternal_fuota_stack.a(service_lora_config.o)
                0x000000000801f202                service_lora_get_jn1dl
 .text.service_lora_get_jn2dl
                0x000000000801f206        0x4 out/external/libexternal_fuota_stack.a(service_lora_config.o)
                0x000000000801f206                service_lora_get_jn2dl
 .text.service_lora_get_pub_nwk_mode
                0x000000000801f20a        0x4 out/external/libexternal_fuota_stack.a(service_lora_config.o)
                0x000000000801f20a                service_lora_get_pub_nwk_mode
 .text.service_lora_get_rx1dl
                0x000000000801f20e       0x32 out/external/libexternal_fuota_stack.a(service_lora_config.o)
                0x000000000801f20e                service_lora_get_rx1dl
 .text.service_lora_get_rx2dl
                0x000000000801f240        0x4 out/external/libexternal_fuota_stack.a(service_lora_config.o)
                0x000000000801f240                service_lora_get_rx2dl
 .text.service_lora_get_txpower
                0x000000000801f244        0x4 out/external/libexternal_fuota_stack.a(service_lora_config.o)
                0x000000000801f244                service_lora_get_txpower
 .text.service_lora_get_ping_slot_periodicity
                0x000000000801f248        0x4 out/external/libexternal_fuota_stack.a(service_lora_config.o)
                0x000000000801f248                service_lora_get_ping_slot_periodicity
 .text.service_lora_set_ping_slot_periodicity
                0x000000000801f24c        0x4 out/external/libexternal_fuota_stack.a(service_lora_config.o)
                0x000000000801f24c                service_lora_set_ping_slot_periodicity
 .text.service_lora_get_beacon_freq
                0x000000000801f250       0x18 out/external/libexternal_fuota_stack.a(service_lora_config.o)
                0x000000000801f250                service_lora_get_beacon_freq
 .text.service_lora_get_beacon_dr
                0x000000000801f268       0x18 out/external/libexternal_fuota_stack.a(service_lora_config.o)
                0x000000000801f268                service_lora_get_beacon_dr
 .text.service_lora_get_local_time
                0x000000000801f280       0x44 out/external/libexternal_fuota_stack.a(service_lora_config.o)
                0x000000000801f280                service_lora_get_local_time
 .text.service_lora_get_rx2freq
                0x000000000801f2c4       0x20 out/external/libexternal_fuota_stack.a(service_lora_config.o)
                0x000000000801f2c4                service_lora_get_rx2freq
 .text.service_lora_get_rx2dr
                0x000000000801f2e4       0x20 out/external/libexternal_fuota_stack.a(service_lora_config.o)
                0x000000000801f2e4                service_lora_get_rx2dr
 .text.service_lora_get_linkcheck
                0x000000000801f304        0x4 out/external/libexternal_fuota_stack.a(service_lora_config.o)
                0x000000000801f304                service_lora_get_linkcheck
 .text.service_lora_set_linkcheck
                0x000000000801f308        0xe out/external/libexternal_fuota_stack.a(service_lora_config.o)
                0x000000000801f308                service_lora_set_linkcheck
 .text.service_lora_get_join_start
                0x000000000801f316        0x4 out/external/libexternal_fuota_stack.a(service_lora_config.o)
                0x000000000801f316                service_lora_get_join_start
 .text.service_lora_set_join_start
                0x000000000801f31a        0x4 out/external/libexternal_fuota_stack.a(service_lora_config.o)
                0x000000000801f31a                service_lora_set_join_start
 .text.service_lora_get_auto_join
                0x000000000801f31e        0x4 out/external/libexternal_fuota_stack.a(service_lora_config.o)
                0x000000000801f31e                service_lora_get_auto_join
 .text.service_lora_set_auto_join
                0x000000000801f322        0x4 out/external/libexternal_fuota_stack.a(service_lora_config.o)
                0x000000000801f322                service_lora_set_auto_join
 .text.service_lora_get_auto_join_period
                0x000000000801f326        0x4 out/external/libexternal_fuota_stack.a(service_lora_config.o)
                0x000000000801f326                service_lora_get_auto_join_period
 .text.service_lora_set_auto_join_period
                0x000000000801f32a        0x4 out/external/libexternal_fuota_stack.a(service_lora_config.o)
                0x000000000801f32a                service_lora_set_auto_join_period
 .text.service_lora_get_auto_join_max_cnt
                0x000000000801f32e        0x4 out/external/libexternal_fuota_stack.a(service_lora_config.o)
                0x000000000801f32e                service_lora_get_auto_join_max_cnt
 .text.service_lora_set_auto_join_max_cnt
                0x000000000801f332        0x4 out/external/libexternal_fuota_stack.a(service_lora_config.o)
                0x000000000801f332                service_lora_set_auto_join_max_cnt
 .text.service_lora_get_lbt
                0x000000000801f336        0x4 out/external/libexternal_fuota_stack.a(service_lora_config.o)
                0x000000000801f336                service_lora_get_lbt
 .text.service_lora_set_lbt
                0x000000000801f33a        0x4 out/external/libexternal_fuota_stack.a(service_lora_config.o)
                0x000000000801f33a                service_lora_set_lbt
 .text.service_lora_get_lbt_rssi
                0x000000000801f33e        0x4 out/external/libexternal_fuota_stack.a(service_lora_config.o)
                0x000000000801f33e                service_lora_get_lbt_rssi
 .text.service_lora_set_lbt_rssi
                0x000000000801f342        0x4 out/external/libexternal_fuota_stack.a(service_lora_config.o)
                0x000000000801f342                service_lora_set_lbt_rssi
 .text.service_lora_get_lbt_scantime
                0x000000000801f346        0x4 out/external/libexternal_fuota_stack.a(service_lora_config.o)
                0x000000000801f346                service_lora_get_lbt_scantime
 .text.service_lora_set_lbt_scantime
                0x000000000801f34a        0x4 out/external/libexternal_fuota_stack.a(service_lora_config.o)
                0x000000000801f34a                service_lora_set_lbt_scantime
 .text.service_lora_get_DevNonce
                0x000000000801f34e        0x4 out/external/libexternal_fuota_stack.a(service_lora_config.o)
                0x000000000801f34e                service_lora_get_DevNonce
 .text.service_lora_set_DevNonce
                0x000000000801f352        0x4 out/external/libexternal_fuota_stack.a(service_lora_config.o)
                0x000000000801f352                service_lora_set_DevNonce
 .text.service_lora_set_IsCertPortOn
                0x000000000801f356        0x8 out/external/libexternal_fuota_stack.a(service_lora_config.o)
                0x000000000801f356                service_lora_set_IsCertPortOn
 .text.service_lora_get_IsCertPortOn
                0x000000000801f35e        0x4 out/external/libexternal_fuota_stack.a(service_lora_config.o)
                0x000000000801f35e                service_lora_get_IsCertPortOn
 .text.service_lora_get_band
                0x000000000801f362        0x4 out/external/libexternal_fuota_stack.a(service_lora_config.o)
                0x000000000801f362                service_lora_get_band
 .text.service_lora_get_chs
                0x000000000801f366       0x24 out/external/libexternal_fuota_stack.a(service_lora_config.o)
                0x000000000801f366                service_lora_get_chs
 .text.service_lora_region_isActive
                0x000000000801f38a       0x1e out/external/libexternal_fuota_stack.a(service_lora_config.o)
                0x000000000801f38a                service_lora_region_isActive
 .text.service_lora_set_app_eui
                0x000000000801f3a8       0x42 out/external/libexternal_fuota_stack.a(service_lora_config.o)
                0x000000000801f3a8                service_lora_set_app_eui
 .text.service_lora_set_app_key
                0x000000000801f3ea       0x54 out/external/libexternal_fuota_stack.a(service_lora_config.o)
                0x000000000801f3ea                service_lora_set_app_key
 .text.service_lora_set_dev_eui
                0x000000000801f43e       0x50 out/external/libexternal_fuota_stack.a(service_lora_config.o)
                0x000000000801f43e                service_lora_set_dev_eui
 .text.service_lora_set_adr
                0x000000000801f48e       0x4c out/external/libexternal_fuota_stack.a(service_lora_config.o)
                0x000000000801f48e                service_lora_set_adr
 .text.service_lora_set_jn1dl
                0x000000000801f4da       0x3e out/external/libexternal_fuota_stack.a(service_lora_config.o)
                0x000000000801f4da                service_lora_set_jn1dl
 .text.service_lora_set_jn2dl
                0x000000000801f518       0x3e out/external/libexternal_fuota_stack.a(service_lora_config.o)
                0x000000000801f518                service_lora_set_jn2dl
 .text.service_lora_set_pub_nwk_mode
                0x000000000801f556       0x40 out/external/libexternal_fuota_stack.a(service_lora_config.o)
                0x000000000801f556                service_lora_set_pub_nwk_mode
 .text.service_lora_set_rx1dl
                0x000000000801f596       0x5e out/external/libexternal_fuota_stack.a(service_lora_config.o)
                0x000000000801f596                service_lora_set_rx1dl
 .text.service_lora_set_rx2dl
                0x000000000801f5f4       0x5e out/external/libexternal_fuota_stack.a(service_lora_config.o)
                0x000000000801f5f4                service_lora_set_rx2dl
 .text.service_lora_set_rx2freq
                0x000000000801f652       0x4c out/external/libexternal_fuota_stack.a(service_lora_config.o)
                0x000000000801f652                service_lora_set_rx2freq
 .text.service_lora_set_rx2dr
                0x000000000801f69e       0x66 out/external/libexternal_fuota_stack.a(service_lora_config.o)
                0x000000000801f69e                service_lora_set_rx2dr
 .text.restore_abp_config
                0x000000000801f704       0xcc out/external/libexternal_fuota_stack.a(service_lora_config.o)
                0x000000000801f704                restore_abp_config
 .text.service_lora_set_app_skey
                0x000000000801f7d0       0x4e out/external/libexternal_fuota_stack.a(service_lora_config.o)
                0x000000000801f7d0                service_lora_set_app_skey
 .text.service_lora_set_dev_addr
                0x000000000801f81e       0x52 out/external/libexternal_fuota_stack.a(service_lora_config.o)
                0x000000000801f81e                service_lora_set_dev_addr
 .text.service_lora_set_nwk_skey
                0x000000000801f870       0x72 out/external/libexternal_fuota_stack.a(service_lora_config.o)
                0x000000000801f870                service_lora_set_nwk_skey
 *fill*         0x000000000801f8e2        0x2 
 .text.LmHandlerFuotaPackagesProcess
                0x000000000801f8e4       0x34 out/external/libexternal_fuota_stack.a(service_lora_config.o)
                0x000000000801f8e4                LmHandlerFuotaPackagesProcess
 .text.service_fuota_nvm_init
                0x000000000801f918       0x14 out/external/libexternal_fuota_stack.a(service_lora_config.o)
                0x000000000801f918                service_fuota_nvm_init
 .text.service_lora_fuota_join
                0x000000000801f92c       0x3e out/external/libexternal_fuota_stack.a(service_lora_config.o)
                0x000000000801f92c                service_lora_fuota_join
 .text.service_lora_fuota_get_band
                0x000000000801f96a       0x16 out/external/libexternal_fuota_stack.a(service_lora_config.o)
                0x000000000801f96a                service_lora_fuota_get_band
 .text.service_fuota_lora_config
                0x000000000801f980      0x200 out/external/libexternal_fuota_stack.a(service_lora_config.o)
                0x000000000801f980                service_fuota_lora_config
 .text.LmHandlerSend
                0x000000000801fb80       0x60 out/external/libexternal_fuota_stack.a(service_lora_config.o)
                0x000000000801fb80                LmHandlerSend
 .text.service_lora_addmulc
                0x000000000801fbe0      0x1f0 out/external/libexternal_fuota_stack.a(service_lora_multicast.o)
                0x000000000801fbe0                service_lora_addmulc
 .text.service_lora_rmvmulc
                0x000000000801fdd0       0x48 out/external/libexternal_fuota_stack.a(service_lora_multicast.o)
                0x000000000801fdd0                service_lora_rmvmulc
 .text.service_lora_lstmulc
                0x000000000801fe18       0x78 out/external/libexternal_fuota_stack.a(service_lora_multicast.o)
                0x000000000801fe18                service_lora_lstmulc
 .text.MulticastMcpsIndication
                0x000000000801fe90        0x2 out/external/libexternal_fuota_stack.a(service_lora_multicast.o)
                0x000000000801fe90                MulticastMcpsIndication
 .text.service_lora_setup_multicast
                0x000000000801fe92       0x64 out/external/libexternal_fuota_stack.a(service_lora_multicast.o)
                0x000000000801fe92                service_lora_setup_multicast
 *fill*         0x000000000801fef6        0x2 
 .text.service_lora_clear_multicast
                0x000000000801fef8       0x2c out/external/libexternal_fuota_stack.a(service_lora_multicast.o)
                0x000000000801fef8                service_lora_clear_multicast
 .text.OnClassChangeNotify
                0x000000000801ff24       0x10 out/external/libexternal_fuota_stack.a(LmHandler.o)
 .text.LmHandlerPackageIsTxPending
                0x000000000801ff34       0x4c out/external/libexternal_fuota_stack.a(LmHandler.o)
 .text.LmHandlerInit
                0x000000000801ff80       0x14 out/external/libexternal_fuota_stack.a(LmHandler.o)
                0x000000000801ff80                LmHandlerInit
 .text.LmHandlerIsBusy
                0x000000000801ff94       0x12 out/external/libexternal_fuota_stack.a(LmHandler.o)
                0x000000000801ff94                LmHandlerIsBusy
 *fill*         0x000000000801ffa6        0x2 
 .text.LmHandlerJoin
                0x000000000801ffa8       0x50 out/external/libexternal_fuota_stack.a(LmHandler.o)
                0x000000000801ffa8                LmHandlerJoin
 .text.LmHandlerJoinStatus
                0x000000000801fff8       0x26 out/external/libexternal_fuota_stack.a(LmHandler.o)
                0x000000000801fff8                LmHandlerJoinStatus
 *fill*         0x000000000802001e        0x2 
 .text.LmHandlerDeviceTimeReq
                0x0000000008020020       0x30 out/external/libexternal_fuota_stack.a(LmHandler.o)
                0x0000000008020020                LmHandlerDeviceTimeReq
 .text.LmHandlerPingSlotReq
                0x0000000008020050       0x50 out/external/libexternal_fuota_stack.a(LmHandler.o)
                0x0000000008020050                LmHandlerPingSlotReq
 .text.LmHandlerRequestClass
                0x00000000080200a0       0x68 out/external/libexternal_fuota_stack.a(LmHandler.o)
                0x00000000080200a0                LmHandlerRequestClass
 .text.LmHandlerGetCurrentClass
                0x0000000008020108       0x1a out/external/libexternal_fuota_stack.a(LmHandler.o)
                0x0000000008020108                LmHandlerGetCurrentClass
 .text.LmHandlerGetCurrentDatarate
                0x0000000008020122       0x1a out/external/libexternal_fuota_stack.a(LmHandler.o)
                0x0000000008020122                LmHandlerGetCurrentDatarate
 .text.LmHandlerGetActiveRegion
                0x000000000802013c        0xc out/external/libexternal_fuota_stack.a(LmHandler.o)
                0x000000000802013c                LmHandlerGetActiveRegion
 .text.LmHandlerSetSystemMaxRxError
                0x0000000008020148       0x20 out/external/libexternal_fuota_stack.a(LmHandler.o)
                0x0000000008020148                LmHandlerSetSystemMaxRxError
 .text.LmHandlerPackageIsInitialized
                0x0000000008020168       0x14 out/external/libexternal_fuota_stack.a(LmHandler.o)
                0x0000000008020168                LmHandlerPackageIsInitialized
 .text.LmHandlerPackagesNotify
                0x000000000802017c       0x40 out/external/libexternal_fuota_stack.a(LmHandler.o)
                0x000000000802017c                LmHandlerPackagesNotify
 .text.LmHandlerPackagesProcess
                0x00000000080201bc       0x34 out/external/libexternal_fuota_stack.a(LmHandler.o)
                0x00000000080201bc                LmHandlerPackagesProcess
 .text.LmHandlerProcess
                0x00000000080201f0       0x58 out/external/libexternal_fuota_stack.a(LmHandler.o)
                0x00000000080201f0                LmHandlerProcess
 .text.LmHandlerFuotaStackPackageRegister
                0x0000000008020248       0x38 out/external/libexternal_fuota_stack.a(LmHandler.o)
                0x0000000008020248                LmHandlerFuotaStackPackageRegister
 .text.LmhpClockSyncInit
                0x0000000008020280       0x1c out/external/libexternal_fuota_stack.a(LmhpClockSync.o)
 .text.LmhpClockSyncIsInitialized
                0x000000000802029c        0xc out/external/libexternal_fuota_stack.a(LmhpClockSync.o)
 .text.LmhpClockSyncIsTxPending
                0x00000000080202a8        0xc out/external/libexternal_fuota_stack.a(LmhpClockSync.o)
 .text.LmhpClockSyncOnMcpsIndication
                0x00000000080202b4      0x154 out/external/libexternal_fuota_stack.a(LmhpClockSync.o)
 .text.LmhpClockSyncOnMcpsConfirm
                0x0000000008020408       0x4c out/external/libexternal_fuota_stack.a(LmhpClockSync.o)
 .text.LmphClockSyncPackageFactory
                0x0000000008020454        0x8 out/external/libexternal_fuota_stack.a(LmhpClockSync.o)
                0x0000000008020454                LmphClockSyncPackageFactory
 .text.LmhpClockSyncAppTimeReq
                0x000000000802045c       0xb4 out/external/libexternal_fuota_stack.a(LmhpClockSync.o)
                0x000000000802045c                LmhpClockSyncAppTimeReq
 .text.LmhpClockSyncProcess
                0x0000000008020510       0x1c out/external/libexternal_fuota_stack.a(LmhpClockSync.o)
 .text.LmhpRemoteMcastSetupIsInitialized
                0x000000000802052c        0xc out/external/libexternal_fuota_stack.a(LmhpRemoteMcastSetup.o)
 .text.LmhpRemoteMcastSetupIsTxPending
                0x0000000008020538        0xc out/external/libexternal_fuota_stack.a(LmhpRemoteMcastSetup.o)
 .text.LmhpRemoteMcastSetupInit
                0x0000000008020544       0x5c out/external/libexternal_fuota_stack.a(LmhpRemoteMcastSetup.o)
 .text.OnSessionStopTimer
                0x00000000080205a0       0x20 out/external/libexternal_fuota_stack.a(LmhpRemoteMcastSetup.o)
 .text.OnSessionStartTimer
                0x00000000080205c0       0x30 out/external/libexternal_fuota_stack.a(LmhpRemoteMcastSetup.o)
 .text.LmhpRemoteMcastSetupOnMcpsIndication
                0x00000000080205f0      0x370 out/external/libexternal_fuota_stack.a(LmhpRemoteMcastSetup.o)
 .text.LmhpRemoteMcastSetupProcess
                0x0000000008020960       0x54 out/external/libexternal_fuota_stack.a(LmhpRemoteMcastSetup.o)
 .text.LmhpRemoteMcastSetupPackageFactory
                0x00000000080209b4        0x8 out/external/libexternal_fuota_stack.a(LmhpRemoteMcastSetup.o)
                0x00000000080209b4                LmhpRemoteMcastSetupPackageFactory
 .text.FUOTA_StartTime_IsRunning
                0x00000000080209bc       0x34 out/external/libexternal_fuota_stack.a(LmhpRemoteMcastSetup.o)
                0x00000000080209bc                FUOTA_StartTime_IsRunning
 .text.LmhpRemoteMcastSetupRegisterPowersaveHandler
                0x00000000080209f0        0xc out/external/libexternal_fuota_stack.a(LmhpRemoteMcastSetup.o)
                0x00000000080209f0                LmhpRemoteMcastSetupRegisterPowersaveHandler
 .text.LmhpFragmentationIsInitialized
                0x00000000080209fc        0xc out/external/libexternal_fuota_stack.a(LmhpFragmentation.o)
 .text.LmhpFragmentationIsTxPending
                0x0000000008020a08        0xc out/external/libexternal_fuota_stack.a(LmhpFragmentation.o)
 .text.LmhpFragmentationInit
                0x0000000008020a14       0x50 out/external/libexternal_fuota_stack.a(LmhpFragmentation.o)
 .text.OnFragmentTxDelay
                0x0000000008020a64       0x20 out/external/libexternal_fuota_stack.a(LmhpFragmentation.o)
 .text.LmhpFragmentationOnMcpsIndication
                0x0000000008020a84      0x328 out/external/libexternal_fuota_stack.a(LmhpFragmentation.o)
 .text.LmhpFragmentationProcess
                0x0000000008020dac       0x50 out/external/libexternal_fuota_stack.a(LmhpFragmentation.o)
 .text.LmhpFragmentationPackageFactory
                0x0000000008020dfc        0x8 out/external/libexternal_fuota_stack.a(LmhpFragmentation.o)
                0x0000000008020dfc                LmhpFragmentationPackageFactory
 .text.SetRow   0x0000000008020e04       0x24 out/external/libexternal_fuota_stack.a(FragDecoder.o)
 .text.GetRow   0x0000000008020e28       0x24 out/external/libexternal_fuota_stack.a(FragDecoder.o)
 .text.GetParity
                0x0000000008020e4c       0x14 out/external/libexternal_fuota_stack.a(FragDecoder.o)
 .text.SetParity
                0x0000000008020e60       0x20 out/external/libexternal_fuota_stack.a(FragDecoder.o)
 .text.XorDataLine
                0x0000000008020e80       0x1a out/external/libexternal_fuota_stack.a(FragDecoder.o)
 .text.XorParityLine
                0x0000000008020e9a       0x34 out/external/libexternal_fuota_stack.a(FragDecoder.o)
 *fill*         0x0000000008020ece        0x2 
 .text.FragFindMissingFrags
                0x0000000008020ed0       0x60 out/external/libexternal_fuota_stack.a(FragDecoder.o)
 .text.FragFindMissingIndex
                0x0000000008020f30       0x2c out/external/libexternal_fuota_stack.a(FragDecoder.o)
 .text.FragExtractLineFromBinaryMatrix
                0x0000000008020f5c       0x84 out/external/libexternal_fuota_stack.a(FragDecoder.o)
 .text.FragDecoderUpdateCallback
                0x0000000008020fe0        0xc out/external/libexternal_fuota_stack.a(FragDecoder.o)
                0x0000000008020fe0                FragDecoderUpdateCallback
 .text.FragDecoderInit
                0x0000000008020fec       0x5c out/external/libexternal_fuota_stack.a(FragDecoder.o)
                0x0000000008020fec                FragDecoderInit
 .text.FragDecoderGetMaxFileSize
                0x0000000008021048        0x8 out/external/libexternal_fuota_stack.a(FragDecoder.o)
                0x0000000008021048                FragDecoderGetMaxFileSize
 .text.FragDecoderProcess
                0x0000000008021050      0x348 out/external/libexternal_fuota_stack.a(FragDecoder.o)
                0x0000000008021050                FragDecoderProcess
 .text.FragDecoderGetStatus
                0x0000000008021398       0x14 out/external/libexternal_fuota_stack.a(FragDecoder.o)
                0x0000000008021398                FragDecoderGetStatus
 .text.udrv_flash_init
                0x00000000080213ac       0x18 out/external/libexternal_fuota_stack.a(udrv_flash.o)
                0x00000000080213ac                udrv_flash_init
 .text.udrv_flash_deinit
                0x00000000080213c4       0x18 out/external/libexternal_fuota_stack.a(udrv_flash.o)
                0x00000000080213c4                udrv_flash_deinit
 .text.udrv_flash_read
                0x00000000080213dc       0xd8 out/external/libexternal_fuota_stack.a(udrv_flash.o)
                0x00000000080213dc                udrv_flash_read
 .text.compare_page_buff
                0x00000000080214b4       0x7a out/external/libexternal_fuota_stack.a(udrv_flash.o)
                0x00000000080214b4                compare_page_buff
 *fill*         0x000000000802152e        0x2 
 .text.udrv_flash_write
                0x0000000008021530      0x104 out/external/libexternal_fuota_stack.a(udrv_flash.o)
                0x0000000008021530                udrv_flash_write
 .text.udrv_flash_erase
                0x0000000008021634       0x30 out/external/libexternal_fuota_stack.a(udrv_flash.o)
                0x0000000008021634                udrv_flash_erase
 .text.udrv_flash_get_page_size
                0x0000000008021664        0x4 out/external/libexternal_fuota_stack.a(udrv_flash.o)
                0x0000000008021664                udrv_flash_get_page_size
 .text.udrv_flash_check_addr_valid
                0x0000000008021668        0x4 out/external/libexternal_fuota_stack.a(udrv_flash.o)
                0x0000000008021668                udrv_flash_check_addr_valid
 .text.udrv_flash_suspend
                0x000000000802166c        0x2 out/external/libexternal_fuota_stack.a(udrv_flash.o)
                0x000000000802166c                udrv_flash_suspend
 .text.udrv_flash_resume
                0x000000000802166e        0x2 out/external/libexternal_fuota_stack.a(udrv_flash.o)
                0x000000000802166e                udrv_flash_resume
 .text.Error_Handler
                0x0000000008021670       0x24 out/external/libexternal_fuota_stack.a(system_stm32wlxx.o)
                0x0000000008021670                Error_Handler
 .text.SystemInit
                0x0000000008021694        0x2 out/external/libexternal_fuota_stack.a(system_stm32wlxx.o)
                0x0000000008021694                SystemInit
 *fill*         0x0000000008021696        0x2 
 .text.SystemCoreClockUpdate
                0x0000000008021698       0xb4 out/external/libexternal_fuota_stack.a(system_stm32wlxx.o)
                0x0000000008021698                SystemCoreClockUpdate
 .text.HAL_MspInit
                0x000000000802174c        0x2 out/external/libexternal_fuota_stack.a(stm32wlxx_hal_msp.o)
                0x000000000802174c                HAL_MspInit
 *fill*         0x000000000802174e        0x2 
 .text.HAL_RTC_MspInit
                0x0000000008021750       0x7c out/external/libexternal_fuota_stack.a(stm32wlxx_hal_msp.o)
                0x0000000008021750                HAL_RTC_MspInit
 .text.HAL_RTC_MspDeInit
                0x00000000080217cc       0x38 out/external/libexternal_fuota_stack.a(stm32wlxx_hal_msp.o)
                0x00000000080217cc                HAL_RTC_MspDeInit
 .text.HAL_TIM_PWM_MspInit
                0x0000000008021804       0x48 out/external/libexternal_fuota_stack.a(stm32wlxx_hal_msp.o)
                0x0000000008021804                HAL_TIM_PWM_MspInit
 .text.HAL_TIM_PWM_MspDeInit
                0x000000000802184c       0x30 out/external/libexternal_fuota_stack.a(stm32wlxx_hal_msp.o)
                0x000000000802184c                HAL_TIM_PWM_MspDeInit
 .text.HAL_CRYP_MspInit
                0x000000000802187c       0x40 out/external/libexternal_fuota_stack.a(stm32wlxx_hal_msp.o)
                0x000000000802187c                HAL_CRYP_MspInit
 .text.HAL_CRYP_MspDeInit
                0x00000000080218bc       0x20 out/external/libexternal_fuota_stack.a(stm32wlxx_hal_msp.o)
                0x00000000080218bc                HAL_CRYP_MspDeInit
 .text.service_nvm_set_cfg_to_nvm
                0x00000000080218dc       0x14 out/external/libexternal_fuota_stack.a(service_nvm_common.o)
                0x00000000080218dc                service_nvm_set_cfg_to_nvm
 .text.service_nvm_set_lora_nvm_data_to_nvm
                0x00000000080218f0       0x14 out/external/libexternal_fuota_stack.a(service_nvm_common.o)
                0x00000000080218f0                service_nvm_set_lora_nvm_data_to_nvm
 .text.service_lora_mac_nvm_data_reset
                0x0000000008021904       0x10 out/external/libexternal_fuota_stack.a(service_nvm_common.o)
                0x0000000008021904                service_lora_mac_nvm_data_reset
 .text.service_nvm_get_mode_type_from_nvm
                0x0000000008021914       0x10 out/external/libexternal_fuota_stack.a(service_nvm_common.o)
                0x0000000008021914                service_nvm_get_mode_type_from_nvm
 .text.service_nvm_set_mode_type_to_nvm
                0x0000000008021924       0x1c out/external/libexternal_fuota_stack.a(service_nvm_common.o)
                0x0000000008021924                service_nvm_set_mode_type_to_nvm
 .text.service_nvm_get_serial_passwd_from_nvm
                0x0000000008021940       0x24 out/external/libexternal_fuota_stack.a(service_nvm_common.o)
                0x0000000008021940                service_nvm_get_serial_passwd_from_nvm
 .text.service_nvm_set_serial_passwd_to_nvm
                0x0000000008021964       0x40 out/external/libexternal_fuota_stack.a(service_nvm_common.o)
                0x0000000008021964                service_nvm_set_serial_passwd_to_nvm
 .text.service_nvm_get_auto_sleep_time_from_nvm
                0x00000000080219a4        0xc out/external/libexternal_fuota_stack.a(service_nvm_common.o)
                0x00000000080219a4                service_nvm_get_auto_sleep_time_from_nvm
 .text.service_nvm_set_auto_sleep_time_to_nvm
                0x00000000080219b0       0x18 out/external/libexternal_fuota_stack.a(service_nvm_common.o)
                0x00000000080219b0                service_nvm_set_auto_sleep_time_to_nvm
 .text.service_nvm_get_auto_sleep_level_from_nvm
                0x00000000080219c8        0xc out/external/libexternal_fuota_stack.a(service_nvm_common.o)
                0x00000000080219c8                service_nvm_get_auto_sleep_level_from_nvm
 .text.service_nvm_set_auto_sleep_level_to_nvm
                0x00000000080219d4       0x20 out/external/libexternal_fuota_stack.a(service_nvm_common.o)
                0x00000000080219d4                service_nvm_set_auto_sleep_level_to_nvm
 .text.service_nvm_get_firmware_ver_from_nvm
                0x00000000080219f4       0x1c out/external/libexternal_fuota_stack.a(service_nvm_common.o)
                0x00000000080219f4                service_nvm_get_firmware_ver_from_nvm
 .text.service_nvm_set_firmware_ver_to_nvm
                0x0000000008021a10       0x54 out/external/libexternal_fuota_stack.a(service_nvm_common.o)
                0x0000000008021a10                service_nvm_set_firmware_ver_to_nvm
 .text.service_nvm_get_hwmodel_from_nvm
                0x0000000008021a64       0x1c out/external/libexternal_fuota_stack.a(service_nvm_common.o)
                0x0000000008021a64                service_nvm_get_hwmodel_from_nvm
 .text.service_nvm_set_hwmodel_to_nvm
                0x0000000008021a80       0x54 out/external/libexternal_fuota_stack.a(service_nvm_common.o)
                0x0000000008021a80                service_nvm_set_hwmodel_to_nvm
 .text.service_nvm_get_cli_ver_from_nvm
                0x0000000008021ad4       0x1c out/external/libexternal_fuota_stack.a(service_nvm_common.o)
                0x0000000008021ad4                service_nvm_get_cli_ver_from_nvm
 .text.service_nvm_set_cli_ver_to_nvm
                0x0000000008021af0       0x54 out/external/libexternal_fuota_stack.a(service_nvm_common.o)
                0x0000000008021af0                service_nvm_set_cli_ver_to_nvm
 .text.service_nvm_write_user_data
                0x0000000008021b44       0x26 out/external/libexternal_fuota_stack.a(service_nvm_common.o)
                0x0000000008021b44                service_nvm_write_user_data
 .text.service_nvm_read_user_data
                0x0000000008021b6a       0x26 out/external/libexternal_fuota_stack.a(service_nvm_common.o)
                0x0000000008021b6a                service_nvm_read_user_data
 .text.service_nvm_get_delta_sec_from_nvm
                0x0000000008021b90        0xc out/external/libexternal_fuota_stack.a(service_nvm_common.o)
                0x0000000008021b90                service_nvm_get_delta_sec_from_nvm
 .text.service_nvm_set_delta_sec_to_nvm
                0x0000000008021b9c       0x18 out/external/libexternal_fuota_stack.a(service_nvm_common.o)
                0x0000000008021b9c                service_nvm_set_delta_sec_to_nvm
 .text.service_nvm_get_delta_subsec_from_nvm
                0x0000000008021bb4        0xc out/external/libexternal_fuota_stack.a(service_nvm_common.o)
                0x0000000008021bb4                service_nvm_get_delta_subsec_from_nvm
 .text.service_nvm_set_delta_subsec_to_nvm
                0x0000000008021bc0       0x18 out/external/libexternal_fuota_stack.a(service_nvm_common.o)
                0x0000000008021bc0                service_nvm_set_delta_subsec_to_nvm
 .text.service_nvm_get_lock_status_from_nvm
                0x0000000008021bd8       0x10 out/external/libexternal_fuota_stack.a(service_nvm_common.o)
                0x0000000008021bd8                service_nvm_get_lock_status_from_nvm
 .text.service_nvm_set_lock_status_to_nvm
                0x0000000008021be8       0x1c out/external/libexternal_fuota_stack.a(service_nvm_common.o)
                0x0000000008021be8                service_nvm_set_lock_status_to_nvm
 .text.service_nvm_get_baudrate_from_nvm
                0x0000000008021c04        0xc out/external/libexternal_fuota_stack.a(service_nvm_common.o)
                0x0000000008021c04                service_nvm_get_baudrate_from_nvm
 .text.service_nvm_set_baudrate_to_nvm
                0x0000000008021c10       0x18 out/external/libexternal_fuota_stack.a(service_nvm_common.o)
                0x0000000008021c10                service_nvm_set_baudrate_to_nvm
 .text.service_nvm_get_atcmd_alias_from_nvm
                0x0000000008021c28       0x1c out/external/libexternal_fuota_stack.a(service_nvm_common.o)
                0x0000000008021c28                service_nvm_get_atcmd_alias_from_nvm
 .text.service_nvm_set_atcmd_alias_to_nvm
                0x0000000008021c44       0x54 out/external/libexternal_fuota_stack.a(service_nvm_common.o)
                0x0000000008021c44                service_nvm_set_atcmd_alias_to_nvm
 .text.service_nvm_get_sn_from_nvm
                0x0000000008021c98       0x1c out/external/libexternal_fuota_stack.a(service_nvm_common.o)
                0x0000000008021c98                service_nvm_get_sn_from_nvm
 .text.service_nvm_set_sn_to_nvm
                0x0000000008021cb4       0x44 out/external/libexternal_fuota_stack.a(service_nvm_common.o)
                0x0000000008021cb4                service_nvm_set_sn_to_nvm
 .text.service_nvm_get_atcmd_echo_from_nvm
                0x0000000008021cf8        0xc out/external/libexternal_fuota_stack.a(service_nvm_common.o)
                0x0000000008021cf8                service_nvm_get_atcmd_echo_from_nvm
 .text.service_nvm_set_atcmd_echo_to_nvm
                0x0000000008021d04       0x18 out/external/libexternal_fuota_stack.a(service_nvm_common.o)
                0x0000000008021d04                service_nvm_set_atcmd_echo_to_nvm
 .text.service_nvm_set_debug_level_to_nvm
                0x0000000008021d1c       0x18 out/external/libexternal_fuota_stack.a(service_nvm_common.o)
                0x0000000008021d1c                service_nvm_set_debug_level_to_nvm
 .text.service_nvm_get_debug_level_from_nvm
                0x0000000008021d34        0xc out/external/libexternal_fuota_stack.a(service_nvm_common.o)
                0x0000000008021d34                service_nvm_get_debug_level_from_nvm
 .text.service_nvm_get_band_from_nvm
                0x0000000008021d40        0xc out/external/libexternal_fuota_stack.a(service_nvm_common.o)
                0x0000000008021d40                service_nvm_get_band_from_nvm
 .text.service_nvm_set_band_to_nvm
                0x0000000008021d4c       0x18 out/external/libexternal_fuota_stack.a(service_nvm_common.o)
                0x0000000008021d4c                service_nvm_set_band_to_nvm
 .text.service_nvm_get_mask_from_nvm
                0x0000000008021d64       0x14 out/external/libexternal_fuota_stack.a(service_nvm_common.o)
                0x0000000008021d64                service_nvm_get_mask_from_nvm
 .text.service_nvm_set_mask_to_nvm
                0x0000000008021d78       0x28 out/external/libexternal_fuota_stack.a(service_nvm_common.o)
                0x0000000008021d78                service_nvm_set_mask_to_nvm
 .text.service_nvm_get_app_eui_from_nvm
                0x0000000008021da0       0x1c out/external/libexternal_fuota_stack.a(service_nvm_common.o)
                0x0000000008021da0                service_nvm_get_app_eui_from_nvm
 .text.service_nvm_set_app_eui_to_nvm
                0x0000000008021dbc       0x34 out/external/libexternal_fuota_stack.a(service_nvm_common.o)
                0x0000000008021dbc                service_nvm_set_app_eui_to_nvm
 .text.service_nvm_get_app_key_from_nvm
                0x0000000008021df0       0x1c out/external/libexternal_fuota_stack.a(service_nvm_common.o)
                0x0000000008021df0                service_nvm_get_app_key_from_nvm
 .text.service_nvm_set_app_key_to_nvm
                0x0000000008021e0c       0x34 out/external/libexternal_fuota_stack.a(service_nvm_common.o)
                0x0000000008021e0c                service_nvm_set_app_key_to_nvm
 .text.service_nvm_get_app_skey_from_nvm
                0x0000000008021e40       0x1c out/external/libexternal_fuota_stack.a(service_nvm_common.o)
                0x0000000008021e40                service_nvm_get_app_skey_from_nvm
 .text.service_nvm_set_app_skey_to_nvm
                0x0000000008021e5c       0x34 out/external/libexternal_fuota_stack.a(service_nvm_common.o)
                0x0000000008021e5c                service_nvm_set_app_skey_to_nvm
 .text.service_nvm_get_dev_addr_from_nvm
                0x0000000008021e90       0x1c out/external/libexternal_fuota_stack.a(service_nvm_common.o)
                0x0000000008021e90                service_nvm_get_dev_addr_from_nvm
 .text.service_nvm_set_dev_addr_to_nvm
                0x0000000008021eac       0x34 out/external/libexternal_fuota_stack.a(service_nvm_common.o)
                0x0000000008021eac                service_nvm_set_dev_addr_to_nvm
 .text.service_nvm_get_dev_eui_from_nvm
                0x0000000008021ee0       0x1c out/external/libexternal_fuota_stack.a(service_nvm_common.o)
                0x0000000008021ee0                service_nvm_get_dev_eui_from_nvm
 .text.service_nvm_set_dev_eui_to_nvm
                0x0000000008021efc       0x34 out/external/libexternal_fuota_stack.a(service_nvm_common.o)
                0x0000000008021efc                service_nvm_set_dev_eui_to_nvm
 .text.service_nvm_get_net_id_from_nvm
                0x0000000008021f30       0x1c out/external/libexternal_fuota_stack.a(service_nvm_common.o)
                0x0000000008021f30                service_nvm_get_net_id_from_nvm
 .text.service_nvm_set_net_id_to_nvm
                0x0000000008021f4c       0x34 out/external/libexternal_fuota_stack.a(service_nvm_common.o)
                0x0000000008021f4c                service_nvm_set_net_id_to_nvm
 .text.service_nvm_get_nwk_skey_from_nvm
                0x0000000008021f80       0x1c out/external/libexternal_fuota_stack.a(service_nvm_common.o)
                0x0000000008021f80                service_nvm_get_nwk_skey_from_nvm
 .text.service_nvm_set_nwk_skey_to_nvm
                0x0000000008021f9c       0x34 out/external/libexternal_fuota_stack.a(service_nvm_common.o)
                0x0000000008021f9c                service_nvm_set_nwk_skey_to_nvm
 .text.service_nvm_get_retry_from_nvm
                0x0000000008021fd0        0xc out/external/libexternal_fuota_stack.a(service_nvm_common.o)
                0x0000000008021fd0                service_nvm_get_retry_from_nvm
 .text.service_nvm_set_retry_to_nvm
                0x0000000008021fdc       0x18 out/external/libexternal_fuota_stack.a(service_nvm_common.o)
                0x0000000008021fdc                service_nvm_set_retry_to_nvm
 .text.service_nvm_get_cfm_from_nvm
                0x0000000008021ff4        0xc out/external/libexternal_fuota_stack.a(service_nvm_common.o)
                0x0000000008021ff4                service_nvm_get_cfm_from_nvm
 .text.service_nvm_set_cfm_to_nvm
                0x0000000008022000       0x18 out/external/libexternal_fuota_stack.a(service_nvm_common.o)
                0x0000000008022000                service_nvm_set_cfm_to_nvm
 .text.service_nvm_get_nwm_from_nvm
                0x0000000008022018        0xc out/external/libexternal_fuota_stack.a(service_nvm_common.o)
                0x0000000008022018                service_nvm_get_nwm_from_nvm
 .text.service_nvm_set_nwm_to_nvm
                0x0000000008022024       0x18 out/external/libexternal_fuota_stack.a(service_nvm_common.o)
                0x0000000008022024                service_nvm_set_nwm_to_nvm
 .text.service_nvm_get_njm_from_nvm
                0x000000000802203c        0xc out/external/libexternal_fuota_stack.a(service_nvm_common.o)
                0x000000000802203c                service_nvm_get_njm_from_nvm
 .text.service_nvm_set_njm_to_nvm
                0x0000000008022048       0x18 out/external/libexternal_fuota_stack.a(service_nvm_common.o)
                0x0000000008022048                service_nvm_set_njm_to_nvm
 .text.service_nvm_get_adr_from_nvm
                0x0000000008022060        0xc out/external/libexternal_fuota_stack.a(service_nvm_common.o)
                0x0000000008022060                service_nvm_get_adr_from_nvm
 .text.service_nvm_set_adr_to_nvm
                0x000000000802206c       0x18 out/external/libexternal_fuota_stack.a(service_nvm_common.o)
                0x000000000802206c                service_nvm_set_adr_to_nvm
 .text.service_nvm_get_class_from_nvm
                0x0000000008022084        0xc out/external/libexternal_fuota_stack.a(service_nvm_common.o)
                0x0000000008022084                service_nvm_get_class_from_nvm
 .text.service_nvm_set_class_to_nvm
                0x0000000008022090       0x18 out/external/libexternal_fuota_stack.a(service_nvm_common.o)
                0x0000000008022090                service_nvm_set_class_to_nvm
 .text.service_nvm_get_dr_from_nvm
                0x00000000080220a8        0xc out/external/libexternal_fuota_stack.a(service_nvm_common.o)
                0x00000000080220a8                service_nvm_get_dr_from_nvm
 .text.service_nvm_set_dr_to_nvm
                0x00000000080220b4       0x18 out/external/libexternal_fuota_stack.a(service_nvm_common.o)
                0x00000000080220b4                service_nvm_set_dr_to_nvm
 .text.service_nvm_get_rx2dr_from_nvm
                0x00000000080220cc        0xc out/external/libexternal_fuota_stack.a(service_nvm_common.o)
                0x00000000080220cc                service_nvm_get_rx2dr_from_nvm
 .text.service_nvm_set_rx2dr_to_nvm
                0x00000000080220d8       0x18 out/external/libexternal_fuota_stack.a(service_nvm_common.o)
                0x00000000080220d8                service_nvm_set_rx2dr_to_nvm
 .text.service_nvm_get_jn1dl_from_nvm
                0x00000000080220f0        0xc out/external/libexternal_fuota_stack.a(service_nvm_common.o)
                0x00000000080220f0                service_nvm_get_jn1dl_from_nvm
 .text.service_nvm_set_jn1dl_to_nvm
                0x00000000080220fc       0x18 out/external/libexternal_fuota_stack.a(service_nvm_common.o)
                0x00000000080220fc                service_nvm_set_jn1dl_to_nvm
 .text.service_nvm_get_jn2dl_from_nvm
                0x0000000008022114        0xc out/external/libexternal_fuota_stack.a(service_nvm_common.o)
                0x0000000008022114                service_nvm_get_jn2dl_from_nvm
 .text.service_nvm_set_jn2dl_to_nvm
                0x0000000008022120       0x18 out/external/libexternal_fuota_stack.a(service_nvm_common.o)
                0x0000000008022120                service_nvm_set_jn2dl_to_nvm
 .text.service_nvm_set_rx2fq_to_nvm
                0x0000000008022138       0x18 out/external/libexternal_fuota_stack.a(service_nvm_common.o)
                0x0000000008022138                service_nvm_set_rx2fq_to_nvm
 .text.service_nvm_get_rx2fq_from_nvm
                0x0000000008022150        0xc out/external/libexternal_fuota_stack.a(service_nvm_common.o)
                0x0000000008022150                service_nvm_get_rx2fq_from_nvm
 .text.service_nvm_get_pub_nwk_mode_from_nvm
                0x000000000802215c        0xc out/external/libexternal_fuota_stack.a(service_nvm_common.o)
                0x000000000802215c                service_nvm_get_pub_nwk_mode_from_nvm
 .text.service_nvm_set_pub_nwk_mode_to_nvm
                0x0000000008022168       0x18 out/external/libexternal_fuota_stack.a(service_nvm_common.o)
                0x0000000008022168                service_nvm_set_pub_nwk_mode_to_nvm
 .text.service_nvm_get_rx1dl_from_nvm
                0x0000000008022180        0xc out/external/libexternal_fuota_stack.a(service_nvm_common.o)
                0x0000000008022180                service_nvm_get_rx1dl_from_nvm
 .text.service_nvm_set_rx1dl_to_nvm
                0x000000000802218c       0x18 out/external/libexternal_fuota_stack.a(service_nvm_common.o)
                0x000000000802218c                service_nvm_set_rx1dl_to_nvm
 .text.service_nvm_get_rx2dl_from_nvm
                0x00000000080221a4        0xc out/external/libexternal_fuota_stack.a(service_nvm_common.o)
                0x00000000080221a4                service_nvm_get_rx2dl_from_nvm
 .text.service_nvm_set_rx2dl_to_nvm
                0x00000000080221b0       0x18 out/external/libexternal_fuota_stack.a(service_nvm_common.o)
                0x00000000080221b0                service_nvm_set_rx2dl_to_nvm
 .text.service_nvm_get_txpower_from_nvm
                0x00000000080221c8        0xc out/external/libexternal_fuota_stack.a(service_nvm_common.o)
                0x00000000080221c8                service_nvm_get_txpower_from_nvm
 .text.service_nvm_set_txpower_to_nvm
                0x00000000080221d4       0x18 out/external/libexternal_fuota_stack.a(service_nvm_common.o)
                0x00000000080221d4                service_nvm_set_txpower_to_nvm
 .text.service_nvm_get_linkcheck_from_nvm
                0x00000000080221ec        0xc out/external/libexternal_fuota_stack.a(service_nvm_common.o)
                0x00000000080221ec                service_nvm_get_linkcheck_from_nvm
 .text.service_nvm_set_linkcheck_to_nvm
                0x00000000080221f8       0x18 out/external/libexternal_fuota_stack.a(service_nvm_common.o)
                0x00000000080221f8                service_nvm_set_linkcheck_to_nvm
 .text.service_nvm_get_ping_slot_periodicity_from_nvm
                0x0000000008022210        0xc out/external/libexternal_fuota_stack.a(service_nvm_common.o)
                0x0000000008022210                service_nvm_get_ping_slot_periodicity_from_nvm
 .text.service_nvm_set_ping_slot_periodicity_to_nvm
                0x000000000802221c       0x18 out/external/libexternal_fuota_stack.a(service_nvm_common.o)
                0x000000000802221c                service_nvm_set_ping_slot_periodicity_to_nvm
 .text.service_nvm_get_join_start_from_nvm
                0x0000000008022234        0xc out/external/libexternal_fuota_stack.a(service_nvm_common.o)
                0x0000000008022234                service_nvm_get_join_start_from_nvm
 .text.service_nvm_set_join_start_to_nvm
                0x0000000008022240       0x18 out/external/libexternal_fuota_stack.a(service_nvm_common.o)
                0x0000000008022240                service_nvm_set_join_start_to_nvm
 .text.service_nvm_get_auto_join_from_nvm
                0x0000000008022258        0xc out/external/libexternal_fuota_stack.a(service_nvm_common.o)
                0x0000000008022258                service_nvm_get_auto_join_from_nvm
 .text.service_nvm_set_auto_join_to_nvm
                0x0000000008022264       0x18 out/external/libexternal_fuota_stack.a(service_nvm_common.o)
                0x0000000008022264                service_nvm_set_auto_join_to_nvm
 .text.service_nvm_get_auto_join_period_from_nvm
                0x000000000802227c        0xc out/external/libexternal_fuota_stack.a(service_nvm_common.o)
                0x000000000802227c                service_nvm_get_auto_join_period_from_nvm
 .text.service_nvm_set_auto_join_period_to_nvm
                0x0000000008022288       0x18 out/external/libexternal_fuota_stack.a(service_nvm_common.o)
                0x0000000008022288                service_nvm_set_auto_join_period_to_nvm
 .text.service_nvm_get_auto_join_max_cnt_from_nvm
                0x00000000080222a0        0xc out/external/libexternal_fuota_stack.a(service_nvm_common.o)
                0x00000000080222a0                service_nvm_get_auto_join_max_cnt_from_nvm
 .text.service_nvm_set_auto_join_max_cnt_to_nvm
                0x00000000080222ac       0x18 out/external/libexternal_fuota_stack.a(service_nvm_common.o)
                0x00000000080222ac                service_nvm_set_auto_join_max_cnt_to_nvm
 .text.service_nvm_get_lbt_from_nvm
                0x00000000080222c4        0xc out/external/libexternal_fuota_stack.a(service_nvm_common.o)
                0x00000000080222c4                service_nvm_get_lbt_from_nvm
 .text.service_nvm_set_lbt_to_nvm
                0x00000000080222d0       0x18 out/external/libexternal_fuota_stack.a(service_nvm_common.o)
                0x00000000080222d0                service_nvm_set_lbt_to_nvm
 .text.service_nvm_get_lbt_rssi_from_nvm
                0x00000000080222e8        0xc out/external/libexternal_fuota_stack.a(service_nvm_common.o)
                0x00000000080222e8                service_nvm_get_lbt_rssi_from_nvm
 .text.service_nvm_set_lbt_rssi_to_nvm
                0x00000000080222f4       0x18 out/external/libexternal_fuota_stack.a(service_nvm_common.o)
                0x00000000080222f4                service_nvm_set_lbt_rssi_to_nvm
 .text.service_nvm_get_lbt_scantime_from_nvm
                0x000000000802230c        0xc out/external/libexternal_fuota_stack.a(service_nvm_common.o)
                0x000000000802230c                service_nvm_get_lbt_scantime_from_nvm
 .text.service_nvm_set_lbt_scantime_to_nvm
                0x0000000008022318       0x18 out/external/libexternal_fuota_stack.a(service_nvm_common.o)
                0x0000000008022318                service_nvm_set_lbt_scantime_to_nvm
 .text.service_nvm_get_DevNonce_from_nvm
                0x0000000008022330        0xc out/external/libexternal_fuota_stack.a(service_nvm_common.o)
                0x0000000008022330                service_nvm_get_DevNonce_from_nvm
 .text.service_nvm_set_DevNonce_to_nvm
                0x000000000802233c       0x18 out/external/libexternal_fuota_stack.a(service_nvm_common.o)
                0x000000000802233c                service_nvm_set_DevNonce_to_nvm
 .text.service_nvm_set_IsCertPortOn_to_nvm
                0x0000000008022354       0x18 out/external/libexternal_fuota_stack.a(service_nvm_common.o)
                0x0000000008022354                service_nvm_set_IsCertPortOn_to_nvm
 .text.service_nvm_get_IsCertPortOn_from_nvm
                0x000000000802236c        0xc out/external/libexternal_fuota_stack.a(service_nvm_common.o)
                0x000000000802236c                service_nvm_get_IsCertPortOn_from_nvm
 .text.service_nvm_set_crypto_to_nvm
                0x0000000008022378       0x28 out/external/libexternal_fuota_stack.a(service_nvm_common.o)
                0x0000000008022378                service_nvm_set_crypto_to_nvm
 .text.service_nvm_get_crypto_from_nvm
                0x00000000080223a0        0x8 out/external/libexternal_fuota_stack.a(service_nvm_common.o)
                0x00000000080223a0                service_nvm_get_crypto_from_nvm
 .text.service_nvm_set_macgroup1_to_nvm
                0x00000000080223a8       0x28 out/external/libexternal_fuota_stack.a(service_nvm_common.o)
                0x00000000080223a8                service_nvm_set_macgroup1_to_nvm
 .text.service_nvm_get_macgroup1_from_nvm
                0x00000000080223d0        0x8 out/external/libexternal_fuota_stack.a(service_nvm_common.o)
                0x00000000080223d0                service_nvm_get_macgroup1_from_nvm
 .text.service_nvm_set_macgroup2_to_nvm
                0x00000000080223d8       0x2c out/external/libexternal_fuota_stack.a(service_nvm_common.o)
                0x00000000080223d8                service_nvm_set_macgroup2_to_nvm
 .text.service_nvm_get_macgroup2_from_nvm
                0x0000000008022404        0x8 out/external/libexternal_fuota_stack.a(service_nvm_common.o)
                0x0000000008022404                service_nvm_get_macgroup2_from_nvm
 .text.service_nvm_set_sec_element_to_nvm
                0x000000000802240c       0x2c out/external/libexternal_fuota_stack.a(service_nvm_common.o)
                0x000000000802240c                service_nvm_set_sec_element_to_nvm
 .text.service_nvm_get_sec_element_from_nvm
                0x0000000008022438        0x8 out/external/libexternal_fuota_stack.a(service_nvm_common.o)
                0x0000000008022438                service_nvm_get_sec_element_from_nvm
 .text.service_nvm_set_regionchannels_to_nvm
                0x0000000008022440       0x2c out/external/libexternal_fuota_stack.a(service_nvm_common.o)
                0x0000000008022440                service_nvm_set_regionchannels_to_nvm
 .text.service_nvm_get_regionchannels_from_nvm
                0x000000000802246c        0x8 out/external/libexternal_fuota_stack.a(service_nvm_common.o)
                0x000000000802246c                service_nvm_get_regionchannels_from_nvm
 .text.service_nvm_get_multicast_from_nvm
                0x0000000008022474        0x8 out/external/libexternal_fuota_stack.a(service_nvm_common.o)
                0x0000000008022474                service_nvm_get_multicast_from_nvm
 .text.service_nvm_set_multicast_to_nvm
                0x000000000802247c       0x28 out/external/libexternal_fuota_stack.a(service_nvm_common.o)
                0x000000000802247c                service_nvm_set_multicast_to_nvm
 .text.service_nvm_get_tp_port_from_nvm
                0x00000000080224a4       0x10 out/external/libexternal_fuota_stack.a(service_nvm_common.o)
                0x00000000080224a4                service_nvm_get_tp_port_from_nvm
 .text.service_nvm_set_tp_port_to_nvm
                0x00000000080224b4       0x28 out/external/libexternal_fuota_stack.a(service_nvm_common.o)
                0x00000000080224b4                service_nvm_set_tp_port_to_nvm
 .text.service_nvm_get_chs_from_nvm
                0x00000000080224dc        0xc out/external/libexternal_fuota_stack.a(service_nvm_common.o)
                0x00000000080224dc                service_nvm_get_chs_from_nvm
 .text.service_nvm_set_chs_to_nvm
                0x00000000080224e8       0x18 out/external/libexternal_fuota_stack.a(service_nvm_common.o)
                0x00000000080224e8                service_nvm_set_chs_to_nvm
 .text.service_nvm_get_freq_from_nvm
                0x0000000008022500        0xc out/external/libexternal_fuota_stack.a(service_nvm_common.o)
                0x0000000008022500                service_nvm_get_freq_from_nvm
 .text.service_nvm_set_freq_to_nvm
                0x000000000802250c       0x18 out/external/libexternal_fuota_stack.a(service_nvm_common.o)
                0x000000000802250c                service_nvm_set_freq_to_nvm
 .text.service_nvm_get_sf_from_nvm
                0x0000000008022524        0xc out/external/libexternal_fuota_stack.a(service_nvm_common.o)
                0x0000000008022524                service_nvm_get_sf_from_nvm
 .text.service_nvm_set_sf_to_nvm
                0x0000000008022530       0x18 out/external/libexternal_fuota_stack.a(service_nvm_common.o)
                0x0000000008022530                service_nvm_set_sf_to_nvm
 .text.service_nvm_get_bandwidth_from_nvm
                0x0000000008022548       0x14 out/external/libexternal_fuota_stack.a(service_nvm_common.o)
                0x0000000008022548                service_nvm_get_bandwidth_from_nvm
 .text.service_nvm_set_bandwidth_to_nvm
                0x000000000802255c       0x24 out/external/libexternal_fuota_stack.a(service_nvm_common.o)
                0x000000000802255c                service_nvm_set_bandwidth_to_nvm
 .text.service_nvm_get_codingrate_from_nvm
                0x0000000008022580        0xc out/external/libexternal_fuota_stack.a(service_nvm_common.o)
                0x0000000008022580                service_nvm_get_codingrate_from_nvm
 .text.service_nvm_set_codingrate_to_nvm
                0x000000000802258c       0x18 out/external/libexternal_fuota_stack.a(service_nvm_common.o)
                0x000000000802258c                service_nvm_set_codingrate_to_nvm
 .text.service_nvm_get_preamlen_from_nvm
                0x00000000080225a4        0xc out/external/libexternal_fuota_stack.a(service_nvm_common.o)
                0x00000000080225a4                service_nvm_get_preamlen_from_nvm
 .text.service_nvm_set_preamlen_to_nvm
                0x00000000080225b0       0x18 out/external/libexternal_fuota_stack.a(service_nvm_common.o)
                0x00000000080225b0                service_nvm_set_preamlen_to_nvm
 .text.service_nvm_get_powerdbm_from_nvm
                0x00000000080225c8        0xc out/external/libexternal_fuota_stack.a(service_nvm_common.o)
                0x00000000080225c8                service_nvm_get_powerdbm_from_nvm
 .text.service_nvm_set_powerdbm_to_nvm
                0x00000000080225d4       0x18 out/external/libexternal_fuota_stack.a(service_nvm_common.o)
                0x00000000080225d4                service_nvm_set_powerdbm_to_nvm
 .text.service_nvm_get_crypt_enable_from_nvm
                0x00000000080225ec        0xc out/external/libexternal_fuota_stack.a(service_nvm_common.o)
                0x00000000080225ec                service_nvm_get_crypt_enable_from_nvm
 .text.service_nvm_set_crypt_enable_to_nvm
                0x00000000080225f8       0x18 out/external/libexternal_fuota_stack.a(service_nvm_common.o)
                0x00000000080225f8                service_nvm_set_crypt_enable_to_nvm
 .text.service_nvm_get_crypt_key_from_nvm
                0x0000000008022610       0x1c out/external/libexternal_fuota_stack.a(service_nvm_common.o)
                0x0000000008022610                service_nvm_get_crypt_key_from_nvm
 .text.service_nvm_set_crypt_key_to_nvm
                0x000000000802262c       0x34 out/external/libexternal_fuota_stack.a(service_nvm_common.o)
                0x000000000802262c                service_nvm_set_crypt_key_to_nvm
 .text.service_nvm_get_crypt_IV_from_nvm
                0x0000000008022660       0x1c out/external/libexternal_fuota_stack.a(service_nvm_common.o)
                0x0000000008022660                service_nvm_get_crypt_IV_from_nvm
 .text.service_nvm_set_crypt_IV_to_nvm
                0x000000000802267c       0x34 out/external/libexternal_fuota_stack.a(service_nvm_common.o)
                0x000000000802267c                service_nvm_set_crypt_IV_to_nvm
 .text.service_nvm_set_fdev_to_nvm
                0x00000000080226b0       0x18 out/external/libexternal_fuota_stack.a(service_nvm_common.o)
                0x00000000080226b0                service_nvm_set_fdev_to_nvm
 .text.service_nvm_set_bitrate_to_nvm
                0x00000000080226c8       0x18 out/external/libexternal_fuota_stack.a(service_nvm_common.o)
                0x00000000080226c8                service_nvm_set_bitrate_to_nvm
 .text.service_nvm_get_bitrate_from_nvm
                0x00000000080226e0        0xc out/external/libexternal_fuota_stack.a(service_nvm_common.o)
                0x00000000080226e0                service_nvm_get_bitrate_from_nvm
 .text.service_nvm_get_fdev_from_nvm
                0x00000000080226ec        0xc out/external/libexternal_fuota_stack.a(service_nvm_common.o)
                0x00000000080226ec                service_nvm_get_fdev_from_nvm
 .text.service_nvm_set_dcs_to_nvm
                0x00000000080226f8       0x18 out/external/libexternal_fuota_stack.a(service_nvm_common.o)
                0x00000000080226f8                service_nvm_set_dcs_to_nvm
 .text.service_nvm_get_dcs_from_nvm
                0x0000000008022710        0xc out/external/libexternal_fuota_stack.a(service_nvm_common.o)
                0x0000000008022710                service_nvm_get_dcs_from_nvm
 .text.service_nvm_get_iqinverted_from_nvm
                0x000000000802271c        0xc out/external/libexternal_fuota_stack.a(service_nvm_common.o)
                0x000000000802271c                service_nvm_get_iqinverted_from_nvm
 .text.service_nvm_set_iqinverted_to_nvm
                0x0000000008022728       0x18 out/external/libexternal_fuota_stack.a(service_nvm_common.o)
                0x0000000008022728                service_nvm_set_iqinverted_to_nvm
 .text.service_nvm_get_symbol_timeout_from_nvm
                0x0000000008022740        0xc out/external/libexternal_fuota_stack.a(service_nvm_common.o)
                0x0000000008022740                service_nvm_get_symbol_timeout_from_nvm
 .text.service_nvm_set_symbol_timeout_to_nvm
                0x000000000802274c       0x18 out/external/libexternal_fuota_stack.a(service_nvm_common.o)
                0x000000000802274c                service_nvm_set_symbol_timeout_to_nvm
 .text.service_nvm_get_fix_length_payload_from_nvm
                0x0000000008022764        0xc out/external/libexternal_fuota_stack.a(service_nvm_common.o)
                0x0000000008022764                service_nvm_get_fix_length_payload_from_nvm
 .text.service_nvm_set_fix_length_payload_to_nvm
                0x0000000008022770       0x18 out/external/libexternal_fuota_stack.a(service_nvm_common.o)
                0x0000000008022770                service_nvm_set_fix_length_payload_to_nvm
 .text.service_nvm_get_syncword_from_nvm
                0x0000000008022788        0xc out/external/libexternal_fuota_stack.a(service_nvm_common.o)
                0x0000000008022788                service_nvm_get_syncword_from_nvm
 .text.service_nvm_set_syncword_to_nvm
                0x0000000008022794       0x18 out/external/libexternal_fuota_stack.a(service_nvm_common.o)
                0x0000000008022794                service_nvm_set_syncword_to_nvm
 .text.service_nvm_get_CAD_from_nvm
                0x00000000080227ac        0xc out/external/libexternal_fuota_stack.a(service_nvm_common.o)
                0x00000000080227ac                service_nvm_get_CAD_from_nvm
 .text.service_nvm_set_CAD_to_nvm
                0x00000000080227b8       0x18 out/external/libexternal_fuota_stack.a(service_nvm_common.o)
                0x00000000080227b8                service_nvm_set_CAD_to_nvm
 .text.service_nvm_get_certi_from_nvm
                0x00000000080227d0        0xc out/external/libexternal_fuota_stack.a(service_nvm_common.o)
                0x00000000080227d0                service_nvm_get_certi_from_nvm
 .text.service_nvm_set_certi_to_nvm
                0x00000000080227dc       0x18 out/external/libexternal_fuota_stack.a(service_nvm_common.o)
                0x00000000080227dc                service_nvm_set_certi_to_nvm
 .text.service_lora_mac_nvm_data_init
                0x00000000080227f4       0x30 out/external/libexternal_fuota_stack.a(service_nvm_common.o)
                0x00000000080227f4                service_lora_mac_nvm_data_init
 .text.uhal_flash_init
                0x0000000008022824        0x2 out/external/libexternal_fuota_stack.a(uhal_flash.o)
                0x0000000008022824                uhal_flash_init
 .text.uhal_flash_deinit
                0x0000000008022826        0x2 out/external/libexternal_fuota_stack.a(uhal_flash.o)
                0x0000000008022826                uhal_flash_deinit
 .text.uhal_flash_write
                0x0000000008022828       0x44 out/external/libexternal_fuota_stack.a(uhal_flash.o)
                0x0000000008022828                uhal_flash_write
 .text.uhal_flash_read
                0x000000000802286c       0x10 out/external/libexternal_fuota_stack.a(uhal_flash.o)
                0x000000000802286c                uhal_flash_read
 .text.uhal_flash_erase
                0x000000000802287c       0x50 out/external/libexternal_fuota_stack.a(uhal_flash.o)
                0x000000000802287c                uhal_flash_erase
 .text.uhal_flash_get_page_size
                0x00000000080228cc        0x6 out/external/libexternal_fuota_stack.a(uhal_flash.o)
                0x00000000080228cc                uhal_flash_get_page_size
 .text.uhal_flash_check_addr_valid
                0x00000000080228d2        0x4 out/external/libexternal_fuota_stack.a(uhal_flash.o)
                0x00000000080228d2                uhal_flash_check_addr_valid
 .text.uhal_flash_suspend
                0x00000000080228d6        0x2 out/external/libexternal_fuota_stack.a(uhal_flash.o)
                0x00000000080228d6                uhal_flash_suspend
 .text.uhal_flash_resume
                0x00000000080228d8        0x2 out/external/libexternal_fuota_stack.a(uhal_flash.o)
                0x00000000080228d8                uhal_flash_resume
 .text.uhal_sys_get_uid
                0x00000000080228da       0x1c out/external/libexternal_fuota_stack.a(uhal_system.o)
                0x00000000080228da                uhal_sys_get_uid
 *fill*         0x00000000080228f6        0x2 
 .text.uhal_sys_reboot
                0x00000000080228f8       0x24 out/external/libexternal_fuota_stack.a(uhal_system.o)
                0x00000000080228f8                uhal_sys_reboot
 .text.uhal_sys_board_critical_section_begin
                0x000000000802291c        0xa out/external/libexternal_fuota_stack.a(uhal_system.o)
                0x000000000802291c                uhal_sys_board_critical_section_begin
 .text.uhal_sys_board_critical_section_end
                0x0000000008022926        0xa out/external/libexternal_fuota_stack.a(uhal_system.o)
                0x0000000008022926                uhal_sys_board_critical_section_end
 .text.uhal_sys_randomseed
                0x0000000008022930        0x2 out/external/libexternal_fuota_stack.a(uhal_system.o)
                0x0000000008022930                uhal_sys_randomseed
 .text.uhal_sys_random
                0x0000000008022932        0x2 out/external/libexternal_fuota_stack.a(uhal_system.o)
                0x0000000008022932                uhal_sys_random
 .text.uhal_sys_user_app_timer_create
                0x0000000008022934       0x2c out/external/libexternal_fuota_stack.a(uhal_system.o)
                0x0000000008022934                uhal_sys_user_app_timer_create
 .text.uhal_sys_user_app_timer_start
                0x0000000008022960       0x20 out/external/libexternal_fuota_stack.a(uhal_system.o)
                0x0000000008022960                uhal_sys_user_app_timer_start
 .text.uhal_sys_user_app_timer_stop
                0x0000000008022980       0x18 out/external/libexternal_fuota_stack.a(uhal_system.o)