Archive member included to satisfy reference by file (symbol)

out/external/libexternal_fuota_stack.a(subghz.o)
                              (--whole-archive)
out/external/libexternal_fuota_stack.a(radio_board_if.o)
                              (--whole-archive)
out/external/libexternal_fuota_stack.a(timer_if.o)
                              (--whole-archive)
out/external/libexternal_fuota_stack.a(board.o)
                              (--whole-archive)
out/external/libexternal_fuota_stack.a(service_lora_config.o)
                              (--whole-archive)
out/external/libexternal_fuota_stack.a(service_lora_multicast.o)
                              (--whole-archive)
out/external/libexternal_fuota_stack.a(LmHandler.o)
                              (--whole-archive)
out/external/libexternal_fuota_stack.a(LmhpClockSync.o)
                              (--whole-archive)
out/external/libexternal_fuota_stack.a(LmhpRemoteMcastSetup.o)
                              (--whole-archive)
out/external/libexternal_fuota_stack.a(LmhpFragmentation.o)
                              (--whole-archive)
out/external/libexternal_fuota_stack.a(FragDecoder.o)
                              (--whole-archive)
out/external/libexternal_fuota_stack.a(udrv_flash.o)
                              (--whole-archive)
out/external/libexternal_fuota_stack.a(system_stm32wlxx.o)
                              (--whole-archive)
out/external/libexternal_fuota_stack.a(stm32wlxx_hal_msp.o)
                              (--whole-archive)
out/external/libexternal_fuota_stack.a(service_nvm_common.o)
                              (--whole-archive)
out/external/libexternal_fuota_stack.a(uhal_flash.o)
                              (--whole-archive)
out/external/libexternal_fuota_stack.a(uhal_system.o)
                              (--whole-archive)
out/external/libexternal_fuota_stack.a(uhal_rtc.o)
                              (--whole-archive)
out/external/libexternal_fuota_stack.a(uhal_crypto.o)
                              (--whole-archive)
out/external/libexternal_fuota_stack.a(stm32wlxx_hal_cortex.o)
                              (--whole-archive)
out/external/libexternal_fuota_stack.a(radio.o)
                              (--whole-archive)
out/external/libexternal_fuota_stack.a(radio_fw.o)
                              (--whole-archive)
out/external/libexternal_fuota_stack.a(radio_driver.o)
                              (--whole-archive)
out/external/libexternal_fuota_stack.a(stm32_mem.o)
                              (--whole-archive)
out/external/libexternal_fuota_stack.a(stm32_timer.o)
                              (--whole-archive)
out/external/libexternal_fuota_stack.a(stm32_tiny_vsnprintf.o)
                              (--whole-archive)
out/external/libexternal_fuota_stack.a(stm32_systime.o)
                              (--whole-archive)
out/external/libexternal_fuota_stack.a(stm32wlxx_hal.o)
                              (--whole-archive)
out/external/libexternal_fuota_stack.a(stm32wlxx_hal_rcc.o)
                              (--whole-archive)
out/external/libexternal_fuota_stack.a(stm32wlxx_hal_rcc_ex.o)
                              (--whole-archive)
out/external/libexternal_fuota_stack.a(stm32wlxx_hal_rtc.o)
                              (--whole-archive)
out/external/libexternal_fuota_stack.a(stm32wlxx_hal_rtc_ex.o)
                              (--whole-archive)
out/external/libexternal_fuota_stack.a(stm32wlxx_hal_pwr.o)
                              (--whole-archive)
out/external/libexternal_fuota_stack.a(stm32wlxx_hal_pwr_ex.o)
                              (--whole-archive)
out/external/libexternal_fuota_stack.a(stm32wlxx_hal_flash.o)
                              (--whole-archive)
out/external/libexternal_fuota_stack.a(stm32wlxx_hal_flash_ex.o)
                              (--whole-archive)
out/external/libexternal_fuota_stack.a(stm32wlxx_hal_subghz.o)
                              (--whole-archive)
out/external/libexternal_fuota_stack.a(stm32wlxx_hal_gpio.o)
                              (--whole-archive)
out/external/libexternal_fuota_stack.a(stm32wlxx_hal_cryp.o)
                              (--whole-archive)
out/external/libexternal_fuota_stack.a(stm32wlxx_hal_dma.o)
                              (--whole-archive)
out/external/libexternal_fuota_stack.a(utilities.o)
                              (--whole-archive)
out/external/libexternal_fuota_stack.a(cmac.o)
                              (--whole-archive)
out/external/libexternal_fuota_stack.a(soft-se-hal.o)
                              (--whole-archive)
out/external/libexternal_fuota_stack.a(soft-se.o)
                              (--whole-archive)
out/external/libexternal_fuota_stack.a(LoRaMacAdr.o)
                              (--whole-archive)
out/external/libexternal_fuota_stack.a(LoRaMac.o)
                              (--whole-archive)
out/external/libexternal_fuota_stack.a(LoRaMacClassB.o)
                              (--whole-archive)
[...]
Memory Configuration

Name             Origin             Length             Attributes
BL               0x0000000008000000 0x0000000000006000 xr
ROM              0x000000000801e000 0x000000000001e800 xr
RAM1_DATA        0x0000000020000000 0x0000000000006000 xrw
RAM1             0x0000000020006000 0x0000000000009c00 xrw
RAM2             0x000000002000fc00 0x0000000000000400 xrw
*default*        0x0000000000000000 0xffffffffffffffff

Linker script and memory map

START GROUP
LOAD out/external/libexternal_fuota_stack.a
END GROUP
LOAD out/external/libexternal_fuota_stack.a
LOAD /opt/gcc-arm-none-eabi-10-2020-q4-major/bin/../lib/gcc/arm-none-eabi/10.2.1/../../../../arm-none-eabi/lib/thumb/v7e-m/nofp/libc_nano.a
LOAD /opt/gcc-arm-none-eabi-10-2020-q4-major/bin/../lib/gcc/arm-none-eabi/10.2.1/../../../../arm-none-eabi/lib/thumb/v7e-m/nofp/libm.a
LOAD /opt/gcc-arm-none-eabi-10-2020-q4-major/bin/../lib/gcc/arm-none-eabi/10.2.1/../../../../arm-none-eabi/lib/thumb/v7e-m/nofp/libnosys.a
LOAD /opt/gcc-arm-none-eabi-10-2020-q4-major/bin/../lib/gcc/arm-none-eabi/10.2.1/../../../../arm-none-eabi/lib/thumb/v7e-m/nofp/libstdc++_nano.a
LOAD /home/jenkins/workspace/RUI_Release/rui-v3/version.o
START GROUP
LOAD /opt/gcc-arm-none-eabi-10-2020-q4-major/bin/../lib/gcc/arm-none-eabi/10.2.1/thumb/v7e-m/nofp/libgcc.a
LOAD /opt/gcc-arm-none-eabi-10-2020-q4-major/bin/../lib/gcc/arm-none-eabi/10.2.1/../../../../arm-none-eabi/lib/thumb/v7e-m/nofp/libc_nano.a
END GROUP
START GROUP
LOAD /opt/gcc-arm-none-eabi-10-2020-q4-major/bin/../lib/gcc/arm-none-eabi/10.2.1/thumb/v7e-m/nofp/libgcc.a
LOAD /opt/gcc-arm-none-eabi-10-2020-q4-major/bin/../lib/gcc/arm-none-eabi/10.2.1/../../../../arm-none-eabi/lib/thumb/v7e-m/nofp/libc_nano.a
END GROUP
                0x000000002000fc00                _estack = (ORIGIN (RAM1) + LENGTH (RAM1))
                0x0000000000001e00                _Min_Heap_Size = 0x1e00
                0x0000000000002000                _Min_Stack_Size = 0x2000

.isr_vector     0x000000000801e000        0x0
                0x000000000801e000                . = ALIGN (0x8)
 *(.isr_vector)
                0x000000000801e000                . = ALIGN (0x8)

.text           0x000000000801e000    0x1d5e8
                0x000000000801e000                . = ALIGN (0x8)
 *(.text)
 .text          0x000000000801e000        0x0 out/external/libexternal_fuota_stack.a(subghz.o)
 .text          0x000000000801e000        0x0 out/external/libexternal_fuota_stack.a(radio_board_if.o)
 .text          0x000000000801e000        0x0 out/external/libexternal_fuota_stack.a(timer_if.o)
 .text          0x000000000801e000        0x0 out/external/libexternal_fuota_stack.a(board.o)
 .text          0x000000000801e000        0x0 out/external/libexternal_fuota_stack.a(service_lora_config.o)
 .text          0x000000000801e000        0x0 out/external/libexternal_fuota_stack.a(service_lora_multicast.o)
 .text          0x000000000801e000        0x0 out/external/libexternal_fuota_stack.a(LmHandler.o)
 .text          0x000000000801e000        0x0 out/external/libexternal_fuota_stack.a(LmhpClockSync.o)
 .text          0x000000000801e000        0x0 out/external/libexternal_fuota_stack.a(LmhpRemoteMcastSetup.o)
 .text          0x000000000801e000        0x0 out/external/libexternal_fuota_stack.a(LmhpFragmentation.o)
 .text          0x000000000801e000        0x0 out/external/libexternal_fuota_stack.a(FragDecoder.o)
 .text          0x000000000801e000        0x0 out/external/libexternal_fuota_stack.a(udrv_flash.o)
 .text          0x000000000801e000        0x0 out/external/libexternal_fuota_stack.a(system_stm32wlxx.o)
 .text          0x000000000801e000        0x0 out/external/libexternal_fuota_stack.a(stm32wlxx_hal_msp.o)
 .text          0x000000000801e000        0x0 out/external/libexternal_fuota_stack.a(service_nvm_common.o)
 .text          0x000000000801e000        0x0 out/external/libexternal_fuota_stack.a(uhal_flash.o)
 .text          0x000000000801e000        0x0 out/external/libexternal_fuota_stack.a(uhal_system.o)
 .text          0x000000000801e000        0x0 out/external/libexternal_fuota_stack.a(uhal_rtc.o)
 .text          0x000000000801e000        0x0 out/external/libexternal_fuota_stack.a(uhal_crypto.o)
 .text          0x000000000801e000        0x0 out/external/libexternal_fuota_stack.a(stm32wlxx_hal_cortex.o)
 .text          0x000000000801e000        0x0 out/external/libexternal_fuota_stack.a(radio.o)
 .text          0x000000000801e000        0x0 out/external/libexternal_fuota_stack.a(radio_fw.o)
 .text          0x000000000801e000        0x0 out/external/libexternal_fuota_stack.a(radio_driver.o)
 .text          0x000000000801e000        0x0 out/external/libexternal_fuota_stack.a(stm32_mem.o)
 .text          0x000000000801e000        0x0 out/external/libexternal_fuota_stack.a(stm32_timer.o)
 .text          0x000000000801e000        0x0 out/external/libexternal_fuota_stack.a(stm32_tiny_vsnprintf.o)
 .text          0x000000000801e000        0x0 out/external/libexternal_fuota_stack.a(stm32_systime.o)
 .text          0x000000000801e000        0x0 out/external/libexternal_fuota_stack.a(stm32wlxx_hal.o)
 .text          0x000000000801e000        0x0 out/external/libexternal_fuota_stack.a(stm32wlxx_hal_rcc.o)
 .text          0x000000000801e000        0x0 out/external/libexternal_fuota_stack.a(stm32wlxx_hal_rcc_ex.o)
 .text          0x000000000801e000        0x0 out/external/libexternal_fuota_stack.a(stm32wlxx_hal_rtc.o)
 .text          0x000000000801e000        0x0 out/external/libexternal_fuota_stack.a(stm32wlxx_hal_rtc_ex.o)
 .text          0x000000000801e000        0x0 out/external/libexternal_fuota_stack.a(stm32wlxx_hal_pwr.o)
 .text          0x000000000801e000        0x0 out/external/libexternal_fuota_stack.a(stm32wlxx_hal_pwr_ex.o)
 .text          0x000000000801e000        0x0 out/external/libexternal_fuota_stack.a(stm32wlxx_hal_flash.o)
 .text          0x000000000801e000        0x0 out/external/libexternal_fuota_stack.a(stm32wlxx_hal_flash_ex.o)
 .text          0x000000000801e000        0x0 out/external/libexternal_fuota_stack.a(stm32wlxx_hal_subghz.o)
 .text          0x000000000801e000        0x0 out/external/libexternal_fuota_stack.a(stm32wlxx_hal_gpio.o)
 .text          0x000000000801e000        0x0 out/external/libexternal_fuota_stack.a(stm32wlxx_hal_cryp.o)
 .text          0x000000000801e000        0x0 out/external/libexternal_fuota_stack.a(stm32wlxx_hal_dma.o)
 .text          0x000000000801e000        0x0 out/external/libexternal_fuota_stack.a(utilities.o)
 .text          0x000000000801e000        0x0 out/external/libexternal_fuota_stack.a(cmac.o)
 .text          0x000000000801e000        0x0 out/external/libexternal_fuota_stack.a(soft-se-hal.o)
 .text          0x000000000801e000        0x0 out/external/libexternal_fuota_stack.a(soft-se.o)
 .text          0x000000000801e000        0x0 out/external/libexternal_fuota_stack.a(LoRaMacAdr.o)
 .text          0x000000000801e000        0x0 out/external/libexternal_fuota_stack.a(LoRaMac.o)
 .text          0x000000000801e000        0x0 out/external/libexternal_fuota_stack.a(LoRaMacClassB.o)
 .text          0x000000000801e000        0x0 out/external/libexternal_fuota_stack.a(LoRaMacCommands.o)
 .text          0x000000000801e000        0x0 out/external/libexternal_fuota_stack.a(LoRaMacConfirmQueue.o)
 .text          0x000000000801e000        0x0 out/external/libexternal_fuota_stack.a(LoRaMacCrypto.o)
 .text          0x000000000801e000        0x0 out/external/libexternal_fuota_stack.a(LoRaMacParser.o)
 .text          0x000000000801e000        0x0 out/external/libexternal_fuota_stack.a(LoRaMacSerializer.o)
 .text          0x000000000801e000        0x0 out/external/libexternal_fuota_stack.a(RegionAS923.o)
 .text          0x000000000801e000        0x0 out/external/libexternal_fuota_stack.a(RegionAU915.o)
 .text          0x000000000801e000        0x0 out/external/libexternal_fuota_stack.a(RegionBaseUS.o)
 .text          0x000000000801e000        0x0 out/external/libexternal_fuota_stack.a(Region.o)
 .text          0x000000000801e000        0x0 out/external/libexternal_fuota_stack.a(RegionCN470A20.o)
 .text          0x000000000801e000        0x0 out/external/libexternal_fuota_stack.a(RegionCN470A26.o)
 .text          0x000000000801e000        0x0 out/external/libexternal_fuota_stack.a(RegionCN470B20.o)
 .text          0x000000000801e000        0x0 out/external/libexternal_fuota_stack.a(RegionCN470B26.o)
 .text          0x000000000801e000        0x0 out/external/libexternal_fuota_stack.a(RegionCN470.o)
 .text          0x000000000801e000        0x0 out/external/libexternal_fuota_stack.a(RegionCN779.o)
 .text          0x000000000801e000        0x0 out/external/libexternal_fuota_stack.a(RegionCommon.o)
 .text          0x000000000801e000        0x0 out/external/libexternal_fuota_stack.a(RegionEU433.o)
 .text          0x000000000801e000        0x0 out/external/libexternal_fuota_stack.a(RegionEU868.o)
 .text          0x000000000801e000        0x0 out/external/libexternal_fuota_stack.a(RegionIN865.o)
 .text          0x000000000801e000        0x0 out/external/libexternal_fuota_stack.a(RegionKR920.o)
 .text          0x000000000801e000        0x0 out/external/libexternal_fuota_stack.a(RegionLA915.o)
 .text          0x000000000801e000        0x0 out/external/libexternal_fuota_stack.a(RegionRU864.o)
 .text          0x000000000801e000        0x0 out/external/libexternal_fuota_stack.a(RegionUS915.o)
 .text          0x000000000801e000        0x0 /opt/gcc-arm-none-eabi-10-2020-q4-major/bin/../lib/gcc/arm-none-eabi/10.2.1/../../../../arm-none-eabi/lib/thumb/v7e-m/nofp/libc_nano.a(lib_a-memcmp.o)
 .text          0x000000000801e000        0x0 /opt/gcc-arm-none-eabi-10-2020-q4-major/bin/../lib/gcc/arm-none-eabi/10.2.1/../../../../arm-none-eabi/lib/thumb/v7e-m/nofp/libc_nano.a(lib_a-memcpy-stub.o)
 .text          0x000000000801e000        0x0 /opt/gcc-arm-none-eabi-10-2020-q4-major/bin/../lib/gcc/arm-none-eabi/10.2.1/../../../../arm-none-eabi/lib/thumb/v7e-m/nofp/libc_nano.a(lib_a-memset.o)
 .text          0x000000000801e000       0x10 /opt/gcc-arm-none-eabi-10-2020-q4-major/bin/../lib/gcc/arm-none-eabi/10.2.1/../../../../arm-none-eabi/lib/thumb/v7e-m/nofp/libc_nano.a(lib_a-strlen.o)
                0x000000000801e000                strlen
 .text          0x000000000801e010        0x0 /opt/gcc-arm-none-eabi-10-2020-q4-major/bin/../lib/gcc/arm-none-eabi/10.2.1/../../../../arm-none-eabi/lib/thumb/v7e-m/nofp/libm.a(lib_a-s_floor.o)
 .text          0x000000000801e010        0x0 /home/jenkins/workspace/RUI_Release/rui-v3/version.o
 .text          0x000000000801e010      0x378 /opt/gcc-arm-none-eabi-10-2020-q4-major/bin/../lib/gcc/arm-none-eabi/10.2.1/thumb/v7e-m/nofp/libgcc.a(_arm_addsubdf3.o)
                0x000000000801e010                __aeabi_drsub
                0x000000000801e018                __aeabi_dsub
                0x000000000801e018                __subdf3
                0x000000000801e01c                __adddf3
                0x000000000801e01c                __aeabi_dadd
                0x000000000801e294                __aeabi_ui2d
                0x000000000801e294                __floatunsidf
                0x000000000801e2b4                __floatsidf
                0x000000000801e2b4                __aeabi_i2d
                0x000000000801e2d8                __extendsfdf2
                0x000000000801e2d8                __aeabi_f2d
                0x000000000801e31c                __aeabi_ul2d
                0x000000000801e31c                __floatundidf
                0x000000000801e32c                __floatdidf
                0x000000000801e32c                __aeabi_l2d
 .text          0x000000000801e388      0x110 /opt/gcc-arm-none-eabi-10-2020-q4-major/bin/../lib/gcc/arm-none-eabi/10.2.1/thumb/v7e-m/nofp/libgcc.a(_arm_cmpdf2.o)
                0x000000000801e388                __gtdf2
                0x000000000801e388                __gedf2
                0x000000000801e390                __ltdf2
                0x000000000801e390                __ledf2
                0x000000000801e398                __cmpdf2
                0x000000000801e398                __eqdf2
                0x000000000801e398                __nedf2
                0x000000000801e414                __aeabi_cdrcmple
                0x000000000801e424                __aeabi_cdcmple
                0x000000000801e424                __aeabi_cdcmpeq
                0x000000000801e434                __aeabi_dcmpeq
                0x000000000801e448                __aeabi_dcmplt
                0x000000000801e45c                __aeabi_dcmple
                0x000000000801e470                __aeabi_dcmpge
                0x000000000801e484                __aeabi_dcmpgt
 .text          0x000000000801e498       0x50 /opt/gcc-arm-none-eabi-10-2020-q4-major/bin/../lib/gcc/arm-none-eabi/10.2.1/thumb/v7e-m/nofp/libgcc.a(_arm_fixdfsi.o)
                0x000000000801e498                __fixdfsi
                0x000000000801e498                __aeabi_d2iz
 .text          0x000000000801e4e8      0x21c /opt/gcc-arm-none-eabi-10-2020-q4-major/bin/../lib/gcc/arm-none-eabi/10.2.1/thumb/v7e-m/nofp/libgcc.a(_arm_addsubsf3.o)
                0x000000000801e4e8                __aeabi_frsub
                0x000000000801e4f0                __subsf3
                0x000000000801e4f0                __aeabi_fsub
                0x000000000801e4f4                __aeabi_fadd
                0x000000000801e4f4                __addsf3
                0x000000000801e654                __aeabi_ui2f
                0x000000000801e654                __floatunsisf
                0x000000000801e65c                __aeabi_i2f
                0x000000000801e65c                __floatsisf
                0x000000000801e678                __floatundisf
                0x000000000801e678                __aeabi_ul2f
                0x000000000801e688                __floatdisf
                0x000000000801e688                __aeabi_l2f
 .text          0x000000000801e704       0xec /opt/gcc-arm-none-eabi-10-2020-q4-major/bin/../lib/gcc/arm-none-eabi/10.2.1/thumb/v7e-m/nofp/libgcc.a(_arm_cmpsf2.o)
                0x000000000801e704                __gtsf2
                0x000000000801e704                __gesf2
                0x000000000801e70c                __lesf2
                0x000000000801e70c                __ltsf2
                0x000000000801e714                __nesf2
                0x000000000801e714                __eqsf2
                0x000000000801e714                __cmpsf2
                0x000000000801e774                __aeabi_cfrcmple
                0x000000000801e77c                __aeabi_cfcmple
                0x000000000801e77c                __aeabi_cfcmpeq
                0x000000000801e78c                __aeabi_fcmpeq
                0x000000000801e7a0                __aeabi_fcmplt
                0x000000000801e7b4                __aeabi_fcmple
                0x000000000801e7c8                __aeabi_fcmpge
                0x000000000801e7dc                __aeabi_fcmpgt
 .text          0x000000000801e7f0       0xa0 /opt/gcc-arm-none-eabi-10-2020-q4-major/bin/../lib/gcc/arm-none-eabi/10.2.1/thumb/v7e-m/nofp/libgcc.a(_aeabi_ldivmod.o)
                0x000000000801e7f0                __aeabi_ldivmod
 .text          0x000000000801e890       0x30 /opt/gcc-arm-none-eabi-10-2020-q4-major/bin/../lib/gcc/arm-none-eabi/10.2.1/thumb/v7e-m/nofp/libgcc.a(_aeabi_uldivmod.o)
                0x000000000801e890                __aeabi_uldivmod
 .text          0x000000000801e8c0      0x2d0 /opt/gcc-arm-none-eabi-10-2020-q4-major/bin/../lib/gcc/arm-none-eabi/10.2.1/thumb/v7e-m/nofp/libgcc.a(_udivmoddi4.o)
                0x000000000801e8c0                __udivmoddi4
 .text          0x000000000801eb90        0x4 /opt/gcc-arm-none-eabi-10-2020-q4-major/bin/../lib/gcc/arm-none-eabi/10.2.1/thumb/v7e-m/nofp/libgcc.a(_dvmd_tls.o)
                0x000000000801eb90                __aeabi_ldiv0
                0x000000000801eb90                __aeabi_idiv0
 *(.text*)
 .text.MX_SUBGHZ_Init
                0x000000000801eb94       0x1c out/external/libexternal_fuota_stack.a(subghz.o)
                0x000000000801eb94                MX_SUBGHZ_Init
 .text.HAL_SUBGHZ_MspInit
                0x000000000801ebb0       0x2e out/external/libexternal_fuota_stack.a(subghz.o)
                0x000000000801ebb0                HAL_SUBGHZ_MspInit
 .text.HAL_SUBGHZ_MspDeInit
                0x000000000801ebde       0x12 out/external/libexternal_fuota_stack.a(subghz.o)
                0x000000000801ebde                HAL_SUBGHZ_MspDeInit
 .text.LL_AHB2_GRP1_EnableClock
                0x000000000801ebf0       0x18 out/external/libexternal_fuota_stack.a(radio_board_if.o)
 .text.RBI_Init
                0x000000000801ec08       0x70 out/external/libexternal_fuota_stack.a(radio_board_if.o)
                0x000000000801ec08                RBI_Init
 .text.RBI_DeInit
                0x000000000801ec78       0x4c out/external/libexternal_fuota_stack.a(radio_board_if.o)
                0x000000000801ec78                RBI_DeInit
 .text.RBI_ConfigRFSwitch
                0x000000000801ecc4       0x44 out/external/libexternal_fuota_stack.a(radio_board_if.o)
                0x000000000801ecc4                RBI_ConfigRFSwitch
 .text.RBI_GetTxConfig
                0x000000000801ed08        0x4 out/external/libexternal_fuota_stack.a(radio_board_if.o)
                0x000000000801ed08                RBI_GetTxConfig
 .text.RBI_IsTCXO
                0x000000000801ed0c        0x4 out/external/libexternal_fuota_stack.a(radio_board_if.o)
                0x000000000801ed0c                RBI_IsTCXO
 .text.RBI_IsDCDC
                0x000000000801ed10        0x4 out/external/libexternal_fuota_stack.a(radio_board_if.o)
                0x000000000801ed10                RBI_IsDCDC
 .text.TIMER_IF_SetTimerContext
                0x000000000801ed14       0x14 out/external/libexternal_fuota_stack.a(timer_if.o)
                0x000000000801ed14                TIMER_IF_SetTimerContext
 .text.TIMER_IF_GetTimerContext
                0x000000000801ed28        0xc out/external/libexternal_fuota_stack.a(timer_if.o)
                0x000000000801ed28                TIMER_IF_GetTimerContext
 .text.TIMER_IF_GetTimerElapsedTime
                0x000000000801ed34       0x18 out/external/libexternal_fuota_stack.a(timer_if.o)
                0x000000000801ed34                TIMER_IF_GetTimerElapsedTime
 .text.TIMER_IF_GetTimerValue
                0x000000000801ed4c       0x18 out/external/libexternal_fuota_stack.a(timer_if.o)
                0x000000000801ed4c                TIMER_IF_GetTimerValue
 .text.TIMER_IF_GetMinimumTimeout
                0x000000000801ed64        0x4 out/external/libexternal_fuota_stack.a(timer_if.o)
                0x000000000801ed64                TIMER_IF_GetMinimumTimeout
 .text.TIMER_IF_Convert_ms2Tick
                0x000000000801ed68       0x14 out/external/libexternal_fuota_stack.a(timer_if.o)
                0x000000000801ed68                TIMER_IF_Convert_ms2Tick
 .text.TIMER_IF_Convert_Tick2ms
                0x000000000801ed7c       0x10 out/external/libexternal_fuota_stack.a(timer_if.o)
                0x000000000801ed7c                TIMER_IF_Convert_Tick2ms
 .text.TIMER_IF_StopTimer
                0x000000000801ed8c       0x28 out/external/libexternal_fuota_stack.a(timer_if.o)
                0x000000000801ed8c                TIMER_IF_StopTimer
 .text.TIMER_IF_BkUp_Write_Seconds
                0x000000000801edb4       0x10 out/external/libexternal_fuota_stack.a(timer_if.o)
                0x000000000801edb4                TIMER_IF_BkUp_Write_Seconds
 .text.TIMER_IF_BkUp_Write_SubSeconds
                0x000000000801edc4       0x10 out/external/libexternal_fuota_stack.a(timer_if.o)
                0x000000000801edc4                TIMER_IF_BkUp_Write_SubSeconds
 .text.TIMER_IF_StartTimer
                0x000000000801edd4       0x50 out/external/libexternal_fuota_stack.a(timer_if.o)
                0x000000000801edd4                TIMER_IF_StartTimer
 .text.TIMER_IF_GetTime
                0x000000000801ee24       0x34 out/external/libexternal_fuota_stack.a(timer_if.o)
                0x000000000801ee24                TIMER_IF_GetTime
 .text.TIMER_IF_BkUp_Read_Seconds
                0x000000000801ee58        0xc out/external/libexternal_fuota_stack.a(timer_if.o)
                0x000000000801ee58                TIMER_IF_BkUp_Read_Seconds
 .text.TIMER_IF_BkUp_Read_SubSeconds
                0x000000000801ee64        0xc out/external/libexternal_fuota_stack.a(timer_if.o)
                0x000000000801ee64                TIMER_IF_BkUp_Read_SubSeconds
 .text.TIMER_IF_Init
                0x000000000801ee70       0x50 out/external/libexternal_fuota_stack.a(timer_if.o)
                0x000000000801ee70                TIMER_IF_Init
 .text.TIMER_IF_DelayMs
                0x000000000801eec0       0x2c out/external/libexternal_fuota_stack.a(timer_if.o)
                0x000000000801eec0                TIMER_IF_DelayMs
 .text.HAL_RTC_AlarmAEventCallback
                0x000000000801eeec        0x4 out/external/libexternal_fuota_stack.a(timer_if.o)
                0x000000000801eeec                HAL_RTC_AlarmAEventCallback
 .text.HAL_RTCEx_SSRUEventCallback
                0x000000000801eef0       0x20 out/external/libexternal_fuota_stack.a(timer_if.o)
                0x000000000801eef0                HAL_RTCEx_SSRUEventCallback
 .text.BoardGetUniqueId
                0x000000000801ef10        0x2 out/external/libexternal_fuota_stack.a(board.o)
                0x000000000801ef10                BoardGetUniqueId
 .text.BoardCriticalSectionBegin
                0x000000000801ef12        0x4 out/external/libexternal_fuota_stack.a(board.o)
                0x000000000801ef12                BoardCriticalSectionBegin
 .text.BoardCriticalSectionEnd
                0x000000000801ef16        0x4 out/external/libexternal_fuota_stack.a(board.o)
                0x000000000801ef16                BoardCriticalSectionEnd
 .text.BoardInitMcu
                0x000000000801ef1a        0x2 out/external/libexternal_fuota_stack.a(board.o)
                0x000000000801ef1a                BoardInitMcu
 .text.BoardResetMcu
                0x000000000801ef1c       0x24 out/external/libexternal_fuota_stack.a(board.o)
                0x000000000801ef1c                BoardResetMcu
 .text.BoardGetHardwareFreq
                0x000000000801ef40       0x50 out/external/libexternal_fuota_stack.a(board.o)
                0x000000000801ef40                BoardGetHardwareFreq
 .text.crc_cal  0x000000000801ef90       0x2a out/external/libexternal_fuota_stack.a(service_lora_config.o)
 *fill*         0x000000000801efba        0x2 
 .text.rak3172_sprintf.constprop.0
                0x000000000801efbc       0x20 out/external/libexternal_fuota_stack.a(service_lora_config.o)
 .text.service_lora_get_app_eui
                0x000000000801efdc        0x4 out/external/libexternal_fuota_stack.a(service_lora_config.o)
                0x000000000801efdc                service_lora_get_app_eui
 .text.service_lora_get_app_key
                0x000000000801efe0        0x4 out/external/libexternal_fuota_stack.a(service_lora_config.o)
                0x000000000801efe0                service_lora_get_app_key
 .text.service_lora_get_dev_eui
                0x000000000801efe4        0x4 out/external/libexternal_fuota_stack.a(service_lora_config.o)
                0x000000000801efe4                service_lora_get_dev_eui
 .text.service_lora_get_nwm
                0x000000000801efe8        0xa out/external/libexternal_fuota_stack.a(service_lora_config.o)
                0x000000000801efe8                service_lora_get_nwm
 .text.service_lora_set_nwm
                0x000000000801eff2       0x14 out/external/libexternal_fuota_stack.a(service_lora_config.o)
                0x000000000801eff2                service_lora_set_nwm
 .text.service_lora_get_njm
                0x000000000801f006        0x4 out/external/libexternal_fuota_stack.a(service_lora_config.o)
                0x000000000801f006                service_lora_get_njm
 .text.service_lora_get_njs
                0x000000000801f00a       0x26 out/external/libexternal_fuota_stack.a(service_lora_config.o)
                0x000000000801f00a                service_lora_get_njs
 .text.service_lora_get_app_skey
                0x000000000801f030       0x5c out/external/libexternal_fuota_stack.a(service_lora_config.o)
                0x000000000801f030                service_lora_get_app_skey
 .text.service_lora_get_dev_addr
                0x000000000801f08c       0x56 out/external/libexternal_fuota_stack.a(service_lora_config.o)
                0x000000000801f08c                service_lora_get_dev_addr
 .text.service_lora_get_retry
                0x000000000801f0e2        0x4 out/external/libexternal_fuota_stack.a(service_lora_config.o)
                0x000000000801f0e2                service_lora_get_retry
 .text.service_lora_set_retry
                0x000000000801f0e6        0xe out/external/libexternal_fuota_stack.a(service_lora_config.o)
                0x000000000801f0e6                service_lora_set_retry
 .text.service_lora_get_cfm
                0x000000000801f0f4        0x4 out/external/libexternal_fuota_stack.a(service_lora_config.o)
                0x000000000801f0f4                service_lora_get_cfm
 .text.service_lora_set_cfm
                0x000000000801f0f8        0x4 out/external/libexternal_fuota_stack.a(service_lora_config.o)
                0x000000000801f0f8                service_lora_set_cfm
 .text.service_lora_get_nwk_skey
                0x000000000801f0fc       0x5c out/external/libexternal_fuota_stack.a(service_lora_config.o)
                0x000000000801f0fc                service_lora_get_nwk_skey
 .text.service_lora_get_net_id
                0x000000000801f158       0x5e out/external/libexternal_fuota_stack.a(service_lora_config.o)
                0x000000000801f158                service_lora_get_net_id
 .text.service_lora_get_McRoot_key
                0x000000000801f1b6        0x2 out/external/libexternal_fuota_stack.a(service_lora_config.o)
                0x000000000801f1b6                service_lora_get_McRoot_key
 .text.service_lora_get_adr
                0x000000000801f1b8        0x4 out/external/libexternal_fuota_stack.a(service_lora_config.o)
                0x000000000801f1b8                service_lora_get_adr
 .text.service_lora_get_class
                0x000000000801f1bc        0x4 out/external/libexternal_fuota_stack.a(service_lora_config.o)
                0x000000000801f1bc                service_lora_get_class
 .text.service_lora_get_dcs
                0x000000000801f1c0        0xe out/external/libexternal_fuota_stack.a(service_lora_config.o)
                0x000000000801f1c0                service_lora_get_dcs
 .text.service_lora_set_dcs
                0x000000000801f1ce       0x1a out/external/libexternal_fuota_stack.a(service_lora_config.o)
                0x000000000801f1ce                service_lora_set_dcs
 .text.service_lora_get_dr
                0x000000000801f1e8       0x1a out/external/libexternal_fuota_stack.a(service_lora_config.o)
                0x000000000801f1e8                service_lora_get_dr
 .text.service_lora_get_jn1dl
                0x000000000801f202        0x4 out/external/libexternal_fuota_stack.a(service_lora_config.o)
                0x000000000801f202                service_lora_get_jn1dl
 .text.service_lora_get_jn2dl
                0x000000000801f206        0x4 out/external/libexternal_fuota_stack.a(service_lora_config.o)
                0x000000000801f206                service_lora_get_jn2dl
 .text.service_lora_get_pub_nwk_mode
                0x000000000801f20a        0x4 out/external/libexternal_fuota_stack.a(service_lora_config.o)
                0x000000000801f20a                service_lora_get_pub_nwk_mode
 .text.service_lora_get_rx1dl
                0x000000000801f20e       0x32 out/external/libexternal_fuota_stack.a(service_lora_config.o)
                0x000000000801f20e                service_lora_get_rx1dl
 .text.service_lora_get_rx2dl
                0x000000000801f240        0x4 out/external/libexternal_fuota_stack.a(service_lora_config.o)
                0x000000000801f240                service_lora_get_rx2dl
 .text.service_lora_get_txpower
                0x000000000801f244        0x4 out/external/libexternal_fuota_stack.a(service_lora_config.o)
                0x000000000801f244                service_lora_get_txpower
 .text.service_lora_get_ping_slot_periodicity
                0x000000000801f248        0x4 out/external/libexternal_fuota_stack.a(service_lora_config.o)
                0x000000000801f248                service_lora_get_ping_slot_periodicity
 .text.service_lora_set_ping_slot_periodicity
                0x000000000801f24c        0x4 out/external/libexternal_fuota_stack.a(service_lora_config.o)
                0x000000000801f24c                service_lora_set_ping_slot_periodicity
 .text.service_lora_get_beacon_freq
                0x000000000801f250       0x18 out/external/libexternal_fuota_stack.a(service_lora_config.o)
                0x000000000801f250                service_lora_get_beacon_freq
 .text.service_lora_get_beacon_dr
                0x000000000801f268       0x18 out/external/libexternal_fuota_stack.a(service_lora_config.o)
                0x000000000801f268                service_lora_get_beacon_dr
 .text.service_lora_get_local_time
                0x000000000801f280       0x44 out/external/libexternal_fuota_stack.a(service_lora_config.o)
                0x000000000801f280                service_lora_get_local_time
 .text.service_lora_get_rx2freq
                0x000000000801f2c4       0x20 out/external/libexternal_fuota_stack.a(service_lora_config.o)
                0x000000000801f2c4                service_lora_get_rx2freq
 .text.service_lora_get_rx2dr
                0x000000000801f2e4       0x20 out/external/libexternal_fuota_stack.a(service_lora_config.o)
                0x000000000801f2e4                service_lora_get_rx2dr
 .text.service_lora_get_linkcheck
                0x000000000801f304        0x4 out/external/libexternal_fuota_stack.a(service_lora_config.o)
                0x000000000801f304                service_lora_get_linkcheck
 .text.service_lora_set_linkcheck
                0x000000000801f308        0xe out/external/libexternal_fuota_stack.a(service_lora_config.o)
                0x000000000801f308                service_lora_set_linkcheck
 .text.service_lora_get_join_start
                0x000000000801f316        0x4 out/external/libexternal_fuota_stack.a(service_lora_config.o)
                0x000000000801f316                service_lora_get_join_start
 .text.service_lora_set_join_start
                0x000000000801f31a        0x4 out/external/libexternal_fuota_stack.a(service_lora_config.o)
                0x000000000801f31a                service_lora_set_join_start
 .text.service_lora_get_auto_join
                0x000000000801f31e        0x4 out/external/libexternal_fuota_stack.a(service_lora_config.o)
                0x000000000801f31e                service_lora_get_auto_join
 .text.service_lora_set_auto_join
                0x000000000801f322        0x4 out/external/libexternal_fuota_stack.a(service_lora_config.o)
                0x000000000801f322                service_lora_set_auto_join
 .text.service_lora_get_auto_join_period
                0x000000000801f326        0x4 out/external/libexternal_fuota_stack.a(service_lora_config.o)
                0x000000000801f326                service_lora_get_auto_join_period
 .text.service_lora_set_auto_join_period
                0x000000000801f32a        0x4 out/external/libexternal_fuota_stack.a(service_lora_config.o)
                0x000000000801f32a                service_lora_set_auto_join_period
 .text.service_lora_get_auto_join_max_cnt
                0x000000000801f32e        0x4 out/external/libexternal_fuota_stack.a(service_lora_config.o)
                0x000000000801f32e                service_lora_get_auto_join_max_cnt
 .text.service_lora_set_auto_join_max_cnt
                0x000000000801f332        0x4 out/external/libexternal_fuota_stack.a(service_lora_config.o)
                0x000000000801f332                service_lora_set_auto_join_max_cnt
 .text.service_lora_get_lbt
                0x000000000801f336        0x4 out/external/libexternal_fuota_stack.a(service_lora_config.o)
                0x000000000801f336                service_lora_get_lbt
 .text.service_lora_set_lbt
                0x000000000801f33a        0x4 out/external/libexternal_fuota_stack.a(service_lora_config.o)
                0x000000000801f33a                service_lora_set_lbt
 .text.service_lora_get_lbt_rssi
                0x000000000801f33e        0x4 out/external/libexternal_fuota_stack.a(service_lora_config.o)
                0x000000000801f33e                service_lora_get_lbt_rssi
 .text.service_lora_set_lbt_rssi
                0x000000000801f342        0x4 out/external/libexternal_fuota_stack.a(service_lora_config.o)
                0x000000000801f342                service_lora_set_lbt_rssi
 .text.service_lora_get_lbt_scantime
                0x000000000801f346        0x4 out/external/libexternal_fuota_stack.a(service_lora_config.o)
                0x000000000801f346                service_lora_get_lbt_scantime
 .text.service_lora_set_lbt_scantime
                0x000000000801f34a        0x4 out/external/libexternal_fuota_stack.a(service_lora_config.o)
                0x000000000801f34a                service_lora_set_lbt_scantime
 .text.service_lora_get_DevNonce
                0x000000000801f34e        0x4 out/external/libexternal_fuota_stack.a(service_lora_config.o)
                0x000000000801f34e                service_lora_get_DevNonce
 .text.service_lora_set_DevNonce
                0x000000000801f352        0x4 out/external/libexternal_fuota_stack.a(service_lora_config.o)
                0x000000000801f352                service_lora_set_DevNonce
 .text.service_lora_set_IsCertPortOn
                0x000000000801f356        0x8 out/external/libexternal_fuota_stack.a(service_lora_config.o)
                0x000000000801f356                service_lora_set_IsCertPortOn
 .text.service_lora_get_IsCertPortOn
                0x000000000801f35e        0x4 out/external/libexternal_fuota_stack.a(service_lora_config.o)
                0x000000000801f35e                service_lora_get_IsCertPortOn
 .text.service_lora_get_band
                0x000000000801f362        0x4 out/external/libexternal_fuota_stack.a(service_lora_config.o)
                0x000000000801f362                service_lora_get_band
 .text.service_lora_get_chs
                0x000000000801f366       0x24 out/external/libexternal_fuota_stack.a(service_lora_config.o)
                0x000000000801f366                service_lora_get_chs
 .text.service_lora_region_isActive
                0x000000000801f38a       0x1e out/external/libexternal_fuota_stack.a(service_lora_config.o)
                0x000000000801f38a                service_lora_region_isActive
 .text.service_lora_set_app_eui
                0x000000000801f3a8       0x42 out/external/libexternal_fuota_stack.a(service_lora_config.o)
                0x000000000801f3a8                service_lora_set_app_eui
 .text.service_lora_set_app_key
                0x000000000801f3ea       0x54 out/external/libexternal_fuota_stack.a(service_lora_config.o)
                0x000000000801f3ea                service_lora_set_app_key
 .text.service_lora_set_app_skey
                0x000000000801f43e       0x42 out/external/libexternal_fuota_stack.a(service_lora_config.o)
                0x000000000801f43e                service_lora_set_app_skey
 .text.service_lora_set_dev_addr
                0x000000000801f480       0x46 out/external/libexternal_fuota_stack.a(service_lora_config.o)
                0x000000000801f480                service_lora_set_dev_addr
 .text.service_lora_set_dev_eui
                0x000000000801f4c6       0x50 out/external/libexternal_fuota_stack.a(service_lora_config.o)
                0x000000000801f4c6                service_lora_set_dev_eui
 .text.service_lora_set_nwk_skey
                0x000000000801f516       0x66 out/external/libexternal_fuota_stack.a(service_lora_config.o)
                0x000000000801f516                service_lora_set_nwk_skey
 .text.service_lora_set_adr
                0x000000000801f57c       0x4c out/external/libexternal_fuota_stack.a(service_lora_config.o)
                0x000000000801f57c                service_lora_set_adr
 .text.service_lora_set_jn1dl
                0x000000000801f5c8       0x3e out/external/libexternal_fuota_stack.a(service_lora_config.o)
                0x000000000801f5c8                service_lora_set_jn1dl
 .text.service_lora_set_jn2dl
                0x000000000801f606       0x3e out/external/libexternal_fuota_stack.a(service_lora_config.o)
                0x000000000801f606                service_lora_set_jn2dl
 .text.service_lora_set_pub_nwk_mode
                0x000000000801f644       0x40 out/external/libexternal_fuota_stack.a(service_lora_config.o)
                0x000000000801f644                service_lora_set_pub_nwk_mode
 .text.service_lora_set_rx1dl
                0x000000000801f684       0x5e out/external/libexternal_fuota_stack.a(service_lora_config.o)
                0x000000000801f684                service_lora_set_rx1dl
 .text.service_lora_set_rx2dl
                0x000000000801f6e2       0x5e out/external/libexternal_fuota_stack.a(service_lora_config.o)
                0x000000000801f6e2                service_lora_set_rx2dl
 .text.service_lora_set_rx2freq
                0x000000000801f740       0x4c out/external/libexternal_fuota_stack.a(service_lora_config.o)
                0x000000000801f740                service_lora_set_rx2freq
 .text.service_lora_set_rx2dr
                0x000000000801f78c       0x66 out/external/libexternal_fuota_stack.a(service_lora_config.o)
                0x000000000801f78c                service_lora_set_rx2dr
 .text.restore_abp_config
                0x000000000801f7f2       0xcc out/external/libexternal_fuota_stack.a(service_lora_config.o)
                0x000000000801f7f2                restore_abp_config
 *fill*         0x000000000801f8be        0x2 
 .text.LmHandlerFuotaPackagesProcess
                0x000000000801f8c0       0x34 out/external/libexternal_fuota_stack.a(service_lora_config.o)
                0x000000000801f8c0                LmHandlerFuotaPackagesProcess
 .text.service_fuota_nvm_init
                0x000000000801f8f4       0x14 out/external/libexternal_fuota_stack.a(service_lora_config.o)
                0x000000000801f8f4                service_fuota_nvm_init
 .text.service_lora_fuota_join
                0x000000000801f908       0x3e out/external/libexternal_fuota_stack.a(service_lora_config.o)
                0x000000000801f908                service_lora_fuota_join
 .text.service_lora_fuota_get_band
                0x000000000801f946       0x16 out/external/libexternal_fuota_stack.a(service_lora_config.o)
                0x000000000801f946                service_lora_fuota_get_band
 .text.service_fuota_lora_config
                0x000000000801f95c      0x200 out/external/libexternal_fuota_stack.a(service_lora_config.o)
                0x000000000801f95c                service_fuota_lora_config
 .text.LmHandlerSend
                0x000000000801fb5c       0x60 out/external/libexternal_fuota_stack.a(service_lora_config.o)
                0x000000000801fb5c                LmHandlerSend
 .text.service_lora_addmulc
                0x000000000801fbbc      0x1f0 out/external/libexternal_fuota_stack.a(service_lora_multicast.o)
                0x000000000801fbbc                service_lora_addmulc
 .text.service_lora_rmvmulc
                0x000000000801fdac       0x48 out/external/libexternal_fuota_stack.a(service_lora_multicast.o)
                0x000000000801fdac                service_lora_rmvmulc
 .text.service_lora_lstmulc
                0x000000000801fdf4       0x78 out/external/libexternal_fuota_stack.a(service_lora_multicast.o)
                0x000000000801fdf4                service_lora_lstmulc
 .text.MulticastMcpsIndication
                0x000000000801fe6c        0x2 out/external/libexternal_fuota_stack.a(service_lora_multicast.o)
                0x000000000801fe6c                MulticastMcpsIndication
 .text.service_lora_setup_multicast
                0x000000000801fe6e       0x64 out/external/libexternal_fuota_stack.a(service_lora_multicast.o)
                0x000000000801fe6e                service_lora_setup_multicast
 *fill*         0x000000000801fed2        0x2 
 .text.service_lora_clear_multicast
                0x000000000801fed4       0x2c out/external/libexternal_fuota_stack.a(service_lora_multicast.o)
                0x000000000801fed4                service_lora_clear_multicast
 .text.OnClassChangeNotify
                0x000000000801ff00       0x10 out/external/libexternal_fuota_stack.a(LmHandler.o)
 .text.LmHandlerPackageIsTxPending
                0x000000000801ff10       0x4c out/external/libexternal_fuota_stack.a(LmHandler.o)
 .text.LmHandlerInit
                0x000000000801ff5c       0x14 out/external/libexternal_fuota_stack.a(LmHandler.o)
                0x000000000801ff5c                LmHandlerInit
 .text.LmHandlerIsBusy
                0x000000000801ff70       0x12 out/external/libexternal_fuota_stack.a(LmHandler.o)
                0x000000000801ff70                LmHandlerIsBusy
 *fill*         0x000000000801ff82        0x2 
 .text.LmHandlerJoin
                0x000000000801ff84       0x50 out/external/libexternal_fuota_stack.a(LmHandler.o)
                0x000000000801ff84                LmHandlerJoin
 .text.LmHandlerJoinStatus
                0x000000000801ffd4       0x26 out/external/libexternal_fuota_stack.a(LmHandler.o)
                0x000000000801ffd4                LmHandlerJoinStatus
 *fill*         0x000000000801fffa        0x2 
 .text.LmHandlerDeviceTimeReq
                0x000000000801fffc       0x30 out/external/libexternal_fuota_stack.a(LmHandler.o)
                0x000000000801fffc                LmHandlerDeviceTimeReq
 .text.LmHandlerPingSlotReq
                0x000000000802002c       0x50 out/external/libexternal_fuota_stack.a(LmHandler.o)
                0x000000000802002c                LmHandlerPingSlotReq
 .text.LmHandlerRequestClass
                0x000000000802007c       0x68 out/external/libexternal_fuota_stack.a(LmHandler.o)
                0x000000000802007c                LmHandlerRequestClass
 .text.LmHandlerGetCurrentClass
                0x00000000080200e4       0x1a out/external/libexternal_fuota_stack.a(LmHandler.o)
                0x00000000080200e4                LmHandlerGetCurrentClass
 .text.LmHandlerGetCurrentDatarate
                0x00000000080200fe       0x1a out/external/libexternal_fuota_stack.a(LmHandler.o)
                0x00000000080200fe                LmHandlerGetCurrentDatarate
 .text.LmHandlerGetActiveRegion
                0x0000000008020118        0xc out/external/libexternal_fuota_stack.a(LmHandler.o)
                0x0000000008020118                LmHandlerGetActiveRegion
 .text.LmHandlerSetSystemMaxRxError
                0x0000000008020124       0x20 out/external/libexternal_fuota_stack.a(LmHandler.o)
                0x0000000008020124                LmHandlerSetSystemMaxRxError
 .text.LmHandlerPackageIsInitialized
                0x0000000008020144       0x14 out/external/libexternal_fuota_stack.a(LmHandler.o)
                0x0000000008020144                LmHandlerPackageIsInitialized
 .text.LmHandlerPackagesNotify
                0x0000000008020158       0x40 out/external/libexternal_fuota_stack.a(LmHandler.o)
                0x0000000008020158                LmHandlerPackagesNotify
 .text.LmHandlerPackagesProcess
                0x0000000008020198       0x34 out/external/libexternal_fuota_stack.a(LmHandler.o)
                0x0000000008020198                LmHandlerPackagesProcess
 .text.LmHandlerProcess
                0x00000000080201cc       0x58 out/external/libexternal_fuota_stack.a(LmHandler.o)
                0x00000000080201cc                LmHandlerProcess
 .text.LmHandlerFuotaStackPackageRegister
                0x0000000008020224       0x38 out/external/libexternal_fuota_stack.a(LmHandler.o)
                0x0000000008020224                LmHandlerFuotaStackPackageRegister
 .text.LmhpClockSyncInit
                0x000000000802025c       0x1c out/external/libexternal_fuota_stack.a(LmhpClockSync.o)
 .text.LmhpClockSyncIsInitialized
                0x0000000008020278        0xc out/external/libexternal_fuota_stack.a(LmhpClockSync.o)
 .text.LmhpClockSyncIsTxPending
                0x0000000008020284        0xc out/external/libexternal_fuota_stack.a(LmhpClockSync.o)
 .text.LmhpClockSyncOnMcpsIndication
                0x0000000008020290      0x154 out/external/libexternal_fuota_stack.a(LmhpClockSync.o)
 .text.LmhpClockSyncOnMcpsConfirm
                0x00000000080203e4       0x4c out/external/libexternal_fuota_stack.a(LmhpClockSync.o)
 .text.LmphClockSyncPackageFactory
                0x0000000008020430        0x8 out/external/libexternal_fuota_stack.a(LmhpClockSync.o)
                0x0000000008020430                LmphClockSyncPackageFactory
 .text.LmhpClockSyncAppTimeReq
                0x0000000008020438       0xb4 out/external/libexternal_fuota_stack.a(LmhpClockSync.o)
                0x0000000008020438                LmhpClockSyncAppTimeReq
 .text.LmhpClockSyncProcess
                0x00000000080204ec       0x1c out/external/libexternal_fuota_stack.a(LmhpClockSync.o)
 .text.LmhpRemoteMcastSetupIsInitialized
                0x0000000008020508        0xc out/external/libexternal_fuota_stack.a(LmhpRemoteMcastSetup.o)
 .text.LmhpRemoteMcastSetupIsTxPending
                0x0000000008020514        0xc out/external/libexternal_fuota_stack.a(LmhpRemoteMcastSetup.o)
 .text.LmhpRemoteMcastSetupInit
                0x0000000008020520       0x5c out/external/libexternal_fuota_stack.a(LmhpRemoteMcastSetup.o)
 .text.OnSessionStopTimer
                0x000000000802057c       0x20 out/external/libexternal_fuota_stack.a(LmhpRemoteMcastSetup.o)
 .text.OnSessionStartTimer
                0x000000000802059c       0x30 out/external/libexternal_fuota_stack.a(LmhpRemoteMcastSetup.o)
 .text.LmhpRemoteMcastSetupOnMcpsIndication
                0x00000000080205cc      0x360 out/external/libexternal_fuota_stack.a(LmhpRemoteMcastSetup.o)
 .text.LmhpRemoteMcastSetupProcess
                0x000000000802092c       0x54 out/external/libexternal_fuota_stack.a(LmhpRemoteMcastSetup.o)
 .text.LmhpRemoteMcastSetupPackageFactory
                0x0000000008020980        0x8 out/external/libexternal_fuota_stack.a(LmhpRemoteMcastSetup.o)
                0x0000000008020980                LmhpRemoteMcastSetupPackageFactory
 .text.FUOTA_StartTime_IsRunning
                0x0000000008020988       0x34 out/external/libexternal_fuota_stack.a(LmhpRemoteMcastSetup.o)
                0x0000000008020988                FUOTA_StartTime_IsRunning
 .text.LmhpRemoteMcastSetupRegisterPowersaveHandler
                0x00000000080209bc        0xc out/external/libexternal_fuota_stack.a(LmhpRemoteMcastSetup.o)
                0x00000000080209bc                LmhpRemoteMcastSetupRegisterPowersaveHandler
 .text.LmhpFragmentationIsInitialized
                0x00000000080209c8        0xc out/external/libexternal_fuota_stack.a(LmhpFragmentation.o)
 .text.LmhpFragmentationIsTxPending
                0x00000000080209d4        0xc out/external/libexternal_fuota_stack.a(LmhpFragmentation.o)
 .text.LmhpFragmentationInit
                0x00000000080209e0       0x50 out/external/libexternal_fuota_stack.a(LmhpFragmentation.o)
 .text.OnFragmentTxDelay
                0x0000000008020a30       0x20 out/external/libexternal_fuota_stack.a(LmhpFragmentation.o)
 .text.LmhpFragmentationOnMcpsIndication
                0x0000000008020a50      0x328 out/external/libexternal_fuota_stack.a(LmhpFragmentation.o)
 .text.LmhpFragmentationProcess
                0x0000000008020d78       0x50 out/external/libexternal_fuota_stack.a(LmhpFragmentation.o)
 .text.LmhpFragmentationPackageFactory
                0x0000000008020dc8        0x8 out/external/libexternal_fuota_stack.a(LmhpFragmentation.o)
                0x0000000008020dc8                LmhpFragmentationPackageFactory
 .text.SetRow   0x0000000008020dd0       0x24 out/external/libexternal_fuota_stack.a(FragDecoder.o)
 .text.GetRow   0x0000000008020df4       0x24 out/external/libexternal_fuota_stack.a(FragDecoder.o)
 .text.GetParity
                0x0000000008020e18       0x14 out/external/libexternal_fuota_stack.a(FragDecoder.o)
 .text.SetParity
                0x0000000008020e2c       0x20 out/external/libexternal_fuota_stack.a(FragDecoder.o)
 .text.XorDataLine
                0x0000000008020e4c       0x1a out/external/libexternal_fuota_stack.a(FragDecoder.o)
 .text.XorParityLine
                0x0000000008020e66       0x34 out/external/libexternal_fuota_stack.a(FragDecoder.o)
 *fill*         0x0000000008020e9a        0x2 
 .text.FragFindMissingFrags
                0x0000000008020e9c       0x60 out/external/libexternal_fuota_stack.a(FragDecoder.o)
 .text.FragFindMissingIndex
                0x0000000008020efc       0x2c out/external/libexternal_fuota_stack.a(FragDecoder.o)
 .text.FragExtractLineFromBinaryMatrix
                0x0000000008020f28       0x84 out/external/libexternal_fuota_stack.a(FragDecoder.o)
 .text.FragDecoderUpdateCallback
                0x0000000008020fac        0xc out/external/libexternal_fuota_stack.a(FragDecoder.o)
                0x0000000008020fac                FragDecoderUpdateCallback
 .text.FragDecoderInit
                0x0000000008020fb8       0x5c out/external/libexternal_fuota_stack.a(FragDecoder.o)
                0x0000000008020fb8                FragDecoderInit
 .text.FragDecoderGetMaxFileSize
                0x0000000008021014        0x8 out/external/libexternal_fuota_stack.a(FragDecoder.o)
                0x0000000008021014                FragDecoderGetMaxFileSize
 .text.FragDecoderProcess
                0x000000000802101c      0x348 out/external/libexternal_fuota_stack.a(FragDecoder.o)
                0x000000000802101c                FragDecoderProcess
 .text.FragDecoderGetStatus
                0x0000000008021364       0x14 out/external/libexternal_fuota_stack.a(FragDecoder.o)
                0x0000000008021364                FragDecoderGetStatus
 .text.udrv_flash_init
                0x0000000008021378       0x18 out/external/libexternal_fuota_stack.a(udrv_flash.o)
                0x0000000008021378                udrv_flash_init
 .text.udrv_flash_deinit
                0x0000000008021390       0x18 out/external/libexternal_fuota_stack.a(udrv_flash.o)
                0x0000000008021390                udrv_flash_deinit
 .text.udrv_flash_read
                0x00000000080213a8       0xd8 out/external/libexternal_fuota_stack.a(udrv_flash.o)
                0x00000000080213a8                udrv_flash_read
 .text.compare_page_buff
                0x0000000008021480       0x7a out/external/libexternal_fuota_stack.a(udrv_flash.o)
                0x0000000008021480                compare_page_buff
 *fill*         0x00000000080214fa        0x2 
 .text.udrv_flash_write
                0x00000000080214fc      0x104 out/external/libexternal_fuota_stack.a(udrv_flash.o)
                0x00000000080214fc                udrv_flash_write
 .text.udrv_flash_erase
                0x0000000008021600       0x30 out/external/libexternal_fuota_stack.a(udrv_flash.o)
                0x0000000008021600                udrv_flash_erase
 .text.udrv_flash_get_page_size
                0x0000000008021630        0x4 out/external/libexternal_fuota_stack.a(udrv_flash.o)
                0x0000000008021630                udrv_flash_get_page_size
 .text.udrv_flash_check_addr_valid
                0x0000000008021634        0x4 out/external/libexternal_fuota_stack.a(udrv_flash.o)
                0x0000000008021634                udrv_flash_check_addr_valid
 .text.udrv_flash_suspend
                0x0000000008021638        0x2 out/external/libexternal_fuota_stack.a(udrv_flash.o)
                0x0000000008021638                udrv_flash_suspend
 .text.udrv_flash_resume
                0x000000000802163a        0x2 out/external/libexternal_fuota_stack.a(udrv_flash.o)
                0x000000000802163a                udrv_flash_resume
 .text.Error_Handler
                0x000000000802163c       0x24 out/external/libexternal_fuota_stack.a(system_stm32wlxx.o)
                0x000000000802163c                Error_Handler
 .text.SystemInit
                0x0000000008021660        0x2 out/external/libexternal_fuota_stack.a(system_stm32wlxx.o)
                0x0000000008021660                SystemInit
 *fill*         0x0000000008021662        0x2 
 .text.SystemCoreClockUpdate
                0x0000000008021664       0xb4 out/external/libexternal_fuota_stack.a(system_stm32wlxx.o)
                0x0000000008021664                SystemCoreClockUpdate
 .text.HAL_MspInit
                0x0000000008021718        0x2 out/external/libexternal_fuota_stack.a(stm32wlxx_hal_msp.o)
                0x0000000008021718                HAL_MspInit
 *fill*         0x000000000802171a        0x2 
 .text.HAL_RTC_MspInit
                0x000000000802171c       0x7c out/external/libexternal_fuota_stack.a(stm32wlxx_hal_msp.o)
                0x000000000802171c                HAL_RTC_MspInit
 .text.HAL_RTC_MspDeInit
                0x0000000008021798       0x38 out/external/libexternal_fuota_stack.a(stm32wlxx_hal_msp.o)
                0x0000000008021798                HAL_RTC_MspDeInit
 .text.HAL_TIM_PWM_MspInit
                0x00000000080217d0       0x48 out/external/libexternal_fuota_stack.a(stm32wlxx_hal_msp.o)
                0x00000000080217d0                HAL_TIM_PWM_MspInit
 .text.HAL_TIM_PWM_MspDeInit
                0x0000000008021818       0x30 out/external/libexternal_fuota_stack.a(stm32wlxx_hal_msp.o)
                0x0000000008021818                HAL_TIM_PWM_MspDeInit
 .text.HAL_CRYP_MspInit
                0x0000000008021848       0x40 out/external/libexternal_fuota_stack.a(stm32wlxx_hal_msp.o)
                0x0000000008021848                HAL_CRYP_MspInit
 .text.HAL_CRYP_MspDeInit
                0x0000000008021888       0x20 out/external/libexternal_fuota_stack.a(stm32wlxx_hal_msp.o)
                0x0000000008021888                HAL_CRYP_MspDeInit
 .text.service_nvm_set_cfg_to_nvm
                0x00000000080218a8       0x14 out/external/libexternal_fuota_stack.a(service_nvm_common.o)
                0x00000000080218a8                service_nvm_set_cfg_to_nvm
 .text.service_nvm_set_lora_nvm_data_to_nvm
                0x00000000080218bc       0x14 out/external/libexternal_fuota_stack.a(service_nvm_common.o)
                0x00000000080218bc                service_nvm_set_lora_nvm_data_to_nvm
 .text.service_nvm_get_mode_type_from_nvm
                0x00000000080218d0       0x10 out/external/libexternal_fuota_stack.a(service_nvm_common.o)
                0x00000000080218d0                service_nvm_get_mode_type_from_nvm
 .text.service_nvm_set_mode_type_to_nvm
                0x00000000080218e0       0x1c out/external/libexternal_fuota_stack.a(service_nvm_common.o)
                0x00000000080218e0                service_nvm_set_mode_type_to_nvm
 .text.service_nvm_get_serial_passwd_from_nvm
                0x00000000080218fc       0x24 out/external/libexternal_fuota_stack.a(service_nvm_common.o)
                0x00000000080218fc                service_nvm_get_serial_passwd_from_nvm
 .text.service_nvm_set_serial_passwd_to_nvm
                0x0000000008021920       0x40 out/external/libexternal_fuota_stack.a(service_nvm_common.o)
                0x0000000008021920                service_nvm_set_serial_passwd_to_nvm
 .text.service_nvm_get_auto_sleep_time_from_nvm
                0x0000000008021960        0xc out/external/libexternal_fuota_stack.a(service_nvm_common.o)
                0x0000000008021960                service_nvm_get_auto_sleep_time_from_nvm
 .text.service_nvm_set_auto_sleep_time_to_nvm
                0x000000000802196c       0x18 out/external/libexternal_fuota_stack.a(service_nvm_common.o)
                0x000000000802196c                service_nvm_set_auto_sleep_time_to_nvm
 .text.service_nvm_get_auto_sleep_level_from_nvm
                0x0000000008021984        0xc out/external/libexternal_fuota_stack.a(service_nvm_common.o)
                0x0000000008021984                service_nvm_get_auto_sleep_level_from_nvm
 .text.service_nvm_set_auto_sleep_level_to_nvm
                0x0000000008021990       0x20 out/external/libexternal_fuota_stack.a(service_nvm_common.o)
                0x0000000008021990                service_nvm_set_auto_sleep_level_to_nvm
 .text.service_nvm_get_firmware_ver_from_nvm
                0x00000000080219b0       0x1c out/external/libexternal_fuota_stack.a(service_nvm_common.o)
                0x00000000080219b0                service_nvm_get_firmware_ver_from_nvm
 .text.service_nvm_set_firmware_ver_to_nvm
                0x00000000080219cc       0x54 out/external/libexternal_fuota_stack.a(service_nvm_common.o)
                0x00000000080219cc                service_nvm_set_firmware_ver_to_nvm
 .text.service_nvm_get_hwmodel_from_nvm
                0x0000000008021a20       0x1c out/external/libexternal_fuota_stack.a(service_nvm_common.o)
                0x0000000008021a20                service_nvm_get_hwmodel_from_nvm
 .text.service_nvm_set_hwmodel_to_nvm
                0x0000000008021a3c       0x54 out/external/libexternal_fuota_stack.a(service_nvm_common.o)
                0x0000000008021a3c                service_nvm_set_hwmodel_to_nvm
 .text.service_nvm_get_cli_ver_from_nvm
                0x0000000008021a90       0x1c out/external/libexternal_fuota_stack.a(service_nvm_common.o)
                0x0000000008021a90                service_nvm_get_cli_ver_from_nvm
 .text.service_nvm_set_cli_ver_to_nvm
                0x0000000008021aac       0x54 out/external/libexternal_fuota_stack.a(service_nvm_common.o)
                0x0000000008021aac                service_nvm_set_cli_ver_to_nvm
 .text.service_nvm_write_user_data
                0x0000000008021b00       0x26 out/external/libexternal_fuota_stack.a(service_nvm_common.o)
                0x0000000008021b00                service_nvm_write_user_data
 .text.service_nvm_read_user_data
                0x0000000008021b26       0x26 out/external/libexternal_fuota_stack.a(service_nvm_common.o)
                0x0000000008021b26                service_nvm_read_user_data
 .text.service_nvm_get_delta_sec_from_nvm
                0x0000000008021b4c        0xc out/external/libexternal_fuota_stack.a(service_nvm_common.o)
                0x0000000008021b4c                service_nvm_get_delta_sec_from_nvm
 .text.service_nvm_set_delta_sec_to_nvm
                0x0000000008021b58       0x18 out/external/libexternal_fuota_stack.a(service_nvm_common.o)
                0x0000000008021b58                service_nvm_set_delta_sec_to_nvm
 .text.service_nvm_get_delta_subsec_from_nvm
                0x0000000008021b70        0xc out/external/libexternal_fuota_stack.a(service_nvm_common.o)
                0x0000000008021b70                service_nvm_get_delta_subsec_from_nvm
 .text.service_nvm_set_delta_subsec_to_nvm
                0x0000000008021b7c       0x18 out/external/libexternal_fuota_stack.a(service_nvm_common.o)
                0x0000000008021b7c                service_nvm_set_delta_subsec_to_nvm
 .text.service_nvm_get_lock_status_from_nvm
                0x0000000008021b94       0x10 out/external/libexternal_fuota_stack.a(service_nvm_common.o)
                0x0000000008021b94                service_nvm_get_lock_status_from_nvm
 .text.service_nvm_set_lock_status_to_nvm
                0x0000000008021ba4       0x1c out/external/libexternal_fuota_stack.a(service_nvm_common.o)
                0x0000000008021ba4                service_nvm_set_lock_status_to_nvm
 .text.service_nvm_get_baudrate_from_nvm
                0x0000000008021bc0        0xc out/external/libexternal_fuota_stack.a(service_nvm_common.o)
                0x0000000008021bc0                service_nvm_get_baudrate_from_nvm
 .text.service_nvm_set_baudrate_to_nvm
                0x0000000008021bcc       0x18 out/external/libexternal_fuota_stack.a(service_nvm_common.o)
                0x0000000008021bcc                service_nvm_set_baudrate_to_nvm
 .text.service_nvm_get_atcmd_alias_from_nvm
                0x0000000008021be4       0x1c out/external/libexternal_fuota_stack.a(service_nvm_common.o)
                0x0000000008021be4                service_nvm_get_atcmd_alias_from_nvm
 .text.service_nvm_set_atcmd_alias_to_nvm
                0x0000000008021c00       0x54 out/external/libexternal_fuota_stack.a(service_nvm_common.o)
                0x0000000008021c00                service_nvm_set_atcmd_alias_to_nvm
 .text.service_nvm_get_sn_from_nvm
                0x0000000008021c54       0x1c out/external/libexternal_fuota_stack.a(service_nvm_common.o)
                0x0000000008021c54                service_nvm_get_sn_from_nvm
 .text.service_nvm_set_sn_to_nvm
                0x0000000008021c70       0x44 out/external/libexternal_fuota_stack.a(service_nvm_common.o)
                0x0000000008021c70                service_nvm_set_sn_to_nvm
 .text.service_nvm_get_atcmd_echo_from_nvm
                0x0000000008021cb4        0xc out/external/libexternal_fuota_stack.a(service_nvm_common.o)
                0x0000000008021cb4                service_nvm_get_atcmd_echo_from_nvm
 .text.service_nvm_set_atcmd_echo_to_nvm
                0x0000000008021cc0       0x18 out/external/libexternal_fuota_stack.a(service_nvm_common.o)
                0x0000000008021cc0                service_nvm_set_atcmd_echo_to_nvm
 .text.service_nvm_set_debug_level_to_nvm
                0x0000000008021cd8       0x18 out/external/libexternal_fuota_stack.a(service_nvm_common.o)
                0x0000000008021cd8                service_nvm_set_debug_level_to_nvm
 .text.service_nvm_get_debug_level_from_nvm
                0x0000000008021cf0        0xc out/external/libexternal_fuota_stack.a(service_nvm_common.o)
                0x0000000008021cf0                service_nvm_get_debug_level_from_nvm
 .text.service_nvm_get_band_from_nvm
                0x0000000008021cfc        0xc out/external/libexternal_fuota_stack.a(service_nvm_common.o)
                0x0000000008021cfc                service_nvm_get_band_from_nvm
 .text.service_nvm_set_band_to_nvm
                0x0000000008021d08       0x18 out/external/libexternal_fuota_stack.a(service_nvm_common.o)
                0x0000000008021d08                service_nvm_set_band_to_nvm
 .text.service_nvm_get_mask_from_nvm
                0x0000000008021d20       0x14 out/external/libexternal_fuota_stack.a(service_nvm_common.o)
                0x0000000008021d20                service_nvm_get_mask_from_nvm
 .text.service_nvm_set_mask_to_nvm
                0x0000000008021d34       0x28 out/external/libexternal_fuota_stack.a(service_nvm_common.o)
                0x0000000008021d34                service_nvm_set_mask_to_nvm
 .text.service_nvm_get_app_eui_from_nvm
                0x0000000008021d5c       0x1c out/external/libexternal_fuota_stack.a(service_nvm_common.o)
                0x0000000008021d5c                service_nvm_get_app_eui_from_nvm
 .text.service_nvm_set_app_eui_to_nvm
                0x0000000008021d78       0x34 out/external/libexternal_fuota_stack.a(service_nvm_common.o)
                0x0000000008021d78                service_nvm_set_app_eui_to_nvm
 .text.service_nvm_get_app_key_from_nvm
                0x0000000008021dac       0x1c out/external/libexternal_fuota_stack.a(service_nvm_common.o)
                0x0000000008021dac                service_nvm_get_app_key_from_nvm
 .text.service_nvm_set_app_key_to_nvm
                0x0000000008021dc8       0x34 out/external/libexternal_fuota_stack.a(service_nvm_common.o)
                0x0000000008021dc8                service_nvm_set_app_key_to_nvm
 .text.service_nvm_get_app_skey_from_nvm
                0x0000000008021dfc       0x1c out/external/libexternal_fuota_stack.a(service_nvm_common.o)
                0x0000000008021dfc                service_nvm_get_app_skey_from_nvm
 .text.service_nvm_set_app_skey_to_nvm
                0x0000000008021e18       0x34 out/external/libexternal_fuota_stack.a(service_nvm_common.o)
                0x0000000008021e18                service_nvm_set_app_skey_to_nvm
 .text.service_nvm_get_dev_addr_from_nvm
                0x0000000008021e4c       0x1c out/external/libexternal_fuota_stack.a(service_nvm_common.o)
                0x0000000008021e4c                service_nvm_get_dev_addr_from_nvm
 .text.service_nvm_set_dev_addr_to_nvm
                0x0000000008021e68       0x34 out/external/libexternal_fuota_stack.a(service_nvm_common.o)
                0x0000000008021e68                service_nvm_set_dev_addr_to_nvm
 .text.service_nvm_get_dev_eui_from_nvm
                0x0000000008021e9c       0x1c out/external/libexternal_fuota_stack.a(service_nvm_common.o)
                0x0000000008021e9c                service_nvm_get_dev_eui_from_nvm
 .text.service_nvm_set_dev_eui_to_nvm
                0x0000000008021eb8       0x34 out/external/libexternal_fuota_stack.a(service_nvm_common.o)
                0x0000000008021eb8                service_nvm_set_dev_eui_to_nvm
 .text.service_nvm_get_net_id_from_nvm
                0x0000000008021eec       0x1c out/external/libexternal_fuota_stack.a(service_nvm_common.o)
                0x0000000008021eec                service_nvm_get_net_id_from_nvm
 .text.service_nvm_set_net_id_to_nvm
                0x0000000008021f08       0x34 out/external/libexternal_fuota_stack.a(service_nvm_common.o)
                0x0000000008021f08                service_nvm_set_net_id_to_nvm
 .text.service_nvm_get_nwk_skey_from_nvm
                0x0000000008021f3c       0x1c out/external/libexternal_fuota_stack.a(service_nvm_common.o)
                0x0000000008021f3c                service_nvm_get_nwk_skey_from_nvm
 .text.service_nvm_set_nwk_skey_to_nvm
                0x0000000008021f58       0x34 out/external/libexternal_fuota_stack.a(service_nvm_common.o)
                0x0000000008021f58                service_nvm_set_nwk_skey_to_nvm
 .text.service_nvm_get_retry_from_nvm
                0x0000000008021f8c        0xc out/external/libexternal_fuota_stack.a(service_nvm_common.o)
                0x0000000008021f8c                service_nvm_get_retry_from_nvm
 .text.service_nvm_set_retry_to_nvm
                0x0000000008021f98       0x18 out/external/libexternal_fuota_stack.a(service_nvm_common.o)
                0x0000000008021f98                service_nvm_set_retry_to_nvm
 .text.service_nvm_get_cfm_from_nvm
                0x0000000008021fb0        0xc out/external/libexternal_fuota_stack.a(service_nvm_common.o)
                0x0000000008021fb0                service_nvm_get_cfm_from_nvm
 .text.service_nvm_set_cfm_to_nvm
                0x0000000008021fbc       0x18 out/external/libexternal_fuota_stack.a(service_nvm_common.o)
                0x0000000008021fbc                service_nvm_set_cfm_to_nvm
 .text.service_nvm_get_nwm_from_nvm
                0x0000000008021fd4        0xc out/external/libexternal_fuota_stack.a(service_nvm_common.o)
                0x0000000008021fd4                service_nvm_get_nwm_from_nvm
 .text.service_nvm_set_nwm_to_nvm
                0x0000000008021fe0       0x18 out/external/libexternal_fuota_stack.a(service_nvm_common.o)
                0x0000000008021fe0                service_nvm_set_nwm_to_nvm
 .text.service_nvm_get_njm_from_nvm
                0x0000000008021ff8        0xc out/external/libexternal_fuota_stack.a(service_nvm_common.o)
                0x0000000008021ff8                service_nvm_get_njm_from_nvm
 .text.service_nvm_set_njm_to_nvm
                0x0000000008022004       0x18 out/external/libexternal_fuota_stack.a(service_nvm_common.o)
                0x0000000008022004                service_nvm_set_njm_to_nvm
 .text.service_nvm_get_adr_from_nvm
                0x000000000802201c        0xc out/external/libexternal_fuota_stack.a(service_nvm_common.o)
                0x000000000802201c                service_nvm_get_adr_from_nvm
 .text.service_nvm_set_adr_to_nvm
                0x0000000008022028       0x18 out/external/libexternal_fuota_stack.a(service_nvm_common.o)
                0x0000000008022028                service_nvm_set_adr_to_nvm
 .text.service_nvm_get_class_from_nvm
                0x0000000008022040        0xc out/external/libexternal_fuota_stack.a(service_nvm_common.o)
                0x0000000008022040                service_nvm_get_class_from_nvm
 .text.service_nvm_set_class_to_nvm
                0x000000000802204c       0x18 out/external/libexternal_fuota_stack.a(service_nvm_common.o)
                0x000000000802204c                service_nvm_set_class_to_nvm
 .text.service_nvm_get_dr_from_nvm
                0x0000000008022064        0xc out/external/libexternal_fuota_stack.a(service_nvm_common.o)
                0x0000000008022064                service_nvm_get_dr_from_nvm
 .text.service_nvm_set_dr_to_nvm
                0x0000000008022070       0x18 out/external/libexternal_fuota_stack.a(service_nvm_common.o)
                0x0000000008022070                service_nvm_set_dr_to_nvm
 .text.service_nvm_get_rx2dr_from_nvm
                0x0000000008022088        0xc out/external/libexternal_fuota_stack.a(service_nvm_common.o)
                0x0000000008022088                service_nvm_get_rx2dr_from_nvm
 .text.service_nvm_set_rx2dr_to_nvm
                0x0000000008022094       0x18 out/external/libexternal_fuota_stack.a(service_nvm_common.o)
                0x0000000008022094                service_nvm_set_rx2dr_to_nvm
 .text.service_nvm_get_jn1dl_from_nvm
                0x00000000080220ac        0xc out/external/libexternal_fuota_stack.a(service_nvm_common.o)
                0x00000000080220ac                service_nvm_get_jn1dl_from_nvm
 .text.service_nvm_set_jn1dl_to_nvm
                0x00000000080220b8       0x18 out/external/libexternal_fuota_stack.a(service_nvm_common.o)
                0x00000000080220b8                service_nvm_set_jn1dl_to_nvm
 .text.service_nvm_get_jn2dl_from_nvm
                0x00000000080220d0        0xc out/external/libexternal_fuota_stack.a(service_nvm_common.o)
                0x00000000080220d0                service_nvm_get_jn2dl_from_nvm
 .text.service_nvm_set_jn2dl_to_nvm
                0x00000000080220dc       0x18 out/external/libexternal_fuota_stack.a(service_nvm_common.o)
                0x00000000080220dc                service_nvm_set_jn2dl_to_nvm
 .text.service_nvm_set_rx2fq_to_nvm
                0x00000000080220f4       0x18 out/external/libexternal_fuota_stack.a(service_nvm_common.o)
                0x00000000080220f4                service_nvm_set_rx2fq_to_nvm
 .text.service_nvm_get_rx2fq_from_nvm
                0x000000000802210c        0xc out/external/libexternal_fuota_stack.a(service_nvm_common.o)
                0x000000000802210c                service_nvm_get_rx2fq_from_nvm
 .text.service_nvm_get_pub_nwk_mode_from_nvm
                0x0000000008022118        0xc out/external/libexternal_fuota_stack.a(service_nvm_common.o)
                0x0000000008022118                service_nvm_get_pub_nwk_mode_from_nvm
 .text.service_nvm_set_pub_nwk_mode_to_nvm
                0x0000000008022124       0x18 out/external/libexternal_fuota_stack.a(service_nvm_common.o)
                0x0000000008022124                service_nvm_set_pub_nwk_mode_to_nvm
 .text.service_nvm_get_rx1dl_from_nvm
                0x000000000802213c        0xc out/external/libexternal_fuota_stack.a(service_nvm_common.o)
                0x000000000802213c                service_nvm_get_rx1dl_from_nvm
 .text.service_nvm_set_rx1dl_to_nvm
                0x0000000008022148       0x18 out/external/libexternal_fuota_stack.a(service_nvm_common.o)
                0x0000000008022148                service_nvm_set_rx1dl_to_nvm
 .text.service_nvm_get_rx2dl_from_nvm
                0x0000000008022160        0xc out/external/libexternal_fuota_stack.a(service_nvm_common.o)
                0x0000000008022160                service_nvm_get_rx2dl_from_nvm
 .text.service_nvm_set_rx2dl_to_nvm
                0x000000000802216c       0x18 out/external/libexternal_fuota_stack.a(service_nvm_common.o)
                0x000000000802216c                service_nvm_set_rx2dl_to_nvm
 .text.service_nvm_get_txpower_from_nvm
                0x0000000008022184        0xc out/external/libexternal_fuota_stack.a(service_nvm_common.o)
                0x0000000008022184                service_nvm_get_txpower_from_nvm
 .text.service_nvm_set_txpower_to_nvm
                0x0000000008022190       0x18 out/external/libexternal_fuota_stack.a(service_nvm_common.o)
                0x0000000008022190                service_nvm_set_txpower_to_nvm
 .text.service_nvm_get_linkcheck_from_nvm
                0x00000000080221a8        0xc out/external/libexternal_fuota_stack.a(service_nvm_common.o)
                0x00000000080221a8                service_nvm_get_linkcheck_from_nvm
 .text.service_nvm_set_linkcheck_to_nvm
                0x00000000080221b4       0x18 out/external/libexternal_fuota_stack.a(service_nvm_common.o)
                0x00000000080221b4                service_nvm_set_linkcheck_to_nvm
 .text.service_nvm_get_ping_slot_periodicity_from_nvm
                0x00000000080221cc        0xc out/external/libexternal_fuota_stack.a(service_nvm_common.o)
                0x00000000080221cc                service_nvm_get_ping_slot_periodicity_from_nvm
 .text.service_nvm_set_ping_slot_periodicity_to_nvm
                0x00000000080221d8       0x18 out/external/libexternal_fuota_stack.a(service_nvm_common.o)
                0x00000000080221d8                service_nvm_set_ping_slot_periodicity_to_nvm
 .text.service_nvm_get_join_start_from_nvm
                0x00000000080221f0        0xc out/external/libexternal_fuota_stack.a(service_nvm_common.o)
                0x00000000080221f0                service_nvm_get_join_start_from_nvm
 .text.service_nvm_set_join_start_to_nvm
                0x00000000080221fc       0x18 out/external/libexternal_fuota_stack.a(service_nvm_common.o)
                0x00000000080221fc                service_nvm_set_join_start_to_nvm
 .text.service_nvm_get_auto_join_from_nvm
                0x0000000008022214        0xc out/external/libexternal_fuota_stack.a(service_nvm_common.o)
                0x0000000008022214                service_nvm_get_auto_join_from_nvm
 .text.service_nvm_set_auto_join_to_nvm
                0x0000000008022220       0x18 out/external/libexternal_fuota_stack.a(service_nvm_common.o)
                0x0000000008022220                service_nvm_set_auto_join_to_nvm
 .text.service_nvm_get_auto_join_period_from_nvm
                0x0000000008022238        0xc out/external/libexternal_fuota_stack.a(service_nvm_common.o)
                0x0000000008022238                service_nvm_get_auto_join_period_from_nvm
 .text.service_nvm_set_auto_join_period_to_nvm
                0x0000000008022244       0x18 out/external/libexternal_fuota_stack.a(service_nvm_common.o)
                0x0000000008022244                service_nvm_set_auto_join_period_to_nvm
 .text.service_nvm_get_auto_join_max_cnt_from_nvm
                0x000000000802225c        0xc out/external/libexternal_fuota_stack.a(service_nvm_common.o)
                0x000000000802225c                service_nvm_get_auto_join_max_cnt_from_nvm
 .text.service_nvm_set_auto_join_max_cnt_to_nvm
                0x0000000008022268       0x18 out/external/libexternal_fuota_stack.a(service_nvm_common.o)
                0x0000000008022268                service_nvm_set_auto_join_max_cnt_to_nvm
 .text.service_nvm_get_lbt_from_nvm
                0x0000000008022280        0xc out/external/libexternal_fuota_stack.a(service_nvm_common.o)
                0x0000000008022280                service_nvm_get_lbt_from_nvm
 .text.service_nvm_set_lbt_to_nvm
                0x000000000802228c       0x18 out/external/libexternal_fuota_stack.a(service_nvm_common.o)
                0x000000000802228c                service_nvm_set_lbt_to_nvm
 .text.service_nvm_get_lbt_rssi_from_nvm
                0x00000000080222a4        0xc out/external/libexternal_fuota_stack.a(service_nvm_common.o)
                0x00000000080222a4                service_nvm_get_lbt_rssi_from_nvm
 .text.service_nvm_set_lbt_rssi_to_nvm
                0x00000000080222b0       0x18 out/external/libexternal_fuota_stack.a(service_nvm_common.o)
                0x00000000080222b0                service_nvm_set_lbt_rssi_to_nvm
 .text.service_nvm_get_lbt_scantime_from_nvm
                0x00000000080222c8        0xc out/external/libexternal_fuota_stack.a(service_nvm_common.o)
                0x00000000080222c8                service_nvm_get_lbt_scantime_from_nvm
 .text.service_nvm_set_lbt_scantime_to_nvm
                0x00000000080222d4       0x18 out/external/libexternal_fuota_stack.a(service_nvm_common.o)
                0x00000000080222d4                service_nvm_set_lbt_scantime_to_nvm
 .text.service_nvm_get_DevNonce_from_nvm
                0x00000000080222ec        0xc out/external/libexternal_fuota_stack.a(service_nvm_common.o)
                0x00000000080222ec                service_nvm_get_DevNonce_from_nvm
 .text.service_nvm_set_DevNonce_to_nvm
                0x00000000080222f8       0x18 out/external/libexternal_fuota_stack.a(service_nvm_common.o)
                0x00000000080222f8                service_nvm_set_DevNonce_to_nvm
 .text.service_nvm_set_IsCertPortOn_to_nvm
                0x0000000008022310       0x18 out/external/libexternal_fuota_stack.a(service_nvm_common.o)
                0x0000000008022310                service_nvm_set_IsCertPortOn_to_nvm
 .text.service_nvm_get_IsCertPortOn_from_nvm
                0x0000000008022328        0xc out/external/libexternal_fuota_stack.a(service_nvm_common.o)
                0x0000000008022328                service_nvm_get_IsCertPortOn_from_nvm
 .text.service_nvm_set_crypto_to_nvm
                0x0000000008022334       0x28 out/external/libexternal_fuota_stack.a(service_nvm_common.o)
                0x0000000008022334                service_nvm_set_crypto_to_nvm
 .text.service_nvm_get_crypto_from_nvm
                0x000000000802235c        0x8 out/external/libexternal_fuota_stack.a(service_nvm_common.o)
                0x000000000802235c                service_nvm_get_crypto_from_nvm
 .text.service_nvm_set_macgroup1_to_nvm
                0x0000000008022364       0x28 out/external/libexternal_fuota_stack.a(service_nvm_common.o)
                0x0000000008022364                service_nvm_set_macgroup1_to_nvm
 .text.service_nvm_get_macgroup1_from_nvm
                0x000000000802238c        0x8 out/external/libexternal_fuota_stack.a(service_nvm_common.o)
                0x000000000802238c                service_nvm_get_macgroup1_from_nvm
 .text.service_nvm_set_macgroup2_to_nvm
                0x0000000008022394       0x2c out/external/libexternal_fuota_stack.a(service_nvm_common.o)
                0x0000000008022394                service_nvm_set_macgroup2_to_nvm
 .text.service_nvm_get_macgroup2_from_nvm
                0x00000000080223c0        0x8 out/external/libexternal_fuota_stack.a(service_nvm_common.o)
                0x00000000080223c0                service_nvm_get_macgroup2_from_nvm
 .text.service_nvm_set_sec_element_to_nvm
                0x00000000080223c8       0x2c out/external/libexternal_fuota_stack.a(service_nvm_common.o)
                0x00000000080223c8                service_nvm_set_sec_element_to_nvm
 .text.service_nvm_get_sec_element_from_nvm
                0x00000000080223f4        0x8 out/external/libexternal_fuota_stack.a(service_nvm_common.o)
                0x00000000080223f4                service_nvm_get_sec_element_from_nvm
 .text.service_nvm_set_regionchannels_to_nvm
                0x00000000080223fc       0x2c out/external/libexternal_fuota_stack.a(service_nvm_common.o)
                0x00000000080223fc                service_nvm_set_regionchannels_to_nvm
 .text.service_nvm_get_regionchannels_from_nvm
                0x0000000008022428        0x8 out/external/libexternal_fuota_stack.a(service_nvm_common.o)
                0x0000000008022428                service_nvm_get_regionchannels_from_nvm
 .text.service_nvm_get_multicast_from_nvm
                0x0000000008022430        0x8 out/external/libexternal_fuota_stack.a(service_nvm_common.o)
                0x0000000008022430                service_nvm_get_multicast_from_nvm
 .text.service_nvm_set_multicast_to_nvm
                0x0000000008022438       0x28 out/external/libexternal_fuota_stack.a(service_nvm_common.o)
                0x0000000008022438                service_nvm_set_multicast_to_nvm
 .text.service_nvm_get_tp_port_from_nvm
                0x0000000008022460       0x10 out/external/libexternal_fuota_stack.a(service_nvm_common.o)
                0x0000000008022460                service_nvm_get_tp_port_from_nvm
 .text.service_nvm_set_tp_port_to_nvm
                0x0000000008022470       0x28 out/external/libexternal_fuota_stack.a(service_nvm_common.o)
                0x0000000008022470                service_nvm_set_tp_port_to_nvm
 .text.service_nvm_get_chs_from_nvm
                0x0000000008022498        0xc out/external/libexternal_fuota_stack.a(service_nvm_common.o)
                0x0000000008022498                service_nvm_get_chs_from_nvm
 .text.service_nvm_set_chs_to_nvm
                0x00000000080224a4       0x18 out/external/libexternal_fuota_stack.a(service_nvm_common.o)
                0x00000000080224a4                service_nvm_set_chs_to_nvm
 .text.service_nvm_get_freq_from_nvm
                0x00000000080224bc        0xc out/external/libexternal_fuota_stack.a(service_nvm_common.o)
                0x00000000080224bc                service_nvm_get_freq_from_nvm
 .text.service_nvm_set_freq_to_nvm
                0x00000000080224c8       0x18 out/external/libexternal_fuota_stack.a(service_nvm_common.o)
                0x00000000080224c8                service_nvm_set_freq_to_nvm
 .text.service_nvm_get_sf_from_nvm
                0x00000000080224e0        0xc out/external/libexternal_fuota_stack.a(service_nvm_common.o)
                0x00000000080224e0                service_nvm_get_sf_from_nvm
 .text.service_nvm_set_sf_to_nvm
                0x00000000080224ec       0x18 out/external/libexternal_fuota_stack.a(service_nvm_common.o)
                0x00000000080224ec                service_nvm_set_sf_to_nvm
 .text.service_nvm_get_bandwidth_from_nvm
                0x0000000008022504       0x14 out/external/libexternal_fuota_stack.a(service_nvm_common.o)
                0x0000000008022504                service_nvm_get_bandwidth_from_nvm
 .text.service_nvm_set_bandwidth_to_nvm
                0x0000000008022518       0x24 out/external/libexternal_fuota_stack.a(service_nvm_common.o)
                0x0000000008022518                service_nvm_set_bandwidth_to_nvm
 .text.service_nvm_get_codingrate_from_nvm
                0x000000000802253c        0xc out/external/libexternal_fuota_stack.a(service_nvm_common.o)
                0x000000000802253c                service_nvm_get_codingrate_from_nvm
 .text.service_nvm_set_codingrate_to_nvm
                0x0000000008022548       0x18 out/external/libexternal_fuota_stack.a(service_nvm_common.o)
                0x0000000008022548                service_nvm_set_codingrate_to_nvm
 .text.service_nvm_get_preamlen_from_nvm
                0x0000000008022560        0xc out/external/libexternal_fuota_stack.a(service_nvm_common.o)
                0x0000000008022560                service_nvm_get_preamlen_from_nvm
 .text.service_nvm_set_preamlen_to_nvm
                0x000000000802256c       0x18 out/external/libexternal_fuota_stack.a(service_nvm_common.o)
                0x000000000802256c                service_nvm_set_preamlen_to_nvm
 .text.service_nvm_get_powerdbm_from_nvm
                0x0000000008022584        0xc out/external/libexternal_fuota_stack.a(service_nvm_common.o)
                0x0000000008022584                service_nvm_get_powerdbm_from_nvm
 .text.service_nvm_set_powerdbm_to_nvm
                0x0000000008022590       0x18 out/external/libexternal_fuota_stack.a(service_nvm_common.o)
                0x0000000008022590                service_nvm_set_powerdbm_to_nvm
 .text.service_nvm_get_crypt_enable_from_nvm
                0x00000000080225a8        0xc out/external/libexternal_fuota_stack.a(service_nvm_common.o)
                0x00000000080225a8                service_nvm_get_crypt_enable_from_nvm
 .text.service_nvm_set_crypt_enable_to_nvm
                0x00000000080225b4       0x18 out/external/libexternal_fuota_stack.a(service_nvm_common.o)
                0x00000000080225b4                service_nvm_set_crypt_enable_to_nvm
 .text.service_nvm_get_crypt_key_from_nvm
                0x00000000080225cc       0x1c out/external/libexternal_fuota_stack.a(service_nvm_common.o)
                0x00000000080225cc                service_nvm_get_crypt_key_from_nvm
 .text.service_nvm_set_crypt_key_to_nvm
                0x00000000080225e8       0x34 out/external/libexternal_fuota_stack.a(service_nvm_common.o)
                0x00000000080225e8                service_nvm_set_crypt_key_to_nvm
 .text.service_nvm_get_crypt_IV_from_nvm
                0x000000000802261c       0x1c out/external/libexternal_fuota_stack.a(service_nvm_common.o)
                0x000000000802261c                service_nvm_get_crypt_IV_from_nvm
 .text.service_nvm_set_crypt_IV_to_nvm
                0x0000000008022638       0x34 out/external/libexternal_fuota_stack.a(service_nvm_common.o)
                0x0000000008022638                service_nvm_set_crypt_IV_to_nvm
 .text.service_nvm_set_fdev_to_nvm
                0x000000000802266c       0x18 out/external/libexternal_fuota_stack.a(service_nvm_common.o)
                0x000000000802266c                service_nvm_set_fdev_to_nvm
 .text.service_nvm_set_bitrate_to_nvm
                0x0000000008022684       0x18 out/external/libexternal_fuota_stack.a(service_nvm_common.o)
                0x0000000008022684                service_nvm_set_bitrate_to_nvm
 .text.service_nvm_get_bitrate_from_nvm
                0x000000000802269c        0xc out/external/libexternal_fuota_stack.a(service_nvm_common.o)
                0x000000000802269c                service_nvm_get_bitrate_from_nvm
 .text.service_nvm_get_fdev_from_nvm
                0x00000000080226a8        0xc out/external/libexternal_fuota_stack.a(service_nvm_common.o)
                0x00000000080226a8                service_nvm_get_fdev_from_nvm
 .text.service_nvm_set_dcs_to_nvm
                0x00000000080226b4       0x18 out/external/libexternal_fuota_stack.a(service_nvm_common.o)
                0x00000000080226b4                service_nvm_set_dcs_to_nvm
 .text.service_nvm_get_dcs_from_nvm
                0x00000000080226cc        0xc out/external/libexternal_fuota_stack.a(service_nvm_common.o)
                0x00000000080226cc                service_nvm_get_dcs_from_nvm
 .text.service_nvm_get_iqinverted_from_nvm
                0x00000000080226d8        0xc out/external/libexternal_fuota_stack.a(service_nvm_common.o)
                0x00000000080226d8                service_nvm_get_iqinverted_from_nvm
 .text.service_nvm_set_iqinverted_to_nvm
                0x00000000080226e4       0x18 out/external/libexternal_fuota_stack.a(service_nvm_common.o)
                0x00000000080226e4                service_nvm_set_iqinverted_to_nvm
 .text.service_nvm_get_symbol_timeout_from_nvm
                0x00000000080226fc        0xc out/external/libexternal_fuota_stack.a(service_nvm_common.o)
                0x00000000080226fc                service_nvm_get_symbol_timeout_from_nvm
 .text.service_nvm_set_symbol_timeout_to_nvm
                0x0000000008022708       0x18 out/external/libexternal_fuota_stack.a(service_nvm_common.o)
                0x0000000008022708                service_nvm_set_symbol_timeout_to_nvm
 .text.service_nvm_get_fix_length_payload_from_nvm
                0x0000000008022720        0xc out/external/libexternal_fuota_stack.a(service_nvm_common.o)
                0x0000000008022720                service_nvm_get_fix_length_payload_from_nvm
 .text.service_nvm_set_fix_length_payload_to_nvm
                0x000000000802272c       0x18 out/external/libexternal_fuota_stack.a(service_nvm_common.o)
                0x000000000802272c                service_nvm_set_fix_length_payload_to_nvm
 .text.service_nvm_get_syncword_from_nvm
                0x0000000008022744        0xc out/external/libexternal_fuota_stack.a(service_nvm_common.o)
                0x0000000008022744                service_nvm_get_syncword_from_nvm
 .text.service_nvm_set_syncword_to_nvm
                0x0000000008022750       0x18 out/external/libexternal_fuota_stack.a(service_nvm_common.o)
                0x0000000008022750                service_nvm_set_syncword_to_nvm
 .text.service_nvm_get_CAD_from_nvm
                0x0000000008022768        0xc out/external/libexternal_fuota_stack.a(service_nvm_common.o)
                0x0000000008022768                service_nvm_get_CAD_from_nvm
 .text.service_nvm_set_CAD_to_nvm
                0x0000000008022774       0x18 out/external/libexternal_fuota_stack.a(service_nvm_common.o)
                0x0000000008022774                service_nvm_set_CAD_to_nvm
 .text.service_nvm_get_certi_from_nvm
                0x000000000802278c        0xc out/external/libexternal_fuota_stack.a(service_nvm_common.o)
                0x000000000802278c                service_nvm_get_certi_from_nvm
 .text.service_nvm_set_certi_to_nvm
                0x0000000008022798       0x18 out/external/libexternal_fuota_stack.a(service_nvm_common.o)
                0x0000000008022798                service_nvm_set_certi_to_nvm
 .text.service_lora_mac_nvm_data_init
                0x00000000080227b0       0x30 out/external/libexternal_fuota_stack.a(service_nvm_common.o)
                0x00000000080227b0                service_lora_mac_nvm_data_init
 .text.uhal_flash_init
                0x00000000080227e0        0x2 out/external/libexternal_fuota_stack.a(uhal_flash.o)
                0x00000000080227e0                uhal_flash_init
 .text.uhal_flash_deinit
                0x00000000080227e2        0x2 out/external/libexternal_fuota_stack.a(uhal_flash.o)
                0x00000000080227e2                uhal_flash_deinit
 .text.uhal_flash_write
                0x00000000080227e4       0x44 out/external/libexternal_fuota_stack.a(uhal_flash.o)
                0x00000000080227e4                uhal_flash_write
 .text.uhal_flash_read
                0x0000000008022828       0x10 out/external/libexternal_fuota_stack.a(uhal_flash.o)
                0x0000000008022828                uhal_flash_read
 .text.uhal_flash_erase
                0x0000000008022838       0x50 out/external/libexternal_fuota_stack.a(uhal_flash.o)
                0x0000000008022838                uhal_flash_erase
 .text.uhal_flash_get_page_size
                0x0000000008022888        0x6 out/external/libexternal_fuota_stack.a(uhal_flash.o)
                0x0000000008022888                uhal_flash_get_page_size
 .text.uhal_flash_check_addr_valid
                0x000000000802288e        0x4 out/external/libexternal_fuota_stack.a(uhal_flash.o)
                0x000000000802288e                uhal_flash_check_addr_valid
 .text.uhal_flash_suspend
                0x0000000008022892        0x2 out/external/libexternal_fuota_stack.a(uhal_flash.o)
                0x0000000008022892                uhal_flash_suspend
 .text.uhal_flash_resume
                0x0000000008022894        0x2 out/external/libexternal_fuota_stack.a(uhal_flash.o)
                0x0000000008022894                uhal_flash_resume
 .text.uhal_sys_get_uid
                0x0000000008022896       0x1c out/external/libexternal_fuota_stack.a(uhal_system.o)
                0x0000000008022896                uhal_sys_get_uid
 *fill*         0x00000000080228b2        0x2 
 .text.uhal_sys_reboot
                0x00000000080228b4       0x24 out/external/libexternal_fuota_stack.a(uhal_system.o)
                0x00000000080228b4                uhal_sys_reboot
 .text.uhal_sys_board_critical_section_begin
                0x00000000080228d8        0xa out/external/libexternal_fuota_stack.a(uhal_system.o)
                0x00000000080228d8                uhal_sys_board_critical_section_begin
 .text.uhal_sys_board_critical_section_end
                0x00000000080228e2        0xa out/external/libexternal_fuota_stack.a(uhal_system.o)
                0x00000000080228e2                uhal_sys_board_critical_section_end
 .text.uhal_sys_randomseed
                0x00000000080228ec        0x2 out/external/libexternal_fuota_stack.a(uhal_system.o)
                0x00000000080228ec                uhal_sys_randomseed
 .text.uhal_sys_random
                0x00000000080228ee        0x2 out/external/libexternal_fuota_stack.a(uhal_system.o)
                0x00000000080228ee                uhal_sys_random
 .text.uhal_sys_user_app_timer_create
                0x00000000080228f0       0x2c out/external/libexternal_fuota_stack.a(uhal_system.o)
                0x00000000080228f0                uhal_sys_user_app_timer_create
 .text.uhal_sys_user_app_timer_start
                0x000000000802291c       0x20 out/external/libexternal_fuota_stack.a(uhal_system.o)
                0x000000000802291c                uhal_sys_user_app_timer_start
 .text.uhal_sys_user_app_timer_stop
                0x000000000802293c       0x18 out/external/libexternal_fuota_stack.a(uhal_system.o)
                0x000000000802293c                uhal_sys_user_app_timer_stop
 .text.uhal_rtc_tick2ms
                0x0000000008022954        0xc out/external/libexternal_fuota_stack.a(uhal_rtc.o)