Archive member included to satisfy reference by file (symbol)

out/external/libexternal_fuota_stack.a(subghz.o)
                              (--whole-archive)
out/external/libexternal_fuota_stack.a(radio_board_if.o)
                              (--whole-archive)
out/external/libexternal_fuota_stack.a(timer_if.o)
                              (--whole-archive)
out/external/libexternal_fuota_stack.a(board.o)
                              (--whole-archive)
out/external/libexternal_fuota_stack.a(service_lora_config.o)
                              (--whole-archive)
out/external/libexternal_fuota_stack.a(service_lora_multicast.o)
                              (--whole-archive)
out/external/libexternal_fuota_stack.a(LmHandler.o)
                              (--whole-archive)
out/external/libexternal_fuota_stack.a(LmhpClockSync.o)
                              (--whole-archive)
out/external/libexternal_fuota_stack.a(LmhpRemoteMcastSetup.o)
                              (--whole-archive)
out/external/libexternal_fuota_stack.a(LmhpFragmentation.o)
                              (--whole-archive)
out/external/libexternal_fuota_stack.a(FragDecoder.o)
                              (--whole-archive)
out/external/libexternal_fuota_stack.a(udrv_flash.o)
                              (--whole-archive)
out/external/libexternal_fuota_stack.a(system_stm32wlxx.o)
                              (--whole-archive)
out/external/libexternal_fuota_stack.a(stm32wlxx_hal_msp.o)
                              (--whole-archive)
out/external/libexternal_fuota_stack.a(service_nvm_common.o)
                              (--whole-archive)
out/external/libexternal_fuota_stack.a(uhal_flash.o)
                              (--whole-archive)
out/external/libexternal_fuota_stack.a(uhal_system.o)
                              (--whole-archive)
out/external/libexternal_fuota_stack.a(uhal_rtc.o)
                              (--whole-archive)
out/external/libexternal_fuota_stack.a(uhal_crypto.o)
                              (--whole-archive)
out/external/libexternal_fuota_stack.a(stm32wlxx_hal_cortex.o)
                              (--whole-archive)
out/external/libexternal_fuota_stack.a(radio.o)
                              (--whole-archive)
out/external/libexternal_fuota_stack.a(radio_fw.o)
                              (--whole-archive)
out/external/libexternal_fuota_stack.a(radio_driver.o)
                              (--whole-archive)
out/external/libexternal_fuota_stack.a(stm32_mem.o)
                              (--whole-archive)
out/external/libexternal_fuota_stack.a(stm32_timer.o)
                              (--whole-archive)
out/external/libexternal_fuota_stack.a(stm32_tiny_vsnprintf.o)
                              (--whole-archive)
out/external/libexternal_fuota_stack.a(stm32_systime.o)
                              (--whole-archive)
out/external/libexternal_fuota_stack.a(stm32wlxx_hal.o)
                              (--whole-archive)
out/external/libexternal_fuota_stack.a(stm32wlxx_hal_rcc.o)
                              (--whole-archive)
out/external/libexternal_fuota_stack.a(stm32wlxx_hal_rcc_ex.o)
                              (--whole-archive)
out/external/libexternal_fuota_stack.a(stm32wlxx_hal_rtc.o)
                              (--whole-archive)
out/external/libexternal_fuota_stack.a(stm32wlxx_hal_rtc_ex.o)
                              (--whole-archive)
out/external/libexternal_fuota_stack.a(stm32wlxx_hal_pwr.o)
                              (--whole-archive)
out/external/libexternal_fuota_stack.a(stm32wlxx_hal_pwr_ex.o)
                              (--whole-archive)
out/external/libexternal_fuota_stack.a(stm32wlxx_hal_flash.o)
                              (--whole-archive)
out/external/libexternal_fuota_stack.a(stm32wlxx_hal_flash_ex.o)
                              (--whole-archive)
out/external/libexternal_fuota_stack.a(stm32wlxx_hal_subghz.o)
                              (--whole-archive)
out/external/libexternal_fuota_stack.a(stm32wlxx_hal_gpio.o)
                              (--whole-archive)
out/external/libexternal_fuota_stack.a(stm32wlxx_hal_cryp.o)
                              (--whole-archive)
out/external/libexternal_fuota_stack.a(stm32wlxx_hal_dma.o)
                              (--whole-archive)
out/external/libexternal_fuota_stack.a(utilities.o)
                              (--whole-archive)
out/external/libexternal_fuota_stack.a(cmac.o)
                              (--whole-archive)
out/external/libexternal_fuota_stack.a(soft-se-hal.o)
                              (--whole-archive)
out/external/libexternal_fuota_stack.a(soft-se.o)
                              (--whole-archive)
out/external/libexternal_fuota_stack.a(LoRaMacAdr.o)
                              (--whole-archive)
out/external/libexternal_fuota_stack.a(LoRaMac.o)
                              (--whole-archive)
out/external/libexternal_fuota_stack.a(LoRaMacClassB.o)
                              (--whole-archive)
[...]
Memory Configuration

Name             Origin             Length             Attributes
BL               0x0000000008000000 0x0000000000006000 xr
ROM              0x000000000801d000 0x0000000000020000 xr
RAM1_DATA        0x0000000020000000 0x0000000000006000 xrw
RAM1             0x0000000020006000 0x0000000000009c00 xrw
RAM2             0x000000002000fc00 0x0000000000000400 xrw
*default*        0x0000000000000000 0xffffffffffffffff

Linker script and memory map

START GROUP
LOAD out/external/libexternal_fuota_stack.a
END GROUP
LOAD out/external/libexternal_fuota_stack.a
LOAD /opt/gcc-arm-none-eabi-10-2020-q4-major/bin/../lib/gcc/arm-none-eabi/10.2.1/../../../../arm-none-eabi/lib/thumb/v7e-m/nofp/libc_nano.a
LOAD /opt/gcc-arm-none-eabi-10-2020-q4-major/bin/../lib/gcc/arm-none-eabi/10.2.1/../../../../arm-none-eabi/lib/thumb/v7e-m/nofp/libm.a
LOAD /opt/gcc-arm-none-eabi-10-2020-q4-major/bin/../lib/gcc/arm-none-eabi/10.2.1/../../../../arm-none-eabi/lib/thumb/v7e-m/nofp/libnosys.a
LOAD /opt/gcc-arm-none-eabi-10-2020-q4-major/bin/../lib/gcc/arm-none-eabi/10.2.1/../../../../arm-none-eabi/lib/thumb/v7e-m/nofp/libstdc++_nano.a
LOAD /home/jenkins/workspace/RUI_Release/rui-v3/version.o
START GROUP
LOAD /opt/gcc-arm-none-eabi-10-2020-q4-major/bin/../lib/gcc/arm-none-eabi/10.2.1/thumb/v7e-m/nofp/libgcc.a
LOAD /opt/gcc-arm-none-eabi-10-2020-q4-major/bin/../lib/gcc/arm-none-eabi/10.2.1/../../../../arm-none-eabi/lib/thumb/v7e-m/nofp/libc_nano.a
END GROUP
START GROUP
LOAD /opt/gcc-arm-none-eabi-10-2020-q4-major/bin/../lib/gcc/arm-none-eabi/10.2.1/thumb/v7e-m/nofp/libgcc.a
LOAD /opt/gcc-arm-none-eabi-10-2020-q4-major/bin/../lib/gcc/arm-none-eabi/10.2.1/../../../../arm-none-eabi/lib/thumb/v7e-m/nofp/libc_nano.a
END GROUP
                0x000000002000fc00                _estack = (ORIGIN (RAM1) + LENGTH (RAM1))
                0x0000000000001e00                _Min_Heap_Size = 0x1e00
                0x0000000000002000                _Min_Stack_Size = 0x2000

.isr_vector     0x000000000801d000        0x0
                0x000000000801d000                . = ALIGN (0x8)
 *(.isr_vector)
                0x000000000801d000                . = ALIGN (0x8)

.text           0x000000000801d000    0x1d630
                0x000000000801d000                . = ALIGN (0x8)
 *(.text)
 .text          0x000000000801d000        0x0 out/external/libexternal_fuota_stack.a(subghz.o)
 .text          0x000000000801d000        0x0 out/external/libexternal_fuota_stack.a(radio_board_if.o)
 .text          0x000000000801d000        0x0 out/external/libexternal_fuota_stack.a(timer_if.o)
 .text          0x000000000801d000        0x0 out/external/libexternal_fuota_stack.a(board.o)
 .text          0x000000000801d000        0x0 out/external/libexternal_fuota_stack.a(service_lora_config.o)
 .text          0x000000000801d000        0x0 out/external/libexternal_fuota_stack.a(service_lora_multicast.o)
 .text          0x000000000801d000        0x0 out/external/libexternal_fuota_stack.a(LmHandler.o)
 .text          0x000000000801d000        0x0 out/external/libexternal_fuota_stack.a(LmhpClockSync.o)
 .text          0x000000000801d000        0x0 out/external/libexternal_fuota_stack.a(LmhpRemoteMcastSetup.o)
 .text          0x000000000801d000        0x0 out/external/libexternal_fuota_stack.a(LmhpFragmentation.o)
 .text          0x000000000801d000        0x0 out/external/libexternal_fuota_stack.a(FragDecoder.o)
 .text          0x000000000801d000        0x0 out/external/libexternal_fuota_stack.a(udrv_flash.o)
 .text          0x000000000801d000        0x0 out/external/libexternal_fuota_stack.a(system_stm32wlxx.o)
 .text          0x000000000801d000        0x0 out/external/libexternal_fuota_stack.a(stm32wlxx_hal_msp.o)
 .text          0x000000000801d000        0x0 out/external/libexternal_fuota_stack.a(service_nvm_common.o)
 .text          0x000000000801d000        0x0 out/external/libexternal_fuota_stack.a(uhal_flash.o)
 .text          0x000000000801d000        0x0 out/external/libexternal_fuota_stack.a(uhal_system.o)
 .text          0x000000000801d000        0x0 out/external/libexternal_fuota_stack.a(uhal_rtc.o)
 .text          0x000000000801d000        0x0 out/external/libexternal_fuota_stack.a(uhal_crypto.o)
 .text          0x000000000801d000        0x0 out/external/libexternal_fuota_stack.a(stm32wlxx_hal_cortex.o)
 .text          0x000000000801d000        0x0 out/external/libexternal_fuota_stack.a(radio.o)
 .text          0x000000000801d000        0x0 out/external/libexternal_fuota_stack.a(radio_fw.o)
 .text          0x000000000801d000        0x0 out/external/libexternal_fuota_stack.a(radio_driver.o)
 .text          0x000000000801d000        0x0 out/external/libexternal_fuota_stack.a(stm32_mem.o)
 .text          0x000000000801d000        0x0 out/external/libexternal_fuota_stack.a(stm32_timer.o)
 .text          0x000000000801d000        0x0 out/external/libexternal_fuota_stack.a(stm32_tiny_vsnprintf.o)
 .text          0x000000000801d000        0x0 out/external/libexternal_fuota_stack.a(stm32_systime.o)
 .text          0x000000000801d000        0x0 out/external/libexternal_fuota_stack.a(stm32wlxx_hal.o)
 .text          0x000000000801d000        0x0 out/external/libexternal_fuota_stack.a(stm32wlxx_hal_rcc.o)
 .text          0x000000000801d000        0x0 out/external/libexternal_fuota_stack.a(stm32wlxx_hal_rcc_ex.o)
 .text          0x000000000801d000        0x0 out/external/libexternal_fuota_stack.a(stm32wlxx_hal_rtc.o)
 .text          0x000000000801d000        0x0 out/external/libexternal_fuota_stack.a(stm32wlxx_hal_rtc_ex.o)
 .text          0x000000000801d000        0x0 out/external/libexternal_fuota_stack.a(stm32wlxx_hal_pwr.o)
 .text          0x000000000801d000        0x0 out/external/libexternal_fuota_stack.a(stm32wlxx_hal_pwr_ex.o)
 .text          0x000000000801d000        0x0 out/external/libexternal_fuota_stack.a(stm32wlxx_hal_flash.o)
 .text          0x000000000801d000        0x0 out/external/libexternal_fuota_stack.a(stm32wlxx_hal_flash_ex.o)
 .text          0x000000000801d000        0x0 out/external/libexternal_fuota_stack.a(stm32wlxx_hal_subghz.o)
 .text          0x000000000801d000        0x0 out/external/libexternal_fuota_stack.a(stm32wlxx_hal_gpio.o)
 .text          0x000000000801d000        0x0 out/external/libexternal_fuota_stack.a(stm32wlxx_hal_cryp.o)
 .text          0x000000000801d000        0x0 out/external/libexternal_fuota_stack.a(stm32wlxx_hal_dma.o)
 .text          0x000000000801d000        0x0 out/external/libexternal_fuota_stack.a(utilities.o)
 .text          0x000000000801d000        0x0 out/external/libexternal_fuota_stack.a(cmac.o)
 .text          0x000000000801d000        0x0 out/external/libexternal_fuota_stack.a(soft-se-hal.o)
 .text          0x000000000801d000        0x0 out/external/libexternal_fuota_stack.a(soft-se.o)
 .text          0x000000000801d000        0x0 out/external/libexternal_fuota_stack.a(LoRaMacAdr.o)
 .text          0x000000000801d000        0x0 out/external/libexternal_fuota_stack.a(LoRaMac.o)
 .text          0x000000000801d000        0x0 out/external/libexternal_fuota_stack.a(LoRaMacClassB.o)
 .text          0x000000000801d000        0x0 out/external/libexternal_fuota_stack.a(LoRaMacCommands.o)
 .text          0x000000000801d000        0x0 out/external/libexternal_fuota_stack.a(LoRaMacConfirmQueue.o)
 .text          0x000000000801d000        0x0 out/external/libexternal_fuota_stack.a(LoRaMacCrypto.o)
 .text          0x000000000801d000        0x0 out/external/libexternal_fuota_stack.a(LoRaMacParser.o)
 .text          0x000000000801d000        0x0 out/external/libexternal_fuota_stack.a(LoRaMacSerializer.o)
 .text          0x000000000801d000        0x0 out/external/libexternal_fuota_stack.a(RegionAS923.o)
 .text          0x000000000801d000        0x0 out/external/libexternal_fuota_stack.a(RegionAU915.o)
 .text          0x000000000801d000        0x0 out/external/libexternal_fuota_stack.a(RegionBaseUS.o)
 .text          0x000000000801d000        0x0 out/external/libexternal_fuota_stack.a(Region.o)
 .text          0x000000000801d000        0x0 out/external/libexternal_fuota_stack.a(RegionCN470A20.o)
 .text          0x000000000801d000        0x0 out/external/libexternal_fuota_stack.a(RegionCN470A26.o)
 .text          0x000000000801d000        0x0 out/external/libexternal_fuota_stack.a(RegionCN470B20.o)
 .text          0x000000000801d000        0x0 out/external/libexternal_fuota_stack.a(RegionCN470B26.o)
 .text          0x000000000801d000        0x0 out/external/libexternal_fuota_stack.a(RegionCN470.o)
 .text          0x000000000801d000        0x0 out/external/libexternal_fuota_stack.a(RegionCN779.o)
 .text          0x000000000801d000        0x0 out/external/libexternal_fuota_stack.a(RegionCommon.o)
 .text          0x000000000801d000        0x0 out/external/libexternal_fuota_stack.a(RegionEU433.o)
 .text          0x000000000801d000        0x0 out/external/libexternal_fuota_stack.a(RegionEU868.o)
 .text          0x000000000801d000        0x0 out/external/libexternal_fuota_stack.a(RegionIN865.o)
 .text          0x000000000801d000        0x0 out/external/libexternal_fuota_stack.a(RegionKR920.o)
 .text          0x000000000801d000        0x0 out/external/libexternal_fuota_stack.a(RegionLA915.o)
 .text          0x000000000801d000        0x0 out/external/libexternal_fuota_stack.a(RegionRU864.o)
 .text          0x000000000801d000        0x0 out/external/libexternal_fuota_stack.a(RegionUS915.o)
 .text          0x000000000801d000        0x0 /opt/gcc-arm-none-eabi-10-2020-q4-major/bin/../lib/gcc/arm-none-eabi/10.2.1/../../../../arm-none-eabi/lib/thumb/v7e-m/nofp/libc_nano.a(lib_a-memcmp.o)
 .text          0x000000000801d000        0x0 /opt/gcc-arm-none-eabi-10-2020-q4-major/bin/../lib/gcc/arm-none-eabi/10.2.1/../../../../arm-none-eabi/lib/thumb/v7e-m/nofp/libc_nano.a(lib_a-memcpy-stub.o)
 .text          0x000000000801d000        0x0 /opt/gcc-arm-none-eabi-10-2020-q4-major/bin/../lib/gcc/arm-none-eabi/10.2.1/../../../../arm-none-eabi/lib/thumb/v7e-m/nofp/libc_nano.a(lib_a-memset.o)
 .text          0x000000000801d000       0x10 /opt/gcc-arm-none-eabi-10-2020-q4-major/bin/../lib/gcc/arm-none-eabi/10.2.1/../../../../arm-none-eabi/lib/thumb/v7e-m/nofp/libc_nano.a(lib_a-strlen.o)
                0x000000000801d000                strlen
 .text          0x000000000801d010        0x0 /opt/gcc-arm-none-eabi-10-2020-q4-major/bin/../lib/gcc/arm-none-eabi/10.2.1/../../../../arm-none-eabi/lib/thumb/v7e-m/nofp/libm.a(lib_a-s_floor.o)
 .text          0x000000000801d010        0x0 /home/jenkins/workspace/RUI_Release/rui-v3/version.o
 .text          0x000000000801d010      0x378 /opt/gcc-arm-none-eabi-10-2020-q4-major/bin/../lib/gcc/arm-none-eabi/10.2.1/thumb/v7e-m/nofp/libgcc.a(_arm_addsubdf3.o)
                0x000000000801d010                __aeabi_drsub
                0x000000000801d018                __aeabi_dsub
                0x000000000801d018                __subdf3
                0x000000000801d01c                __adddf3
                0x000000000801d01c                __aeabi_dadd
                0x000000000801d294                __aeabi_ui2d
                0x000000000801d294                __floatunsidf
                0x000000000801d2b4                __floatsidf
                0x000000000801d2b4                __aeabi_i2d
                0x000000000801d2d8                __extendsfdf2
                0x000000000801d2d8                __aeabi_f2d
                0x000000000801d31c                __aeabi_ul2d
                0x000000000801d31c                __floatundidf
                0x000000000801d32c                __floatdidf
                0x000000000801d32c                __aeabi_l2d
 .text          0x000000000801d388      0x110 /opt/gcc-arm-none-eabi-10-2020-q4-major/bin/../lib/gcc/arm-none-eabi/10.2.1/thumb/v7e-m/nofp/libgcc.a(_arm_cmpdf2.o)
                0x000000000801d388                __gtdf2
                0x000000000801d388                __gedf2
                0x000000000801d390                __ltdf2
                0x000000000801d390                __ledf2
                0x000000000801d398                __cmpdf2
                0x000000000801d398                __eqdf2
                0x000000000801d398                __nedf2
                0x000000000801d414                __aeabi_cdrcmple
                0x000000000801d424                __aeabi_cdcmple
                0x000000000801d424                __aeabi_cdcmpeq
                0x000000000801d434                __aeabi_dcmpeq
                0x000000000801d448                __aeabi_dcmplt
                0x000000000801d45c                __aeabi_dcmple
                0x000000000801d470                __aeabi_dcmpge
                0x000000000801d484                __aeabi_dcmpgt
 .text          0x000000000801d498       0x50 /opt/gcc-arm-none-eabi-10-2020-q4-major/bin/../lib/gcc/arm-none-eabi/10.2.1/thumb/v7e-m/nofp/libgcc.a(_arm_fixdfsi.o)
                0x000000000801d498                __fixdfsi
                0x000000000801d498                __aeabi_d2iz
 .text          0x000000000801d4e8      0x21c /opt/gcc-arm-none-eabi-10-2020-q4-major/bin/../lib/gcc/arm-none-eabi/10.2.1/thumb/v7e-m/nofp/libgcc.a(_arm_addsubsf3.o)
                0x000000000801d4e8                __aeabi_frsub
                0x000000000801d4f0                __subsf3
                0x000000000801d4f0                __aeabi_fsub
                0x000000000801d4f4                __aeabi_fadd
                0x000000000801d4f4                __addsf3
                0x000000000801d654                __aeabi_ui2f
                0x000000000801d654                __floatunsisf
                0x000000000801d65c                __aeabi_i2f
                0x000000000801d65c                __floatsisf
                0x000000000801d678                __floatundisf
                0x000000000801d678                __aeabi_ul2f
                0x000000000801d688                __floatdisf
                0x000000000801d688                __aeabi_l2f
 .text          0x000000000801d704       0xec /opt/gcc-arm-none-eabi-10-2020-q4-major/bin/../lib/gcc/arm-none-eabi/10.2.1/thumb/v7e-m/nofp/libgcc.a(_arm_cmpsf2.o)
                0x000000000801d704                __gtsf2
                0x000000000801d704                __gesf2
                0x000000000801d70c                __lesf2
                0x000000000801d70c                __ltsf2
                0x000000000801d714                __nesf2
                0x000000000801d714                __eqsf2
                0x000000000801d714                __cmpsf2
                0x000000000801d774                __aeabi_cfrcmple
                0x000000000801d77c                __aeabi_cfcmple
                0x000000000801d77c                __aeabi_cfcmpeq
                0x000000000801d78c                __aeabi_fcmpeq
                0x000000000801d7a0                __aeabi_fcmplt
                0x000000000801d7b4                __aeabi_fcmple
                0x000000000801d7c8                __aeabi_fcmpge
                0x000000000801d7dc                __aeabi_fcmpgt
 .text          0x000000000801d7f0       0xa0 /opt/gcc-arm-none-eabi-10-2020-q4-major/bin/../lib/gcc/arm-none-eabi/10.2.1/thumb/v7e-m/nofp/libgcc.a(_aeabi_ldivmod.o)
                0x000000000801d7f0                __aeabi_ldivmod
 .text          0x000000000801d890       0x30 /opt/gcc-arm-none-eabi-10-2020-q4-major/bin/../lib/gcc/arm-none-eabi/10.2.1/thumb/v7e-m/nofp/libgcc.a(_aeabi_uldivmod.o)
                0x000000000801d890                __aeabi_uldivmod
 .text          0x000000000801d8c0      0x2d0 /opt/gcc-arm-none-eabi-10-2020-q4-major/bin/../lib/gcc/arm-none-eabi/10.2.1/thumb/v7e-m/nofp/libgcc.a(_udivmoddi4.o)
                0x000000000801d8c0                __udivmoddi4
 .text          0x000000000801db90        0x4 /opt/gcc-arm-none-eabi-10-2020-q4-major/bin/../lib/gcc/arm-none-eabi/10.2.1/thumb/v7e-m/nofp/libgcc.a(_dvmd_tls.o)
                0x000000000801db90                __aeabi_ldiv0
                0x000000000801db90                __aeabi_idiv0
 *(.text*)
 .text.MX_SUBGHZ_Init
                0x000000000801db94       0x1c out/external/libexternal_fuota_stack.a(subghz.o)
                0x000000000801db94                MX_SUBGHZ_Init
 .text.HAL_SUBGHZ_MspInit
                0x000000000801dbb0       0x2e out/external/libexternal_fuota_stack.a(subghz.o)
                0x000000000801dbb0                HAL_SUBGHZ_MspInit
 .text.HAL_SUBGHZ_MspDeInit
                0x000000000801dbde       0x12 out/external/libexternal_fuota_stack.a(subghz.o)
                0x000000000801dbde                HAL_SUBGHZ_MspDeInit
 .text.LL_AHB2_GRP1_EnableClock
                0x000000000801dbf0       0x18 out/external/libexternal_fuota_stack.a(radio_board_if.o)
 .text.RBI_Init
                0x000000000801dc08       0x70 out/external/libexternal_fuota_stack.a(radio_board_if.o)
                0x000000000801dc08                RBI_Init
 .text.RBI_DeInit
                0x000000000801dc78       0x4c out/external/libexternal_fuota_stack.a(radio_board_if.o)
                0x000000000801dc78                RBI_DeInit
 .text.RBI_ConfigRFSwitch
                0x000000000801dcc4       0x44 out/external/libexternal_fuota_stack.a(radio_board_if.o)
                0x000000000801dcc4                RBI_ConfigRFSwitch
 .text.RBI_GetTxConfig
                0x000000000801dd08        0x4 out/external/libexternal_fuota_stack.a(radio_board_if.o)
                0x000000000801dd08                RBI_GetTxConfig
 .text.RBI_IsTCXO
                0x000000000801dd0c        0x4 out/external/libexternal_fuota_stack.a(radio_board_if.o)
                0x000000000801dd0c                RBI_IsTCXO
 .text.RBI_IsDCDC
                0x000000000801dd10        0x4 out/external/libexternal_fuota_stack.a(radio_board_if.o)
                0x000000000801dd10                RBI_IsDCDC
 .text.TIMER_IF_SetTimerContext
                0x000000000801dd14       0x14 out/external/libexternal_fuota_stack.a(timer_if.o)
                0x000000000801dd14                TIMER_IF_SetTimerContext
 .text.TIMER_IF_GetTimerContext
                0x000000000801dd28        0xc out/external/libexternal_fuota_stack.a(timer_if.o)
                0x000000000801dd28                TIMER_IF_GetTimerContext
 .text.TIMER_IF_GetTimerElapsedTime
                0x000000000801dd34       0x18 out/external/libexternal_fuota_stack.a(timer_if.o)
                0x000000000801dd34                TIMER_IF_GetTimerElapsedTime
 .text.TIMER_IF_GetTimerValue
                0x000000000801dd4c       0x18 out/external/libexternal_fuota_stack.a(timer_if.o)
                0x000000000801dd4c                TIMER_IF_GetTimerValue
 .text.TIMER_IF_GetMinimumTimeout
                0x000000000801dd64        0x4 out/external/libexternal_fuota_stack.a(timer_if.o)
                0x000000000801dd64                TIMER_IF_GetMinimumTimeout
 .text.TIMER_IF_Convert_ms2Tick
                0x000000000801dd68       0x14 out/external/libexternal_fuota_stack.a(timer_if.o)
                0x000000000801dd68                TIMER_IF_Convert_ms2Tick
 .text.TIMER_IF_Convert_Tick2ms
                0x000000000801dd7c       0x10 out/external/libexternal_fuota_stack.a(timer_if.o)
                0x000000000801dd7c                TIMER_IF_Convert_Tick2ms
 .text.TIMER_IF_StopTimer
                0x000000000801dd8c       0x28 out/external/libexternal_fuota_stack.a(timer_if.o)
                0x000000000801dd8c                TIMER_IF_StopTimer
 .text.TIMER_IF_BkUp_Write_Seconds
                0x000000000801ddb4       0x10 out/external/libexternal_fuota_stack.a(timer_if.o)
                0x000000000801ddb4                TIMER_IF_BkUp_Write_Seconds
 .text.TIMER_IF_BkUp_Write_SubSeconds
                0x000000000801ddc4       0x10 out/external/libexternal_fuota_stack.a(timer_if.o)
                0x000000000801ddc4                TIMER_IF_BkUp_Write_SubSeconds
 .text.TIMER_IF_StartTimer
                0x000000000801ddd4       0x50 out/external/libexternal_fuota_stack.a(timer_if.o)
                0x000000000801ddd4                TIMER_IF_StartTimer
 .text.TIMER_IF_GetTime
                0x000000000801de24       0x34 out/external/libexternal_fuota_stack.a(timer_if.o)
                0x000000000801de24                TIMER_IF_GetTime
 .text.TIMER_IF_BkUp_Read_Seconds
                0x000000000801de58        0xc out/external/libexternal_fuota_stack.a(timer_if.o)
                0x000000000801de58                TIMER_IF_BkUp_Read_Seconds
 .text.TIMER_IF_BkUp_Read_SubSeconds
                0x000000000801de64        0xc out/external/libexternal_fuota_stack.a(timer_if.o)
                0x000000000801de64                TIMER_IF_BkUp_Read_SubSeconds
 .text.TIMER_IF_Init
                0x000000000801de70       0x50 out/external/libexternal_fuota_stack.a(timer_if.o)
                0x000000000801de70                TIMER_IF_Init
 .text.TIMER_IF_DelayMs
                0x000000000801dec0       0x2c out/external/libexternal_fuota_stack.a(timer_if.o)
                0x000000000801dec0                TIMER_IF_DelayMs
 .text.HAL_RTC_AlarmAEventCallback
                0x000000000801deec        0x4 out/external/libexternal_fuota_stack.a(timer_if.o)
                0x000000000801deec                HAL_RTC_AlarmAEventCallback
 .text.HAL_RTCEx_SSRUEventCallback
                0x000000000801def0       0x20 out/external/libexternal_fuota_stack.a(timer_if.o)
                0x000000000801def0                HAL_RTCEx_SSRUEventCallback
 .text.BoardGetUniqueId
                0x000000000801df10        0x2 out/external/libexternal_fuota_stack.a(board.o)
                0x000000000801df10                BoardGetUniqueId
 .text.BoardCriticalSectionBegin
                0x000000000801df12        0x4 out/external/libexternal_fuota_stack.a(board.o)
                0x000000000801df12                BoardCriticalSectionBegin
 .text.BoardCriticalSectionEnd
                0x000000000801df16        0x4 out/external/libexternal_fuota_stack.a(board.o)
                0x000000000801df16                BoardCriticalSectionEnd
 .text.BoardInitMcu
                0x000000000801df1a        0x2 out/external/libexternal_fuota_stack.a(board.o)
                0x000000000801df1a                BoardInitMcu
 .text.BoardResetMcu
                0x000000000801df1c       0x24 out/external/libexternal_fuota_stack.a(board.o)
                0x000000000801df1c                BoardResetMcu
 .text.BoardGetHardwareFreq
                0x000000000801df40       0x50 out/external/libexternal_fuota_stack.a(board.o)
                0x000000000801df40                BoardGetHardwareFreq
 .text.crc_cal  0x000000000801df90       0x2a out/external/libexternal_fuota_stack.a(service_lora_config.o)
 *fill*         0x000000000801dfba        0x2 
 .text.rak3172_sprintf.constprop.0
                0x000000000801dfbc       0x20 out/external/libexternal_fuota_stack.a(service_lora_config.o)
 .text.service_lora_get_app_eui
                0x000000000801dfdc        0x4 out/external/libexternal_fuota_stack.a(service_lora_config.o)
                0x000000000801dfdc                service_lora_get_app_eui
 .text.service_lora_get_app_key
                0x000000000801dfe0        0x4 out/external/libexternal_fuota_stack.a(service_lora_config.o)
                0x000000000801dfe0                service_lora_get_app_key
 .text.service_lora_get_dev_eui
                0x000000000801dfe4        0x4 out/external/libexternal_fuota_stack.a(service_lora_config.o)
                0x000000000801dfe4                service_lora_get_dev_eui
 .text.service_lora_get_nwm
                0x000000000801dfe8        0xa out/external/libexternal_fuota_stack.a(service_lora_config.o)
                0x000000000801dfe8                service_lora_get_nwm
 .text.service_lora_set_nwm
                0x000000000801dff2       0x14 out/external/libexternal_fuota_stack.a(service_lora_config.o)
                0x000000000801dff2                service_lora_set_nwm
 .text.service_lora_get_njm
                0x000000000801e006        0x4 out/external/libexternal_fuota_stack.a(service_lora_config.o)
                0x000000000801e006                service_lora_get_njm
 .text.service_lora_get_njs
                0x000000000801e00a       0x26 out/external/libexternal_fuota_stack.a(service_lora_config.o)
                0x000000000801e00a                service_lora_get_njs
 .text.service_lora_get_app_skey
                0x000000000801e030       0x5c out/external/libexternal_fuota_stack.a(service_lora_config.o)
                0x000000000801e030                service_lora_get_app_skey
 .text.service_lora_get_dev_addr
                0x000000000801e08c       0x56 out/external/libexternal_fuota_stack.a(service_lora_config.o)
                0x000000000801e08c                service_lora_get_dev_addr
 .text.service_lora_get_retry
                0x000000000801e0e2        0x4 out/external/libexternal_fuota_stack.a(service_lora_config.o)
                0x000000000801e0e2                service_lora_get_retry
 .text.service_lora_set_retry
                0x000000000801e0e6        0xe out/external/libexternal_fuota_stack.a(service_lora_config.o)
                0x000000000801e0e6                service_lora_set_retry
 .text.service_lora_get_cfm
                0x000000000801e0f4        0x4 out/external/libexternal_fuota_stack.a(service_lora_config.o)
                0x000000000801e0f4                service_lora_get_cfm
 .text.service_lora_set_cfm
                0x000000000801e0f8        0x4 out/external/libexternal_fuota_stack.a(service_lora_config.o)
                0x000000000801e0f8                service_lora_set_cfm
 .text.service_lora_get_nwk_skey
                0x000000000801e0fc       0x5c out/external/libexternal_fuota_stack.a(service_lora_config.o)
                0x000000000801e0fc                service_lora_get_nwk_skey
 .text.service_lora_get_net_id
                0x000000000801e158       0x5e out/external/libexternal_fuota_stack.a(service_lora_config.o)
                0x000000000801e158                service_lora_get_net_id
 .text.service_lora_get_McRoot_key
                0x000000000801e1b6        0x2 out/external/libexternal_fuota_stack.a(service_lora_config.o)
                0x000000000801e1b6                service_lora_get_McRoot_key
 .text.service_lora_get_adr
                0x000000000801e1b8        0x4 out/external/libexternal_fuota_stack.a(service_lora_config.o)
                0x000000000801e1b8                service_lora_get_adr
 .text.service_lora_get_class
                0x000000000801e1bc        0x4 out/external/libexternal_fuota_stack.a(service_lora_config.o)
                0x000000000801e1bc                service_lora_get_class
 .text.service_lora_get_dcs
                0x000000000801e1c0        0xe out/external/libexternal_fuota_stack.a(service_lora_config.o)
                0x000000000801e1c0                service_lora_get_dcs
 .text.service_lora_set_dcs
                0x000000000801e1ce       0x1a out/external/libexternal_fuota_stack.a(service_lora_config.o)
                0x000000000801e1ce                service_lora_set_dcs
 .text.service_lora_get_dr
                0x000000000801e1e8       0x1a out/external/libexternal_fuota_stack.a(service_lora_config.o)
                0x000000000801e1e8                service_lora_get_dr
 .text.service_lora_get_jn1dl
                0x000000000801e202        0x4 out/external/libexternal_fuota_stack.a(service_lora_config.o)
                0x000000000801e202                service_lora_get_jn1dl
 .text.service_lora_get_jn2dl
                0x000000000801e206        0x4 out/external/libexternal_fuota_stack.a(service_lora_config.o)
                0x000000000801e206                service_lora_get_jn2dl
 .text.service_lora_get_pub_nwk_mode
                0x000000000801e20a        0x4 out/external/libexternal_fuota_stack.a(service_lora_config.o)
                0x000000000801e20a                service_lora_get_pub_nwk_mode
 .text.service_lora_get_rx1dl
                0x000000000801e20e       0x32 out/external/libexternal_fuota_stack.a(service_lora_config.o)
                0x000000000801e20e                service_lora_get_rx1dl
 .text.service_lora_get_rx2dl
                0x000000000801e240        0x4 out/external/libexternal_fuota_stack.a(service_lora_config.o)
                0x000000000801e240                service_lora_get_rx2dl
 .text.service_lora_get_txpower
                0x000000000801e244        0x4 out/external/libexternal_fuota_stack.a(service_lora_config.o)
                0x000000000801e244                service_lora_get_txpower
 .text.service_lora_get_ping_slot_periodicity
                0x000000000801e248        0x4 out/external/libexternal_fuota_stack.a(service_lora_config.o)
                0x000000000801e248                service_lora_get_ping_slot_periodicity
 .text.service_lora_set_ping_slot_periodicity
                0x000000000801e24c        0x4 out/external/libexternal_fuota_stack.a(service_lora_config.o)
                0x000000000801e24c                service_lora_set_ping_slot_periodicity
 .text.service_lora_get_beacon_freq
                0x000000000801e250       0x18 out/external/libexternal_fuota_stack.a(service_lora_config.o)
                0x000000000801e250                service_lora_get_beacon_freq
 .text.service_lora_get_beacon_dr
                0x000000000801e268       0x18 out/external/libexternal_fuota_stack.a(service_lora_config.o)
                0x000000000801e268                service_lora_get_beacon_dr
 .text.service_lora_get_local_time
                0x000000000801e280       0x44 out/external/libexternal_fuota_stack.a(service_lora_config.o)
                0x000000000801e280                service_lora_get_local_time
 .text.service_lora_get_rx2freq
                0x000000000801e2c4       0x20 out/external/libexternal_fuota_stack.a(service_lora_config.o)
                0x000000000801e2c4                service_lora_get_rx2freq
 .text.service_lora_get_rx2dr
                0x000000000801e2e4       0x20 out/external/libexternal_fuota_stack.a(service_lora_config.o)
                0x000000000801e2e4                service_lora_get_rx2dr
 .text.service_lora_get_linkcheck
                0x000000000801e304        0x4 out/external/libexternal_fuota_stack.a(service_lora_config.o)
                0x000000000801e304                service_lora_get_linkcheck
 .text.service_lora_set_linkcheck
                0x000000000801e308        0xe out/external/libexternal_fuota_stack.a(service_lora_config.o)
                0x000000000801e308                service_lora_set_linkcheck
 .text.service_lora_get_join_start
                0x000000000801e316        0x4 out/external/libexternal_fuota_stack.a(service_lora_config.o)
                0x000000000801e316                service_lora_get_join_start
 .text.service_lora_set_join_start
                0x000000000801e31a        0x4 out/external/libexternal_fuota_stack.a(service_lora_config.o)
                0x000000000801e31a                service_lora_set_join_start
 .text.service_lora_get_auto_join
                0x000000000801e31e        0x4 out/external/libexternal_fuota_stack.a(service_lora_config.o)
                0x000000000801e31e                service_lora_get_auto_join
 .text.service_lora_set_auto_join
                0x000000000801e322        0x4 out/external/libexternal_fuota_stack.a(service_lora_config.o)
                0x000000000801e322                service_lora_set_auto_join
 .text.service_lora_get_auto_join_period
                0x000000000801e326        0x4 out/external/libexternal_fuota_stack.a(service_lora_config.o)
                0x000000000801e326                service_lora_get_auto_join_period
 .text.service_lora_set_auto_join_period
                0x000000000801e32a        0x4 out/external/libexternal_fuota_stack.a(service_lora_config.o)
                0x000000000801e32a                service_lora_set_auto_join_period
 .text.service_lora_get_auto_join_max_cnt
                0x000000000801e32e        0x4 out/external/libexternal_fuota_stack.a(service_lora_config.o)
                0x000000000801e32e                service_lora_get_auto_join_max_cnt
 .text.service_lora_set_auto_join_max_cnt
                0x000000000801e332        0x4 out/external/libexternal_fuota_stack.a(service_lora_config.o)
                0x000000000801e332                service_lora_set_auto_join_max_cnt
 .text.service_lora_get_lbt
                0x000000000801e336        0x4 out/external/libexternal_fuota_stack.a(service_lora_config.o)
                0x000000000801e336                service_lora_get_lbt
 .text.service_lora_set_lbt
                0x000000000801e33a        0x4 out/external/libexternal_fuota_stack.a(service_lora_config.o)
                0x000000000801e33a                service_lora_set_lbt
 .text.service_lora_get_lbt_rssi
                0x000000000801e33e        0x4 out/external/libexternal_fuota_stack.a(service_lora_config.o)
                0x000000000801e33e                service_lora_get_lbt_rssi
 .text.service_lora_set_lbt_rssi
                0x000000000801e342        0x4 out/external/libexternal_fuota_stack.a(service_lora_config.o)
                0x000000000801e342                service_lora_set_lbt_rssi
 .text.service_lora_get_lbt_scantime
                0x000000000801e346        0x4 out/external/libexternal_fuota_stack.a(service_lora_config.o)
                0x000000000801e346                service_lora_get_lbt_scantime
 .text.service_lora_set_lbt_scantime
                0x000000000801e34a        0x4 out/external/libexternal_fuota_stack.a(service_lora_config.o)
                0x000000000801e34a                service_lora_set_lbt_scantime
 .text.service_lora_get_DevNonce
                0x000000000801e34e        0x4 out/external/libexternal_fuota_stack.a(service_lora_config.o)
                0x000000000801e34e                service_lora_get_DevNonce
 .text.service_lora_set_DevNonce
                0x000000000801e352        0x4 out/external/libexternal_fuota_stack.a(service_lora_config.o)
                0x000000000801e352                service_lora_set_DevNonce
 .text.service_lora_set_IsCertPortOn
                0x000000000801e356        0x8 out/external/libexternal_fuota_stack.a(service_lora_config.o)
                0x000000000801e356                service_lora_set_IsCertPortOn
 .text.service_lora_get_IsCertPortOn
                0x000000000801e35e        0x4 out/external/libexternal_fuota_stack.a(service_lora_config.o)
                0x000000000801e35e                service_lora_get_IsCertPortOn
 .text.service_lora_get_band
                0x000000000801e362        0x4 out/external/libexternal_fuota_stack.a(service_lora_config.o)
                0x000000000801e362                service_lora_get_band
 .text.service_lora_get_chs
                0x000000000801e366       0x24 out/external/libexternal_fuota_stack.a(service_lora_config.o)
                0x000000000801e366                service_lora_get_chs
 .text.service_lora_region_isActive
                0x000000000801e38a       0x1e out/external/libexternal_fuota_stack.a(service_lora_config.o)
                0x000000000801e38a                service_lora_region_isActive
 .text.service_lora_set_app_eui
                0x000000000801e3a8       0x42 out/external/libexternal_fuota_stack.a(service_lora_config.o)
                0x000000000801e3a8                service_lora_set_app_eui
 .text.service_lora_set_app_key
                0x000000000801e3ea       0x54 out/external/libexternal_fuota_stack.a(service_lora_config.o)
                0x000000000801e3ea                service_lora_set_app_key
 .text.service_lora_set_app_skey
                0x000000000801e43e       0x42 out/external/libexternal_fuota_stack.a(service_lora_config.o)
                0x000000000801e43e                service_lora_set_app_skey
 .text.service_lora_set_dev_addr
                0x000000000801e480       0x46 out/external/libexternal_fuota_stack.a(service_lora_config.o)
                0x000000000801e480                service_lora_set_dev_addr
 .text.service_lora_set_dev_eui
                0x000000000801e4c6       0x50 out/external/libexternal_fuota_stack.a(service_lora_config.o)
                0x000000000801e4c6                service_lora_set_dev_eui
 .text.service_lora_set_nwk_skey
                0x000000000801e516       0x66 out/external/libexternal_fuota_stack.a(service_lora_config.o)
                0x000000000801e516                service_lora_set_nwk_skey
 .text.service_lora_set_adr
                0x000000000801e57c       0x4c out/external/libexternal_fuota_stack.a(service_lora_config.o)
                0x000000000801e57c                service_lora_set_adr
 .text.service_lora_set_jn1dl
                0x000000000801e5c8       0x3e out/external/libexternal_fuota_stack.a(service_lora_config.o)
                0x000000000801e5c8                service_lora_set_jn1dl
 .text.service_lora_set_jn2dl
                0x000000000801e606       0x3e out/external/libexternal_fuota_stack.a(service_lora_config.o)
                0x000000000801e606                service_lora_set_jn2dl
 .text.service_lora_set_pub_nwk_mode
                0x000000000801e644       0x40 out/external/libexternal_fuota_stack.a(service_lora_config.o)
                0x000000000801e644                service_lora_set_pub_nwk_mode
 .text.service_lora_set_rx1dl
                0x000000000801e684       0x5e out/external/libexternal_fuota_stack.a(service_lora_config.o)
                0x000000000801e684                service_lora_set_rx1dl
 .text.service_lora_set_rx2dl
                0x000000000801e6e2       0x5e out/external/libexternal_fuota_stack.a(service_lora_config.o)
                0x000000000801e6e2                service_lora_set_rx2dl
 .text.service_lora_set_rx2freq
                0x000000000801e740       0x4c out/external/libexternal_fuota_stack.a(service_lora_config.o)
                0x000000000801e740                service_lora_set_rx2freq
 .text.service_lora_set_rx2dr
                0x000000000801e78c       0x66 out/external/libexternal_fuota_stack.a(service_lora_config.o)
                0x000000000801e78c                service_lora_set_rx2dr
 .text.restore_abp_config
                0x000000000801e7f2       0xcc out/external/libexternal_fuota_stack.a(service_lora_config.o)
                0x000000000801e7f2                restore_abp_config
 *fill*         0x000000000801e8be        0x2 
 .text.LmHandlerFuotaPackagesProcess
                0x000000000801e8c0       0x34 out/external/libexternal_fuota_stack.a(service_lora_config.o)
                0x000000000801e8c0                LmHandlerFuotaPackagesProcess
 .text.service_fuota_nvm_init
                0x000000000801e8f4       0x14 out/external/libexternal_fuota_stack.a(service_lora_config.o)
                0x000000000801e8f4                service_fuota_nvm_init
 .text.service_lora_fuota_join
                0x000000000801e908       0x3e out/external/libexternal_fuota_stack.a(service_lora_config.o)
                0x000000000801e908                service_lora_fuota_join
 .text.service_lora_fuota_get_band
                0x000000000801e946       0x16 out/external/libexternal_fuota_stack.a(service_lora_config.o)
                0x000000000801e946                service_lora_fuota_get_band
 .text.service_fuota_lora_config
                0x000000000801e95c      0x200 out/external/libexternal_fuota_stack.a(service_lora_config.o)
                0x000000000801e95c                service_fuota_lora_config
 .text.LmHandlerSend
                0x000000000801eb5c       0x60 out/external/libexternal_fuota_stack.a(service_lora_config.o)
                0x000000000801eb5c                LmHandlerSend
 .text.service_lora_addmulc
                0x000000000801ebbc      0x1f0 out/external/libexternal_fuota_stack.a(service_lora_multicast.o)
                0x000000000801ebbc                service_lora_addmulc
 .text.service_lora_rmvmulc
                0x000000000801edac       0x48 out/external/libexternal_fuota_stack.a(service_lora_multicast.o)
                0x000000000801edac                service_lora_rmvmulc
 .text.service_lora_lstmulc
                0x000000000801edf4       0x78 out/external/libexternal_fuota_stack.a(service_lora_multicast.o)
                0x000000000801edf4                service_lora_lstmulc
 .text.MulticastMcpsIndication
                0x000000000801ee6c        0x2 out/external/libexternal_fuota_stack.a(service_lora_multicast.o)
                0x000000000801ee6c                MulticastMcpsIndication
 .text.service_lora_setup_multicast
                0x000000000801ee6e       0x64 out/external/libexternal_fuota_stack.a(service_lora_multicast.o)
                0x000000000801ee6e                service_lora_setup_multicast
 *fill*         0x000000000801eed2        0x2 
 .text.service_lora_clear_multicast
                0x000000000801eed4       0x2c out/external/libexternal_fuota_stack.a(service_lora_multicast.o)
                0x000000000801eed4                service_lora_clear_multicast
 .text.OnClassChangeNotify
                0x000000000801ef00       0x10 out/external/libexternal_fuota_stack.a(LmHandler.o)
 .text.LmHandlerPackageIsTxPending
                0x000000000801ef10       0x4c out/external/libexternal_fuota_stack.a(LmHandler.o)
 .text.LmHandlerInit
                0x000000000801ef5c       0x14 out/external/libexternal_fuota_stack.a(LmHandler.o)
                0x000000000801ef5c                LmHandlerInit
 .text.LmHandlerIsBusy
                0x000000000801ef70       0x12 out/external/libexternal_fuota_stack.a(LmHandler.o)
                0x000000000801ef70                LmHandlerIsBusy
 *fill*         0x000000000801ef82        0x2 
 .text.LmHandlerJoin
                0x000000000801ef84       0x50 out/external/libexternal_fuota_stack.a(LmHandler.o)
                0x000000000801ef84                LmHandlerJoin
 .text.LmHandlerJoinStatus
                0x000000000801efd4       0x26 out/external/libexternal_fuota_stack.a(LmHandler.o)
                0x000000000801efd4                LmHandlerJoinStatus
 *fill*         0x000000000801effa        0x2 
 .text.LmHandlerDeviceTimeReq
                0x000000000801effc       0x30 out/external/libexternal_fuota_stack.a(LmHandler.o)
                0x000000000801effc                LmHandlerDeviceTimeReq
 .text.LmHandlerPingSlotReq
                0x000000000801f02c       0x50 out/external/libexternal_fuota_stack.a(LmHandler.o)
                0x000000000801f02c                LmHandlerPingSlotReq
 .text.LmHandlerRequestClass
                0x000000000801f07c       0x68 out/external/libexternal_fuota_stack.a(LmHandler.o)
                0x000000000801f07c                LmHandlerRequestClass
 .text.LmHandlerGetCurrentClass
                0x000000000801f0e4       0x1a out/external/libexternal_fuota_stack.a(LmHandler.o)
                0x000000000801f0e4                LmHandlerGetCurrentClass
 .text.LmHandlerGetCurrentDatarate
                0x000000000801f0fe       0x1a out/external/libexternal_fuota_stack.a(LmHandler.o)
                0x000000000801f0fe                LmHandlerGetCurrentDatarate
 .text.LmHandlerGetActiveRegion
                0x000000000801f118        0xc out/external/libexternal_fuota_stack.a(LmHandler.o)
                0x000000000801f118                LmHandlerGetActiveRegion
 .text.LmHandlerSetSystemMaxRxError
                0x000000000801f124       0x20 out/external/libexternal_fuota_stack.a(LmHandler.o)
                0x000000000801f124                LmHandlerSetSystemMaxRxError
 .text.LmHandlerPackageIsInitialized
                0x000000000801f144       0x14 out/external/libexternal_fuota_stack.a(LmHandler.o)
                0x000000000801f144                LmHandlerPackageIsInitialized
 .text.LmHandlerPackagesNotify
                0x000000000801f158       0x40 out/external/libexternal_fuota_stack.a(LmHandler.o)
                0x000000000801f158                LmHandlerPackagesNotify
 .text.LmHandlerPackagesProcess
                0x000000000801f198       0x34 out/external/libexternal_fuota_stack.a(LmHandler.o)
                0x000000000801f198                LmHandlerPackagesProcess
 .text.LmHandlerProcess
                0x000000000801f1cc       0x58 out/external/libexternal_fuota_stack.a(LmHandler.o)
                0x000000000801f1cc                LmHandlerProcess
 .text.LmHandlerFuotaStackPackageRegister
                0x000000000801f224       0x38 out/external/libexternal_fuota_stack.a(LmHandler.o)
                0x000000000801f224                LmHandlerFuotaStackPackageRegister
 .text.LmhpClockSyncInit
                0x000000000801f25c       0x1c out/external/libexternal_fuota_stack.a(LmhpClockSync.o)
 .text.LmhpClockSyncIsInitialized
                0x000000000801f278        0xc out/external/libexternal_fuota_stack.a(LmhpClockSync.o)
 .text.LmhpClockSyncIsTxPending
                0x000000000801f284        0xc out/external/libexternal_fuota_stack.a(LmhpClockSync.o)
 .text.LmhpClockSyncOnMcpsIndication
                0x000000000801f290      0x154 out/external/libexternal_fuota_stack.a(LmhpClockSync.o)
 .text.LmhpClockSyncOnMcpsConfirm
                0x000000000801f3e4       0x4c out/external/libexternal_fuota_stack.a(LmhpClockSync.o)
 .text.LmphClockSyncPackageFactory
                0x000000000801f430        0x8 out/external/libexternal_fuota_stack.a(LmhpClockSync.o)
                0x000000000801f430                LmphClockSyncPackageFactory
 .text.LmhpClockSyncAppTimeReq
                0x000000000801f438       0xb4 out/external/libexternal_fuota_stack.a(LmhpClockSync.o)
                0x000000000801f438                LmhpClockSyncAppTimeReq
 .text.LmhpClockSyncProcess
                0x000000000801f4ec       0x1c out/external/libexternal_fuota_stack.a(LmhpClockSync.o)
 .text.LmhpRemoteMcastSetupIsInitialized
                0x000000000801f508        0xc out/external/libexternal_fuota_stack.a(LmhpRemoteMcastSetup.o)
 .text.LmhpRemoteMcastSetupIsTxPending
                0x000000000801f514        0xc out/external/libexternal_fuota_stack.a(LmhpRemoteMcastSetup.o)
 .text.LmhpRemoteMcastSetupInit
                0x000000000801f520       0x5c out/external/libexternal_fuota_stack.a(LmhpRemoteMcastSetup.o)
 .text.OnSessionStopTimer
                0x000000000801f57c       0x20 out/external/libexternal_fuota_stack.a(LmhpRemoteMcastSetup.o)
 .text.OnSessionStartTimer
                0x000000000801f59c       0x30 out/external/libexternal_fuota_stack.a(LmhpRemoteMcastSetup.o)
 .text.LmhpRemoteMcastSetupOnMcpsIndication
                0x000000000801f5cc      0x360 out/external/libexternal_fuota_stack.a(LmhpRemoteMcastSetup.o)
 .text.LmhpRemoteMcastSetupProcess
                0x000000000801f92c       0x54 out/external/libexternal_fuota_stack.a(LmhpRemoteMcastSetup.o)
 .text.LmhpRemoteMcastSetupPackageFactory
                0x000000000801f980        0x8 out/external/libexternal_fuota_stack.a(LmhpRemoteMcastSetup.o)
                0x000000000801f980                LmhpRemoteMcastSetupPackageFactory
 .text.FUOTA_StartTime_IsRunning
                0x000000000801f988       0x34 out/external/libexternal_fuota_stack.a(LmhpRemoteMcastSetup.o)
                0x000000000801f988                FUOTA_StartTime_IsRunning
 .text.LmhpRemoteMcastSetupRegisterPowersaveHandler
                0x000000000801f9bc        0xc out/external/libexternal_fuota_stack.a(LmhpRemoteMcastSetup.o)
                0x000000000801f9bc                LmhpRemoteMcastSetupRegisterPowersaveHandler
 .text.LmhpFragmentationIsInitialized
                0x000000000801f9c8        0xc out/external/libexternal_fuota_stack.a(LmhpFragmentation.o)
 .text.LmhpFragmentationIsTxPending
                0x000000000801f9d4        0xc out/external/libexternal_fuota_stack.a(LmhpFragmentation.o)
 .text.LmhpFragmentationInit
                0x000000000801f9e0       0x50 out/external/libexternal_fuota_stack.a(LmhpFragmentation.o)
 .text.OnFragmentTxDelay
                0x000000000801fa30       0x20 out/external/libexternal_fuota_stack.a(LmhpFragmentation.o)
 .text.LmhpFragmentationOnMcpsIndication
                0x000000000801fa50      0x328 out/external/libexternal_fuota_stack.a(LmhpFragmentation.o)
 .text.LmhpFragmentationProcess
                0x000000000801fd78       0x50 out/external/libexternal_fuota_stack.a(LmhpFragmentation.o)
 .text.LmhpFragmentationPackageFactory
                0x000000000801fdc8        0x8 out/external/libexternal_fuota_stack.a(LmhpFragmentation.o)
                0x000000000801fdc8                LmhpFragmentationPackageFactory
 .text.SetRow   0x000000000801fdd0       0x24 out/external/libexternal_fuota_stack.a(FragDecoder.o)
 .text.GetRow   0x000000000801fdf4       0x24 out/external/libexternal_fuota_stack.a(FragDecoder.o)
 .text.GetParity
                0x000000000801fe18       0x14 out/external/libexternal_fuota_stack.a(FragDecoder.o)
 .text.SetParity
                0x000000000801fe2c       0x20 out/external/libexternal_fuota_stack.a(FragDecoder.o)
 .text.XorDataLine
                0x000000000801fe4c       0x1a out/external/libexternal_fuota_stack.a(FragDecoder.o)
 .text.XorParityLine
                0x000000000801fe66       0x34 out/external/libexternal_fuota_stack.a(FragDecoder.o)
 *fill*         0x000000000801fe9a        0x2 
 .text.FragFindMissingFrags
                0x000000000801fe9c       0x60 out/external/libexternal_fuota_stack.a(FragDecoder.o)
 .text.FragFindMissingIndex
                0x000000000801fefc       0x2c out/external/libexternal_fuota_stack.a(FragDecoder.o)
 .text.FragExtractLineFromBinaryMatrix
                0x000000000801ff28       0x84 out/external/libexternal_fuota_stack.a(FragDecoder.o)
 .text.FragDecoderUpdateCallback
                0x000000000801ffac        0xc out/external/libexternal_fuota_stack.a(FragDecoder.o)
                0x000000000801ffac                FragDecoderUpdateCallback
 .text.FragDecoderInit
                0x000000000801ffb8       0x5c out/external/libexternal_fuota_stack.a(FragDecoder.o)
                0x000000000801ffb8                FragDecoderInit
 .text.FragDecoderGetMaxFileSize
                0x0000000008020014        0x8 out/external/libexternal_fuota_stack.a(FragDecoder.o)
                0x0000000008020014                FragDecoderGetMaxFileSize
 .text.FragDecoderProcess
                0x000000000802001c      0x348 out/external/libexternal_fuota_stack.a(FragDecoder.o)
                0x000000000802001c                FragDecoderProcess
 .text.FragDecoderGetStatus
                0x0000000008020364       0x14 out/external/libexternal_fuota_stack.a(FragDecoder.o)
                0x0000000008020364                FragDecoderGetStatus
 .text.udrv_flash_init
                0x0000000008020378       0x18 out/external/libexternal_fuota_stack.a(udrv_flash.o)
                0x0000000008020378                udrv_flash_init
 .text.udrv_flash_deinit
                0x0000000008020390       0x18 out/external/libexternal_fuota_stack.a(udrv_flash.o)
                0x0000000008020390                udrv_flash_deinit
 .text.udrv_flash_read
                0x00000000080203a8       0xd8 out/external/libexternal_fuota_stack.a(udrv_flash.o)
                0x00000000080203a8                udrv_flash_read
 .text.compare_page_buff
                0x0000000008020480       0x7a out/external/libexternal_fuota_stack.a(udrv_flash.o)
                0x0000000008020480                compare_page_buff
 *fill*         0x00000000080204fa        0x2 
 .text.udrv_flash_write
                0x00000000080204fc      0x104 out/external/libexternal_fuota_stack.a(udrv_flash.o)
                0x00000000080204fc                udrv_flash_write
 .text.udrv_flash_erase
                0x0000000008020600       0x30 out/external/libexternal_fuota_stack.a(udrv_flash.o)
                0x0000000008020600                udrv_flash_erase
 .text.udrv_flash_get_page_size
                0x0000000008020630        0x4 out/external/libexternal_fuota_stack.a(udrv_flash.o)
                0x0000000008020630                udrv_flash_get_page_size
 .text.udrv_flash_check_addr_valid
                0x0000000008020634        0x4 out/external/libexternal_fuota_stack.a(udrv_flash.o)
                0x0000000008020634                udrv_flash_check_addr_valid
 .text.udrv_flash_suspend
                0x0000000008020638        0x2 out/external/libexternal_fuota_stack.a(udrv_flash.o)
                0x0000000008020638                udrv_flash_suspend
 .text.udrv_flash_resume
                0x000000000802063a        0x2 out/external/libexternal_fuota_stack.a(udrv_flash.o)
                0x000000000802063a                udrv_flash_resume
 .text.Error_Handler
                0x000000000802063c       0x24 out/external/libexternal_fuota_stack.a(system_stm32wlxx.o)
                0x000000000802063c                Error_Handler
 .text.SystemInit
                0x0000000008020660        0x2 out/external/libexternal_fuota_stack.a(system_stm32wlxx.o)
                0x0000000008020660                SystemInit
 *fill*         0x0000000008020662        0x2 
 .text.SystemCoreClockUpdate
                0x0000000008020664       0xb4 out/external/libexternal_fuota_stack.a(system_stm32wlxx.o)
                0x0000000008020664                SystemCoreClockUpdate
 .text.HAL_MspInit
                0x0000000008020718        0x2 out/external/libexternal_fuota_stack.a(stm32wlxx_hal_msp.o)
                0x0000000008020718                HAL_MspInit
 *fill*         0x000000000802071a        0x2 
 .text.HAL_RTC_MspInit
                0x000000000802071c       0x7c out/external/libexternal_fuota_stack.a(stm32wlxx_hal_msp.o)
                0x000000000802071c                HAL_RTC_MspInit
 .text.HAL_RTC_MspDeInit
                0x0000000008020798       0x38 out/external/libexternal_fuota_stack.a(stm32wlxx_hal_msp.o)
                0x0000000008020798                HAL_RTC_MspDeInit
 .text.HAL_TIM_PWM_MspInit
                0x00000000080207d0       0x48 out/external/libexternal_fuota_stack.a(stm32wlxx_hal_msp.o)
                0x00000000080207d0                HAL_TIM_PWM_MspInit
 .text.HAL_TIM_PWM_MspDeInit
                0x0000000008020818       0x30 out/external/libexternal_fuota_stack.a(stm32wlxx_hal_msp.o)
                0x0000000008020818                HAL_TIM_PWM_MspDeInit
 .text.HAL_CRYP_MspInit
                0x0000000008020848       0x40 out/external/libexternal_fuota_stack.a(stm32wlxx_hal_msp.o)
                0x0000000008020848                HAL_CRYP_MspInit
 .text.HAL_CRYP_MspDeInit
                0x0000000008020888       0x20 out/external/libexternal_fuota_stack.a(stm32wlxx_hal_msp.o)
                0x0000000008020888                HAL_CRYP_MspDeInit
 .text.service_nvm_set_cfg_to_nvm
                0x00000000080208a8       0x14 out/external/libexternal_fuota_stack.a(service_nvm_common.o)
                0x00000000080208a8                service_nvm_set_cfg_to_nvm
 .text.service_nvm_set_lora_nvm_data_to_nvm
                0x00000000080208bc       0x14 out/external/libexternal_fuota_stack.a(service_nvm_common.o)
                0x00000000080208bc                service_nvm_set_lora_nvm_data_to_nvm
 .text.service_nvm_get_mode_type_from_nvm
                0x00000000080208d0       0x10 out/external/libexternal_fuota_stack.a(service_nvm_common.o)
                0x00000000080208d0                service_nvm_get_mode_type_from_nvm
 .text.service_nvm_set_mode_type_to_nvm
                0x00000000080208e0       0x1c out/external/libexternal_fuota_stack.a(service_nvm_common.o)
                0x00000000080208e0                service_nvm_set_mode_type_to_nvm
 .text.service_nvm_get_serial_passwd_from_nvm
                0x00000000080208fc       0x24 out/external/libexternal_fuota_stack.a(service_nvm_common.o)
                0x00000000080208fc                service_nvm_get_serial_passwd_from_nvm
 .text.service_nvm_set_serial_passwd_to_nvm
                0x0000000008020920       0x40 out/external/libexternal_fuota_stack.a(service_nvm_common.o)
                0x0000000008020920                service_nvm_set_serial_passwd_to_nvm
 .text.service_nvm_get_auto_sleep_time_from_nvm
                0x0000000008020960        0xc out/external/libexternal_fuota_stack.a(service_nvm_common.o)
                0x0000000008020960                service_nvm_get_auto_sleep_time_from_nvm
 .text.service_nvm_set_auto_sleep_time_to_nvm
                0x000000000802096c       0x18 out/external/libexternal_fuota_stack.a(service_nvm_common.o)
                0x000000000802096c                service_nvm_set_auto_sleep_time_to_nvm
 .text.service_nvm_get_auto_sleep_level_from_nvm
                0x0000000008020984        0xc out/external/libexternal_fuota_stack.a(service_nvm_common.o)
                0x0000000008020984                service_nvm_get_auto_sleep_level_from_nvm
 .text.service_nvm_set_auto_sleep_level_to_nvm
                0x0000000008020990       0x20 out/external/libexternal_fuota_stack.a(service_nvm_common.o)
                0x0000000008020990                service_nvm_set_auto_sleep_level_to_nvm
 .text.service_nvm_get_firmware_ver_from_nvm
                0x00000000080209b0       0x1c out/external/libexternal_fuota_stack.a(service_nvm_common.o)
                0x00000000080209b0                service_nvm_get_firmware_ver_from_nvm
 .text.service_nvm_set_firmware_ver_to_nvm
                0x00000000080209cc       0x54 out/external/libexternal_fuota_stack.a(service_nvm_common.o)
                0x00000000080209cc                service_nvm_set_firmware_ver_to_nvm
 .text.service_nvm_get_hwmodel_from_nvm
                0x0000000008020a20       0x1c out/external/libexternal_fuota_stack.a(service_nvm_common.o)
                0x0000000008020a20                service_nvm_get_hwmodel_from_nvm
 .text.service_nvm_set_hwmodel_to_nvm
                0x0000000008020a3c       0x54 out/external/libexternal_fuota_stack.a(service_nvm_common.o)
                0x0000000008020a3c                service_nvm_set_hwmodel_to_nvm
 .text.service_nvm_get_cli_ver_from_nvm
                0x0000000008020a90       0x1c out/external/libexternal_fuota_stack.a(service_nvm_common.o)
                0x0000000008020a90                service_nvm_get_cli_ver_from_nvm
 .text.service_nvm_set_cli_ver_to_nvm
                0x0000000008020aac       0x54 out/external/libexternal_fuota_stack.a(service_nvm_common.o)
                0x0000000008020aac                service_nvm_set_cli_ver_to_nvm
 .text.service_nvm_write_user_data
                0x0000000008020b00       0x26 out/external/libexternal_fuota_stack.a(service_nvm_common.o)
                0x0000000008020b00                service_nvm_write_user_data
 .text.service_nvm_read_user_data
                0x0000000008020b26       0x26 out/external/libexternal_fuota_stack.a(service_nvm_common.o)
                0x0000000008020b26                service_nvm_read_user_data
 .text.service_nvm_get_delta_sec_from_nvm
                0x0000000008020b4c        0xc out/external/libexternal_fuota_stack.a(service_nvm_common.o)
                0x0000000008020b4c                service_nvm_get_delta_sec_from_nvm
 .text.service_nvm_set_delta_sec_to_nvm
                0x0000000008020b58       0x18 out/external/libexternal_fuota_stack.a(service_nvm_common.o)
                0x0000000008020b58                service_nvm_set_delta_sec_to_nvm
 .text.service_nvm_get_delta_subsec_from_nvm
                0x0000000008020b70        0xc out/external/libexternal_fuota_stack.a(service_nvm_common.o)
                0x0000000008020b70                service_nvm_get_delta_subsec_from_nvm
 .text.service_nvm_set_delta_subsec_to_nvm
                0x0000000008020b7c       0x18 out/external/libexternal_fuota_stack.a(service_nvm_common.o)
                0x0000000008020b7c                service_nvm_set_delta_subsec_to_nvm
 .text.service_nvm_get_lock_status_from_nvm
                0x0000000008020b94       0x10 out/external/libexternal_fuota_stack.a(service_nvm_common.o)
                0x0000000008020b94                service_nvm_get_lock_status_from_nvm
 .text.service_nvm_set_lock_status_to_nvm
                0x0000000008020ba4       0x1c out/external/libexternal_fuota_stack.a(service_nvm_common.o)
                0x0000000008020ba4                service_nvm_set_lock_status_to_nvm
 .text.service_nvm_get_baudrate_from_nvm
                0x0000000008020bc0        0xc out/external/libexternal_fuota_stack.a(service_nvm_common.o)
                0x0000000008020bc0                service_nvm_get_baudrate_from_nvm
 .text.service_nvm_set_baudrate_to_nvm
                0x0000000008020bcc       0x18 out/external/libexternal_fuota_stack.a(service_nvm_common.o)
                0x0000000008020bcc                service_nvm_set_baudrate_to_nvm
 .text.service_nvm_get_atcmd_alias_from_nvm
                0x0000000008020be4       0x1c out/external/libexternal_fuota_stack.a(service_nvm_common.o)
                0x0000000008020be4                service_nvm_get_atcmd_alias_from_nvm
 .text.service_nvm_set_atcmd_alias_to_nvm
                0x0000000008020c00       0x54 out/external/libexternal_fuota_stack.a(service_nvm_common.o)
                0x0000000008020c00                service_nvm_set_atcmd_alias_to_nvm
 .text.service_nvm_get_sn_from_nvm
                0x0000000008020c54       0x1c out/external/libexternal_fuota_stack.a(service_nvm_common.o)
                0x0000000008020c54                service_nvm_get_sn_from_nvm
 .text.service_nvm_set_sn_to_nvm
                0x0000000008020c70       0x44 out/external/libexternal_fuota_stack.a(service_nvm_common.o)
                0x0000000008020c70                service_nvm_set_sn_to_nvm
 .text.service_nvm_get_atcmd_echo_from_nvm
                0x0000000008020cb4        0xc out/external/libexternal_fuota_stack.a(service_nvm_common.o)
                0x0000000008020cb4                service_nvm_get_atcmd_echo_from_nvm
 .text.service_nvm_set_atcmd_echo_to_nvm
                0x0000000008020cc0       0x18 out/external/libexternal_fuota_stack.a(service_nvm_common.o)
                0x0000000008020cc0                service_nvm_set_atcmd_echo_to_nvm
 .text.service_nvm_set_debug_level_to_nvm
                0x0000000008020cd8       0x18 out/external/libexternal_fuota_stack.a(service_nvm_common.o)
                0x0000000008020cd8                service_nvm_set_debug_level_to_nvm
 .text.service_nvm_get_debug_level_from_nvm
                0x0000000008020cf0        0xc out/external/libexternal_fuota_stack.a(service_nvm_common.o)
                0x0000000008020cf0                service_nvm_get_debug_level_from_nvm
 .text.service_nvm_get_band_from_nvm
                0x0000000008020cfc        0xc out/external/libexternal_fuota_stack.a(service_nvm_common.o)
                0x0000000008020cfc                service_nvm_get_band_from_nvm
 .text.service_nvm_set_band_to_nvm
                0x0000000008020d08       0x18 out/external/libexternal_fuota_stack.a(service_nvm_common.o)
                0x0000000008020d08                service_nvm_set_band_to_nvm
 .text.service_nvm_get_mask_from_nvm
                0x0000000008020d20       0x14 out/external/libexternal_fuota_stack.a(service_nvm_common.o)
                0x0000000008020d20                service_nvm_get_mask_from_nvm
 .text.service_nvm_set_mask_to_nvm
                0x0000000008020d34       0x28 out/external/libexternal_fuota_stack.a(service_nvm_common.o)
                0x0000000008020d34                service_nvm_set_mask_to_nvm
 .text.service_nvm_get_app_eui_from_nvm
                0x0000000008020d5c       0x1c out/external/libexternal_fuota_stack.a(service_nvm_common.o)
                0x0000000008020d5c                service_nvm_get_app_eui_from_nvm
 .text.service_nvm_set_app_eui_to_nvm
                0x0000000008020d78       0x34 out/external/libexternal_fuota_stack.a(service_nvm_common.o)
                0x0000000008020d78                service_nvm_set_app_eui_to_nvm
 .text.service_nvm_get_app_key_from_nvm
                0x0000000008020dac       0x1c out/external/libexternal_fuota_stack.a(service_nvm_common.o)
                0x0000000008020dac                service_nvm_get_app_key_from_nvm
 .text.service_nvm_set_app_key_to_nvm
                0x0000000008020dc8       0x34 out/external/libexternal_fuota_stack.a(service_nvm_common.o)
                0x0000000008020dc8                service_nvm_set_app_key_to_nvm
 .text.service_nvm_get_app_skey_from_nvm
                0x0000000008020dfc       0x1c out/external/libexternal_fuota_stack.a(service_nvm_common.o)
                0x0000000008020dfc                service_nvm_get_app_skey_from_nvm
 .text.service_nvm_set_app_skey_to_nvm
                0x0000000008020e18       0x34 out/external/libexternal_fuota_stack.a(service_nvm_common.o)
                0x0000000008020e18                service_nvm_set_app_skey_to_nvm
 .text.service_nvm_get_dev_addr_from_nvm
                0x0000000008020e4c       0x1c out/external/libexternal_fuota_stack.a(service_nvm_common.o)
                0x0000000008020e4c                service_nvm_get_dev_addr_from_nvm
 .text.service_nvm_set_dev_addr_to_nvm
                0x0000000008020e68       0x34 out/external/libexternal_fuota_stack.a(service_nvm_common.o)
                0x0000000008020e68                service_nvm_set_dev_addr_to_nvm
 .text.service_nvm_get_dev_eui_from_nvm
                0x0000000008020e9c       0x1c out/external/libexternal_fuota_stack.a(service_nvm_common.o)
                0x0000000008020e9c                service_nvm_get_dev_eui_from_nvm
 .text.service_nvm_set_dev_eui_to_nvm
                0x0000000008020eb8       0x34 out/external/libexternal_fuota_stack.a(service_nvm_common.o)
                0x0000000008020eb8                service_nvm_set_dev_eui_to_nvm
 .text.service_nvm_get_net_id_from_nvm
                0x0000000008020eec       0x1c out/external/libexternal_fuota_stack.a(service_nvm_common.o)
                0x0000000008020eec                service_nvm_get_net_id_from_nvm
 .text.service_nvm_set_net_id_to_nvm
                0x0000000008020f08       0x34 out/external/libexternal_fuota_stack.a(service_nvm_common.o)
                0x0000000008020f08                service_nvm_set_net_id_to_nvm
 .text.service_nvm_get_nwk_skey_from_nvm
                0x0000000008020f3c       0x1c out/external/libexternal_fuota_stack.a(service_nvm_common.o)
                0x0000000008020f3c                service_nvm_get_nwk_skey_from_nvm
 .text.service_nvm_set_nwk_skey_to_nvm
                0x0000000008020f58       0x34 out/external/libexternal_fuota_stack.a(service_nvm_common.o)
                0x0000000008020f58                service_nvm_set_nwk_skey_to_nvm
 .text.service_nvm_get_retry_from_nvm
                0x0000000008020f8c        0xc out/external/libexternal_fuota_stack.a(service_nvm_common.o)
                0x0000000008020f8c                service_nvm_get_retry_from_nvm
 .text.service_nvm_set_retry_to_nvm
                0x0000000008020f98       0x18 out/external/libexternal_fuota_stack.a(service_nvm_common.o)
                0x0000000008020f98                service_nvm_set_retry_to_nvm
 .text.service_nvm_get_cfm_from_nvm
                0x0000000008020fb0        0xc out/external/libexternal_fuota_stack.a(service_nvm_common.o)
                0x0000000008020fb0                service_nvm_get_cfm_from_nvm
 .text.service_nvm_set_cfm_to_nvm
                0x0000000008020fbc       0x18 out/external/libexternal_fuota_stack.a(service_nvm_common.o)
                0x0000000008020fbc                service_nvm_set_cfm_to_nvm
 .text.service_nvm_get_nwm_from_nvm
                0x0000000008020fd4        0xc out/external/libexternal_fuota_stack.a(service_nvm_common.o)
                0x0000000008020fd4                service_nvm_get_nwm_from_nvm
 .text.service_nvm_set_nwm_to_nvm
                0x0000000008020fe0       0x18 out/external/libexternal_fuota_stack.a(service_nvm_common.o)
                0x0000000008020fe0                service_nvm_set_nwm_to_nvm
 .text.service_nvm_get_njm_from_nvm
                0x0000000008020ff8        0xc out/external/libexternal_fuota_stack.a(service_nvm_common.o)
                0x0000000008020ff8                service_nvm_get_njm_from_nvm
 .text.service_nvm_set_njm_to_nvm
                0x0000000008021004       0x18 out/external/libexternal_fuota_stack.a(service_nvm_common.o)
                0x0000000008021004                service_nvm_set_njm_to_nvm
 .text.service_nvm_get_adr_from_nvm
                0x000000000802101c        0xc out/external/libexternal_fuota_stack.a(service_nvm_common.o)
                0x000000000802101c                service_nvm_get_adr_from_nvm
 .text.service_nvm_set_adr_to_nvm
                0x0000000008021028       0x18 out/external/libexternal_fuota_stack.a(service_nvm_common.o)
                0x0000000008021028                service_nvm_set_adr_to_nvm
 .text.service_nvm_get_class_from_nvm
                0x0000000008021040        0xc out/external/libexternal_fuota_stack.a(service_nvm_common.o)
                0x0000000008021040                service_nvm_get_class_from_nvm
 .text.service_nvm_set_class_to_nvm
                0x000000000802104c       0x18 out/external/libexternal_fuota_stack.a(service_nvm_common.o)
                0x000000000802104c                service_nvm_set_class_to_nvm
 .text.service_nvm_get_dr_from_nvm
                0x0000000008021064        0xc out/external/libexternal_fuota_stack.a(service_nvm_common.o)
                0x0000000008021064                service_nvm_get_dr_from_nvm
 .text.service_nvm_set_dr_to_nvm
                0x0000000008021070       0x18 out/external/libexternal_fuota_stack.a(service_nvm_common.o)
                0x0000000008021070                service_nvm_set_dr_to_nvm
 .text.service_nvm_get_rx2dr_from_nvm
                0x0000000008021088        0xc out/external/libexternal_fuota_stack.a(service_nvm_common.o)
                0x0000000008021088                service_nvm_get_rx2dr_from_nvm
 .text.service_nvm_set_rx2dr_to_nvm
                0x0000000008021094       0x18 out/external/libexternal_fuota_stack.a(service_nvm_common.o)
                0x0000000008021094                service_nvm_set_rx2dr_to_nvm
 .text.service_nvm_get_jn1dl_from_nvm
                0x00000000080210ac        0xc out/external/libexternal_fuota_stack.a(service_nvm_common.o)
                0x00000000080210ac                service_nvm_get_jn1dl_from_nvm
 .text.service_nvm_set_jn1dl_to_nvm
                0x00000000080210b8       0x18 out/external/libexternal_fuota_stack.a(service_nvm_common.o)
                0x00000000080210b8                service_nvm_set_jn1dl_to_nvm
 .text.service_nvm_get_jn2dl_from_nvm
                0x00000000080210d0        0xc out/external/libexternal_fuota_stack.a(service_nvm_common.o)
                0x00000000080210d0                service_nvm_get_jn2dl_from_nvm
 .text.service_nvm_set_jn2dl_to_nvm
                0x00000000080210dc       0x18 out/external/libexternal_fuota_stack.a(service_nvm_common.o)
                0x00000000080210dc                service_nvm_set_jn2dl_to_nvm
 .text.service_nvm_set_rx2fq_to_nvm
                0x00000000080210f4       0x18 out/external/libexternal_fuota_stack.a(service_nvm_common.o)
                0x00000000080210f4                service_nvm_set_rx2fq_to_nvm
 .text.service_nvm_get_rx2fq_from_nvm
                0x000000000802110c        0xc out/external/libexternal_fuota_stack.a(service_nvm_common.o)
                0x000000000802110c                service_nvm_get_rx2fq_from_nvm
 .text.service_nvm_get_pub_nwk_mode_from_nvm
                0x0000000008021118        0xc out/external/libexternal_fuota_stack.a(service_nvm_common.o)
                0x0000000008021118                service_nvm_get_pub_nwk_mode_from_nvm
 .text.service_nvm_set_pub_nwk_mode_to_nvm
                0x0000000008021124       0x18 out/external/libexternal_fuota_stack.a(service_nvm_common.o)
                0x0000000008021124                service_nvm_set_pub_nwk_mode_to_nvm
 .text.service_nvm_get_rx1dl_from_nvm
                0x000000000802113c        0xc out/external/libexternal_fuota_stack.a(service_nvm_common.o)
                0x000000000802113c                service_nvm_get_rx1dl_from_nvm
 .text.service_nvm_set_rx1dl_to_nvm
                0x0000000008021148       0x18 out/external/libexternal_fuota_stack.a(service_nvm_common.o)
                0x0000000008021148                service_nvm_set_rx1dl_to_nvm
 .text.service_nvm_get_rx2dl_from_nvm
                0x0000000008021160        0xc out/external/libexternal_fuota_stack.a(service_nvm_common.o)
                0x0000000008021160                service_nvm_get_rx2dl_from_nvm
 .text.service_nvm_set_rx2dl_to_nvm
                0x000000000802116c       0x18 out/external/libexternal_fuota_stack.a(service_nvm_common.o)
                0x000000000802116c                service_nvm_set_rx2dl_to_nvm
 .text.service_nvm_get_txpower_from_nvm
                0x0000000008021184        0xc out/external/libexternal_fuota_stack.a(service_nvm_common.o)
                0x0000000008021184                service_nvm_get_txpower_from_nvm
 .text.service_nvm_set_txpower_to_nvm
                0x0000000008021190       0x18 out/external/libexternal_fuota_stack.a(service_nvm_common.o)
                0x0000000008021190                service_nvm_set_txpower_to_nvm
 .text.service_nvm_get_linkcheck_from_nvm
                0x00000000080211a8        0xc out/external/libexternal_fuota_stack.a(service_nvm_common.o)
                0x00000000080211a8                service_nvm_get_linkcheck_from_nvm
 .text.service_nvm_set_linkcheck_to_nvm
                0x00000000080211b4       0x18 out/external/libexternal_fuota_stack.a(service_nvm_common.o)
                0x00000000080211b4                service_nvm_set_linkcheck_to_nvm
 .text.service_nvm_get_ping_slot_periodicity_from_nvm
                0x00000000080211cc        0xc out/external/libexternal_fuota_stack.a(service_nvm_common.o)
                0x00000000080211cc                service_nvm_get_ping_slot_periodicity_from_nvm
 .text.service_nvm_set_ping_slot_periodicity_to_nvm
                0x00000000080211d8       0x18 out/external/libexternal_fuota_stack.a(service_nvm_common.o)
                0x00000000080211d8                service_nvm_set_ping_slot_periodicity_to_nvm
 .text.service_nvm_get_join_start_from_nvm
                0x00000000080211f0        0xc out/external/libexternal_fuota_stack.a(service_nvm_common.o)
                0x00000000080211f0                service_nvm_get_join_start_from_nvm
 .text.service_nvm_set_join_start_to_nvm
                0x00000000080211fc       0x18 out/external/libexternal_fuota_stack.a(service_nvm_common.o)
                0x00000000080211fc                service_nvm_set_join_start_to_nvm
 .text.service_nvm_get_auto_join_from_nvm
                0x0000000008021214        0xc out/external/libexternal_fuota_stack.a(service_nvm_common.o)
                0x0000000008021214                service_nvm_get_auto_join_from_nvm
 .text.service_nvm_set_auto_join_to_nvm
                0x0000000008021220       0x18 out/external/libexternal_fuota_stack.a(service_nvm_common.o)
                0x0000000008021220                service_nvm_set_auto_join_to_nvm
 .text.service_nvm_get_auto_join_period_from_nvm
                0x0000000008021238        0xc out/external/libexternal_fuota_stack.a(service_nvm_common.o)
                0x0000000008021238                service_nvm_get_auto_join_period_from_nvm
 .text.service_nvm_set_auto_join_period_to_nvm
                0x0000000008021244       0x18 out/external/libexternal_fuota_stack.a(service_nvm_common.o)
                0x0000000008021244                service_nvm_set_auto_join_period_to_nvm
 .text.service_nvm_get_auto_join_max_cnt_from_nvm
                0x000000000802125c        0xc out/external/libexternal_fuota_stack.a(service_nvm_common.o)
                0x000000000802125c                service_nvm_get_auto_join_max_cnt_from_nvm
 .text.service_nvm_set_auto_join_max_cnt_to_nvm
                0x0000000008021268       0x18 out/external/libexternal_fuota_stack.a(service_nvm_common.o)
                0x0000000008021268                service_nvm_set_auto_join_max_cnt_to_nvm
 .text.service_nvm_get_lbt_from_nvm
                0x0000000008021280        0xc out/external/libexternal_fuota_stack.a(service_nvm_common.o)
                0x0000000008021280                service_nvm_get_lbt_from_nvm
 .text.service_nvm_set_lbt_to_nvm
                0x000000000802128c       0x18 out/external/libexternal_fuota_stack.a(service_nvm_common.o)
                0x000000000802128c                service_nvm_set_lbt_to_nvm
 .text.service_nvm_get_lbt_rssi_from_nvm
                0x00000000080212a4        0xc out/external/libexternal_fuota_stack.a(service_nvm_common.o)
                0x00000000080212a4                service_nvm_get_lbt_rssi_from_nvm
 .text.service_nvm_set_lbt_rssi_to_nvm
                0x00000000080212b0       0x18 out/external/libexternal_fuota_stack.a(service_nvm_common.o)
                0x00000000080212b0                service_nvm_set_lbt_rssi_to_nvm
 .text.service_nvm_get_lbt_scantime_from_nvm
                0x00000000080212c8        0xc out/external/libexternal_fuota_stack.a(service_nvm_common.o)
                0x00000000080212c8                service_nvm_get_lbt_scantime_from_nvm
 .text.service_nvm_set_lbt_scantime_to_nvm
                0x00000000080212d4       0x18 out/external/libexternal_fuota_stack.a(service_nvm_common.o)
                0x00000000080212d4                service_nvm_set_lbt_scantime_to_nvm
 .text.service_nvm_get_DevNonce_from_nvm
                0x00000000080212ec        0xc out/external/libexternal_fuota_stack.a(service_nvm_common.o)
                0x00000000080212ec                service_nvm_get_DevNonce_from_nvm
 .text.service_nvm_set_DevNonce_to_nvm
                0x00000000080212f8       0x18 out/external/libexternal_fuota_stack.a(service_nvm_common.o)
                0x00000000080212f8                service_nvm_set_DevNonce_to_nvm
 .text.service_nvm_set_IsCertPortOn_to_nvm
                0x0000000008021310       0x18 out/external/libexternal_fuota_stack.a(service_nvm_common.o)
                0x0000000008021310                service_nvm_set_IsCertPortOn_to_nvm
 .text.service_nvm_get_IsCertPortOn_from_nvm
                0x0000000008021328        0xc out/external/libexternal_fuota_stack.a(service_nvm_common.o)
                0x0000000008021328                service_nvm_get_IsCertPortOn_from_nvm
 .text.service_nvm_set_crypto_to_nvm
                0x0000000008021334       0x28 out/external/libexternal_fuota_stack.a(service_nvm_common.o)
                0x0000000008021334                service_nvm_set_crypto_to_nvm
 .text.service_nvm_get_crypto_from_nvm
                0x000000000802135c        0x8 out/external/libexternal_fuota_stack.a(service_nvm_common.o)
                0x000000000802135c                service_nvm_get_crypto_from_nvm
 .text.service_nvm_set_macgroup1_to_nvm
                0x0000000008021364       0x28 out/external/libexternal_fuota_stack.a(service_nvm_common.o)
                0x0000000008021364                service_nvm_set_macgroup1_to_nvm
 .text.service_nvm_get_macgroup1_from_nvm
                0x000000000802138c        0x8 out/external/libexternal_fuota_stack.a(service_nvm_common.o)
                0x000000000802138c                service_nvm_get_macgroup1_from_nvm
 .text.service_nvm_set_macgroup2_to_nvm
                0x0000000008021394       0x2c out/external/libexternal_fuota_stack.a(service_nvm_common.o)
                0x0000000008021394                service_nvm_set_macgroup2_to_nvm
 .text.service_nvm_get_macgroup2_from_nvm
                0x00000000080213c0        0x8 out/external/libexternal_fuota_stack.a(service_nvm_common.o)
                0x00000000080213c0                service_nvm_get_macgroup2_from_nvm
 .text.service_nvm_set_sec_element_to_nvm
                0x00000000080213c8       0x2c out/external/libexternal_fuota_stack.a(service_nvm_common.o)
                0x00000000080213c8                service_nvm_set_sec_element_to_nvm
 .text.service_nvm_get_sec_element_from_nvm
                0x00000000080213f4        0x8 out/external/libexternal_fuota_stack.a(service_nvm_common.o)
                0x00000000080213f4                service_nvm_get_sec_element_from_nvm
 .text.service_nvm_set_regionchannels_to_nvm
                0x00000000080213fc       0x2c out/external/libexternal_fuota_stack.a(service_nvm_common.o)
                0x00000000080213fc                service_nvm_set_regionchannels_to_nvm
 .text.service_nvm_get_regionchannels_from_nvm
                0x0000000008021428        0x8 out/external/libexternal_fuota_stack.a(service_nvm_common.o)
                0x0000000008021428                service_nvm_get_regionchannels_from_nvm
 .text.service_nvm_get_multicast_from_nvm
                0x0000000008021430        0x8 out/external/libexternal_fuota_stack.a(service_nvm_common.o)
                0x0000000008021430                service_nvm_get_multicast_from_nvm
 .text.service_nvm_set_multicast_to_nvm
                0x0000000008021438       0x28 out/external/libexternal_fuota_stack.a(service_nvm_common.o)
                0x0000000008021438                service_nvm_set_multicast_to_nvm
 .text.service_nvm_get_tp_port_from_nvm
                0x0000000008021460       0x10 out/external/libexternal_fuota_stack.a(service_nvm_common.o)
                0x0000000008021460                service_nvm_get_tp_port_from_nvm
 .text.service_nvm_set_tp_port_to_nvm
                0x0000000008021470       0x28 out/external/libexternal_fuota_stack.a(service_nvm_common.o)
                0x0000000008021470                service_nvm_set_tp_port_to_nvm
 .text.service_nvm_get_chs_from_nvm
                0x0000000008021498        0xc out/external/libexternal_fuota_stack.a(service_nvm_common.o)
                0x0000000008021498                service_nvm_get_chs_from_nvm
 .text.service_nvm_set_chs_to_nvm
                0x00000000080214a4       0x18 out/external/libexternal_fuota_stack.a(service_nvm_common.o)
                0x00000000080214a4                service_nvm_set_chs_to_nvm
 .text.service_nvm_get_freq_from_nvm
                0x00000000080214bc        0xc out/external/libexternal_fuota_stack.a(service_nvm_common.o)
                0x00000000080214bc                service_nvm_get_freq_from_nvm
 .text.service_nvm_set_freq_to_nvm
                0x00000000080214c8       0x18 out/external/libexternal_fuota_stack.a(service_nvm_common.o)
                0x00000000080214c8                service_nvm_set_freq_to_nvm
 .text.service_nvm_get_sf_from_nvm
                0x00000000080214e0        0xc out/external/libexternal_fuota_stack.a(service_nvm_common.o)
                0x00000000080214e0                service_nvm_get_sf_from_nvm
 .text.service_nvm_set_sf_to_nvm
                0x00000000080214ec       0x18 out/external/libexternal_fuota_stack.a(service_nvm_common.o)
                0x00000000080214ec                service_nvm_set_sf_to_nvm
 .text.service_nvm_get_bandwidth_from_nvm
                0x0000000008021504       0x14 out/external/libexternal_fuota_stack.a(service_nvm_common.o)
                0x0000000008021504                service_nvm_get_bandwidth_from_nvm
 .text.service_nvm_set_bandwidth_to_nvm
                0x0000000008021518       0x24 out/external/libexternal_fuota_stack.a(service_nvm_common.o)
                0x0000000008021518                service_nvm_set_bandwidth_to_nvm
 .text.service_nvm_get_codingrate_from_nvm
                0x000000000802153c        0xc out/external/libexternal_fuota_stack.a(service_nvm_common.o)
                0x000000000802153c                service_nvm_get_codingrate_from_nvm
 .text.service_nvm_set_codingrate_to_nvm
                0x0000000008021548       0x18 out/external/libexternal_fuota_stack.a(service_nvm_common.o)
                0x0000000008021548                service_nvm_set_codingrate_to_nvm
 .text.service_nvm_get_preamlen_from_nvm
                0x0000000008021560        0xc out/external/libexternal_fuota_stack.a(service_nvm_common.o)
                0x0000000008021560                service_nvm_get_preamlen_from_nvm
 .text.service_nvm_set_preamlen_to_nvm
                0x000000000802156c       0x18 out/external/libexternal_fuota_stack.a(service_nvm_common.o)
                0x000000000802156c                service_nvm_set_preamlen_to_nvm
 .text.service_nvm_get_powerdbm_from_nvm
                0x0000000008021584        0xc out/external/libexternal_fuota_stack.a(service_nvm_common.o)
                0x0000000008021584                service_nvm_get_powerdbm_from_nvm
 .text.service_nvm_set_powerdbm_to_nvm
                0x0000000008021590       0x18 out/external/libexternal_fuota_stack.a(service_nvm_common.o)
                0x0000000008021590                service_nvm_set_powerdbm_to_nvm
 .text.service_nvm_get_crypt_enable_from_nvm
                0x00000000080215a8        0xc out/external/libexternal_fuota_stack.a(service_nvm_common.o)
                0x00000000080215a8                service_nvm_get_crypt_enable_from_nvm
 .text.service_nvm_set_crypt_enable_to_nvm
                0x00000000080215b4       0x18 out/external/libexternal_fuota_stack.a(service_nvm_common.o)
                0x00000000080215b4                service_nvm_set_crypt_enable_to_nvm
 .text.service_nvm_get_crypt_key_from_nvm
                0x00000000080215cc       0x1c out/external/libexternal_fuota_stack.a(service_nvm_common.o)
                0x00000000080215cc                service_nvm_get_crypt_key_from_nvm
 .text.service_nvm_set_crypt_key_to_nvm
                0x00000000080215e8       0x34 out/external/libexternal_fuota_stack.a(service_nvm_common.o)
                0x00000000080215e8                service_nvm_set_crypt_key_to_nvm
 .text.service_nvm_get_crypt_IV_from_nvm
                0x000000000802161c       0x1c out/external/libexternal_fuota_stack.a(service_nvm_common.o)
                0x000000000802161c                service_nvm_get_crypt_IV_from_nvm
 .text.service_nvm_set_crypt_IV_to_nvm
                0x0000000008021638       0x34 out/external/libexternal_fuota_stack.a(service_nvm_common.o)
                0x0000000008021638                service_nvm_set_crypt_IV_to_nvm
 .text.service_nvm_set_fdev_to_nvm
                0x000000000802166c       0x18 out/external/libexternal_fuota_stack.a(service_nvm_common.o)
                0x000000000802166c                service_nvm_set_fdev_to_nvm
 .text.service_nvm_set_bitrate_to_nvm
                0x0000000008021684       0x18 out/external/libexternal_fuota_stack.a(service_nvm_common.o)
                0x0000000008021684                service_nvm_set_bitrate_to_nvm
 .text.service_nvm_get_bitrate_from_nvm
                0x000000000802169c        0xc out/external/libexternal_fuota_stack.a(service_nvm_common.o)
                0x000000000802169c                service_nvm_get_bitrate_from_nvm
 .text.service_nvm_get_fdev_from_nvm
                0x00000000080216a8        0xc out/external/libexternal_fuota_stack.a(service_nvm_common.o)
                0x00000000080216a8                service_nvm_get_fdev_from_nvm
 .text.service_nvm_set_dcs_to_nvm
                0x00000000080216b4       0x18 out/external/libexternal_fuota_stack.a(service_nvm_common.o)
                0x00000000080216b4                service_nvm_set_dcs_to_nvm
 .text.service_nvm_get_dcs_from_nvm
                0x00000000080216cc        0xc out/external/libexternal_fuota_stack.a(service_nvm_common.o)
                0x00000000080216cc                service_nvm_get_dcs_from_nvm
 .text.service_nvm_get_iqinverted_from_nvm
                0x00000000080216d8        0xc out/external/libexternal_fuota_stack.a(service_nvm_common.o)
                0x00000000080216d8                service_nvm_get_iqinverted_from_nvm
 .text.service_nvm_set_iqinverted_to_nvm
                0x00000000080216e4       0x18 out/external/libexternal_fuota_stack.a(service_nvm_common.o)
                0x00000000080216e4                service_nvm_set_iqinverted_to_nvm
 .text.service_nvm_get_symbol_timeout_from_nvm
                0x00000000080216fc        0xc out/external/libexternal_fuota_stack.a(service_nvm_common.o)
                0x00000000080216fc                service_nvm_get_symbol_timeout_from_nvm
 .text.service_nvm_set_symbol_timeout_to_nvm
                0x0000000008021708       0x18 out/external/libexternal_fuota_stack.a(service_nvm_common.o)
                0x0000000008021708                service_nvm_set_symbol_timeout_to_nvm
 .text.service_nvm_get_fix_length_payload_from_nvm
                0x0000000008021720        0xc out/external/libexternal_fuota_stack.a(service_nvm_common.o)
                0x0000000008021720                service_nvm_get_fix_length_payload_from_nvm
 .text.service_nvm_set_fix_length_payload_to_nvm
                0x000000000802172c       0x18 out/external/libexternal_fuota_stack.a(service_nvm_common.o)
                0x000000000802172c                service_nvm_set_fix_length_payload_to_nvm
 .text.service_nvm_get_syncword_from_nvm
                0x0000000008021744        0xc out/external/libexternal_fuota_stack.a(service_nvm_common.o)
                0x0000000008021744                service_nvm_get_syncword_from_nvm
 .text.service_nvm_set_syncword_to_nvm
                0x0000000008021750       0x18 out/external/libexternal_fuota_stack.a(service_nvm_common.o)
                0x0000000008021750                service_nvm_set_syncword_to_nvm
 .text.service_nvm_get_CAD_from_nvm
                0x0000000008021768        0xc out/external/libexternal_fuota_stack.a(service_nvm_common.o)
                0x0000000008021768                service_nvm_get_CAD_from_nvm
 .text.service_nvm_set_CAD_to_nvm
                0x0000000008021774       0x18 out/external/libexternal_fuota_stack.a(service_nvm_common.o)
                0x0000000008021774                service_nvm_set_CAD_to_nvm
 .text.service_nvm_get_certi_from_nvm
                0x000000000802178c        0xc out/external/libexternal_fuota_stack.a(service_nvm_common.o)
                0x000000000802178c                service_nvm_get_certi_from_nvm
 .text.service_nvm_set_certi_to_nvm
                0x0000000008021798       0x18 out/external/libexternal_fuota_stack.a(service_nvm_common.o)
                0x0000000008021798                service_nvm_set_certi_to_nvm
 .text.service_lora_mac_nvm_data_init
                0x00000000080217b0       0x30 out/external/libexternal_fuota_stack.a(service_nvm_common.o)
                0x00000000080217b0                service_lora_mac_nvm_data_init
 .text.uhal_flash_init
                0x00000000080217e0        0x2 out/external/libexternal_fuota_stack.a(uhal_flash.o)
                0x00000000080217e0                uhal_flash_init
 .text.uhal_flash_deinit
                0x00000000080217e2        0x2 out/external/libexternal_fuota_stack.a(uhal_flash.o)
                0x00000000080217e2                uhal_flash_deinit
 .text.uhal_flash_write
                0x00000000080217e4       0x44 out/external/libexternal_fuota_stack.a(uhal_flash.o)
                0x00000000080217e4                uhal_flash_write
 .text.uhal_flash_read
                0x0000000008021828       0x10 out/external/libexternal_fuota_stack.a(uhal_flash.o)
                0x0000000008021828                uhal_flash_read
 .text.uhal_flash_erase
                0x0000000008021838       0x50 out/external/libexternal_fuota_stack.a(uhal_flash.o)
                0x0000000008021838                uhal_flash_erase
 .text.uhal_flash_get_page_size
                0x0000000008021888        0x6 out/external/libexternal_fuota_stack.a(uhal_flash.o)
                0x0000000008021888                uhal_flash_get_page_size
 .text.uhal_flash_check_addr_valid
                0x000000000802188e        0x4 out/external/libexternal_fuota_stack.a(uhal_flash.o)
                0x000000000802188e                uhal_flash_check_addr_valid
 .text.uhal_flash_suspend
                0x0000000008021892        0x2 out/external/libexternal_fuota_stack.a(uhal_flash.o)
                0x0000000008021892                uhal_flash_suspend
 .text.uhal_flash_resume
                0x0000000008021894        0x2 out/external/libexternal_fuota_stack.a(uhal_flash.o)
                0x0000000008021894                uhal_flash_resume
 .text.uhal_sys_get_uid
                0x0000000008021896       0x1c out/external/libexternal_fuota_stack.a(uhal_system.o)
                0x0000000008021896                uhal_sys_get_uid
 *fill*         0x00000000080218b2        0x2 
 .text.uhal_sys_reboot
                0x00000000080218b4       0x24 out/external/libexternal_fuota_stack.a(uhal_system.o)
                0x00000000080218b4                uhal_sys_reboot
 .text.uhal_sys_board_critical_section_begin
                0x00000000080218d8        0xa out/external/libexternal_fuota_stack.a(uhal_system.o)
                0x00000000080218d8                uhal_sys_board_critical_section_begin
 .text.uhal_sys_board_critical_section_end
                0x00000000080218e2        0xa out/external/libexternal_fuota_stack.a(uhal_system.o)
                0x00000000080218e2                uhal_sys_board_critical_section_end
 .text.uhal_sys_randomseed
                0x00000000080218ec        0x2 out/external/libexternal_fuota_stack.a(uhal_system.o)
                0x00000000080218ec                uhal_sys_randomseed
 .text.uhal_sys_random
                0x00000000080218ee        0x2 out/external/libexternal_fuota_stack.a(uhal_system.o)
                0x00000000080218ee                uhal_sys_random
 .text.uhal_sys_user_app_timer_create
                0x00000000080218f0       0x2c out/external/libexternal_fuota_stack.a(uhal_system.o)
                0x00000000080218f0                uhal_sys_user_app_timer_create
 .text.uhal_sys_user_app_timer_start
                0x000000000802191c       0x20 out/external/libexternal_fuota_stack.a(uhal_system.o)
                0x000000000802191c                uhal_sys_user_app_timer_start
 .text.uhal_sys_user_app_timer_stop
                0x000000000802193c       0x18 out/external/libexternal_fuota_stack.a(uhal_system.o)
                0x000000000802193c                uhal_sys_user_app_timer_stop
 .text.uhal_rtc_tick2ms
                0x0000000008021954        0xc out/external/libexternal_fuota_stack.a(uhal_rtc.o)