Archive member included to satisfy reference by file (symbol)

out/external/libexternal_fuota_stack.a(subghz.o)
                              (--whole-archive)
out/external/libexternal_fuota_stack.a(radio_board_if.o)
                              (--whole-archive)
out/external/libexternal_fuota_stack.a(timer_if.o)
                              (--whole-archive)
out/external/libexternal_fuota_stack.a(board.o)
                              (--whole-archive)
out/external/libexternal_fuota_stack.a(service_lora_config.o)
                              (--whole-archive)
out/external/libexternal_fuota_stack.a(service_lora_multicast.o)
                              (--whole-archive)
out/external/libexternal_fuota_stack.a(LmHandler.o)
                              (--whole-archive)
out/external/libexternal_fuota_stack.a(LmhpClockSync.o)
                              (--whole-archive)
out/external/libexternal_fuota_stack.a(LmhpRemoteMcastSetup.o)
                              (--whole-archive)
out/external/libexternal_fuota_stack.a(LmhpFragmentation.o)
                              (--whole-archive)
out/external/libexternal_fuota_stack.a(FragDecoder.o)
                              (--whole-archive)
out/external/libexternal_fuota_stack.a(udrv_flash.o)
                              (--whole-archive)
out/external/libexternal_fuota_stack.a(system_stm32wlxx.o)
                              (--whole-archive)
out/external/libexternal_fuota_stack.a(stm32wlxx_hal_msp.o)
                              (--whole-archive)
out/external/libexternal_fuota_stack.a(service_nvm_common.o)
                              (--whole-archive)
out/external/libexternal_fuota_stack.a(uhal_flash.o)
                              (--whole-archive)
out/external/libexternal_fuota_stack.a(uhal_system.o)
                              (--whole-archive)
out/external/libexternal_fuota_stack.a(uhal_rtc.o)
                              (--whole-archive)
out/external/libexternal_fuota_stack.a(uhal_crypto.o)
                              (--whole-archive)
out/external/libexternal_fuota_stack.a(stm32wlxx_hal_cortex.o)
                              (--whole-archive)
out/external/libexternal_fuota_stack.a(radio.o)
                              (--whole-archive)
out/external/libexternal_fuota_stack.a(radio_fw.o)
                              (--whole-archive)
out/external/libexternal_fuota_stack.a(radio_driver.o)
                              (--whole-archive)
out/external/libexternal_fuota_stack.a(stm32_mem.o)
                              (--whole-archive)
out/external/libexternal_fuota_stack.a(stm32_timer.o)
                              (--whole-archive)
out/external/libexternal_fuota_stack.a(stm32_tiny_vsnprintf.o)
                              (--whole-archive)
out/external/libexternal_fuota_stack.a(stm32_systime.o)
                              (--whole-archive)
out/external/libexternal_fuota_stack.a(stm32wlxx_hal.o)
                              (--whole-archive)
out/external/libexternal_fuota_stack.a(stm32wlxx_hal_rcc.o)
                              (--whole-archive)
out/external/libexternal_fuota_stack.a(stm32wlxx_hal_rcc_ex.o)
                              (--whole-archive)
out/external/libexternal_fuota_stack.a(stm32wlxx_hal_rtc.o)
                              (--whole-archive)
out/external/libexternal_fuota_stack.a(stm32wlxx_hal_rtc_ex.o)
                              (--whole-archive)
out/external/libexternal_fuota_stack.a(stm32wlxx_hal_pwr.o)
                              (--whole-archive)
out/external/libexternal_fuota_stack.a(stm32wlxx_hal_pwr_ex.o)
                              (--whole-archive)
out/external/libexternal_fuota_stack.a(stm32wlxx_hal_flash.o)
                              (--whole-archive)
out/external/libexternal_fuota_stack.a(stm32wlxx_hal_flash_ex.o)
                              (--whole-archive)
out/external/libexternal_fuota_stack.a(stm32wlxx_hal_subghz.o)
                              (--whole-archive)
out/external/libexternal_fuota_stack.a(stm32wlxx_hal_gpio.o)
                              (--whole-archive)
out/external/libexternal_fuota_stack.a(stm32wlxx_hal_cryp.o)
                              (--whole-archive)
out/external/libexternal_fuota_stack.a(stm32wlxx_hal_dma.o)
                              (--whole-archive)
out/external/libexternal_fuota_stack.a(utilities.o)
                              (--whole-archive)
out/external/libexternal_fuota_stack.a(cmac.o)
                              (--whole-archive)
out/external/libexternal_fuota_stack.a(soft-se-hal.o)
                              (--whole-archive)
out/external/libexternal_fuota_stack.a(soft-se.o)
                              (--whole-archive)
out/external/libexternal_fuota_stack.a(LoRaMacAdr.o)
                              (--whole-archive)
out/external/libexternal_fuota_stack.a(LoRaMac.o)
                              (--whole-archive)
out/external/libexternal_fuota_stack.a(LoRaMacClassB.o)
                              (--whole-archive)
[...]
Memory Configuration

Name             Origin             Length             Attributes
BL               0x0000000008000000 0x0000000000006000 xr
ROM              0x000000000801d000 0x0000000000020000 xr
RAM1_DATA        0x0000000020000000 0x0000000000006000 xrw
RAM1             0x0000000020006000 0x0000000000009c00 xrw
RAM2             0x000000002000fc00 0x0000000000000400 xrw
*default*        0x0000000000000000 0xffffffffffffffff

Linker script and memory map

START GROUP
LOAD out/external/libexternal_fuota_stack.a
END GROUP
LOAD out/external/libexternal_fuota_stack.a
LOAD /opt/gcc-arm-none-eabi-10-2020-q4-major/bin/../lib/gcc/arm-none-eabi/10.2.1/../../../../arm-none-eabi/lib/thumb/v7e-m/nofp/libc_nano.a
LOAD /opt/gcc-arm-none-eabi-10-2020-q4-major/bin/../lib/gcc/arm-none-eabi/10.2.1/../../../../arm-none-eabi/lib/thumb/v7e-m/nofp/libm.a
LOAD /opt/gcc-arm-none-eabi-10-2020-q4-major/bin/../lib/gcc/arm-none-eabi/10.2.1/../../../../arm-none-eabi/lib/thumb/v7e-m/nofp/libnosys.a
LOAD /opt/gcc-arm-none-eabi-10-2020-q4-major/bin/../lib/gcc/arm-none-eabi/10.2.1/../../../../arm-none-eabi/lib/thumb/v7e-m/nofp/libstdc++_nano.a
LOAD /home/jenkins/workspace/RUI_Release/rui-v3/version.o
START GROUP
LOAD /opt/gcc-arm-none-eabi-10-2020-q4-major/bin/../lib/gcc/arm-none-eabi/10.2.1/thumb/v7e-m/nofp/libgcc.a
LOAD /opt/gcc-arm-none-eabi-10-2020-q4-major/bin/../lib/gcc/arm-none-eabi/10.2.1/../../../../arm-none-eabi/lib/thumb/v7e-m/nofp/libc_nano.a
END GROUP
START GROUP
LOAD /opt/gcc-arm-none-eabi-10-2020-q4-major/bin/../lib/gcc/arm-none-eabi/10.2.1/thumb/v7e-m/nofp/libgcc.a
LOAD /opt/gcc-arm-none-eabi-10-2020-q4-major/bin/../lib/gcc/arm-none-eabi/10.2.1/../../../../arm-none-eabi/lib/thumb/v7e-m/nofp/libc_nano.a
END GROUP
                0x000000002000fc00                _estack = (ORIGIN (RAM1) + LENGTH (RAM1))
                0x0000000000001e00                _Min_Heap_Size = 0x1e00
                0x0000000000002000                _Min_Stack_Size = 0x2000

.isr_vector     0x000000000801d000        0x0
                0x000000000801d000                . = ALIGN (0x8)
 *(.isr_vector)
                0x000000000801d000                . = ALIGN (0x8)

.text           0x000000000801d000    0x1d5d8
                0x000000000801d000                . = ALIGN (0x8)
 *(.text)
 .text          0x000000000801d000        0x0 out/external/libexternal_fuota_stack.a(subghz.o)
 .text          0x000000000801d000        0x0 out/external/libexternal_fuota_stack.a(radio_board_if.o)
 .text          0x000000000801d000        0x0 out/external/libexternal_fuota_stack.a(timer_if.o)
 .text          0x000000000801d000        0x0 out/external/libexternal_fuota_stack.a(board.o)
 .text          0x000000000801d000        0x0 out/external/libexternal_fuota_stack.a(service_lora_config.o)
 .text          0x000000000801d000        0x0 out/external/libexternal_fuota_stack.a(service_lora_multicast.o)
 .text          0x000000000801d000        0x0 out/external/libexternal_fuota_stack.a(LmHandler.o)
 .text          0x000000000801d000        0x0 out/external/libexternal_fuota_stack.a(LmhpClockSync.o)
 .text          0x000000000801d000        0x0 out/external/libexternal_fuota_stack.a(LmhpRemoteMcastSetup.o)
 .text          0x000000000801d000        0x0 out/external/libexternal_fuota_stack.a(LmhpFragmentation.o)
 .text          0x000000000801d000        0x0 out/external/libexternal_fuota_stack.a(FragDecoder.o)
 .text          0x000000000801d000        0x0 out/external/libexternal_fuota_stack.a(udrv_flash.o)
 .text          0x000000000801d000        0x0 out/external/libexternal_fuota_stack.a(system_stm32wlxx.o)
 .text          0x000000000801d000        0x0 out/external/libexternal_fuota_stack.a(stm32wlxx_hal_msp.o)
 .text          0x000000000801d000        0x0 out/external/libexternal_fuota_stack.a(service_nvm_common.o)
 .text          0x000000000801d000        0x0 out/external/libexternal_fuota_stack.a(uhal_flash.o)
 .text          0x000000000801d000        0x0 out/external/libexternal_fuota_stack.a(uhal_system.o)
 .text          0x000000000801d000        0x0 out/external/libexternal_fuota_stack.a(uhal_rtc.o)
 .text          0x000000000801d000        0x0 out/external/libexternal_fuota_stack.a(uhal_crypto.o)
 .text          0x000000000801d000        0x0 out/external/libexternal_fuota_stack.a(stm32wlxx_hal_cortex.o)
 .text          0x000000000801d000        0x0 out/external/libexternal_fuota_stack.a(radio.o)
 .text          0x000000000801d000        0x0 out/external/libexternal_fuota_stack.a(radio_fw.o)
 .text          0x000000000801d000        0x0 out/external/libexternal_fuota_stack.a(radio_driver.o)
 .text          0x000000000801d000        0x0 out/external/libexternal_fuota_stack.a(stm32_mem.o)
 .text          0x000000000801d000        0x0 out/external/libexternal_fuota_stack.a(stm32_timer.o)
 .text          0x000000000801d000        0x0 out/external/libexternal_fuota_stack.a(stm32_tiny_vsnprintf.o)
 .text          0x000000000801d000        0x0 out/external/libexternal_fuota_stack.a(stm32_systime.o)
 .text          0x000000000801d000        0x0 out/external/libexternal_fuota_stack.a(stm32wlxx_hal.o)
 .text          0x000000000801d000        0x0 out/external/libexternal_fuota_stack.a(stm32wlxx_hal_rcc.o)
 .text          0x000000000801d000        0x0 out/external/libexternal_fuota_stack.a(stm32wlxx_hal_rcc_ex.o)
 .text          0x000000000801d000        0x0 out/external/libexternal_fuota_stack.a(stm32wlxx_hal_rtc.o)
 .text          0x000000000801d000        0x0 out/external/libexternal_fuota_stack.a(stm32wlxx_hal_rtc_ex.o)
 .text          0x000000000801d000        0x0 out/external/libexternal_fuota_stack.a(stm32wlxx_hal_pwr.o)
 .text          0x000000000801d000        0x0 out/external/libexternal_fuota_stack.a(stm32wlxx_hal_pwr_ex.o)
 .text          0x000000000801d000        0x0 out/external/libexternal_fuota_stack.a(stm32wlxx_hal_flash.o)
 .text          0x000000000801d000        0x0 out/external/libexternal_fuota_stack.a(stm32wlxx_hal_flash_ex.o)
 .text          0x000000000801d000        0x0 out/external/libexternal_fuota_stack.a(stm32wlxx_hal_subghz.o)
 .text          0x000000000801d000        0x0 out/external/libexternal_fuota_stack.a(stm32wlxx_hal_gpio.o)
 .text          0x000000000801d000        0x0 out/external/libexternal_fuota_stack.a(stm32wlxx_hal_cryp.o)
 .text          0x000000000801d000        0x0 out/external/libexternal_fuota_stack.a(stm32wlxx_hal_dma.o)
 .text          0x000000000801d000        0x0 out/external/libexternal_fuota_stack.a(utilities.o)
 .text          0x000000000801d000        0x0 out/external/libexternal_fuota_stack.a(cmac.o)
 .text          0x000000000801d000        0x0 out/external/libexternal_fuota_stack.a(soft-se-hal.o)
 .text          0x000000000801d000        0x0 out/external/libexternal_fuota_stack.a(soft-se.o)
 .text          0x000000000801d000        0x0 out/external/libexternal_fuota_stack.a(LoRaMacAdr.o)
 .text          0x000000000801d000        0x0 out/external/libexternal_fuota_stack.a(LoRaMac.o)
 .text          0x000000000801d000        0x0 out/external/libexternal_fuota_stack.a(LoRaMacClassB.o)
 .text          0x000000000801d000        0x0 out/external/libexternal_fuota_stack.a(LoRaMacCommands.o)
 .text          0x000000000801d000        0x0 out/external/libexternal_fuota_stack.a(LoRaMacConfirmQueue.o)
 .text          0x000000000801d000        0x0 out/external/libexternal_fuota_stack.a(LoRaMacCrypto.o)
 .text          0x000000000801d000        0x0 out/external/libexternal_fuota_stack.a(LoRaMacParser.o)
 .text          0x000000000801d000        0x0 out/external/libexternal_fuota_stack.a(LoRaMacSerializer.o)
 .text          0x000000000801d000        0x0 out/external/libexternal_fuota_stack.a(RegionAS923.o)
 .text          0x000000000801d000        0x0 out/external/libexternal_fuota_stack.a(RegionAU915.o)
 .text          0x000000000801d000        0x0 out/external/libexternal_fuota_stack.a(RegionBaseUS.o)
 .text          0x000000000801d000        0x0 out/external/libexternal_fuota_stack.a(Region.o)
 .text          0x000000000801d000        0x0 out/external/libexternal_fuota_stack.a(RegionCN470A20.o)
 .text          0x000000000801d000        0x0 out/external/libexternal_fuota_stack.a(RegionCN470A26.o)
 .text          0x000000000801d000        0x0 out/external/libexternal_fuota_stack.a(RegionCN470B20.o)
 .text          0x000000000801d000        0x0 out/external/libexternal_fuota_stack.a(RegionCN470B26.o)
 .text          0x000000000801d000        0x0 out/external/libexternal_fuota_stack.a(RegionCN470.o)
 .text          0x000000000801d000        0x0 out/external/libexternal_fuota_stack.a(RegionCN779.o)
 .text          0x000000000801d000        0x0 out/external/libexternal_fuota_stack.a(RegionCommon.o)
 .text          0x000000000801d000        0x0 out/external/libexternal_fuota_stack.a(RegionEU433.o)
 .text          0x000000000801d000        0x0 out/external/libexternal_fuota_stack.a(RegionEU868.o)
 .text          0x000000000801d000        0x0 out/external/libexternal_fuota_stack.a(RegionIN865.o)
 .text          0x000000000801d000        0x0 out/external/libexternal_fuota_stack.a(RegionKR920.o)
 .text          0x000000000801d000        0x0 out/external/libexternal_fuota_stack.a(RegionLA915.o)
 .text          0x000000000801d000        0x0 out/external/libexternal_fuota_stack.a(RegionRU864.o)
 .text          0x000000000801d000        0x0 out/external/libexternal_fuota_stack.a(RegionUS915.o)
 .text          0x000000000801d000        0x0 /opt/gcc-arm-none-eabi-10-2020-q4-major/bin/../lib/gcc/arm-none-eabi/10.2.1/../../../../arm-none-eabi/lib/thumb/v7e-m/nofp/libc_nano.a(lib_a-memcmp.o)
 .text          0x000000000801d000        0x0 /opt/gcc-arm-none-eabi-10-2020-q4-major/bin/../lib/gcc/arm-none-eabi/10.2.1/../../../../arm-none-eabi/lib/thumb/v7e-m/nofp/libc_nano.a(lib_a-memcpy-stub.o)
 .text          0x000000000801d000        0x0 /opt/gcc-arm-none-eabi-10-2020-q4-major/bin/../lib/gcc/arm-none-eabi/10.2.1/../../../../arm-none-eabi/lib/thumb/v7e-m/nofp/libc_nano.a(lib_a-memset.o)
 .text          0x000000000801d000       0x10 /opt/gcc-arm-none-eabi-10-2020-q4-major/bin/../lib/gcc/arm-none-eabi/10.2.1/../../../../arm-none-eabi/lib/thumb/v7e-m/nofp/libc_nano.a(lib_a-strlen.o)
                0x000000000801d000                strlen
 .text          0x000000000801d010        0x0 /opt/gcc-arm-none-eabi-10-2020-q4-major/bin/../lib/gcc/arm-none-eabi/10.2.1/../../../../arm-none-eabi/lib/thumb/v7e-m/nofp/libm.a(lib_a-s_floor.o)
 .text          0x000000000801d010        0x0 /home/jenkins/workspace/RUI_Release/rui-v3/version.o
 .text          0x000000000801d010      0x378 /opt/gcc-arm-none-eabi-10-2020-q4-major/bin/../lib/gcc/arm-none-eabi/10.2.1/thumb/v7e-m/nofp/libgcc.a(_arm_addsubdf3.o)
                0x000000000801d010                __aeabi_drsub
                0x000000000801d018                __aeabi_dsub
                0x000000000801d018                __subdf3
                0x000000000801d01c                __adddf3
                0x000000000801d01c                __aeabi_dadd
                0x000000000801d294                __aeabi_ui2d
                0x000000000801d294                __floatunsidf
                0x000000000801d2b4                __floatsidf
                0x000000000801d2b4                __aeabi_i2d
                0x000000000801d2d8                __extendsfdf2
                0x000000000801d2d8                __aeabi_f2d
                0x000000000801d31c                __aeabi_ul2d
                0x000000000801d31c                __floatundidf
                0x000000000801d32c                __floatdidf
                0x000000000801d32c                __aeabi_l2d
 .text          0x000000000801d388      0x110 /opt/gcc-arm-none-eabi-10-2020-q4-major/bin/../lib/gcc/arm-none-eabi/10.2.1/thumb/v7e-m/nofp/libgcc.a(_arm_cmpdf2.o)
                0x000000000801d388                __gtdf2
                0x000000000801d388                __gedf2
                0x000000000801d390                __ltdf2
                0x000000000801d390                __ledf2
                0x000000000801d398                __cmpdf2
                0x000000000801d398                __eqdf2
                0x000000000801d398                __nedf2
                0x000000000801d414                __aeabi_cdrcmple
                0x000000000801d424                __aeabi_cdcmple
                0x000000000801d424                __aeabi_cdcmpeq
                0x000000000801d434                __aeabi_dcmpeq
                0x000000000801d448                __aeabi_dcmplt
                0x000000000801d45c                __aeabi_dcmple
                0x000000000801d470                __aeabi_dcmpge
                0x000000000801d484                __aeabi_dcmpgt
 .text          0x000000000801d498       0x50 /opt/gcc-arm-none-eabi-10-2020-q4-major/bin/../lib/gcc/arm-none-eabi/10.2.1/thumb/v7e-m/nofp/libgcc.a(_arm_fixdfsi.o)
                0x000000000801d498                __fixdfsi
                0x000000000801d498                __aeabi_d2iz
 .text          0x000000000801d4e8      0x21c /opt/gcc-arm-none-eabi-10-2020-q4-major/bin/../lib/gcc/arm-none-eabi/10.2.1/thumb/v7e-m/nofp/libgcc.a(_arm_addsubsf3.o)
                0x000000000801d4e8                __aeabi_frsub
                0x000000000801d4f0                __subsf3
                0x000000000801d4f0                __aeabi_fsub
                0x000000000801d4f4                __aeabi_fadd
                0x000000000801d4f4                __addsf3
                0x000000000801d654                __aeabi_ui2f
                0x000000000801d654                __floatunsisf
                0x000000000801d65c                __aeabi_i2f
                0x000000000801d65c                __floatsisf
                0x000000000801d678                __floatundisf
                0x000000000801d678                __aeabi_ul2f
                0x000000000801d688                __floatdisf
                0x000000000801d688                __aeabi_l2f
 .text          0x000000000801d704       0xec /opt/gcc-arm-none-eabi-10-2020-q4-major/bin/../lib/gcc/arm-none-eabi/10.2.1/thumb/v7e-m/nofp/libgcc.a(_arm_cmpsf2.o)
                0x000000000801d704                __gtsf2
                0x000000000801d704                __gesf2
                0x000000000801d70c                __lesf2
                0x000000000801d70c                __ltsf2
                0x000000000801d714                __nesf2
                0x000000000801d714                __eqsf2
                0x000000000801d714                __cmpsf2
                0x000000000801d774                __aeabi_cfrcmple
                0x000000000801d77c                __aeabi_cfcmple
                0x000000000801d77c                __aeabi_cfcmpeq
                0x000000000801d78c                __aeabi_fcmpeq
                0x000000000801d7a0                __aeabi_fcmplt
                0x000000000801d7b4                __aeabi_fcmple
                0x000000000801d7c8                __aeabi_fcmpge
                0x000000000801d7dc                __aeabi_fcmpgt
 .text          0x000000000801d7f0       0xa0 /opt/gcc-arm-none-eabi-10-2020-q4-major/bin/../lib/gcc/arm-none-eabi/10.2.1/thumb/v7e-m/nofp/libgcc.a(_aeabi_ldivmod.o)
                0x000000000801d7f0                __aeabi_ldivmod
 .text          0x000000000801d890       0x30 /opt/gcc-arm-none-eabi-10-2020-q4-major/bin/../lib/gcc/arm-none-eabi/10.2.1/thumb/v7e-m/nofp/libgcc.a(_aeabi_uldivmod.o)
                0x000000000801d890                __aeabi_uldivmod
 .text          0x000000000801d8c0      0x2d0 /opt/gcc-arm-none-eabi-10-2020-q4-major/bin/../lib/gcc/arm-none-eabi/10.2.1/thumb/v7e-m/nofp/libgcc.a(_udivmoddi4.o)
                0x000000000801d8c0                __udivmoddi4
 .text          0x000000000801db90        0x4 /opt/gcc-arm-none-eabi-10-2020-q4-major/bin/../lib/gcc/arm-none-eabi/10.2.1/thumb/v7e-m/nofp/libgcc.a(_dvmd_tls.o)
                0x000000000801db90                __aeabi_ldiv0
                0x000000000801db90                __aeabi_idiv0
 *(.text*)
 .text.MX_SUBGHZ_Init
                0x000000000801db94       0x1c out/external/libexternal_fuota_stack.a(subghz.o)
                0x000000000801db94                MX_SUBGHZ_Init
 .text.HAL_SUBGHZ_MspInit
                0x000000000801dbb0       0x2e out/external/libexternal_fuota_stack.a(subghz.o)
                0x000000000801dbb0                HAL_SUBGHZ_MspInit
 .text.HAL_SUBGHZ_MspDeInit
                0x000000000801dbde       0x12 out/external/libexternal_fuota_stack.a(subghz.o)
                0x000000000801dbde                HAL_SUBGHZ_MspDeInit
 .text.LL_AHB2_GRP1_EnableClock
                0x000000000801dbf0       0x18 out/external/libexternal_fuota_stack.a(radio_board_if.o)
 .text.RBI_Init
                0x000000000801dc08       0x70 out/external/libexternal_fuota_stack.a(radio_board_if.o)
                0x000000000801dc08                RBI_Init
 .text.RBI_DeInit
                0x000000000801dc78       0x4c out/external/libexternal_fuota_stack.a(radio_board_if.o)
                0x000000000801dc78                RBI_DeInit
 .text.RBI_ConfigRFSwitch
                0x000000000801dcc4       0x44 out/external/libexternal_fuota_stack.a(radio_board_if.o)
                0x000000000801dcc4                RBI_ConfigRFSwitch
 .text.RBI_GetTxConfig
                0x000000000801dd08        0x4 out/external/libexternal_fuota_stack.a(radio_board_if.o)
                0x000000000801dd08                RBI_GetTxConfig
 .text.RBI_IsTCXO
                0x000000000801dd0c        0x4 out/external/libexternal_fuota_stack.a(radio_board_if.o)
                0x000000000801dd0c                RBI_IsTCXO
 .text.RBI_IsDCDC
                0x000000000801dd10        0x4 out/external/libexternal_fuota_stack.a(radio_board_if.o)
                0x000000000801dd10                RBI_IsDCDC
 .text.TIMER_IF_SetTimerContext
                0x000000000801dd14       0x14 out/external/libexternal_fuota_stack.a(timer_if.o)
                0x000000000801dd14                TIMER_IF_SetTimerContext
 .text.TIMER_IF_GetTimerContext
                0x000000000801dd28        0xc out/external/libexternal_fuota_stack.a(timer_if.o)
                0x000000000801dd28                TIMER_IF_GetTimerContext
 .text.TIMER_IF_GetTimerElapsedTime
                0x000000000801dd34       0x18 out/external/libexternal_fuota_stack.a(timer_if.o)
                0x000000000801dd34                TIMER_IF_GetTimerElapsedTime
 .text.TIMER_IF_GetTimerValue
                0x000000000801dd4c       0x18 out/external/libexternal_fuota_stack.a(timer_if.o)
                0x000000000801dd4c                TIMER_IF_GetTimerValue
 .text.TIMER_IF_GetMinimumTimeout
                0x000000000801dd64        0x4 out/external/libexternal_fuota_stack.a(timer_if.o)
                0x000000000801dd64                TIMER_IF_GetMinimumTimeout
 .text.TIMER_IF_Convert_ms2Tick
                0x000000000801dd68       0x14 out/external/libexternal_fuota_stack.a(timer_if.o)
                0x000000000801dd68                TIMER_IF_Convert_ms2Tick
 .text.TIMER_IF_Convert_Tick2ms
                0x000000000801dd7c       0x10 out/external/libexternal_fuota_stack.a(timer_if.o)
                0x000000000801dd7c                TIMER_IF_Convert_Tick2ms
 .text.TIMER_IF_StopTimer
                0x000000000801dd8c       0x28 out/external/libexternal_fuota_stack.a(timer_if.o)
                0x000000000801dd8c                TIMER_IF_StopTimer
 .text.TIMER_IF_BkUp_Write_Seconds
                0x000000000801ddb4       0x10 out/external/libexternal_fuota_stack.a(timer_if.o)
                0x000000000801ddb4                TIMER_IF_BkUp_Write_Seconds
 .text.TIMER_IF_BkUp_Write_SubSeconds
                0x000000000801ddc4       0x10 out/external/libexternal_fuota_stack.a(timer_if.o)
                0x000000000801ddc4                TIMER_IF_BkUp_Write_SubSeconds
 .text.TIMER_IF_StartTimer
                0x000000000801ddd4       0x50 out/external/libexternal_fuota_stack.a(timer_if.o)
                0x000000000801ddd4                TIMER_IF_StartTimer
 .text.TIMER_IF_GetTime
                0x000000000801de24       0x34 out/external/libexternal_fuota_stack.a(timer_if.o)
                0x000000000801de24                TIMER_IF_GetTime
 .text.TIMER_IF_BkUp_Read_Seconds
                0x000000000801de58        0xc out/external/libexternal_fuota_stack.a(timer_if.o)
                0x000000000801de58                TIMER_IF_BkUp_Read_Seconds
 .text.TIMER_IF_BkUp_Read_SubSeconds
                0x000000000801de64        0xc out/external/libexternal_fuota_stack.a(timer_if.o)
                0x000000000801de64                TIMER_IF_BkUp_Read_SubSeconds
 .text.TIMER_IF_Init
                0x000000000801de70       0x50 out/external/libexternal_fuota_stack.a(timer_if.o)
                0x000000000801de70                TIMER_IF_Init
 .text.TIMER_IF_DelayMs
                0x000000000801dec0       0x2c out/external/libexternal_fuota_stack.a(timer_if.o)
                0x000000000801dec0                TIMER_IF_DelayMs
 .text.HAL_RTC_AlarmAEventCallback
                0x000000000801deec        0x4 out/external/libexternal_fuota_stack.a(timer_if.o)
                0x000000000801deec                HAL_RTC_AlarmAEventCallback
 .text.HAL_RTCEx_SSRUEventCallback
                0x000000000801def0       0x20 out/external/libexternal_fuota_stack.a(timer_if.o)
                0x000000000801def0                HAL_RTCEx_SSRUEventCallback
 .text.BoardGetUniqueId
                0x000000000801df10        0x2 out/external/libexternal_fuota_stack.a(board.o)
                0x000000000801df10                BoardGetUniqueId
 .text.BoardCriticalSectionBegin
                0x000000000801df12        0x4 out/external/libexternal_fuota_stack.a(board.o)
                0x000000000801df12                BoardCriticalSectionBegin
 .text.BoardCriticalSectionEnd
                0x000000000801df16        0x4 out/external/libexternal_fuota_stack.a(board.o)
                0x000000000801df16                BoardCriticalSectionEnd
 .text.BoardInitMcu
                0x000000000801df1a        0x2 out/external/libexternal_fuota_stack.a(board.o)
                0x000000000801df1a                BoardInitMcu
 .text.BoardResetMcu
                0x000000000801df1c       0x24 out/external/libexternal_fuota_stack.a(board.o)
                0x000000000801df1c                BoardResetMcu
 .text.BoardGetHardwareFreq
                0x000000000801df40       0x50 out/external/libexternal_fuota_stack.a(board.o)
                0x000000000801df40                BoardGetHardwareFreq
 .text.crc_cal  0x000000000801df90       0x2a out/external/libexternal_fuota_stack.a(service_lora_config.o)
 *fill*         0x000000000801dfba        0x2 
 .text.rak3172_sprintf.constprop.0
                0x000000000801dfbc       0x20 out/external/libexternal_fuota_stack.a(service_lora_config.o)
 .text.service_lora_get_app_eui
                0x000000000801dfdc        0x4 out/external/libexternal_fuota_stack.a(service_lora_config.o)
                0x000000000801dfdc                service_lora_get_app_eui
 .text.service_lora_get_app_key
                0x000000000801dfe0        0x4 out/external/libexternal_fuota_stack.a(service_lora_config.o)
                0x000000000801dfe0                service_lora_get_app_key
 .text.service_lora_get_dev_eui
                0x000000000801dfe4        0x4 out/external/libexternal_fuota_stack.a(service_lora_config.o)
                0x000000000801dfe4                service_lora_get_dev_eui
 .text.service_lora_get_nwm
                0x000000000801dfe8        0xa out/external/libexternal_fuota_stack.a(service_lora_config.o)
                0x000000000801dfe8                service_lora_get_nwm
 .text.service_lora_set_nwm
                0x000000000801dff2       0x14 out/external/libexternal_fuota_stack.a(service_lora_config.o)
                0x000000000801dff2                service_lora_set_nwm
 .text.service_lora_get_njm
                0x000000000801e006        0x4 out/external/libexternal_fuota_stack.a(service_lora_config.o)
                0x000000000801e006                service_lora_get_njm
 .text.service_lora_get_njs
                0x000000000801e00a       0x26 out/external/libexternal_fuota_stack.a(service_lora_config.o)
                0x000000000801e00a                service_lora_get_njs
 .text.service_lora_get_app_skey
                0x000000000801e030       0x5c out/external/libexternal_fuota_stack.a(service_lora_config.o)
                0x000000000801e030                service_lora_get_app_skey
 .text.service_lora_get_dev_addr
                0x000000000801e08c       0x56 out/external/libexternal_fuota_stack.a(service_lora_config.o)
                0x000000000801e08c                service_lora_get_dev_addr
 .text.service_lora_get_retry
                0x000000000801e0e2        0x4 out/external/libexternal_fuota_stack.a(service_lora_config.o)
                0x000000000801e0e2                service_lora_get_retry
 .text.service_lora_set_retry
                0x000000000801e0e6        0xe out/external/libexternal_fuota_stack.a(service_lora_config.o)
                0x000000000801e0e6                service_lora_set_retry
 .text.service_lora_get_cfm
                0x000000000801e0f4        0x4 out/external/libexternal_fuota_stack.a(service_lora_config.o)
                0x000000000801e0f4                service_lora_get_cfm
 .text.service_lora_set_cfm
                0x000000000801e0f8        0x4 out/external/libexternal_fuota_stack.a(service_lora_config.o)
                0x000000000801e0f8                service_lora_set_cfm
 .text.service_lora_get_nwk_skey
                0x000000000801e0fc       0x5c out/external/libexternal_fuota_stack.a(service_lora_config.o)
                0x000000000801e0fc                service_lora_get_nwk_skey
 .text.service_lora_get_net_id
                0x000000000801e158       0x5e out/external/libexternal_fuota_stack.a(service_lora_config.o)
                0x000000000801e158                service_lora_get_net_id
 .text.service_lora_get_McRoot_key
                0x000000000801e1b6        0x2 out/external/libexternal_fuota_stack.a(service_lora_config.o)
                0x000000000801e1b6                service_lora_get_McRoot_key
 .text.service_lora_get_adr
                0x000000000801e1b8        0x4 out/external/libexternal_fuota_stack.a(service_lora_config.o)
                0x000000000801e1b8                service_lora_get_adr
 .text.service_lora_get_class
                0x000000000801e1bc        0x4 out/external/libexternal_fuota_stack.a(service_lora_config.o)
                0x000000000801e1bc                service_lora_get_class
 .text.service_lora_get_dcs
                0x000000000801e1c0        0xe out/external/libexternal_fuota_stack.a(service_lora_config.o)
                0x000000000801e1c0                service_lora_get_dcs
 .text.service_lora_set_dcs
                0x000000000801e1ce       0x1a out/external/libexternal_fuota_stack.a(service_lora_config.o)
                0x000000000801e1ce                service_lora_set_dcs
 .text.service_lora_get_dr
                0x000000000801e1e8       0x1a out/external/libexternal_fuota_stack.a(service_lora_config.o)
                0x000000000801e1e8                service_lora_get_dr
 .text.service_lora_get_jn1dl
                0x000000000801e202        0x4 out/external/libexternal_fuota_stack.a(service_lora_config.o)
                0x000000000801e202                service_lora_get_jn1dl
 .text.service_lora_get_jn2dl
                0x000000000801e206        0x4 out/external/libexternal_fuota_stack.a(service_lora_config.o)
                0x000000000801e206                service_lora_get_jn2dl
 .text.service_lora_get_pub_nwk_mode
                0x000000000801e20a        0x4 out/external/libexternal_fuota_stack.a(service_lora_config.o)
                0x000000000801e20a                service_lora_get_pub_nwk_mode
 .text.service_lora_get_rx1dl
                0x000000000801e20e       0x32 out/external/libexternal_fuota_stack.a(service_lora_config.o)
                0x000000000801e20e                service_lora_get_rx1dl
 .text.service_lora_get_rx2dl
                0x000000000801e240        0x4 out/external/libexternal_fuota_stack.a(service_lora_config.o)
                0x000000000801e240                service_lora_get_rx2dl
 .text.service_lora_get_txpower
                0x000000000801e244        0x4 out/external/libexternal_fuota_stack.a(service_lora_config.o)
                0x000000000801e244                service_lora_get_txpower
 .text.service_lora_get_ping_slot_periodicity
                0x000000000801e248        0x4 out/external/libexternal_fuota_stack.a(service_lora_config.o)
                0x000000000801e248                service_lora_get_ping_slot_periodicity
 .text.service_lora_set_ping_slot_periodicity
                0x000000000801e24c        0x4 out/external/libexternal_fuota_stack.a(service_lora_config.o)
                0x000000000801e24c                service_lora_set_ping_slot_periodicity
 .text.service_lora_get_beacon_freq
                0x000000000801e250       0x18 out/external/libexternal_fuota_stack.a(service_lora_config.o)
                0x000000000801e250                service_lora_get_beacon_freq
 .text.service_lora_get_beacon_dr
                0x000000000801e268       0x18 out/external/libexternal_fuota_stack.a(service_lora_config.o)
                0x000000000801e268                service_lora_get_beacon_dr
 .text.service_lora_get_local_time
                0x000000000801e280       0x44 out/external/libexternal_fuota_stack.a(service_lora_config.o)
                0x000000000801e280                service_lora_get_local_time
 .text.service_lora_get_rx2freq
                0x000000000801e2c4       0x20 out/external/libexternal_fuota_stack.a(service_lora_config.o)
                0x000000000801e2c4                service_lora_get_rx2freq
 .text.service_lora_get_rx2dr
                0x000000000801e2e4       0x20 out/external/libexternal_fuota_stack.a(service_lora_config.o)
                0x000000000801e2e4                service_lora_get_rx2dr
 .text.service_lora_get_linkcheck
                0x000000000801e304        0x4 out/external/libexternal_fuota_stack.a(service_lora_config.o)
                0x000000000801e304                service_lora_get_linkcheck
 .text.service_lora_set_linkcheck
                0x000000000801e308        0xe out/external/libexternal_fuota_stack.a(service_lora_config.o)
                0x000000000801e308                service_lora_set_linkcheck
 .text.service_lora_get_join_start
                0x000000000801e316        0x4 out/external/libexternal_fuota_stack.a(service_lora_config.o)
                0x000000000801e316                service_lora_get_join_start
 .text.service_lora_set_join_start
                0x000000000801e31a        0x4 out/external/libexternal_fuota_stack.a(service_lora_config.o)
                0x000000000801e31a                service_lora_set_join_start
 .text.service_lora_get_auto_join
                0x000000000801e31e        0x4 out/external/libexternal_fuota_stack.a(service_lora_config.o)
                0x000000000801e31e                service_lora_get_auto_join
 .text.service_lora_set_auto_join
                0x000000000801e322        0x4 out/external/libexternal_fuota_stack.a(service_lora_config.o)
                0x000000000801e322                service_lora_set_auto_join
 .text.service_lora_get_auto_join_period
                0x000000000801e326        0x4 out/external/libexternal_fuota_stack.a(service_lora_config.o)
                0x000000000801e326                service_lora_get_auto_join_period
 .text.service_lora_set_auto_join_period
                0x000000000801e32a        0x4 out/external/libexternal_fuota_stack.a(service_lora_config.o)
                0x000000000801e32a                service_lora_set_auto_join_period
 .text.service_lora_get_auto_join_max_cnt
                0x000000000801e32e        0x4 out/external/libexternal_fuota_stack.a(service_lora_config.o)
                0x000000000801e32e                service_lora_get_auto_join_max_cnt
 .text.service_lora_set_auto_join_max_cnt
                0x000000000801e332        0x4 out/external/libexternal_fuota_stack.a(service_lora_config.o)
                0x000000000801e332                service_lora_set_auto_join_max_cnt
 .text.service_lora_get_lbt
                0x000000000801e336        0x4 out/external/libexternal_fuota_stack.a(service_lora_config.o)
                0x000000000801e336                service_lora_get_lbt
 .text.service_lora_set_lbt
                0x000000000801e33a        0x4 out/external/libexternal_fuota_stack.a(service_lora_config.o)
                0x000000000801e33a                service_lora_set_lbt
 .text.service_lora_get_lbt_rssi
                0x000000000801e33e        0x4 out/external/libexternal_fuota_stack.a(service_lora_config.o)
                0x000000000801e33e                service_lora_get_lbt_rssi
 .text.service_lora_set_lbt_rssi
                0x000000000801e342        0x4 out/external/libexternal_fuota_stack.a(service_lora_config.o)
                0x000000000801e342                service_lora_set_lbt_rssi
 .text.service_lora_get_lbt_scantime
                0x000000000801e346        0x4 out/external/libexternal_fuota_stack.a(service_lora_config.o)
                0x000000000801e346                service_lora_get_lbt_scantime
 .text.service_lora_set_lbt_scantime
                0x000000000801e34a        0x4 out/external/libexternal_fuota_stack.a(service_lora_config.o)
                0x000000000801e34a                service_lora_set_lbt_scantime
 .text.service_lora_get_DevNonce
                0x000000000801e34e        0x4 out/external/libexternal_fuota_stack.a(service_lora_config.o)
                0x000000000801e34e                service_lora_get_DevNonce
 .text.service_lora_set_DevNonce
                0x000000000801e352        0x4 out/external/libexternal_fuota_stack.a(service_lora_config.o)
                0x000000000801e352                service_lora_set_DevNonce
 .text.service_lora_set_IsCertPortOn
                0x000000000801e356        0x8 out/external/libexternal_fuota_stack.a(service_lora_config.o)
                0x000000000801e356                service_lora_set_IsCertPortOn
 .text.service_lora_get_IsCertPortOn
                0x000000000801e35e        0x4 out/external/libexternal_fuota_stack.a(service_lora_config.o)
                0x000000000801e35e                service_lora_get_IsCertPortOn
 .text.service_lora_get_band
                0x000000000801e362        0x4 out/external/libexternal_fuota_stack.a(service_lora_config.o)
                0x000000000801e362                service_lora_get_band
 .text.service_lora_get_chs
                0x000000000801e366       0x24 out/external/libexternal_fuota_stack.a(service_lora_config.o)
                0x000000000801e366                service_lora_get_chs
 .text.service_lora_region_isActive
                0x000000000801e38a       0x1e out/external/libexternal_fuota_stack.a(service_lora_config.o)
                0x000000000801e38a                service_lora_region_isActive
 .text.service_lora_set_app_eui
                0x000000000801e3a8       0x42 out/external/libexternal_fuota_stack.a(service_lora_config.o)
                0x000000000801e3a8                service_lora_set_app_eui
 .text.service_lora_set_app_key
                0x000000000801e3ea       0x54 out/external/libexternal_fuota_stack.a(service_lora_config.o)
                0x000000000801e3ea                service_lora_set_app_key
 .text.service_lora_set_app_skey
                0x000000000801e43e       0x42 out/external/libexternal_fuota_stack.a(service_lora_config.o)
                0x000000000801e43e                service_lora_set_app_skey
 .text.service_lora_set_dev_addr
                0x000000000801e480       0x46 out/external/libexternal_fuota_stack.a(service_lora_config.o)
                0x000000000801e480                service_lora_set_dev_addr
 .text.service_lora_set_dev_eui
                0x000000000801e4c6       0x50 out/external/libexternal_fuota_stack.a(service_lora_config.o)
                0x000000000801e4c6                service_lora_set_dev_eui
 .text.service_lora_set_nwk_skey
                0x000000000801e516       0x66 out/external/libexternal_fuota_stack.a(service_lora_config.o)
                0x000000000801e516                service_lora_set_nwk_skey
 .text.service_lora_set_adr
                0x000000000801e57c       0x4c out/external/libexternal_fuota_stack.a(service_lora_config.o)
                0x000000000801e57c                service_lora_set_adr
 .text.service_lora_set_jn1dl
                0x000000000801e5c8       0x3e out/external/libexternal_fuota_stack.a(service_lora_config.o)
                0x000000000801e5c8                service_lora_set_jn1dl
 .text.service_lora_set_jn2dl
                0x000000000801e606       0x3e out/external/libexternal_fuota_stack.a(service_lora_config.o)
                0x000000000801e606                service_lora_set_jn2dl
 .text.service_lora_set_pub_nwk_mode
                0x000000000801e644       0x40 out/external/libexternal_fuota_stack.a(service_lora_config.o)
                0x000000000801e644                service_lora_set_pub_nwk_mode
 .text.service_lora_set_rx1dl
                0x000000000801e684       0x5e out/external/libexternal_fuota_stack.a(service_lora_config.o)
                0x000000000801e684                service_lora_set_rx1dl
 .text.service_lora_set_rx2dl
                0x000000000801e6e2       0x5e out/external/libexternal_fuota_stack.a(service_lora_config.o)
                0x000000000801e6e2                service_lora_set_rx2dl
 .text.service_lora_set_rx2freq
                0x000000000801e740       0x4c out/external/libexternal_fuota_stack.a(service_lora_config.o)
                0x000000000801e740                service_lora_set_rx2freq
 .text.service_lora_set_rx2dr
                0x000000000801e78c       0x66 out/external/libexternal_fuota_stack.a(service_lora_config.o)
                0x000000000801e78c                service_lora_set_rx2dr
 .text.restore_abp_config
                0x000000000801e7f2       0xcc out/external/libexternal_fuota_stack.a(service_lora_config.o)
                0x000000000801e7f2                restore_abp_config
 *fill*         0x000000000801e8be        0x2 
 .text.LmHandlerFuotaPackagesProcess
                0x000000000801e8c0       0x34 out/external/libexternal_fuota_stack.a(service_lora_config.o)
                0x000000000801e8c0                LmHandlerFuotaPackagesProcess
 .text.service_fuota_nvm_init
                0x000000000801e8f4       0x14 out/external/libexternal_fuota_stack.a(service_lora_config.o)
                0x000000000801e8f4                service_fuota_nvm_init
 .text.service_lora_fuota_join
                0x000000000801e908       0x3e out/external/libexternal_fuota_stack.a(service_lora_config.o)
                0x000000000801e908                service_lora_fuota_join
 .text.service_lora_fuota_get_band
                0x000000000801e946       0x16 out/external/libexternal_fuota_stack.a(service_lora_config.o)
                0x000000000801e946                service_lora_fuota_get_band
 .text.service_fuota_lora_config
                0x000000000801e95c      0x200 out/external/libexternal_fuota_stack.a(service_lora_config.o)
                0x000000000801e95c                service_fuota_lora_config
 .text.LmHandlerSend
                0x000000000801eb5c       0x60 out/external/libexternal_fuota_stack.a(service_lora_config.o)
                0x000000000801eb5c                LmHandlerSend
 .text.service_lora_addmulc
                0x000000000801ebbc      0x1f0 out/external/libexternal_fuota_stack.a(service_lora_multicast.o)
                0x000000000801ebbc                service_lora_addmulc
 .text.service_lora_rmvmulc
                0x000000000801edac       0x48 out/external/libexternal_fuota_stack.a(service_lora_multicast.o)
                0x000000000801edac                service_lora_rmvmulc
 .text.service_lora_lstmulc
                0x000000000801edf4       0x78 out/external/libexternal_fuota_stack.a(service_lora_multicast.o)
                0x000000000801edf4                service_lora_lstmulc
 .text.MulticastMcpsIndication
                0x000000000801ee6c        0x2 out/external/libexternal_fuota_stack.a(service_lora_multicast.o)
                0x000000000801ee6c                MulticastMcpsIndication
 .text.service_lora_setup_multicast
                0x000000000801ee6e       0x64 out/external/libexternal_fuota_stack.a(service_lora_multicast.o)
                0x000000000801ee6e                service_lora_setup_multicast
 *fill*         0x000000000801eed2        0x2 
 .text.service_lora_clear_multicast
                0x000000000801eed4       0x2c out/external/libexternal_fuota_stack.a(service_lora_multicast.o)
                0x000000000801eed4                service_lora_clear_multicast
 .text.OnClassChangeNotify
                0x000000000801ef00       0x10 out/external/libexternal_fuota_stack.a(LmHandler.o)
 .text.LmHandlerPackageIsTxPending
                0x000000000801ef10       0x4c out/external/libexternal_fuota_stack.a(LmHandler.o)
 .text.LmHandlerInit
                0x000000000801ef5c       0x14 out/external/libexternal_fuota_stack.a(LmHandler.o)
                0x000000000801ef5c                LmHandlerInit
 .text.LmHandlerIsBusy
                0x000000000801ef70       0x12 out/external/libexternal_fuota_stack.a(LmHandler.o)
                0x000000000801ef70                LmHandlerIsBusy
 *fill*         0x000000000801ef82        0x2 
 .text.LmHandlerJoin
                0x000000000801ef84       0x50 out/external/libexternal_fuota_stack.a(LmHandler.o)
                0x000000000801ef84                LmHandlerJoin
 .text.LmHandlerJoinStatus
                0x000000000801efd4       0x26 out/external/libexternal_fuota_stack.a(LmHandler.o)
                0x000000000801efd4                LmHandlerJoinStatus
 *fill*         0x000000000801effa        0x2 
 .text.LmHandlerDeviceTimeReq
                0x000000000801effc       0x30 out/external/libexternal_fuota_stack.a(LmHandler.o)
                0x000000000801effc                LmHandlerDeviceTimeReq
 .text.LmHandlerPingSlotReq
                0x000000000801f02c       0x50 out/external/libexternal_fuota_stack.a(LmHandler.o)
                0x000000000801f02c                LmHandlerPingSlotReq
 .text.LmHandlerRequestClass
                0x000000000801f07c       0x68 out/external/libexternal_fuota_stack.a(LmHandler.o)
                0x000000000801f07c                LmHandlerRequestClass
 .text.LmHandlerGetCurrentClass
                0x000000000801f0e4       0x1a out/external/libexternal_fuota_stack.a(LmHandler.o)
                0x000000000801f0e4                LmHandlerGetCurrentClass
 .text.LmHandlerGetCurrentDatarate
                0x000000000801f0fe       0x1a out/external/libexternal_fuota_stack.a(LmHandler.o)
                0x000000000801f0fe                LmHandlerGetCurrentDatarate
 .text.LmHandlerGetActiveRegion
                0x000000000801f118        0xc out/external/libexternal_fuota_stack.a(LmHandler.o)
                0x000000000801f118                LmHandlerGetActiveRegion
 .text.LmHandlerSetSystemMaxRxError
                0x000000000801f124       0x20 out/external/libexternal_fuota_stack.a(LmHandler.o)
                0x000000000801f124                LmHandlerSetSystemMaxRxError
 .text.LmHandlerPackageIsInitialized
                0x000000000801f144       0x14 out/external/libexternal_fuota_stack.a(LmHandler.o)
                0x000000000801f144                LmHandlerPackageIsInitialized
 .text.LmHandlerPackagesNotify
                0x000000000801f158       0x40 out/external/libexternal_fuota_stack.a(LmHandler.o)
                0x000000000801f158                LmHandlerPackagesNotify
 .text.LmHandlerPackagesProcess
                0x000000000801f198       0x34 out/external/libexternal_fuota_stack.a(LmHandler.o)
                0x000000000801f198                LmHandlerPackagesProcess
 .text.LmHandlerProcess
                0x000000000801f1cc       0x58 out/external/libexternal_fuota_stack.a(LmHandler.o)
                0x000000000801f1cc                LmHandlerProcess
 .text.LmHandlerFuotaStackPackageRegister
                0x000000000801f224       0x38 out/external/libexternal_fuota_stack.a(LmHandler.o)
                0x000000000801f224                LmHandlerFuotaStackPackageRegister
 .text.LmhpClockSyncInit
                0x000000000801f25c       0x1c out/external/libexternal_fuota_stack.a(LmhpClockSync.o)
 .text.LmhpClockSyncIsInitialized
                0x000000000801f278        0xc out/external/libexternal_fuota_stack.a(LmhpClockSync.o)
 .text.LmhpClockSyncIsTxPending
                0x000000000801f284        0xc out/external/libexternal_fuota_stack.a(LmhpClockSync.o)
 .text.LmhpClockSyncOnMcpsIndication
                0x000000000801f290      0x154 out/external/libexternal_fuota_stack.a(LmhpClockSync.o)
 .text.LmhpClockSyncOnMcpsConfirm
                0x000000000801f3e4       0x4c out/external/libexternal_fuota_stack.a(LmhpClockSync.o)
 .text.LmphClockSyncPackageFactory
                0x000000000801f430        0x8 out/external/libexternal_fuota_stack.a(LmhpClockSync.o)
                0x000000000801f430                LmphClockSyncPackageFactory
 .text.LmhpClockSyncAppTimeReq
                0x000000000801f438       0xb4 out/external/libexternal_fuota_stack.a(LmhpClockSync.o)
                0x000000000801f438                LmhpClockSyncAppTimeReq
 .text.LmhpClockSyncProcess
                0x000000000801f4ec       0x1c out/external/libexternal_fuota_stack.a(LmhpClockSync.o)
 .text.LmhpRemoteMcastSetupIsInitialized
                0x000000000801f508        0xc out/external/libexternal_fuota_stack.a(LmhpRemoteMcastSetup.o)
 .text.LmhpRemoteMcastSetupIsTxPending
                0x000000000801f514        0xc out/external/libexternal_fuota_stack.a(LmhpRemoteMcastSetup.o)
 .text.LmhpRemoteMcastSetupInit
                0x000000000801f520       0x54 out/external/libexternal_fuota_stack.a(LmhpRemoteMcastSetup.o)
 .text.OnSessionStopTimer
                0x000000000801f574       0x20 out/external/libexternal_fuota_stack.a(LmhpRemoteMcastSetup.o)
 .text.OnSessionStartTimer
                0x000000000801f594       0x20 out/external/libexternal_fuota_stack.a(LmhpRemoteMcastSetup.o)
 .text.LmhpRemoteMcastSetupOnMcpsIndication
                0x000000000801f5b4      0x360 out/external/libexternal_fuota_stack.a(LmhpRemoteMcastSetup.o)
 .text.LmhpRemoteMcastSetupProcess
                0x000000000801f914       0x54 out/external/libexternal_fuota_stack.a(LmhpRemoteMcastSetup.o)
 .text.LmhpRemoteMcastSetupPackageFactory
                0x000000000801f968        0x8 out/external/libexternal_fuota_stack.a(LmhpRemoteMcastSetup.o)
                0x000000000801f968                LmhpRemoteMcastSetupPackageFactory
 .text.LmhpFragmentationIsInitialized
                0x000000000801f970        0xc out/external/libexternal_fuota_stack.a(LmhpFragmentation.o)
 .text.LmhpFragmentationIsTxPending
                0x000000000801f97c        0xc out/external/libexternal_fuota_stack.a(LmhpFragmentation.o)
 .text.LmhpFragmentationInit
                0x000000000801f988       0x50 out/external/libexternal_fuota_stack.a(LmhpFragmentation.o)
 .text.OnFragmentTxDelay
                0x000000000801f9d8       0x20 out/external/libexternal_fuota_stack.a(LmhpFragmentation.o)
 .text.LmhpFragmentationOnMcpsIndication
                0x000000000801f9f8      0x328 out/external/libexternal_fuota_stack.a(LmhpFragmentation.o)
 .text.LmhpFragmentationProcess
                0x000000000801fd20       0x50 out/external/libexternal_fuota_stack.a(LmhpFragmentation.o)
 .text.LmhpFragmentationPackageFactory
                0x000000000801fd70        0x8 out/external/libexternal_fuota_stack.a(LmhpFragmentation.o)
                0x000000000801fd70                LmhpFragmentationPackageFactory
 .text.SetRow   0x000000000801fd78       0x24 out/external/libexternal_fuota_stack.a(FragDecoder.o)
 .text.GetRow   0x000000000801fd9c       0x24 out/external/libexternal_fuota_stack.a(FragDecoder.o)
 .text.GetParity
                0x000000000801fdc0       0x14 out/external/libexternal_fuota_stack.a(FragDecoder.o)
 .text.SetParity
                0x000000000801fdd4       0x20 out/external/libexternal_fuota_stack.a(FragDecoder.o)
 .text.XorDataLine
                0x000000000801fdf4       0x1a out/external/libexternal_fuota_stack.a(FragDecoder.o)
 .text.XorParityLine
                0x000000000801fe0e       0x34 out/external/libexternal_fuota_stack.a(FragDecoder.o)
 *fill*         0x000000000801fe42        0x2 
 .text.FragFindMissingFrags
                0x000000000801fe44       0x60 out/external/libexternal_fuota_stack.a(FragDecoder.o)
 .text.FragFindMissingIndex
                0x000000000801fea4       0x2c out/external/libexternal_fuota_stack.a(FragDecoder.o)
 .text.FragExtractLineFromBinaryMatrix
                0x000000000801fed0       0x84 out/external/libexternal_fuota_stack.a(FragDecoder.o)
 .text.FragDecoderUpdateCallback
                0x000000000801ff54        0xc out/external/libexternal_fuota_stack.a(FragDecoder.o)
                0x000000000801ff54                FragDecoderUpdateCallback
 .text.FragDecoderInit
                0x000000000801ff60       0x5c out/external/libexternal_fuota_stack.a(FragDecoder.o)
                0x000000000801ff60                FragDecoderInit
 .text.FragDecoderGetMaxFileSize
                0x000000000801ffbc        0x8 out/external/libexternal_fuota_stack.a(FragDecoder.o)
                0x000000000801ffbc                FragDecoderGetMaxFileSize
 .text.FragDecoderProcess
                0x000000000801ffc4      0x348 out/external/libexternal_fuota_stack.a(FragDecoder.o)
                0x000000000801ffc4                FragDecoderProcess
 .text.FragDecoderGetStatus
                0x000000000802030c       0x14 out/external/libexternal_fuota_stack.a(FragDecoder.o)
                0x000000000802030c                FragDecoderGetStatus
 .text.udrv_flash_init
                0x0000000008020320       0x18 out/external/libexternal_fuota_stack.a(udrv_flash.o)
                0x0000000008020320                udrv_flash_init
 .text.udrv_flash_deinit
                0x0000000008020338       0x18 out/external/libexternal_fuota_stack.a(udrv_flash.o)
                0x0000000008020338                udrv_flash_deinit
 .text.udrv_flash_read
                0x0000000008020350       0xd8 out/external/libexternal_fuota_stack.a(udrv_flash.o)
                0x0000000008020350                udrv_flash_read
 .text.compare_page_buff
                0x0000000008020428       0x7a out/external/libexternal_fuota_stack.a(udrv_flash.o)
                0x0000000008020428                compare_page_buff
 *fill*         0x00000000080204a2        0x2 
 .text.udrv_flash_write
                0x00000000080204a4      0x104 out/external/libexternal_fuota_stack.a(udrv_flash.o)
                0x00000000080204a4                udrv_flash_write
 .text.udrv_flash_erase
                0x00000000080205a8       0x30 out/external/libexternal_fuota_stack.a(udrv_flash.o)
                0x00000000080205a8                udrv_flash_erase
 .text.udrv_flash_get_page_size
                0x00000000080205d8        0x4 out/external/libexternal_fuota_stack.a(udrv_flash.o)
                0x00000000080205d8                udrv_flash_get_page_size
 .text.udrv_flash_check_addr_valid
                0x00000000080205dc        0x4 out/external/libexternal_fuota_stack.a(udrv_flash.o)
                0x00000000080205dc                udrv_flash_check_addr_valid
 .text.udrv_flash_suspend
                0x00000000080205e0        0x2 out/external/libexternal_fuota_stack.a(udrv_flash.o)
                0x00000000080205e0                udrv_flash_suspend
 .text.udrv_flash_resume
                0x00000000080205e2        0x2 out/external/libexternal_fuota_stack.a(udrv_flash.o)
                0x00000000080205e2                udrv_flash_resume
 .text.Error_Handler
                0x00000000080205e4       0x24 out/external/libexternal_fuota_stack.a(system_stm32wlxx.o)
                0x00000000080205e4                Error_Handler
 .text.SystemInit
                0x0000000008020608        0x2 out/external/libexternal_fuota_stack.a(system_stm32wlxx.o)
                0x0000000008020608                SystemInit
 *fill*         0x000000000802060a        0x2 
 .text.SystemCoreClockUpdate
                0x000000000802060c       0xb4 out/external/libexternal_fuota_stack.a(system_stm32wlxx.o)
                0x000000000802060c                SystemCoreClockUpdate
 .text.HAL_MspInit
                0x00000000080206c0        0x2 out/external/libexternal_fuota_stack.a(stm32wlxx_hal_msp.o)
                0x00000000080206c0                HAL_MspInit
 *fill*         0x00000000080206c2        0x2 
 .text.HAL_RTC_MspInit
                0x00000000080206c4       0x7c out/external/libexternal_fuota_stack.a(stm32wlxx_hal_msp.o)
                0x00000000080206c4                HAL_RTC_MspInit
 .text.HAL_RTC_MspDeInit
                0x0000000008020740       0x38 out/external/libexternal_fuota_stack.a(stm32wlxx_hal_msp.o)
                0x0000000008020740                HAL_RTC_MspDeInit
 .text.HAL_TIM_PWM_MspInit
                0x0000000008020778       0x48 out/external/libexternal_fuota_stack.a(stm32wlxx_hal_msp.o)
                0x0000000008020778                HAL_TIM_PWM_MspInit
 .text.HAL_TIM_PWM_MspDeInit
                0x00000000080207c0       0x30 out/external/libexternal_fuota_stack.a(stm32wlxx_hal_msp.o)
                0x00000000080207c0                HAL_TIM_PWM_MspDeInit
 .text.HAL_CRYP_MspInit
                0x00000000080207f0       0x40 out/external/libexternal_fuota_stack.a(stm32wlxx_hal_msp.o)
                0x00000000080207f0                HAL_CRYP_MspInit
 .text.HAL_CRYP_MspDeInit
                0x0000000008020830       0x20 out/external/libexternal_fuota_stack.a(stm32wlxx_hal_msp.o)
                0x0000000008020830                HAL_CRYP_MspDeInit
 .text.service_nvm_set_cfg_to_nvm
                0x0000000008020850       0x14 out/external/libexternal_fuota_stack.a(service_nvm_common.o)
                0x0000000008020850                service_nvm_set_cfg_to_nvm
 .text.service_nvm_set_lora_nvm_data_to_nvm
                0x0000000008020864       0x14 out/external/libexternal_fuota_stack.a(service_nvm_common.o)
                0x0000000008020864                service_nvm_set_lora_nvm_data_to_nvm
 .text.service_nvm_get_mode_type_from_nvm
                0x0000000008020878       0x10 out/external/libexternal_fuota_stack.a(service_nvm_common.o)
                0x0000000008020878                service_nvm_get_mode_type_from_nvm
 .text.service_nvm_set_mode_type_to_nvm
                0x0000000008020888       0x1c out/external/libexternal_fuota_stack.a(service_nvm_common.o)
                0x0000000008020888                service_nvm_set_mode_type_to_nvm
 .text.service_nvm_get_serial_passwd_from_nvm
                0x00000000080208a4       0x24 out/external/libexternal_fuota_stack.a(service_nvm_common.o)
                0x00000000080208a4                service_nvm_get_serial_passwd_from_nvm
 .text.service_nvm_set_serial_passwd_to_nvm
                0x00000000080208c8       0x40 out/external/libexternal_fuota_stack.a(service_nvm_common.o)
                0x00000000080208c8                service_nvm_set_serial_passwd_to_nvm
 .text.service_nvm_get_auto_sleep_time_from_nvm
                0x0000000008020908        0xc out/external/libexternal_fuota_stack.a(service_nvm_common.o)
                0x0000000008020908                service_nvm_get_auto_sleep_time_from_nvm
 .text.service_nvm_set_auto_sleep_time_to_nvm
                0x0000000008020914       0x18 out/external/libexternal_fuota_stack.a(service_nvm_common.o)
                0x0000000008020914                service_nvm_set_auto_sleep_time_to_nvm
 .text.service_nvm_get_auto_sleep_level_from_nvm
                0x000000000802092c        0xc out/external/libexternal_fuota_stack.a(service_nvm_common.o)
                0x000000000802092c                service_nvm_get_auto_sleep_level_from_nvm
 .text.service_nvm_set_auto_sleep_level_to_nvm
                0x0000000008020938       0x20 out/external/libexternal_fuota_stack.a(service_nvm_common.o)
                0x0000000008020938                service_nvm_set_auto_sleep_level_to_nvm
 .text.service_nvm_get_firmware_ver_from_nvm
                0x0000000008020958       0x1c out/external/libexternal_fuota_stack.a(service_nvm_common.o)
                0x0000000008020958                service_nvm_get_firmware_ver_from_nvm
 .text.service_nvm_set_firmware_ver_to_nvm
                0x0000000008020974       0x54 out/external/libexternal_fuota_stack.a(service_nvm_common.o)
                0x0000000008020974                service_nvm_set_firmware_ver_to_nvm
 .text.service_nvm_get_hwmodel_from_nvm
                0x00000000080209c8       0x1c out/external/libexternal_fuota_stack.a(service_nvm_common.o)
                0x00000000080209c8                service_nvm_get_hwmodel_from_nvm
 .text.service_nvm_set_hwmodel_to_nvm
                0x00000000080209e4       0x54 out/external/libexternal_fuota_stack.a(service_nvm_common.o)
                0x00000000080209e4                service_nvm_set_hwmodel_to_nvm
 .text.service_nvm_get_cli_ver_from_nvm
                0x0000000008020a38       0x1c out/external/libexternal_fuota_stack.a(service_nvm_common.o)
                0x0000000008020a38                service_nvm_get_cli_ver_from_nvm
 .text.service_nvm_set_cli_ver_to_nvm
                0x0000000008020a54       0x54 out/external/libexternal_fuota_stack.a(service_nvm_common.o)
                0x0000000008020a54                service_nvm_set_cli_ver_to_nvm
 .text.service_nvm_write_user_data
                0x0000000008020aa8       0x26 out/external/libexternal_fuota_stack.a(service_nvm_common.o)
                0x0000000008020aa8                service_nvm_write_user_data
 .text.service_nvm_read_user_data
                0x0000000008020ace       0x26 out/external/libexternal_fuota_stack.a(service_nvm_common.o)
                0x0000000008020ace                service_nvm_read_user_data
 .text.service_nvm_get_delta_sec_from_nvm
                0x0000000008020af4        0xc out/external/libexternal_fuota_stack.a(service_nvm_common.o)
                0x0000000008020af4                service_nvm_get_delta_sec_from_nvm
 .text.service_nvm_set_delta_sec_to_nvm
                0x0000000008020b00       0x18 out/external/libexternal_fuota_stack.a(service_nvm_common.o)
                0x0000000008020b00                service_nvm_set_delta_sec_to_nvm
 .text.service_nvm_get_delta_subsec_from_nvm
                0x0000000008020b18        0xc out/external/libexternal_fuota_stack.a(service_nvm_common.o)
                0x0000000008020b18                service_nvm_get_delta_subsec_from_nvm
 .text.service_nvm_set_delta_subsec_to_nvm
                0x0000000008020b24       0x18 out/external/libexternal_fuota_stack.a(service_nvm_common.o)
                0x0000000008020b24                service_nvm_set_delta_subsec_to_nvm
 .text.service_nvm_get_lock_status_from_nvm
                0x0000000008020b3c       0x10 out/external/libexternal_fuota_stack.a(service_nvm_common.o)
                0x0000000008020b3c                service_nvm_get_lock_status_from_nvm
 .text.service_nvm_set_lock_status_to_nvm
                0x0000000008020b4c       0x1c out/external/libexternal_fuota_stack.a(service_nvm_common.o)
                0x0000000008020b4c                service_nvm_set_lock_status_to_nvm
 .text.service_nvm_get_baudrate_from_nvm
                0x0000000008020b68        0xc out/external/libexternal_fuota_stack.a(service_nvm_common.o)
                0x0000000008020b68                service_nvm_get_baudrate_from_nvm
 .text.service_nvm_set_baudrate_to_nvm
                0x0000000008020b74       0x18 out/external/libexternal_fuota_stack.a(service_nvm_common.o)
                0x0000000008020b74                service_nvm_set_baudrate_to_nvm
 .text.service_nvm_get_atcmd_alias_from_nvm
                0x0000000008020b8c       0x1c out/external/libexternal_fuota_stack.a(service_nvm_common.o)
                0x0000000008020b8c                service_nvm_get_atcmd_alias_from_nvm
 .text.service_nvm_set_atcmd_alias_to_nvm
                0x0000000008020ba8       0x54 out/external/libexternal_fuota_stack.a(service_nvm_common.o)
                0x0000000008020ba8                service_nvm_set_atcmd_alias_to_nvm
 .text.service_nvm_get_sn_from_nvm
                0x0000000008020bfc       0x1c out/external/libexternal_fuota_stack.a(service_nvm_common.o)
                0x0000000008020bfc                service_nvm_get_sn_from_nvm
 .text.service_nvm_set_sn_to_nvm
                0x0000000008020c18       0x44 out/external/libexternal_fuota_stack.a(service_nvm_common.o)
                0x0000000008020c18                service_nvm_set_sn_to_nvm
 .text.service_nvm_get_atcmd_echo_from_nvm
                0x0000000008020c5c        0xc out/external/libexternal_fuota_stack.a(service_nvm_common.o)
                0x0000000008020c5c                service_nvm_get_atcmd_echo_from_nvm
 .text.service_nvm_set_atcmd_echo_to_nvm
                0x0000000008020c68       0x18 out/external/libexternal_fuota_stack.a(service_nvm_common.o)
                0x0000000008020c68                service_nvm_set_atcmd_echo_to_nvm
 .text.service_nvm_set_debug_level_to_nvm
                0x0000000008020c80       0x18 out/external/libexternal_fuota_stack.a(service_nvm_common.o)
                0x0000000008020c80                service_nvm_set_debug_level_to_nvm
 .text.service_nvm_get_debug_level_from_nvm
                0x0000000008020c98        0xc out/external/libexternal_fuota_stack.a(service_nvm_common.o)
                0x0000000008020c98                service_nvm_get_debug_level_from_nvm
 .text.service_nvm_get_band_from_nvm
                0x0000000008020ca4        0xc out/external/libexternal_fuota_stack.a(service_nvm_common.o)
                0x0000000008020ca4                service_nvm_get_band_from_nvm
 .text.service_nvm_set_band_to_nvm
                0x0000000008020cb0       0x18 out/external/libexternal_fuota_stack.a(service_nvm_common.o)
                0x0000000008020cb0                service_nvm_set_band_to_nvm
 .text.service_nvm_get_mask_from_nvm
                0x0000000008020cc8       0x14 out/external/libexternal_fuota_stack.a(service_nvm_common.o)
                0x0000000008020cc8                service_nvm_get_mask_from_nvm
 .text.service_nvm_set_mask_to_nvm
                0x0000000008020cdc       0x28 out/external/libexternal_fuota_stack.a(service_nvm_common.o)
                0x0000000008020cdc                service_nvm_set_mask_to_nvm
 .text.service_nvm_get_app_eui_from_nvm
                0x0000000008020d04       0x1c out/external/libexternal_fuota_stack.a(service_nvm_common.o)
                0x0000000008020d04                service_nvm_get_app_eui_from_nvm
 .text.service_nvm_set_app_eui_to_nvm
                0x0000000008020d20       0x34 out/external/libexternal_fuota_stack.a(service_nvm_common.o)
                0x0000000008020d20                service_nvm_set_app_eui_to_nvm
 .text.service_nvm_get_app_key_from_nvm
                0x0000000008020d54       0x1c out/external/libexternal_fuota_stack.a(service_nvm_common.o)
                0x0000000008020d54                service_nvm_get_app_key_from_nvm
 .text.service_nvm_set_app_key_to_nvm
                0x0000000008020d70       0x34 out/external/libexternal_fuota_stack.a(service_nvm_common.o)
                0x0000000008020d70                service_nvm_set_app_key_to_nvm
 .text.service_nvm_get_app_skey_from_nvm
                0x0000000008020da4       0x1c out/external/libexternal_fuota_stack.a(service_nvm_common.o)
                0x0000000008020da4                service_nvm_get_app_skey_from_nvm
 .text.service_nvm_set_app_skey_to_nvm
                0x0000000008020dc0       0x34 out/external/libexternal_fuota_stack.a(service_nvm_common.o)
                0x0000000008020dc0                service_nvm_set_app_skey_to_nvm
 .text.service_nvm_get_dev_addr_from_nvm
                0x0000000008020df4       0x1c out/external/libexternal_fuota_stack.a(service_nvm_common.o)
                0x0000000008020df4                service_nvm_get_dev_addr_from_nvm
 .text.service_nvm_set_dev_addr_to_nvm
                0x0000000008020e10       0x34 out/external/libexternal_fuota_stack.a(service_nvm_common.o)
                0x0000000008020e10                service_nvm_set_dev_addr_to_nvm
 .text.service_nvm_get_dev_eui_from_nvm
                0x0000000008020e44       0x1c out/external/libexternal_fuota_stack.a(service_nvm_common.o)
                0x0000000008020e44                service_nvm_get_dev_eui_from_nvm
 .text.service_nvm_set_dev_eui_to_nvm
                0x0000000008020e60       0x34 out/external/libexternal_fuota_stack.a(service_nvm_common.o)
                0x0000000008020e60                service_nvm_set_dev_eui_to_nvm
 .text.service_nvm_get_net_id_from_nvm
                0x0000000008020e94       0x1c out/external/libexternal_fuota_stack.a(service_nvm_common.o)
                0x0000000008020e94                service_nvm_get_net_id_from_nvm
 .text.service_nvm_set_net_id_to_nvm
                0x0000000008020eb0       0x34 out/external/libexternal_fuota_stack.a(service_nvm_common.o)
                0x0000000008020eb0                service_nvm_set_net_id_to_nvm
 .text.service_nvm_get_nwk_skey_from_nvm
                0x0000000008020ee4       0x1c out/external/libexternal_fuota_stack.a(service_nvm_common.o)
                0x0000000008020ee4                service_nvm_get_nwk_skey_from_nvm
 .text.service_nvm_set_nwk_skey_to_nvm
                0x0000000008020f00       0x34 out/external/libexternal_fuota_stack.a(service_nvm_common.o)
                0x0000000008020f00                service_nvm_set_nwk_skey_to_nvm
 .text.service_nvm_get_retry_from_nvm
                0x0000000008020f34        0xc out/external/libexternal_fuota_stack.a(service_nvm_common.o)
                0x0000000008020f34                service_nvm_get_retry_from_nvm
 .text.service_nvm_set_retry_to_nvm
                0x0000000008020f40       0x18 out/external/libexternal_fuota_stack.a(service_nvm_common.o)
                0x0000000008020f40                service_nvm_set_retry_to_nvm
 .text.service_nvm_get_cfm_from_nvm
                0x0000000008020f58        0xc out/external/libexternal_fuota_stack.a(service_nvm_common.o)
                0x0000000008020f58                service_nvm_get_cfm_from_nvm
 .text.service_nvm_set_cfm_to_nvm
                0x0000000008020f64       0x18 out/external/libexternal_fuota_stack.a(service_nvm_common.o)
                0x0000000008020f64                service_nvm_set_cfm_to_nvm
 .text.service_nvm_get_nwm_from_nvm
                0x0000000008020f7c        0xc out/external/libexternal_fuota_stack.a(service_nvm_common.o)
                0x0000000008020f7c                service_nvm_get_nwm_from_nvm
 .text.service_nvm_set_nwm_to_nvm
                0x0000000008020f88       0x18 out/external/libexternal_fuota_stack.a(service_nvm_common.o)
                0x0000000008020f88                service_nvm_set_nwm_to_nvm
 .text.service_nvm_get_njm_from_nvm
                0x0000000008020fa0        0xc out/external/libexternal_fuota_stack.a(service_nvm_common.o)
                0x0000000008020fa0                service_nvm_get_njm_from_nvm
 .text.service_nvm_set_njm_to_nvm
                0x0000000008020fac       0x18 out/external/libexternal_fuota_stack.a(service_nvm_common.o)
                0x0000000008020fac                service_nvm_set_njm_to_nvm
 .text.service_nvm_get_adr_from_nvm
                0x0000000008020fc4        0xc out/external/libexternal_fuota_stack.a(service_nvm_common.o)
                0x0000000008020fc4                service_nvm_get_adr_from_nvm
 .text.service_nvm_set_adr_to_nvm
                0x0000000008020fd0       0x18 out/external/libexternal_fuota_stack.a(service_nvm_common.o)
                0x0000000008020fd0                service_nvm_set_adr_to_nvm
 .text.service_nvm_get_class_from_nvm
                0x0000000008020fe8        0xc out/external/libexternal_fuota_stack.a(service_nvm_common.o)
                0x0000000008020fe8                service_nvm_get_class_from_nvm
 .text.service_nvm_set_class_to_nvm
                0x0000000008020ff4       0x18 out/external/libexternal_fuota_stack.a(service_nvm_common.o)
                0x0000000008020ff4                service_nvm_set_class_to_nvm
 .text.service_nvm_get_dr_from_nvm
                0x000000000802100c        0xc out/external/libexternal_fuota_stack.a(service_nvm_common.o)
                0x000000000802100c                service_nvm_get_dr_from_nvm
 .text.service_nvm_set_dr_to_nvm
                0x0000000008021018       0x18 out/external/libexternal_fuota_stack.a(service_nvm_common.o)
                0x0000000008021018                service_nvm_set_dr_to_nvm
 .text.service_nvm_get_rx2dr_from_nvm
                0x0000000008021030        0xc out/external/libexternal_fuota_stack.a(service_nvm_common.o)
                0x0000000008021030                service_nvm_get_rx2dr_from_nvm
 .text.service_nvm_set_rx2dr_to_nvm
                0x000000000802103c       0x18 out/external/libexternal_fuota_stack.a(service_nvm_common.o)
                0x000000000802103c                service_nvm_set_rx2dr_to_nvm
 .text.service_nvm_get_jn1dl_from_nvm
                0x0000000008021054        0xc out/external/libexternal_fuota_stack.a(service_nvm_common.o)
                0x0000000008021054                service_nvm_get_jn1dl_from_nvm
 .text.service_nvm_set_jn1dl_to_nvm
                0x0000000008021060       0x18 out/external/libexternal_fuota_stack.a(service_nvm_common.o)
                0x0000000008021060                service_nvm_set_jn1dl_to_nvm
 .text.service_nvm_get_jn2dl_from_nvm
                0x0000000008021078        0xc out/external/libexternal_fuota_stack.a(service_nvm_common.o)
                0x0000000008021078                service_nvm_get_jn2dl_from_nvm
 .text.service_nvm_set_jn2dl_to_nvm
                0x0000000008021084       0x18 out/external/libexternal_fuota_stack.a(service_nvm_common.o)
                0x0000000008021084                service_nvm_set_jn2dl_to_nvm
 .text.service_nvm_set_rx2fq_to_nvm
                0x000000000802109c       0x18 out/external/libexternal_fuota_stack.a(service_nvm_common.o)
                0x000000000802109c                service_nvm_set_rx2fq_to_nvm
 .text.service_nvm_get_rx2fq_from_nvm
                0x00000000080210b4        0xc out/external/libexternal_fuota_stack.a(service_nvm_common.o)
                0x00000000080210b4                service_nvm_get_rx2fq_from_nvm
 .text.service_nvm_get_pub_nwk_mode_from_nvm
                0x00000000080210c0        0xc out/external/libexternal_fuota_stack.a(service_nvm_common.o)
                0x00000000080210c0                service_nvm_get_pub_nwk_mode_from_nvm
 .text.service_nvm_set_pub_nwk_mode_to_nvm
                0x00000000080210cc       0x18 out/external/libexternal_fuota_stack.a(service_nvm_common.o)
                0x00000000080210cc                service_nvm_set_pub_nwk_mode_to_nvm
 .text.service_nvm_get_rx1dl_from_nvm
                0x00000000080210e4        0xc out/external/libexternal_fuota_stack.a(service_nvm_common.o)
                0x00000000080210e4                service_nvm_get_rx1dl_from_nvm
 .text.service_nvm_set_rx1dl_to_nvm
                0x00000000080210f0       0x18 out/external/libexternal_fuota_stack.a(service_nvm_common.o)
                0x00000000080210f0                service_nvm_set_rx1dl_to_nvm
 .text.service_nvm_get_rx2dl_from_nvm
                0x0000000008021108        0xc out/external/libexternal_fuota_stack.a(service_nvm_common.o)
                0x0000000008021108                service_nvm_get_rx2dl_from_nvm
 .text.service_nvm_set_rx2dl_to_nvm
                0x0000000008021114       0x18 out/external/libexternal_fuota_stack.a(service_nvm_common.o)
                0x0000000008021114                service_nvm_set_rx2dl_to_nvm
 .text.service_nvm_get_txpower_from_nvm
                0x000000000802112c        0xc out/external/libexternal_fuota_stack.a(service_nvm_common.o)
                0x000000000802112c                service_nvm_get_txpower_from_nvm
 .text.service_nvm_set_txpower_to_nvm
                0x0000000008021138       0x18 out/external/libexternal_fuota_stack.a(service_nvm_common.o)
                0x0000000008021138                service_nvm_set_txpower_to_nvm
 .text.service_nvm_get_linkcheck_from_nvm
                0x0000000008021150        0xc out/external/libexternal_fuota_stack.a(service_nvm_common.o)
                0x0000000008021150                service_nvm_get_linkcheck_from_nvm
 .text.service_nvm_set_linkcheck_to_nvm
                0x000000000802115c       0x18 out/external/libexternal_fuota_stack.a(service_nvm_common.o)
                0x000000000802115c                service_nvm_set_linkcheck_to_nvm
 .text.service_nvm_get_ping_slot_periodicity_from_nvm
                0x0000000008021174        0xc out/external/libexternal_fuota_stack.a(service_nvm_common.o)
                0x0000000008021174                service_nvm_get_ping_slot_periodicity_from_nvm
 .text.service_nvm_set_ping_slot_periodicity_to_nvm
                0x0000000008021180       0x18 out/external/libexternal_fuota_stack.a(service_nvm_common.o)
                0x0000000008021180                service_nvm_set_ping_slot_periodicity_to_nvm
 .text.service_nvm_get_join_start_from_nvm
                0x0000000008021198        0xc out/external/libexternal_fuota_stack.a(service_nvm_common.o)
                0x0000000008021198                service_nvm_get_join_start_from_nvm
 .text.service_nvm_set_join_start_to_nvm
                0x00000000080211a4       0x18 out/external/libexternal_fuota_stack.a(service_nvm_common.o)
                0x00000000080211a4                service_nvm_set_join_start_to_nvm
 .text.service_nvm_get_auto_join_from_nvm
                0x00000000080211bc        0xc out/external/libexternal_fuota_stack.a(service_nvm_common.o)
                0x00000000080211bc                service_nvm_get_auto_join_from_nvm
 .text.service_nvm_set_auto_join_to_nvm
                0x00000000080211c8       0x18 out/external/libexternal_fuota_stack.a(service_nvm_common.o)
                0x00000000080211c8                service_nvm_set_auto_join_to_nvm
 .text.service_nvm_get_auto_join_period_from_nvm
                0x00000000080211e0        0xc out/external/libexternal_fuota_stack.a(service_nvm_common.o)
                0x00000000080211e0                service_nvm_get_auto_join_period_from_nvm
 .text.service_nvm_set_auto_join_period_to_nvm
                0x00000000080211ec       0x18 out/external/libexternal_fuota_stack.a(service_nvm_common.o)
                0x00000000080211ec                service_nvm_set_auto_join_period_to_nvm
 .text.service_nvm_get_auto_join_max_cnt_from_nvm
                0x0000000008021204        0xc out/external/libexternal_fuota_stack.a(service_nvm_common.o)
                0x0000000008021204                service_nvm_get_auto_join_max_cnt_from_nvm
 .text.service_nvm_set_auto_join_max_cnt_to_nvm
                0x0000000008021210       0x18 out/external/libexternal_fuota_stack.a(service_nvm_common.o)
                0x0000000008021210                service_nvm_set_auto_join_max_cnt_to_nvm
 .text.service_nvm_get_lbt_from_nvm
                0x0000000008021228        0xc out/external/libexternal_fuota_stack.a(service_nvm_common.o)
                0x0000000008021228                service_nvm_get_lbt_from_nvm
 .text.service_nvm_set_lbt_to_nvm
                0x0000000008021234       0x18 out/external/libexternal_fuota_stack.a(service_nvm_common.o)
                0x0000000008021234                service_nvm_set_lbt_to_nvm
 .text.service_nvm_get_lbt_rssi_from_nvm
                0x000000000802124c        0xc out/external/libexternal_fuota_stack.a(service_nvm_common.o)
                0x000000000802124c                service_nvm_get_lbt_rssi_from_nvm
 .text.service_nvm_set_lbt_rssi_to_nvm
                0x0000000008021258       0x18 out/external/libexternal_fuota_stack.a(service_nvm_common.o)
                0x0000000008021258                service_nvm_set_lbt_rssi_to_nvm
 .text.service_nvm_get_lbt_scantime_from_nvm
                0x0000000008021270        0xc out/external/libexternal_fuota_stack.a(service_nvm_common.o)
                0x0000000008021270                service_nvm_get_lbt_scantime_from_nvm
 .text.service_nvm_set_lbt_scantime_to_nvm
                0x000000000802127c       0x18 out/external/libexternal_fuota_stack.a(service_nvm_common.o)
                0x000000000802127c                service_nvm_set_lbt_scantime_to_nvm
 .text.service_nvm_get_DevNonce_from_nvm
                0x0000000008021294        0xc out/external/libexternal_fuota_stack.a(service_nvm_common.o)
                0x0000000008021294                service_nvm_get_DevNonce_from_nvm
 .text.service_nvm_set_DevNonce_to_nvm
                0x00000000080212a0       0x18 out/external/libexternal_fuota_stack.a(service_nvm_common.o)
                0x00000000080212a0                service_nvm_set_DevNonce_to_nvm
 .text.service_nvm_set_IsCertPortOn_to_nvm
                0x00000000080212b8       0x18 out/external/libexternal_fuota_stack.a(service_nvm_common.o)
                0x00000000080212b8                service_nvm_set_IsCertPortOn_to_nvm
 .text.service_nvm_get_IsCertPortOn_from_nvm
                0x00000000080212d0        0xc out/external/libexternal_fuota_stack.a(service_nvm_common.o)
                0x00000000080212d0                service_nvm_get_IsCertPortOn_from_nvm
 .text.service_nvm_set_crypto_to_nvm
                0x00000000080212dc       0x28 out/external/libexternal_fuota_stack.a(service_nvm_common.o)
                0x00000000080212dc                service_nvm_set_crypto_to_nvm
 .text.service_nvm_get_crypto_from_nvm
                0x0000000008021304        0x8 out/external/libexternal_fuota_stack.a(service_nvm_common.o)
                0x0000000008021304                service_nvm_get_crypto_from_nvm
 .text.service_nvm_set_macgroup1_to_nvm
                0x000000000802130c       0x28 out/external/libexternal_fuota_stack.a(service_nvm_common.o)
                0x000000000802130c                service_nvm_set_macgroup1_to_nvm
 .text.service_nvm_get_macgroup1_from_nvm
                0x0000000008021334        0x8 out/external/libexternal_fuota_stack.a(service_nvm_common.o)
                0x0000000008021334                service_nvm_get_macgroup1_from_nvm
 .text.service_nvm_set_macgroup2_to_nvm
                0x000000000802133c       0x2c out/external/libexternal_fuota_stack.a(service_nvm_common.o)
                0x000000000802133c                service_nvm_set_macgroup2_to_nvm
 .text.service_nvm_get_macgroup2_from_nvm
                0x0000000008021368        0x8 out/external/libexternal_fuota_stack.a(service_nvm_common.o)
                0x0000000008021368                service_nvm_get_macgroup2_from_nvm
 .text.service_nvm_set_sec_element_to_nvm
                0x0000000008021370       0x2c out/external/libexternal_fuota_stack.a(service_nvm_common.o)
                0x0000000008021370                service_nvm_set_sec_element_to_nvm
 .text.service_nvm_get_sec_element_from_nvm
                0x000000000802139c        0x8 out/external/libexternal_fuota_stack.a(service_nvm_common.o)
                0x000000000802139c                service_nvm_get_sec_element_from_nvm
 .text.service_nvm_set_regionchannels_to_nvm
                0x00000000080213a4       0x2c out/external/libexternal_fuota_stack.a(service_nvm_common.o)
                0x00000000080213a4                service_nvm_set_regionchannels_to_nvm
 .text.service_nvm_get_regionchannels_from_nvm
                0x00000000080213d0        0x8 out/external/libexternal_fuota_stack.a(service_nvm_common.o)
                0x00000000080213d0                service_nvm_get_regionchannels_from_nvm
 .text.service_nvm_get_multicast_from_nvm
                0x00000000080213d8        0x8 out/external/libexternal_fuota_stack.a(service_nvm_common.o)
                0x00000000080213d8                service_nvm_get_multicast_from_nvm
 .text.service_nvm_set_multicast_to_nvm
                0x00000000080213e0       0x28 out/external/libexternal_fuota_stack.a(service_nvm_common.o)
                0x00000000080213e0                service_nvm_set_multicast_to_nvm
 .text.service_nvm_get_tp_port_from_nvm
                0x0000000008021408       0x10 out/external/libexternal_fuota_stack.a(service_nvm_common.o)
                0x0000000008021408                service_nvm_get_tp_port_from_nvm
 .text.service_nvm_set_tp_port_to_nvm
                0x0000000008021418       0x28 out/external/libexternal_fuota_stack.a(service_nvm_common.o)
                0x0000000008021418                service_nvm_set_tp_port_to_nvm
 .text.service_nvm_get_chs_from_nvm
                0x0000000008021440        0xc out/external/libexternal_fuota_stack.a(service_nvm_common.o)
                0x0000000008021440                service_nvm_get_chs_from_nvm
 .text.service_nvm_set_chs_to_nvm
                0x000000000802144c       0x18 out/external/libexternal_fuota_stack.a(service_nvm_common.o)
                0x000000000802144c                service_nvm_set_chs_to_nvm
 .text.service_nvm_get_freq_from_nvm
                0x0000000008021464        0xc out/external/libexternal_fuota_stack.a(service_nvm_common.o)
                0x0000000008021464                service_nvm_get_freq_from_nvm
 .text.service_nvm_set_freq_to_nvm
                0x0000000008021470       0x18 out/external/libexternal_fuota_stack.a(service_nvm_common.o)
                0x0000000008021470                service_nvm_set_freq_to_nvm
 .text.service_nvm_get_sf_from_nvm
                0x0000000008021488        0xc out/external/libexternal_fuota_stack.a(service_nvm_common.o)
                0x0000000008021488                service_nvm_get_sf_from_nvm
 .text.service_nvm_set_sf_to_nvm
                0x0000000008021494       0x18 out/external/libexternal_fuota_stack.a(service_nvm_common.o)
                0x0000000008021494                service_nvm_set_sf_to_nvm
 .text.service_nvm_get_bandwidth_from_nvm
                0x00000000080214ac       0x14 out/external/libexternal_fuota_stack.a(service_nvm_common.o)
                0x00000000080214ac                service_nvm_get_bandwidth_from_nvm
 .text.service_nvm_set_bandwidth_to_nvm
                0x00000000080214c0       0x24 out/external/libexternal_fuota_stack.a(service_nvm_common.o)
                0x00000000080214c0                service_nvm_set_bandwidth_to_nvm
 .text.service_nvm_get_codingrate_from_nvm
                0x00000000080214e4        0xc out/external/libexternal_fuota_stack.a(service_nvm_common.o)
                0x00000000080214e4                service_nvm_get_codingrate_from_nvm
 .text.service_nvm_set_codingrate_to_nvm
                0x00000000080214f0       0x18 out/external/libexternal_fuota_stack.a(service_nvm_common.o)
                0x00000000080214f0                service_nvm_set_codingrate_to_nvm
 .text.service_nvm_get_preamlen_from_nvm
                0x0000000008021508        0xc out/external/libexternal_fuota_stack.a(service_nvm_common.o)
                0x0000000008021508                service_nvm_get_preamlen_from_nvm
 .text.service_nvm_set_preamlen_to_nvm
                0x0000000008021514       0x18 out/external/libexternal_fuota_stack.a(service_nvm_common.o)
                0x0000000008021514                service_nvm_set_preamlen_to_nvm
 .text.service_nvm_get_powerdbm_from_nvm
                0x000000000802152c        0xc out/external/libexternal_fuota_stack.a(service_nvm_common.o)
                0x000000000802152c                service_nvm_get_powerdbm_from_nvm
 .text.service_nvm_set_powerdbm_to_nvm
                0x0000000008021538       0x18 out/external/libexternal_fuota_stack.a(service_nvm_common.o)
                0x0000000008021538                service_nvm_set_powerdbm_to_nvm
 .text.service_nvm_get_crypt_enable_from_nvm
                0x0000000008021550        0xc out/external/libexternal_fuota_stack.a(service_nvm_common.o)
                0x0000000008021550                service_nvm_get_crypt_enable_from_nvm
 .text.service_nvm_set_crypt_enable_to_nvm
                0x000000000802155c       0x18 out/external/libexternal_fuota_stack.a(service_nvm_common.o)
                0x000000000802155c                service_nvm_set_crypt_enable_to_nvm
 .text.service_nvm_get_crypt_key_from_nvm
                0x0000000008021574       0x1c out/external/libexternal_fuota_stack.a(service_nvm_common.o)
                0x0000000008021574                service_nvm_get_crypt_key_from_nvm
 .text.service_nvm_set_crypt_key_to_nvm
                0x0000000008021590       0x34 out/external/libexternal_fuota_stack.a(service_nvm_common.o)
                0x0000000008021590                service_nvm_set_crypt_key_to_nvm
 .text.service_nvm_get_crypt_IV_from_nvm
                0x00000000080215c4       0x1c out/external/libexternal_fuota_stack.a(service_nvm_common.o)
                0x00000000080215c4                service_nvm_get_crypt_IV_from_nvm
 .text.service_nvm_set_crypt_IV_to_nvm
                0x00000000080215e0       0x34 out/external/libexternal_fuota_stack.a(service_nvm_common.o)
                0x00000000080215e0                service_nvm_set_crypt_IV_to_nvm
 .text.service_nvm_set_fdev_to_nvm
                0x0000000008021614       0x18 out/external/libexternal_fuota_stack.a(service_nvm_common.o)
                0x0000000008021614                service_nvm_set_fdev_to_nvm
 .text.service_nvm_set_bitrate_to_nvm
                0x000000000802162c       0x18 out/external/libexternal_fuota_stack.a(service_nvm_common.o)
                0x000000000802162c                service_nvm_set_bitrate_to_nvm
 .text.service_nvm_get_bitrate_from_nvm
                0x0000000008021644        0xc out/external/libexternal_fuota_stack.a(service_nvm_common.o)
                0x0000000008021644                service_nvm_get_bitrate_from_nvm
 .text.service_nvm_get_fdev_from_nvm
                0x0000000008021650        0xc out/external/libexternal_fuota_stack.a(service_nvm_common.o)
                0x0000000008021650                service_nvm_get_fdev_from_nvm
 .text.service_nvm_set_dcs_to_nvm
                0x000000000802165c       0x18 out/external/libexternal_fuota_stack.a(service_nvm_common.o)
                0x000000000802165c                service_nvm_set_dcs_to_nvm
 .text.service_nvm_get_dcs_from_nvm
                0x0000000008021674        0xc out/external/libexternal_fuota_stack.a(service_nvm_common.o)
                0x0000000008021674                service_nvm_get_dcs_from_nvm
 .text.service_nvm_get_iqinverted_from_nvm
                0x0000000008021680        0xc out/external/libexternal_fuota_stack.a(service_nvm_common.o)
                0x0000000008021680                service_nvm_get_iqinverted_from_nvm
 .text.service_nvm_set_iqinverted_to_nvm
                0x000000000802168c       0x18 out/external/libexternal_fuota_stack.a(service_nvm_common.o)
                0x000000000802168c                service_nvm_set_iqinverted_to_nvm
 .text.service_nvm_get_symbol_timeout_from_nvm
                0x00000000080216a4        0xc out/external/libexternal_fuota_stack.a(service_nvm_common.o)
                0x00000000080216a4                service_nvm_get_symbol_timeout_from_nvm
 .text.service_nvm_set_symbol_timeout_to_nvm
                0x00000000080216b0       0x18 out/external/libexternal_fuota_stack.a(service_nvm_common.o)
                0x00000000080216b0                service_nvm_set_symbol_timeout_to_nvm
 .text.service_nvm_get_fix_length_payload_from_nvm
                0x00000000080216c8        0xc out/external/libexternal_fuota_stack.a(service_nvm_common.o)
                0x00000000080216c8                service_nvm_get_fix_length_payload_from_nvm
 .text.service_nvm_set_fix_length_payload_to_nvm
                0x00000000080216d4       0x18 out/external/libexternal_fuota_stack.a(service_nvm_common.o)
                0x00000000080216d4                service_nvm_set_fix_length_payload_to_nvm
 .text.service_nvm_get_syncword_from_nvm
                0x00000000080216ec        0xc out/external/libexternal_fuota_stack.a(service_nvm_common.o)
                0x00000000080216ec                service_nvm_get_syncword_from_nvm
 .text.service_nvm_set_syncword_to_nvm
                0x00000000080216f8       0x18 out/external/libexternal_fuota_stack.a(service_nvm_common.o)
                0x00000000080216f8                service_nvm_set_syncword_to_nvm
 .text.service_nvm_get_CAD_from_nvm
                0x0000000008021710        0xc out/external/libexternal_fuota_stack.a(service_nvm_common.o)
                0x0000000008021710                service_nvm_get_CAD_from_nvm
 .text.service_nvm_set_CAD_to_nvm
                0x000000000802171c       0x18 out/external/libexternal_fuota_stack.a(service_nvm_common.o)
                0x000000000802171c                service_nvm_set_CAD_to_nvm
 .text.service_nvm_get_certi_from_nvm
                0x0000000008021734        0xc out/external/libexternal_fuota_stack.a(service_nvm_common.o)
                0x0000000008021734                service_nvm_get_certi_from_nvm
 .text.service_nvm_set_certi_to_nvm
                0x0000000008021740       0x18 out/external/libexternal_fuota_stack.a(service_nvm_common.o)
                0x0000000008021740                service_nvm_set_certi_to_nvm
 .text.service_lora_mac_nvm_data_init
                0x0000000008021758       0x30 out/external/libexternal_fuota_stack.a(service_nvm_common.o)
                0x0000000008021758                service_lora_mac_nvm_data_init
 .text.uhal_flash_init
                0x0000000008021788        0x2 out/external/libexternal_fuota_stack.a(uhal_flash.o)
                0x0000000008021788                uhal_flash_init
 .text.uhal_flash_deinit
                0x000000000802178a        0x2 out/external/libexternal_fuota_stack.a(uhal_flash.o)
                0x000000000802178a                uhal_flash_deinit
 .text.uhal_flash_write
                0x000000000802178c       0x44 out/external/libexternal_fuota_stack.a(uhal_flash.o)
                0x000000000802178c                uhal_flash_write
 .text.uhal_flash_read
                0x00000000080217d0       0x10 out/external/libexternal_fuota_stack.a(uhal_flash.o)
                0x00000000080217d0                uhal_flash_read
 .text.uhal_flash_erase
                0x00000000080217e0       0x50 out/external/libexternal_fuota_stack.a(uhal_flash.o)
                0x00000000080217e0                uhal_flash_erase
 .text.uhal_flash_get_page_size
                0x0000000008021830        0x6 out/external/libexternal_fuota_stack.a(uhal_flash.o)
                0x0000000008021830                uhal_flash_get_page_size
 .text.uhal_flash_check_addr_valid
                0x0000000008021836        0x4 out/external/libexternal_fuota_stack.a(uhal_flash.o)
                0x0000000008021836                uhal_flash_check_addr_valid
 .text.uhal_flash_suspend
                0x000000000802183a        0x2 out/external/libexternal_fuota_stack.a(uhal_flash.o)
                0x000000000802183a                uhal_flash_suspend
 .text.uhal_flash_resume
                0x000000000802183c        0x2 out/external/libexternal_fuota_stack.a(uhal_flash.o)
                0x000000000802183c                uhal_flash_resume
 .text.uhal_sys_get_uid
                0x000000000802183e       0x1c out/external/libexternal_fuota_stack.a(uhal_system.o)
                0x000000000802183e                uhal_sys_get_uid
 *fill*         0x000000000802185a        0x2 
 .text.uhal_sys_reboot
                0x000000000802185c       0x24 out/external/libexternal_fuota_stack.a(uhal_system.o)
                0x000000000802185c                uhal_sys_reboot
 .text.uhal_sys_board_critical_section_begin
                0x0000000008021880        0xa out/external/libexternal_fuota_stack.a(uhal_system.o)
                0x0000000008021880                uhal_sys_board_critical_section_begin
 .text.uhal_sys_board_critical_section_end
                0x000000000802188a        0xa out/external/libexternal_fuota_stack.a(uhal_system.o)
                0x000000000802188a                uhal_sys_board_critical_section_end
 .text.uhal_sys_randomseed
                0x0000000008021894        0x2 out/external/libexternal_fuota_stack.a(uhal_system.o)
                0x0000000008021894                uhal_sys_randomseed
 .text.uhal_sys_random
                0x0000000008021896        0x2 out/external/libexternal_fuota_stack.a(uhal_system.o)
                0x0000000008021896                uhal_sys_random
 .text.uhal_sys_user_app_timer_create
                0x0000000008021898       0x2c out/external/libexternal_fuota_stack.a(uhal_system.o)
                0x0000000008021898                uhal_sys_user_app_timer_create
 .text.uhal_sys_user_app_timer_start
                0x00000000080218c4       0x20 out/external/libexternal_fuota_stack.a(uhal_system.o)
                0x00000000080218c4                uhal_sys_user_app_timer_start
 .text.uhal_sys_user_app_timer_stop
                0x00000000080218e4       0x18 out/external/libexternal_fuota_stack.a(uhal_system.o)
                0x00000000080218e4                uhal_sys_user_app_timer_stop
 .text.uhal_rtc_tick2ms
                0x00000000080218fc        0xc out/external/libexternal_fuota_stack.a(uhal_rtc.o)
                0x00000000080218fc                uhal_rtc_tick2ms
 .text.uhal_rtc_ms2tick
                0x0000000008021908        0xc out/external/libexternal_fuota_stack.a(uhal_rtc.o)
                0x0000000008021908                uhal_rtc_ms2tick
 .text.uhal_rtc_sleep_mode_tick2ms
                0x0000000008021914        0x4 out/external/libexternal_fuota_stack.a(uhal_rtc.o)
                0x0000000008021914                uhal_rtc_sleep_mode_tick2ms
 .text.uhal_rtc_sleep_mode_ms2tick